2025-03-07 01:00:09 - Image captured and saved to /home/cansat-stu/cansat/Camera/img_20250307-010002.jpg.
2025-03-07 01:01:06 - Threshold processed image saved to /home/cansat-stu/cansat/Camera/threshold_img_20250307-010002.jpg.
2025-03-07 01:02:45 - Left: 39.97% red area
2025-03-07 01:03:01 - Center: 21.12% red area
2025-03-07 01:03:22 - Right: 67.06% red area
2025-03-07 01:03:39 - Most red section: Right
2025-03-07 01:03:46 - The area with the most red is: Right
2025-03-07 01:03:47 - Camera stopped.
2025-03-07 01:10:59 - Image captured and saved to /home/cansat-stu/cansat/Camera/img_20250307-011058.jpg.
2025-03-07 01:10:59 - Threshold processed image saved to /home/cansat-stu/cansat/Camera/threshold_img_20250307-011058.jpg.
2025-03-07 01:10:59 - Left: 0.00% red area
2025-03-07 01:10:59 - Center: 0.00% red area
2025-03-07 01:10:59 - Right: 0.00% red area
2025-03-07 01:10:59 - Most red section: Left
2025-03-07 01:11:06 - Image captured and saved to /home/cansat-stu/cansat/Camera/img_20250307-011106.jpg.
2025-03-07 01:11:06 - Threshold processed image saved to /home/cansat-stu/cansat/Camera/threshold_img_20250307-011106.jpg.
2025-03-07 01:11:06 - Left: 0.00% red area
2025-03-07 01:11:06 - Center: 0.03% red area
2025-03-07 01:11:06 - Right: 0.00% red area
2025-03-07 01:11:06 - Most red section: Center
2025-03-07 01:11:17 - Image captured and saved to /home/cansat-stu/cansat/Camera/img_20250307-011117.jpg.
2025-03-07 01:11:17 - Threshold processed image saved to /home/cansat-stu/cansat/Camera/threshold_img_20250307-011117.jpg.
2025-03-07 01:11:17 - Left: 0.00% red area
2025-03-07 01:11:17 - Center: 0.00% red area
2025-03-07 01:11:17 - Right: 0.00% red area
2025-03-07 01:11:17 - Most red section: Left
2025-03-07 01:11:23 - Image captured and saved to /home/cansat-stu/cansat/Camera/img_20250307-011123.jpg.
2025-03-07 01:11:23 - Threshold processed image saved to /home/cansat-stu/cansat/Camera/threshold_img_20250307-011123.jpg.
2025-03-07 01:11:23 - Left: 0.00% red area
2025-03-07 01:11:23 - Center: 0.00% red area
2025-03-07 01:11:23 - Right: 0.00% red area
2025-03-07 01:11:23 - Most red section: Left
2025-03-07 01:11:29 - Image captured and saved to /home/cansat-stu/cansat/Camera/img_20250307-011129.jpg.
2025-03-07 01:11:29 - Threshold processed image saved to /home/cansat-stu/cansat/Camera/threshold_img_20250307-011129.jpg.
2025-03-07 01:11:29 - Left: 0.00% red area
2025-03-07 01:11:29 - Center: 0.00% red area
2025-03-07 01:11:29 - Right: 0.00% red area
2025-03-07 01:11:29 - Most red section: Left
2025-03-07 01:11:36 - Image captured and saved to /home/cansat-stu/cansat/Camera/img_20250307-011136.jpg.
2025-03-07 01:11:36 - Threshold processed image saved to /home/cansat-stu/cansat/Camera/threshold_img_20250307-011136.jpg.
2025-03-07 01:11:36 - Left: 0.00% red area
2025-03-07 01:11:36 - Center: 0.00% red area
2025-03-07 01:11:36 - Right: 0.00% red area
2025-03-07 01:11:36 - Most red section: Left
2025-03-07 01:11:42 - Image captured and saved to /home/cansat-stu/cansat/Camera/img_20250307-011142.jpg.
2025-03-07 01:11:42 - Threshold processed image saved to /home/cansat-stu/cansat/Camera/threshold_img_20250307-011142.jpg.
2025-03-07 01:11:42 - Left: 0.00% red area
2025-03-07 01:11:42 - Center: 5.36% red area
2025-03-07 01:11:42 - Right: 2.30% red area
2025-03-07 01:11:42 - Most red section: Center
2025-03-07 01:11:53 - Image captured and saved to /home/cansat-stu/cansat/Camera/img_20250307-011153.jpg.
2025-03-07 01:11:53 - Threshold processed image saved to /home/cansat-stu/cansat/Camera/threshold_img_20250307-011153.jpg.
2025-03-07 01:11:53 - Left: 45.94% red area
2025-03-07 01:11:53 - Center: 3.45% red area
2025-03-07 01:11:53 - Right: 26.61% red area
2025-03-07 01:11:53 - Most red section: Left
2025-03-07 01:11:59 - Image captured and saved to /home/cansat-stu/cansat/Camera/img_20250307-011159.jpg.
2025-03-07 01:11:59 - Threshold processed image saved to /home/cansat-stu/cansat/Camera/threshold_img_20250307-011159.jpg.
2025-03-07 01:11:59 - Left: 0.00% red area
2025-03-07 01:11:59 - Center: 34.00% red area
2025-03-07 01:11:59 - Right: 22.55% red area
2025-03-07 01:11:59 - Most red section: Center
2025-03-07 01:12:10 - Image captured and saved to /home/cansat-stu/cansat/Camera/img_20250307-011210.jpg.
2025-03-07 01:12:10 - Threshold processed image saved to /home/cansat-stu/cansat/Camera/threshold_img_20250307-011210.jpg.
2025-03-07 01:12:10 - Left: 0.00% red area
2025-03-07 01:12:10 - Center: 0.00% red area
2025-03-07 01:12:10 - Right: 0.00% red area
2025-03-07 01:12:10 - Most red section: Left
2025-03-07 01:12:16 - Image captured and saved to /home/cansat-stu/cansat/Camera/img_20250307-011216.jpg.
2025-03-07 01:12:16 - Threshold processed image saved to /home/cansat-stu/cansat/Camera/threshold_img_20250307-011216.jpg.
2025-03-07 01:12:16 - Left: 0.00% red area
2025-03-07 01:12:16 - Center: 0.00% red area
2025-03-07 01:12:16 - Right: 0.00% red area
2025-03-07 01:12:16 - Most red section: Left
2025-03-07 01:12:22 - Image captured and saved to /home/cansat-stu/cansat/Camera/img_20250307-011222.jpg.
2025-03-07 01:12:22 - Threshold processed image saved to /home/cansat-stu/cansat/Camera/threshold_img_20250307-011222.jpg.
2025-03-07 01:12:22 - Left: 0.00% red area
2025-03-07 01:12:22 - Center: 0.00% red area
2025-03-07 01:12:22 - Right: 0.00% red area
2025-03-07 01:12:22 - Most red section: Left
2025-03-07 01:12:28 - Image captured and saved to /home/cansat-stu/cansat/Camera/img_20250307-011228.jpg.
2025-03-07 01:12:28 - Threshold processed image saved to /home/cansat-stu/cansat/Camera/threshold_img_20250307-011228.jpg.
2025-03-07 01:12:28 - Left: 0.00% red area
2025-03-07 01:12:28 - Center: 0.00% red area
2025-03-07 01:12:28 - Right: 0.00% red area
2025-03-07 01:12:28 - Most red section: Left
2025-03-07 01:12:35 - Image captured and saved to /home/cansat-stu/cansat/Camera/img_20250307-011235.jpg.
2025-03-07 01:12:35 - Threshold processed image saved to /home/cansat-stu/cansat/Camera/threshold_img_20250307-011235.jpg.
2025-03-07 01:12:35 - Left: 30.91% red area
2025-03-07 01:12:35 - Center: 0.27% red area
2025-03-07 01:12:35 - Right: 31.91% red area
2025-03-07 01:12:35 - Most red section: Right
2025-03-07 01:12:41 - Image captured and saved to /home/cansat-stu/cansat/Camera/img_20250307-011241.jpg.
2025-03-07 01:12:41 - Threshold processed image saved to /home/cansat-stu/cansat/Camera/threshold_img_20250307-011241.jpg.
2025-03-07 01:12:41 - Left: 42.64% red area
2025-03-07 01:12:41 - Center: 12.73% red area
2025-03-07 01:12:41 - Right: 54.21% red area
2025-03-07 01:12:41 - Most red section: Right
2025-03-07 01:12:47 - Image captured and saved to /home/cansat-stu/cansat/Camera/img_20250307-011247.jpg.
2025-03-07 01:12:47 - Threshold processed image saved to /home/cansat-stu/cansat/Camera/threshold_img_20250307-011247.jpg.
2025-03-07 01:12:47 - Left: 52.06% red area
2025-03-07 01:12:47 - Center: 24.76% red area
2025-03-07 01:12:47 - Right: 68.79% red area
2025-03-07 01:12:47 - Most red section: Right
2025-03-07 01:12:53 - Image captured and saved to /home/cansat-stu/cansat/Camera/img_20250307-011253.jpg.
2025-03-07 01:12:53 - Threshold processed image saved to /home/cansat-stu/cansat/Camera/threshold_img_20250307-011253.jpg.
2025-03-07 01:12:53 - Left: 6.33% red area
2025-03-07 01:12:53 - Center: 1.58% red area
2025-03-07 01:12:53 - Right: 23.73% red area
2025-03-07 01:12:53 - Most red section: Right
2025-03-07 01:12:59 - Image captured and saved to /home/cansat-stu/cansat/Camera/img_20250307-011259.jpg.
2025-03-07 01:12:59 - Threshold processed image saved to /home/cansat-stu/cansat/Camera/threshold_img_20250307-011259.jpg.
2025-03-07 01:12:59 - Left: 5.97% red area
2025-03-07 01:12:59 - Center: 1.58% red area
2025-03-07 01:12:59 - Right: 22.76% red area
2025-03-07 01:12:59 - Most red section: Right
2025-03-07 01:13:06 - Image captured and saved to /home/cansat-stu/cansat/Camera/img_20250307-011306.jpg.
2025-03-07 01:13:06 - Threshold processed image saved to /home/cansat-stu/cansat/Camera/threshold_img_20250307-011306.jpg.
2025-03-07 01:13:06 - Left: 0.00% red area
2025-03-07 01:13:06 - Center: 0.00% red area
2025-03-07 01:13:06 - Right: 0.00% red area
2025-03-07 01:13:06 - Most red section: Left
2025-03-07 01:13:12 - Image captured and saved to /home/cansat-stu/cansat/Camera/img_20250307-011312.jpg.
2025-03-07 01:13:12 - Threshold processed image saved to /home/cansat-stu/cansat/Camera/threshold_img_20250307-011312.jpg.
2025-03-07 01:13:12 - Left: 0.00% red area
2025-03-07 01:13:12 - Center: 0.00% red area
2025-03-07 01:13:12 - Right: 0.00% red area
2025-03-07 01:13:12 - Most red section: Left
2025-03-07 01:13:18 - Image captured and saved to /home/cansat-stu/cansat/Camera/img_20250307-011318.jpg.
2025-03-07 01:13:18 - Threshold processed image saved to /home/cansat-stu/cansat/Camera/threshold_img_20250307-011318.jpg.
2025-03-07 01:13:18 - Left: 0.00% red area
2025-03-07 01:13:18 - Center: 0.00% red area
2025-03-07 01:13:18 - Right: 0.00% red area
2025-03-07 01:13:18 - Most red section: Left
2025-03-07 01:13:24 - Image captured and saved to /home/cansat-stu/cansat/Camera/img_20250307-011324.jpg.
2025-03-07 01:13:24 - Threshold processed image saved to /home/cansat-stu/cansat/Camera/threshold_img_20250307-011324.jpg.
2025-03-07 01:13:24 - Left: 0.00% red area
2025-03-07 01:13:24 - Center: 0.00% red area
2025-03-07 01:13:24 - Right: 0.00% red area
2025-03-07 01:13:24 - Most red section: Left
2025-03-07 01:13:31 - Image captured and saved to /home/cansat-stu/cansat/Camera/img_20250307-011331.jpg.
2025-03-07 01:13:31 - Threshold processed image saved to /home/cansat-stu/cansat/Camera/threshold_img_20250307-011331.jpg.
2025-03-07 01:13:31 - Left: 0.00% red area
2025-03-07 01:13:31 - Center: 0.00% red area
2025-03-07 01:13:31 - Right: 0.00% red area
2025-03-07 01:13:31 - Most red section: Left
2025-03-07 11:31:23 - Image captured and saved to /home/cansat-stu/cansat/Camera/img_20250307-113122.jpg.
2025-03-07 11:31:23 - Threshold processed image saved to /home/cansat-stu/cansat/Camera/threshold_img_20250307-113122.jpg.
2025-03-07 11:31:23 - Left: 0.00% red area
2025-03-07 11:31:23 - Center: 0.00% red area
2025-03-07 11:31:23 - Right: 0.00% red area
2025-03-07 11:31:23 - Most red section: Left
2025-03-07 11:31:23 - The area with the most red is: Left
2025-03-07 11:31:23 - Camera stopped.
2025-03-07 11:33:03 - Image captured and saved to /home/cansat-stu/cansat/Camera/img_20250307-113302.jpg.
2025-03-07 11:33:03 - Threshold processed image saved to /home/cansat-stu/cansat/Camera/threshold_img_20250307-113302.jpg.
2025-03-07 11:33:03 - Left: 0.00% red area
2025-03-07 11:33:03 - Center: 0.00% red area
2025-03-07 11:33:03 - Right: 0.00% red area
2025-03-07 11:33:03 - Most red section: Left
2025-03-07 11:33:03 - The area with the most red is: Left
2025-03-07 11:33:03 - Camera stopped.
2025-03-07 11:34:37 - Image captured and saved to /home/cansat-stu/cansat/Camera/img_20250307-113437.jpg.
2025-03-07 11:34:37 - Threshold processed image saved to /home/cansat-stu/cansat/Camera/threshold_img_20250307-113437.jpg.
2025-03-07 11:34:37 - Left: 0.00% red area
2025-03-07 11:34:37 - Center: 0.00% red area
2025-03-07 11:34:37 - Right: 0.00% red area
2025-03-07 11:34:37 - Most red section: Left
2025-03-07 11:34:37 - The area with the most red is: Left
2025-03-07 11:34:37 - Camera stopped.
2025-03-07 11:35:18 - Image captured and saved to /home/cansat-stu/cansat/Camera/img_20250307-113517.jpg.
2025-03-07 11:35:18 - Threshold processed image saved to /home/cansat-stu/cansat/Camera/threshold_img_20250307-113517.jpg.
2025-03-07 11:35:18 - Left: 0.00% red area
2025-03-07 11:35:18 - Center: 0.00% red area
2025-03-07 11:35:18 - Right: 0.00% red area
2025-03-07 11:35:18 - Most red section: Left
2025-03-07 11:35:18 - The area with the most red is: Left
2025-03-07 11:35:18 - Camera stopped.
2025-03-07 11:35:36 - Image captured and saved to /home/cansat-stu/cansat/Camera/img_20250307-113536.jpg.
2025-03-07 11:35:36 - Threshold processed image saved to /home/cansat-stu/cansat/Camera/threshold_img_20250307-113536.jpg.
2025-03-07 11:35:36 - Left: 0.00% red area
2025-03-07 11:35:36 - Center: 0.00% red area
2025-03-07 11:35:36 - Right: 0.00% red area
2025-03-07 11:35:36 - Most red section: Left
2025-03-07 11:35:36 - The area with the most red is: Left
2025-03-07 11:35:36 - Camera stopped.
2025-03-07 11:35:49 - Image captured and saved to /home/cansat-stu/cansat/Camera/img_20250307-113549.jpg.
2025-03-07 11:35:49 - Threshold processed image saved to /home/cansat-stu/cansat/Camera/threshold_img_20250307-113549.jpg.
2025-03-07 11:35:49 - Left: 0.00% red area
2025-03-07 11:35:49 - Center: 0.00% red area
2025-03-07 11:35:49 - Right: 0.00% red area
2025-03-07 11:35:49 - Most red section: Left
2025-03-07 11:35:49 - The area with the most red is: Left
2025-03-07 11:35:49 - Camera stopped.
2025-03-07 11:44:06 - Image captured and saved to /home/cansat-stu/cansat/Camera/img_20250307-114402.jpg.
2025-03-07 11:44:11 - Threshold processed image saved to /home/cansat-stu/cansat/Camera/threshold_img_20250307-114402.jpg.
2025-03-07 11:44:12 - Left: 0.00% red area
2025-03-07 11:44:12 - Center: 0.00% red area
2025-03-07 11:44:12 - Right: 0.00% red area
2025-03-07 11:44:12 - Most red section: Left
2025-03-07 11:44:12 - The area with the most red is: Left
2025-03-07 11:44:12 - Camera stopped.
