2025-03-08 08:17:25 - Image captured and saved to /home/cansat-stu/cansat/Camera/img_20250308-081725.jpg.
2025-03-08 08:17:25 - Threshold processed image saved to /home/cansat-stu/cansat/Camera/threshold_img_20250308-081725.jpg.
2025-03-08 08:17:25 - Left: 0.00% red area
2025-03-08 08:17:25 - Center: 2.52% red area
2025-03-08 08:17:25 - Right: 0.00% red area
2025-03-08 08:17:25 - Most red section: Center
2025-03-08 08:17:25 - The area with the most red is: Center
2025-03-08 08:17:25 - Camera stopped.
2025-03-08 08:21:39 - Image captured and saved to /home/cansat-stu/cansat/Camera/img_20250308-082139.jpg.
2025-03-08 08:21:39 - Threshold processed image saved to /home/cansat-stu/cansat/Camera/threshold_img_20250308-082139.jpg.
2025-03-08 08:21:39 - Left: 0.00% red area
2025-03-08 08:21:39 - Center: 5.55% red area
2025-03-08 08:21:39 - Right: 0.00% red area
2025-03-08 08:21:39 - Most red section: Center
2025-03-08 08:21:39 - The area with the most red is: Center
2025-03-08 08:21:39 - Camera stopped.
2025-03-08 08:22:51 - Image captured and saved to /home/cansat-stu/cansat/Camera/img_20250308-082250.jpg.
2025-03-08 08:22:51 - Threshold processed image saved to /home/cansat-stu/cansat/Camera/threshold_img_20250308-082250.jpg.
2025-03-08 08:22:51 - Left: 0.00% red area
2025-03-08 08:22:51 - Center: 8.76% red area
2025-03-08 08:22:51 - Right: 0.00% red area
2025-03-08 08:22:51 - Most red section: Center
2025-03-08 08:22:51 - The area with the most red is: Center
2025-03-08 08:22:51 - Camera stopped.
2025-03-08 08:24:01 - Image captured and saved to /home/cansat-stu/cansat/Camera/img_20250308-082401.jpg.
2025-03-08 08:24:01 - Threshold processed image saved to /home/cansat-stu/cansat/Camera/threshold_img_20250308-082401.jpg.
2025-03-08 08:24:01 - Left: 0.00% red area
2025-03-08 08:24:01 - Center: 0.00% red area
2025-03-08 08:24:01 - Right: 0.00% red area
2025-03-08 08:24:01 - Most red section: Left
2025-03-08 08:24:08 - Image captured and saved to /home/cansat-stu/cansat/Camera/img_20250308-082408.jpg.
2025-03-08 08:24:08 - Threshold processed image saved to /home/cansat-stu/cansat/Camera/threshold_img_20250308-082408.jpg.
2025-03-08 08:24:08 - Left: 0.00% red area
2025-03-08 08:24:08 - Center: 0.00% red area
2025-03-08 08:24:08 - Right: 0.00% red area
2025-03-08 08:24:08 - Most red section: Left
2025-03-08 08:24:14 - Image captured and saved to /home/cansat-stu/cansat/Camera/img_20250308-082414.jpg.
2025-03-08 08:24:14 - Threshold processed image saved to /home/cansat-stu/cansat/Camera/threshold_img_20250308-082414.jpg.
2025-03-08 08:24:14 - Left: 0.00% red area
2025-03-08 08:24:14 - Center: 0.00% red area
2025-03-08 08:24:14 - Right: 0.00% red area
2025-03-08 08:24:14 - Most red section: Left
2025-03-08 08:24:20 - Image captured and saved to /home/cansat-stu/cansat/Camera/img_20250308-082420.jpg.
2025-03-08 08:24:20 - Threshold processed image saved to /home/cansat-stu/cansat/Camera/threshold_img_20250308-082420.jpg.
2025-03-08 08:24:20 - Left: 0.00% red area
2025-03-08 08:24:20 - Center: 0.00% red area
2025-03-08 08:24:20 - Right: 0.00% red area
2025-03-08 08:24:20 - Most red section: Left
2025-03-08 08:24:27 - Image captured and saved to /home/cansat-stu/cansat/Camera/img_20250308-082427.jpg.
2025-03-08 08:24:27 - Threshold processed image saved to /home/cansat-stu/cansat/Camera/threshold_img_20250308-082427.jpg.
2025-03-08 08:24:27 - Left: 0.00% red area
2025-03-08 08:24:27 - Center: 1.82% red area
2025-03-08 08:24:27 - Right: 0.00% red area
2025-03-08 08:24:27 - Most red section: Center
2025-03-08 08:24:37 - Image captured and saved to /home/cansat-stu/cansat/Camera/img_20250308-082437.jpg.
2025-03-08 08:24:37 - Threshold processed image saved to /home/cansat-stu/cansat/Camera/threshold_img_20250308-082437.jpg.
2025-03-08 08:24:37 - Left: 0.00% red area
2025-03-08 08:24:37 - Center: 0.00% red area
2025-03-08 08:24:37 - Right: 0.00% red area
2025-03-08 08:24:37 - Most red section: Left
2025-03-08 08:24:44 - Image captured and saved to /home/cansat-stu/cansat/Camera/img_20250308-082443.jpg.
2025-03-08 08:24:44 - Threshold processed image saved to /home/cansat-stu/cansat/Camera/threshold_img_20250308-082443.jpg.
2025-03-08 08:24:44 - Left: 0.00% red area
2025-03-08 08:24:44 - Center: 0.00% red area
2025-03-08 08:24:44 - Right: 0.00% red area
2025-03-08 08:24:44 - Most red section: Left
2025-03-08 08:24:50 - Image captured and saved to /home/cansat-stu/cansat/Camera/img_20250308-082450.jpg.
2025-03-08 08:24:50 - Threshold processed image saved to /home/cansat-stu/cansat/Camera/threshold_img_20250308-082450.jpg.
2025-03-08 08:24:50 - Left: 0.00% red area
2025-03-08 08:24:50 - Center: 0.00% red area
2025-03-08 08:24:50 - Right: 0.00% red area
2025-03-08 08:24:50 - Most red section: Left
2025-03-08 08:24:56 - Image captured and saved to /home/cansat-stu/cansat/Camera/img_20250308-082456.jpg.
2025-03-08 08:24:56 - Threshold processed image saved to /home/cansat-stu/cansat/Camera/threshold_img_20250308-082456.jpg.
2025-03-08 08:24:56 - Left: 0.00% red area
2025-03-08 08:24:56 - Center: 0.00% red area
2025-03-08 08:24:56 - Right: 0.00% red area
2025-03-08 08:24:56 - Most red section: Left
2025-03-08 08:25:02 - Image captured and saved to /home/cansat-stu/cansat/Camera/img_20250308-082502.jpg.
2025-03-08 08:25:02 - Threshold processed image saved to /home/cansat-stu/cansat/Camera/threshold_img_20250308-082502.jpg.
2025-03-08 08:25:02 - Left: 0.00% red area
2025-03-08 08:25:02 - Center: 0.00% red area
2025-03-08 08:25:02 - Right: 0.00% red area
2025-03-08 08:25:02 - Most red section: Left
2025-03-08 08:25:09 - Image captured and saved to /home/cansat-stu/cansat/Camera/img_20250308-082509.jpg.
2025-03-08 08:25:09 - Threshold processed image saved to /home/cansat-stu/cansat/Camera/threshold_img_20250308-082509.jpg.
2025-03-08 08:25:09 - Left: 0.00% red area
2025-03-08 08:25:09 - Center: 0.00% red area
2025-03-08 08:25:09 - Right: 4.30% red area
2025-03-08 08:25:09 - Most red section: Right
2025-03-08 08:25:15 - Image captured and saved to /home/cansat-stu/cansat/Camera/img_20250308-082515.jpg.
2025-03-08 08:25:15 - Threshold processed image saved to /home/cansat-stu/cansat/Camera/threshold_img_20250308-082515.jpg.
2025-03-08 08:25:15 - Left: 4.06% red area
2025-03-08 08:25:15 - Center: 0.00% red area
2025-03-08 08:25:15 - Right: 0.00% red area
2025-03-08 08:25:15 - Most red section: Left
2025-03-08 08:25:21 - Image captured and saved to /home/cansat-stu/cansat/Camera/img_20250308-082521.jpg.
2025-03-08 08:25:21 - Threshold processed image saved to /home/cansat-stu/cansat/Camera/threshold_img_20250308-082521.jpg.
2025-03-08 08:25:21 - Left: 0.00% red area
2025-03-08 08:25:21 - Center: 0.00% red area
2025-03-08 08:25:21 - Right: 3.09% red area
2025-03-08 08:25:21 - Most red section: Right
2025-03-08 08:25:27 - Image captured and saved to /home/cansat-stu/cansat/Camera/img_20250308-082527.jpg.
2025-03-08 08:25:27 - Threshold processed image saved to /home/cansat-stu/cansat/Camera/threshold_img_20250308-082527.jpg.
2025-03-08 08:25:27 - Left: 4.09% red area
2025-03-08 08:25:27 - Center: 0.00% red area
2025-03-08 08:25:27 - Right: 0.00% red area
2025-03-08 08:25:27 - Most red section: Left
2025-03-08 08:25:33 - Camera stopped.
2025-03-08 08:28:55 - Image captured and saved to /home/cansat-stu/cansat/Camera/img_20250308-082854.jpg.
2025-03-08 08:28:55 - Threshold processed image saved to /home/cansat-stu/cansat/Camera/threshold_img_20250308-082854.jpg.
2025-03-08 08:28:55 - Left: 0.00% red area
2025-03-08 08:28:55 - Center: 0.00% red area
2025-03-08 08:28:55 - Right: 0.00% red area
2025-03-08 08:28:55 - Most red section: Left
2025-03-08 08:29:01 - Image captured and saved to /home/cansat-stu/cansat/Camera/img_20250308-082901.jpg.
2025-03-08 08:29:01 - Threshold processed image saved to /home/cansat-stu/cansat/Camera/threshold_img_20250308-082901.jpg.
2025-03-08 08:29:01 - Left: 0.00% red area
2025-03-08 08:29:01 - Center: 0.00% red area
2025-03-08 08:29:01 - Right: 0.00% red area
2025-03-08 08:29:01 - Most red section: Left
2025-03-08 08:29:07 - Image captured and saved to /home/cansat-stu/cansat/Camera/img_20250308-082907.jpg.
2025-03-08 08:29:08 - Threshold processed image saved to /home/cansat-stu/cansat/Camera/threshold_img_20250308-082907.jpg.
2025-03-08 08:29:08 - Left: 0.00% red area
2025-03-08 08:29:08 - Center: 0.00% red area
2025-03-08 08:29:08 - Right: 0.00% red area
2025-03-08 08:29:08 - Most red section: Left
2025-03-08 08:29:14 - Image captured and saved to /home/cansat-stu/cansat/Camera/img_20250308-082914.jpg.
2025-03-08 08:29:14 - Threshold processed image saved to /home/cansat-stu/cansat/Camera/threshold_img_20250308-082914.jpg.
2025-03-08 08:29:14 - Left: 0.00% red area
2025-03-08 08:29:14 - Center: 0.00% red area
2025-03-08 08:29:14 - Right: 0.00% red area
2025-03-08 08:29:14 - Most red section: Left
2025-03-08 08:29:20 - Image captured and saved to /home/cansat-stu/cansat/Camera/img_20250308-082920.jpg.
2025-03-08 08:29:20 - Threshold processed image saved to /home/cansat-stu/cansat/Camera/threshold_img_20250308-082920.jpg.
2025-03-08 08:29:20 - Left: 2.36% red area
2025-03-08 08:29:20 - Center: 0.21% red area
2025-03-08 08:29:20 - Right: 0.00% red area
2025-03-08 08:29:20 - Most red section: Left
2025-03-08 08:29:26 - Image captured and saved to /home/cansat-stu/cansat/Camera/img_20250308-082926.jpg.
2025-03-08 08:29:26 - Threshold processed image saved to /home/cansat-stu/cansat/Camera/threshold_img_20250308-082926.jpg.
2025-03-08 08:29:26 - Left: 0.00% red area
2025-03-08 08:29:26 - Center: 0.00% red area
2025-03-08 08:29:26 - Right: 0.39% red area
2025-03-08 08:29:26 - Most red section: Right
2025-03-08 08:29:32 - Image captured and saved to /home/cansat-stu/cansat/Camera/img_20250308-082932.jpg.
2025-03-08 08:29:32 - Threshold processed image saved to /home/cansat-stu/cansat/Camera/threshold_img_20250308-082932.jpg.
2025-03-08 08:29:32 - Left: 2.58% red area
2025-03-08 08:29:32 - Center: 0.00% red area
2025-03-08 08:29:32 - Right: 0.00% red area
2025-03-08 08:29:32 - Most red section: Left
2025-03-08 08:29:39 - Image captured and saved to /home/cansat-stu/cansat/Camera/img_20250308-082938.jpg.
2025-03-08 08:29:39 - Threshold processed image saved to /home/cansat-stu/cansat/Camera/threshold_img_20250308-082938.jpg.
2025-03-08 08:29:39 - Left: 0.00% red area
2025-03-08 08:29:39 - Center: 0.00% red area
2025-03-08 08:29:39 - Right: 0.33% red area
2025-03-08 08:29:39 - Most red section: Right
2025-03-08 08:29:45 - Image captured and saved to /home/cansat-stu/cansat/Camera/img_20250308-082945.jpg.
2025-03-08 08:29:45 - Threshold processed image saved to /home/cansat-stu/cansat/Camera/threshold_img_20250308-082945.jpg.
2025-03-08 08:29:45 - Left: 2.39% red area
2025-03-08 08:29:45 - Center: 0.00% red area
2025-03-08 08:29:45 - Right: 0.00% red area
2025-03-08 08:29:45 - Most red section: Left
2025-03-08 08:29:51 - Image captured and saved to /home/cansat-stu/cansat/Camera/img_20250308-082951.jpg.
2025-03-08 08:29:51 - Threshold processed image saved to /home/cansat-stu/cansat/Camera/threshold_img_20250308-082951.jpg.
2025-03-08 08:29:51 - Left: 0.00% red area
2025-03-08 08:29:51 - Center: 0.94% red area
2025-03-08 08:29:51 - Right: 0.00% red area
2025-03-08 08:29:51 - Most red section: Center
2025-03-08 08:30:03 - Image captured and saved to /home/cansat-stu/cansat/Camera/img_20250308-083003.jpg.
2025-03-08 08:30:03 - Threshold processed image saved to /home/cansat-stu/cansat/Camera/threshold_img_20250308-083003.jpg.
2025-03-08 08:30:03 - Left: 7.79% red area
2025-03-08 08:30:03 - Center: 0.00% red area
2025-03-08 08:30:03 - Right: 0.00% red area
2025-03-08 08:30:03 - Most red section: Left
2025-03-08 08:30:09 - Image captured and saved to /home/cansat-stu/cansat/Camera/img_20250308-083009.jpg.
2025-03-08 08:30:09 - Threshold processed image saved to /home/cansat-stu/cansat/Camera/threshold_img_20250308-083009.jpg.
2025-03-08 08:30:09 - Left: 0.00% red area
2025-03-08 08:30:09 - Center: 2.91% red area
2025-03-08 08:30:09 - Right: 0.00% red area
2025-03-08 08:30:09 - Most red section: Center
2025-03-08 08:30:20 - Image captured and saved to /home/cansat-stu/cansat/Camera/img_20250308-083020.jpg.
2025-03-08 08:30:20 - Threshold processed image saved to /home/cansat-stu/cansat/Camera/threshold_img_20250308-083020.jpg.
2025-03-08 08:30:20 - Left: 11.70% red area
2025-03-08 08:30:20 - Center: 45.91% red area
2025-03-08 08:30:20 - Right: 3.39% red area
2025-03-08 08:30:20 - Most red section: Center
2025-03-08 08:30:32 - Image captured and saved to /home/cansat-stu/cansat/Camera/img_20250308-083032.jpg.
2025-03-08 08:30:32 - Threshold processed image saved to /home/cansat-stu/cansat/Camera/threshold_img_20250308-083032.jpg.
2025-03-08 08:30:32 - Left: 33.67% red area
2025-03-08 08:30:32 - Center: 0.00% red area
2025-03-08 08:30:32 - Right: 0.00% red area
2025-03-08 08:30:32 - Most red section: Left
2025-03-08 08:30:34 - Camera stopped.
2025-03-08 08:33:29 - Image captured and saved to /home/cansat-stu/cansat/Camera/img_20250308-083328.jpg.
2025-03-08 08:33:29 - Threshold processed image saved to /home/cansat-stu/cansat/Camera/threshold_img_20250308-083328.jpg.
2025-03-08 08:33:29 - Left: 0.00% red area
2025-03-08 08:33:29 - Center: 0.00% red area
2025-03-08 08:33:29 - Right: 0.00% red area
2025-03-08 08:33:29 - Most red section: Left
2025-03-08 08:33:35 - Image captured and saved to /home/cansat-stu/cansat/Camera/img_20250308-083335.jpg.
2025-03-08 08:33:35 - Threshold processed image saved to /home/cansat-stu/cansat/Camera/threshold_img_20250308-083335.jpg.
2025-03-08 08:33:35 - Left: 0.00% red area
2025-03-08 08:33:35 - Center: 0.00% red area
2025-03-08 08:33:35 - Right: 0.00% red area
2025-03-08 08:33:35 - Most red section: Left
2025-03-08 08:33:42 - Image captured and saved to /home/cansat-stu/cansat/Camera/img_20250308-083341.jpg.
2025-03-08 08:33:42 - Threshold processed image saved to /home/cansat-stu/cansat/Camera/threshold_img_20250308-083341.jpg.
2025-03-08 08:33:42 - Left: 0.00% red area
2025-03-08 08:33:42 - Center: 0.00% red area
2025-03-08 08:33:42 - Right: 0.00% red area
2025-03-08 08:33:42 - Most red section: Left
2025-03-08 08:33:48 - Image captured and saved to /home/cansat-stu/cansat/Camera/img_20250308-083348.jpg.
2025-03-08 08:33:48 - Threshold processed image saved to /home/cansat-stu/cansat/Camera/threshold_img_20250308-083348.jpg.
2025-03-08 08:33:48 - Left: 0.00% red area
2025-03-08 08:33:48 - Center: 0.00% red area
2025-03-08 08:33:48 - Right: 0.00% red area
2025-03-08 08:33:48 - Most red section: Left
2025-03-08 08:33:54 - Image captured and saved to /home/cansat-stu/cansat/Camera/img_20250308-083354.jpg.
2025-03-08 08:33:54 - Threshold processed image saved to /home/cansat-stu/cansat/Camera/threshold_img_20250308-083354.jpg.
2025-03-08 08:33:54 - Left: 0.00% red area
2025-03-08 08:33:54 - Center: 0.00% red area
2025-03-08 08:33:54 - Right: 0.00% red area
2025-03-08 08:33:54 - Most red section: Left
2025-03-08 08:34:00 - Image captured and saved to /home/cansat-stu/cansat/Camera/img_20250308-083400.jpg.
2025-03-08 08:34:00 - Threshold processed image saved to /home/cansat-stu/cansat/Camera/threshold_img_20250308-083400.jpg.
2025-03-08 08:34:00 - Left: 0.00% red area
2025-03-08 08:34:00 - Center: 0.00% red area
2025-03-08 08:34:00 - Right: 0.00% red area
2025-03-08 08:34:00 - Most red section: Left
2025-03-08 08:34:07 - Image captured and saved to /home/cansat-stu/cansat/Camera/img_20250308-083407.jpg.
2025-03-08 08:34:07 - Threshold processed image saved to /home/cansat-stu/cansat/Camera/threshold_img_20250308-083407.jpg.
2025-03-08 08:34:07 - Left: 0.00% red area
2025-03-08 08:34:07 - Center: 0.00% red area
2025-03-08 08:34:07 - Right: 0.00% red area
2025-03-08 08:34:07 - Most red section: Left
2025-03-08 08:34:13 - Image captured and saved to /home/cansat-stu/cansat/Camera/img_20250308-083413.jpg.
2025-03-08 08:34:13 - Threshold processed image saved to /home/cansat-stu/cansat/Camera/threshold_img_20250308-083413.jpg.
2025-03-08 08:34:13 - Left: 0.00% red area
2025-03-08 08:34:13 - Center: 0.00% red area
2025-03-08 08:34:13 - Right: 0.03% red area
2025-03-08 08:34:13 - Most red section: Right
2025-03-08 08:34:19 - Image captured and saved to /home/cansat-stu/cansat/Camera/img_20250308-083419.jpg.
2025-03-08 08:34:19 - Threshold processed image saved to /home/cansat-stu/cansat/Camera/threshold_img_20250308-083419.jpg.
2025-03-08 08:34:19 - Left: 3.91% red area
2025-03-08 08:34:19 - Center: 0.00% red area
2025-03-08 08:34:19 - Right: 0.00% red area
2025-03-08 08:34:19 - Most red section: Left
2025-03-08 08:34:25 - Image captured and saved to /home/cansat-stu/cansat/Camera/img_20250308-083425.jpg.
2025-03-08 08:34:25 - Threshold processed image saved to /home/cansat-stu/cansat/Camera/threshold_img_20250308-083425.jpg.
2025-03-08 08:34:25 - Left: 0.00% red area
2025-03-08 08:34:25 - Center: 2.00% red area
2025-03-08 08:34:25 - Right: 2.09% red area
2025-03-08 08:34:25 - Most red section: Right
2025-03-08 08:34:32 - Image captured and saved to /home/cansat-stu/cansat/Camera/img_20250308-083431.jpg.
2025-03-08 08:34:32 - Threshold processed image saved to /home/cansat-stu/cansat/Camera/threshold_img_20250308-083431.jpg.
2025-03-08 08:34:32 - Left: 3.97% red area
2025-03-08 08:34:32 - Center: 0.00% red area
2025-03-08 08:34:32 - Right: 0.00% red area
2025-03-08 08:34:32 - Most red section: Left
2025-03-08 08:34:38 - Image captured and saved to /home/cansat-stu/cansat/Camera/img_20250308-083438.jpg.
2025-03-08 08:34:38 - Threshold processed image saved to /home/cansat-stu/cansat/Camera/threshold_img_20250308-083438.jpg.
2025-03-08 08:34:38 - Left: 0.00% red area
2025-03-08 08:34:38 - Center: 3.85% red area
2025-03-08 08:34:38 - Right: 0.00% red area
2025-03-08 08:34:38 - Most red section: Center
2025-03-08 08:34:49 - Image captured and saved to /home/cansat-stu/cansat/Camera/img_20250308-083449.jpg.
2025-03-08 08:34:49 - Threshold processed image saved to /home/cansat-stu/cansat/Camera/threshold_img_20250308-083449.jpg.
2025-03-08 08:34:49 - Left: 0.00% red area
2025-03-08 08:34:49 - Center: 0.00% red area
2025-03-08 08:34:49 - Right: 0.00% red area
2025-03-08 08:34:49 - Most red section: Left
2025-03-08 08:34:56 - Image captured and saved to /home/cansat-stu/cansat/Camera/img_20250308-083456.jpg.
2025-03-08 08:34:56 - Threshold processed image saved to /home/cansat-stu/cansat/Camera/threshold_img_20250308-083456.jpg.
2025-03-08 08:34:56 - Left: 0.00% red area
2025-03-08 08:34:56 - Center: 0.00% red area
2025-03-08 08:34:56 - Right: 0.00% red area
2025-03-08 08:34:56 - Most red section: Left
2025-03-08 08:35:02 - Image captured and saved to /home/cansat-stu/cansat/Camera/img_20250308-083502.jpg.
2025-03-08 08:35:02 - Threshold processed image saved to /home/cansat-stu/cansat/Camera/threshold_img_20250308-083502.jpg.
2025-03-08 08:35:02 - Left: 0.00% red area
2025-03-08 08:35:02 - Center: 0.00% red area
2025-03-08 08:35:02 - Right: 0.00% red area
2025-03-08 08:35:02 - Most red section: Left
2025-03-08 08:35:08 - Image captured and saved to /home/cansat-stu/cansat/Camera/img_20250308-083508.jpg.
2025-03-08 08:35:08 - Threshold processed image saved to /home/cansat-stu/cansat/Camera/threshold_img_20250308-083508.jpg.
2025-03-08 08:35:08 - Left: 0.00% red area
2025-03-08 08:35:08 - Center: 0.00% red area
2025-03-08 08:35:08 - Right: 0.00% red area
2025-03-08 08:35:08 - Most red section: Left
2025-03-08 08:35:14 - Image captured and saved to /home/cansat-stu/cansat/Camera/img_20250308-083514.jpg.
2025-03-08 08:35:14 - Threshold processed image saved to /home/cansat-stu/cansat/Camera/threshold_img_20250308-083514.jpg.
2025-03-08 08:35:14 - Left: 0.00% red area
2025-03-08 08:35:14 - Center: 0.00% red area
2025-03-08 08:35:14 - Right: 0.00% red area
2025-03-08 08:35:14 - Most red section: Left
2025-03-08 08:35:21 - Image captured and saved to /home/cansat-stu/cansat/Camera/img_20250308-083521.jpg.
2025-03-08 08:35:21 - Threshold processed image saved to /home/cansat-stu/cansat/Camera/threshold_img_20250308-083521.jpg.
2025-03-08 08:35:21 - Left: 0.00% red area
2025-03-08 08:35:21 - Center: 15.00% red area
2025-03-08 08:35:21 - Right: 0.00% red area
2025-03-08 08:35:21 - Most red section: Center
2025-03-08 08:35:33 - Image captured and saved to /home/cansat-stu/cansat/Camera/img_20250308-083532.jpg.
2025-03-08 08:35:33 - Threshold processed image saved to /home/cansat-stu/cansat/Camera/threshold_img_20250308-083532.jpg.
2025-03-08 08:35:33 - Left: 19.30% red area
2025-03-08 08:35:33 - Center: 74.36% red area
2025-03-08 08:35:33 - Right: 84.82% red area
2025-03-08 08:35:33 - Most red section: Right
2025-03-08 08:35:39 - Image captured and saved to /home/cansat-stu/cansat/Camera/img_20250308-083539.jpg.
2025-03-08 08:35:39 - Threshold processed image saved to /home/cansat-stu/cansat/Camera/threshold_img_20250308-083539.jpg.
2025-03-08 08:35:39 - Left: 29.12% red area
2025-03-08 08:35:39 - Center: 62.76% red area
2025-03-08 08:35:39 - Right: 77.06% red area
2025-03-08 08:35:39 - Most red section: Right
2025-03-08 08:35:45 - Image captured and saved to /home/cansat-stu/cansat/Camera/img_20250308-083545.jpg.
2025-03-08 08:35:45 - Threshold processed image saved to /home/cansat-stu/cansat/Camera/threshold_img_20250308-083545.jpg.
2025-03-08 08:35:45 - Left: 0.00% red area
2025-03-08 08:35:45 - Center: 0.00% red area
2025-03-08 08:35:45 - Right: 0.06% red area
2025-03-08 08:35:45 - Most red section: Right
2025-03-08 08:35:51 - Image captured and saved to /home/cansat-stu/cansat/Camera/img_20250308-083551.jpg.
2025-03-08 08:35:51 - Threshold processed image saved to /home/cansat-stu/cansat/Camera/threshold_img_20250308-083551.jpg.
2025-03-08 08:35:51 - Left: 65.03% red area
2025-03-08 08:35:51 - Center: 86.52% red area
2025-03-08 08:35:51 - Right: 11.06% red area
2025-03-08 08:35:51 - Most red section: Center
2025-03-08 08:36:03 - Image captured and saved to /home/cansat-stu/cansat/Camera/img_20250308-083603.jpg.
2025-03-08 08:36:03 - Threshold processed image saved to /home/cansat-stu/cansat/Camera/threshold_img_20250308-083603.jpg.
2025-03-08 08:36:03 - Left: 24.48% red area
2025-03-08 08:36:03 - Center: 0.03% red area
2025-03-08 08:36:03 - Right: 0.00% red area
2025-03-08 08:36:03 - Most red section: Left
2025-03-08 08:38:16 - Image captured and saved to /home/cansat-stu/cansat/Camera/img_20250308-083816.jpg.
2025-03-08 08:38:16 - Threshold processed image saved to /home/cansat-stu/cansat/Camera/threshold_img_20250308-083816.jpg.
2025-03-08 08:38:16 - Left: 0.00% red area
2025-03-08 08:38:16 - Center: 0.00% red area
2025-03-08 08:38:16 - Right: 0.00% red area
2025-03-08 08:38:16 - Most red section: Left
2025-03-08 08:38:16 - The area with the most red is: none_cone
2025-03-08 08:38:16 - Camera stopped.
2025-03-08 08:44:47 - Image captured and saved to /home/cansat-stu/cansat/Camera/img_20250308-084447.jpg.
2025-03-08 08:44:47 - Threshold processed image saved to /home/cansat-stu/cansat/Camera/threshold_img_20250308-084447.jpg.
2025-03-08 08:44:47 - Left: 0.00% red area
2025-03-08 08:44:47 - Center: 0.00% red area
2025-03-08 08:44:47 - Right: 0.00% red area
2025-03-08 08:44:47 - Most red section: Left
2025-03-08 08:44:51 - Camera stopped.
2025-03-08 08:45:34 - Image captured and saved to /home/cansat-stu/cansat/Camera/img_20250308-084534.jpg.
2025-03-08 08:45:34 - Threshold processed image saved to /home/cansat-stu/cansat/Camera/threshold_img_20250308-084534.jpg.
2025-03-08 08:45:34 - Left: 0.00% red area
2025-03-08 08:45:34 - Center: 0.00% red area
2025-03-08 08:45:34 - Right: 0.00% red area
2025-03-08 08:45:34 - Most red section: Left
2025-03-08 08:45:41 - Image captured and saved to /home/cansat-stu/cansat/Camera/img_20250308-084541.jpg.
2025-03-08 08:45:41 - Threshold processed image saved to /home/cansat-stu/cansat/Camera/threshold_img_20250308-084541.jpg.
2025-03-08 08:45:41 - Left: 0.00% red area
2025-03-08 08:45:41 - Center: 0.00% red area
2025-03-08 08:45:41 - Right: 0.00% red area
2025-03-08 08:45:41 - Most red section: Left
2025-03-08 08:45:47 - Image captured and saved to /home/cansat-stu/cansat/Camera/img_20250308-084547.jpg.
2025-03-08 08:45:47 - Threshold processed image saved to /home/cansat-stu/cansat/Camera/threshold_img_20250308-084547.jpg.
2025-03-08 08:45:47 - Left: 0.00% red area
2025-03-08 08:45:47 - Center: 0.73% red area
2025-03-08 08:45:47 - Right: 0.00% red area
2025-03-08 08:45:47 - Most red section: Center
2025-03-08 08:45:58 - Image captured and saved to /home/cansat-stu/cansat/Camera/img_20250308-084558.jpg.
2025-03-08 08:45:58 - Threshold processed image saved to /home/cansat-stu/cansat/Camera/threshold_img_20250308-084558.jpg.
2025-03-08 08:45:58 - Left: 0.00% red area
2025-03-08 08:45:58 - Center: 0.00% red area
2025-03-08 08:45:58 - Right: 0.00% red area
2025-03-08 08:45:58 - Most red section: Left
2025-03-08 08:46:05 - Image captured and saved to /home/cansat-stu/cansat/Camera/img_20250308-084604.jpg.
2025-03-08 08:46:05 - Threshold processed image saved to /home/cansat-stu/cansat/Camera/threshold_img_20250308-084604.jpg.
2025-03-08 08:46:05 - Left: 0.00% red area
2025-03-08 08:46:05 - Center: 0.00% red area
2025-03-08 08:46:05 - Right: 4.70% red area
2025-03-08 08:46:05 - Most red section: Right
2025-03-08 08:46:11 - Image captured and saved to /home/cansat-stu/cansat/Camera/img_20250308-084611.jpg.
2025-03-08 08:46:11 - Threshold processed image saved to /home/cansat-stu/cansat/Camera/threshold_img_20250308-084611.jpg.
2025-03-08 08:46:11 - Left: 10.67% red area
2025-03-08 08:46:11 - Center: 0.00% red area
2025-03-08 08:46:11 - Right: 0.00% red area
2025-03-08 08:46:11 - Most red section: Left
2025-03-08 08:46:17 - Image captured and saved to /home/cansat-stu/cansat/Camera/img_20250308-084617.jpg.
2025-03-08 08:46:17 - Threshold processed image saved to /home/cansat-stu/cansat/Camera/threshold_img_20250308-084617.jpg.
2025-03-08 08:46:17 - Left: 0.00% red area
2025-03-08 08:46:17 - Center: 0.18% red area
2025-03-08 08:46:17 - Right: 11.45% red area
2025-03-08 08:46:17 - Most red section: Right
2025-03-08 08:46:23 - Image captured and saved to /home/cansat-stu/cansat/Camera/img_20250308-084623.jpg.
2025-03-08 08:46:23 - Threshold processed image saved to /home/cansat-stu/cansat/Camera/threshold_img_20250308-084623.jpg.
2025-03-08 08:46:23 - Left: 12.76% red area
2025-03-08 08:46:23 - Center: 0.00% red area
2025-03-08 08:46:23 - Right: 0.00% red area
2025-03-08 08:46:23 - Most red section: Left
2025-03-08 08:46:29 - Image captured and saved to /home/cansat-stu/cansat/Camera/img_20250308-084629.jpg.
2025-03-08 08:46:29 - Threshold processed image saved to /home/cansat-stu/cansat/Camera/threshold_img_20250308-084629.jpg.
2025-03-08 08:46:29 - Left: 0.00% red area
2025-03-08 08:46:29 - Center: 10.24% red area
2025-03-08 08:46:29 - Right: 0.00% red area
2025-03-08 08:46:29 - Most red section: Center
2025-03-08 08:46:40 - Image captured and saved to /home/cansat-stu/cansat/Camera/img_20250308-084640.jpg.
2025-03-08 08:46:40 - Threshold processed image saved to /home/cansat-stu/cansat/Camera/threshold_img_20250308-084640.jpg.
2025-03-08 08:46:40 - Left: 0.00% red area
2025-03-08 08:46:40 - Center: 0.00% red area
2025-03-08 08:46:40 - Right: 0.00% red area
2025-03-08 08:46:40 - Most red section: Left
2025-03-08 08:46:46 - Image captured and saved to /home/cansat-stu/cansat/Camera/img_20250308-084646.jpg.
2025-03-08 08:46:46 - Threshold processed image saved to /home/cansat-stu/cansat/Camera/threshold_img_20250308-084646.jpg.
2025-03-08 08:46:46 - Left: 0.00% red area
2025-03-08 08:46:46 - Center: 0.00% red area
2025-03-08 08:46:46 - Right: 0.00% red area
2025-03-08 08:46:46 - Most red section: Left
2025-03-08 08:46:53 - Image captured and saved to /home/cansat-stu/cansat/Camera/img_20250308-084653.jpg.
2025-03-08 08:46:53 - Threshold processed image saved to /home/cansat-stu/cansat/Camera/threshold_img_20250308-084653.jpg.
2025-03-08 08:46:53 - Left: 0.00% red area
2025-03-08 08:46:53 - Center: 0.00% red area
2025-03-08 08:46:53 - Right: 0.00% red area
2025-03-08 08:46:53 - Most red section: Left
2025-03-08 08:46:59 - Image captured and saved to /home/cansat-stu/cansat/Camera/img_20250308-084659.jpg.
2025-03-08 08:46:59 - Threshold processed image saved to /home/cansat-stu/cansat/Camera/threshold_img_20250308-084659.jpg.
2025-03-08 08:46:59 - Left: 0.00% red area
2025-03-08 08:46:59 - Center: 0.00% red area
2025-03-08 08:46:59 - Right: 0.00% red area
2025-03-08 08:46:59 - Most red section: Left
2025-03-08 08:47:05 - Image captured and saved to /home/cansat-stu/cansat/Camera/img_20250308-084705.jpg.
2025-03-08 08:47:05 - Threshold processed image saved to /home/cansat-stu/cansat/Camera/threshold_img_20250308-084705.jpg.
2025-03-08 08:47:05 - Left: 0.00% red area
2025-03-08 08:47:05 - Center: 0.00% red area
2025-03-08 08:47:05 - Right: 0.00% red area
2025-03-08 08:47:05 - Most red section: Left
2025-03-08 08:47:11 - Image captured and saved to /home/cansat-stu/cansat/Camera/img_20250308-084711.jpg.
2025-03-08 08:47:11 - Threshold processed image saved to /home/cansat-stu/cansat/Camera/threshold_img_20250308-084711.jpg.
2025-03-08 08:47:11 - Left: 0.00% red area
2025-03-08 08:47:11 - Center: 6.33% red area
2025-03-08 08:47:11 - Right: 3.36% red area
2025-03-08 08:47:11 - Most red section: Center
2025-03-08 08:47:21 - Camera stopped.
2025-03-08 10:05:39 - Image captured and saved to /home/cansat-stu/cansat/Camera/img_20250308-100539.jpg.
2025-03-08 10:05:39 - Threshold processed image saved to /home/cansat-stu/cansat/Camera/threshold_img_20250308-100539.jpg.
2025-03-08 10:05:39 - Left: 0.00% red area
2025-03-08 10:05:39 - Center: 0.00% red area
2025-03-08 10:05:39 - Right: 0.00% red area
2025-03-08 10:05:39 - Most red section: Left
2025-03-08 10:05:46 - Image captured and saved to /home/cansat-stu/cansat/Camera/img_20250308-100546.jpg.
2025-03-08 10:05:46 - Threshold processed image saved to /home/cansat-stu/cansat/Camera/threshold_img_20250308-100546.jpg.
2025-03-08 10:05:46 - Left: 0.00% red area
2025-03-08 10:05:46 - Center: 0.00% red area
2025-03-08 10:05:46 - Right: 0.00% red area
2025-03-08 10:05:46 - Most red section: Left
2025-03-08 10:05:52 - Image captured and saved to /home/cansat-stu/cansat/Camera/img_20250308-100552.jpg.
2025-03-08 10:05:52 - Threshold processed image saved to /home/cansat-stu/cansat/Camera/threshold_img_20250308-100552.jpg.
2025-03-08 10:05:52 - Left: 0.00% red area
2025-03-08 10:05:52 - Center: 0.00% red area
2025-03-08 10:05:52 - Right: 0.00% red area
2025-03-08 10:05:52 - Most red section: Left
2025-03-08 10:05:58 - Camera stopped.
