2025-02-16 18:27:36 - Image captured and saved to /home/cansat-stu/cansat/Camera/img_20250216-182735.jpg.
2025-02-16 18:27:36 - Threshold processed image saved to /home/cansat-stu/cansat/Camera/threshold_img_20250216-182735.jpg.
2025-02-16 18:27:36 - Left: 0.27% greenless area
2025-02-16 18:27:36 - Center: 0.33% greenless area
2025-02-16 18:27:36 - Right: 43.82% greenless area
2025-02-16 18:27:36 - Most greenless section: Right
2025-02-16 18:27:36 - The area with the least green is: Right
2025-02-16 18:27:36 - Camera stopped.
2025-02-16 18:28:33 - Image captured and saved to /home/cansat-stu/cansat/Camera/img_20250216-182830.jpg.
2025-02-16 18:28:35 - Threshold processed image saved to /home/cansat-stu/cansat/Camera/threshold_img_20250216-182830.jpg.
2025-02-16 18:28:35 - Left: 0.00% greenless area
2025-02-16 18:28:35 - Center: 42.03% greenless area
2025-02-16 18:28:35 - Right: 87.70% greenless area
2025-02-16 18:28:35 - Most greenless section: Right
2025-02-16 18:28:35 - The area with the least green is: Right
2025-02-16 18:28:35 - Camera stopped.
2025-02-16 18:29:54 - Image captured and saved to /home/cansat-stu/cansat/Camera/img_20250216-182954.jpg.
2025-02-16 18:29:54 - Threshold processed image saved to /home/cansat-stu/cansat/Camera/threshold_img_20250216-182954.jpg.
2025-02-16 18:29:54 - Left: 13.64% greenless area
2025-02-16 18:29:54 - Center: 70.27% greenless area
2025-02-16 18:29:54 - Right: 27.09% greenless area
2025-02-16 18:29:54 - Most greenless section: Center
2025-02-16 18:30:07 - Image captured and saved to /home/cansat-stu/cansat/Camera/img_20250216-183007.jpg.
2025-02-16 18:30:07 - Threshold processed image saved to /home/cansat-stu/cansat/Camera/threshold_img_20250216-183007.jpg.
2025-02-16 18:30:07 - Left: 13.03% greenless area
2025-02-16 18:30:07 - Center: 69.24% greenless area
2025-02-16 18:30:07 - Right: 29.52% greenless area
2025-02-16 18:30:07 - Most greenless section: Center
2025-02-16 18:30:19 - Image captured and saved to /home/cansat-stu/cansat/Camera/img_20250216-183019.jpg.
2025-02-16 18:30:19 - Threshold processed image saved to /home/cansat-stu/cansat/Camera/threshold_img_20250216-183019.jpg.
2025-02-16 18:30:19 - Left: 0.00% greenless area
2025-02-16 18:30:19 - Center: 15.42% greenless area
2025-02-16 18:30:19 - Right: 84.82% greenless area
2025-02-16 18:30:19 - Most greenless section: Right
2025-02-16 18:30:20 - Image captured and saved to /home/cansat-stu/cansat/Camera/img_20250216-183020.jpg.
2025-02-16 18:30:20 - Threshold processed image saved to /home/cansat-stu/cansat/Camera/threshold_img_20250216-183020.jpg.
2025-02-16 18:30:20 - Left: 0.00% greenless area
2025-02-16 18:30:20 - Center: 17.39% greenless area
2025-02-16 18:30:20 - Right: 85.06% greenless area
2025-02-16 18:30:20 - Most greenless section: Right
2025-02-16 18:30:21 - Image captured and saved to /home/cansat-stu/cansat/Camera/img_20250216-183021.jpg.
2025-02-16 18:30:21 - Threshold processed image saved to /home/cansat-stu/cansat/Camera/threshold_img_20250216-183021.jpg.
2025-02-16 18:30:21 - Left: 0.00% greenless area
2025-02-16 18:30:21 - Center: 17.55% greenless area
2025-02-16 18:30:21 - Right: 85.39% greenless area
2025-02-16 18:30:21 - Most greenless section: Right
2025-02-16 18:30:21 - Image captured and saved to /home/cansat-stu/cansat/Camera/img_20250216-183021.jpg.
2025-02-16 18:30:21 - Threshold processed image saved to /home/cansat-stu/cansat/Camera/threshold_img_20250216-183021.jpg.
2025-02-16 18:30:21 - Left: 0.00% greenless area
2025-02-16 18:30:21 - Center: 22.91% greenless area
2025-02-16 18:30:21 - Right: 88.39% greenless area
2025-02-16 18:30:21 - Most greenless section: Right
2025-02-16 18:30:22 - Image captured and saved to /home/cansat-stu/cansat/Camera/img_20250216-183022.jpg.
2025-02-16 18:30:22 - Threshold processed image saved to /home/cansat-stu/cansat/Camera/threshold_img_20250216-183022.jpg.
2025-02-16 18:30:22 - Left: 0.00% greenless area
2025-02-16 18:30:22 - Center: 22.82% greenless area
2025-02-16 18:30:22 - Right: 87.55% greenless area
2025-02-16 18:30:22 - Most greenless section: Right
2025-02-16 18:30:22 - Image captured and saved to /home/cansat-stu/cansat/Camera/img_20250216-183022.jpg.
2025-02-16 18:30:22 - Threshold processed image saved to /home/cansat-stu/cansat/Camera/threshold_img_20250216-183022.jpg.
2025-02-16 18:30:22 - Left: 0.00% greenless area
2025-02-16 18:30:22 - Center: 21.36% greenless area
2025-02-16 18:30:22 - Right: 88.30% greenless area
2025-02-16 18:30:22 - Most greenless section: Right
2025-02-16 18:30:23 - Image captured and saved to /home/cansat-stu/cansat/Camera/img_20250216-183023.jpg.
2025-02-16 18:30:23 - Threshold processed image saved to /home/cansat-stu/cansat/Camera/threshold_img_20250216-183023.jpg.
2025-02-16 18:30:23 - Left: 2.30% greenless area
2025-02-16 18:30:23 - Center: 58.36% greenless area
2025-02-16 18:30:23 - Right: 88.48% greenless area
2025-02-16 18:30:23 - Most greenless section: Right
2025-02-16 18:30:24 - Image captured and saved to /home/cansat-stu/cansat/Camera/img_20250216-183024.jpg.
2025-02-16 18:30:24 - Threshold processed image saved to /home/cansat-stu/cansat/Camera/threshold_img_20250216-183024.jpg.
2025-02-16 18:30:24 - Left: 0.00% greenless area
2025-02-16 18:30:24 - Center: 33.61% greenless area
2025-02-16 18:30:24 - Right: 92.27% greenless area
2025-02-16 18:30:24 - Most greenless section: Right
2025-02-16 18:30:24 - Image captured and saved to /home/cansat-stu/cansat/Camera/img_20250216-183024.jpg.
2025-02-16 18:30:24 - Threshold processed image saved to /home/cansat-stu/cansat/Camera/threshold_img_20250216-183024.jpg.
2025-02-16 18:30:24 - Left: 53.36% greenless area
2025-02-16 18:30:24 - Center: 67.21% greenless area
2025-02-16 18:30:24 - Right: 21.76% greenless area
2025-02-16 18:30:24 - Most greenless section: Center
2025-02-16 18:30:36 - Image captured and saved to /home/cansat-stu/cansat/Camera/img_20250216-183036.jpg.
2025-02-16 18:30:36 - Threshold processed image saved to /home/cansat-stu/cansat/Camera/threshold_img_20250216-183036.jpg.
2025-02-16 18:30:36 - Left: 27.48% greenless area
2025-02-16 18:30:36 - Center: 93.79% greenless area
2025-02-16 18:30:36 - Right: 40.88% greenless area
2025-02-16 18:30:36 - Most greenless section: Center
2025-02-16 18:30:48 - Image captured and saved to /home/cansat-stu/cansat/Camera/img_20250216-183048.jpg.
2025-02-16 18:30:48 - Threshold processed image saved to /home/cansat-stu/cansat/Camera/threshold_img_20250216-183048.jpg.
2025-02-16 18:30:48 - Left: 2.09% greenless area
2025-02-16 18:30:48 - Center: 58.58% greenless area
2025-02-16 18:30:48 - Right: 80.18% greenless area
2025-02-16 18:30:48 - Most greenless section: Right
2025-02-16 18:30:48 - Image captured and saved to /home/cansat-stu/cansat/Camera/img_20250216-183048.jpg.
2025-02-16 18:30:48 - Threshold processed image saved to /home/cansat-stu/cansat/Camera/threshold_img_20250216-183048.jpg.
2025-02-16 18:30:48 - Left: 79.94% greenless area
2025-02-16 18:30:48 - Center: 83.36% greenless area
2025-02-16 18:30:48 - Right: 9.58% greenless area
2025-02-16 18:30:48 - Most greenless section: Center
2025-02-16 18:31:00 - Camera stopped.
2025-02-16 18:33:13 - Image captured and saved to /home/cansat-stu/cansat/Camera/img_20250216-183313.jpg.
2025-02-16 18:33:13 - Threshold processed image saved to /home/cansat-stu/cansat/Camera/threshold_img_20250216-183313.jpg.
2025-02-16 18:33:14 - Left: 11.12% greenless area
2025-02-16 18:33:14 - Center: 42.52% greenless area
2025-02-16 18:33:14 - Right: 79.00% greenless area
2025-02-16 18:33:14 - Most greenless section: Right
2025-02-16 18:33:14 - Image captured and saved to /home/cansat-stu/cansat/Camera/img_20250216-183314.jpg.
2025-02-16 18:33:14 - Threshold processed image saved to /home/cansat-stu/cansat/Camera/threshold_img_20250216-183314.jpg.
2025-02-16 18:33:14 - Left: 17.15% greenless area
2025-02-16 18:33:14 - Center: 48.70% greenless area
2025-02-16 18:33:14 - Right: 72.97% greenless area
2025-02-16 18:33:14 - Most greenless section: Right
2025-02-16 18:33:15 - Image captured and saved to /home/cansat-stu/cansat/Camera/img_20250216-183315.jpg.
2025-02-16 18:33:15 - Threshold processed image saved to /home/cansat-stu/cansat/Camera/threshold_img_20250216-183315.jpg.
2025-02-16 18:33:15 - Left: 18.36% greenless area
2025-02-16 18:33:15 - Center: 50.52% greenless area
2025-02-16 18:33:15 - Right: 77.45% greenless area
2025-02-16 18:33:15 - Most greenless section: Right
2025-02-16 18:33:16 - Image captured and saved to /home/cansat-stu/cansat/Camera/img_20250216-183316.jpg.
2025-02-16 18:33:16 - Threshold processed image saved to /home/cansat-stu/cansat/Camera/threshold_img_20250216-183316.jpg.
2025-02-16 18:33:16 - Left: 17.45% greenless area
2025-02-16 18:33:16 - Center: 48.88% greenless area
2025-02-16 18:33:16 - Right: 79.97% greenless area
2025-02-16 18:33:16 - Most greenless section: Right
2025-02-16 18:33:16 - Image captured and saved to /home/cansat-stu/cansat/Camera/img_20250216-183316.jpg.
2025-02-16 18:33:16 - Threshold processed image saved to /home/cansat-stu/cansat/Camera/threshold_img_20250216-183316.jpg.
2025-02-16 18:33:16 - Left: 12.91% greenless area
2025-02-16 18:33:16 - Center: 43.09% greenless area
2025-02-16 18:33:16 - Right: 78.67% greenless area
2025-02-16 18:33:16 - Most greenless section: Right
2025-02-16 18:33:17 - Image captured and saved to /home/cansat-stu/cansat/Camera/img_20250216-183317.jpg.
2025-02-16 18:33:17 - Threshold processed image saved to /home/cansat-stu/cansat/Camera/threshold_img_20250216-183317.jpg.
2025-02-16 18:33:17 - Left: 0.06% greenless area
2025-02-16 18:33:17 - Center: 16.52% greenless area
2025-02-16 18:33:17 - Right: 47.18% greenless area
2025-02-16 18:33:17 - Most greenless section: Right
2025-02-16 18:33:17 - Image captured and saved to /home/cansat-stu/cansat/Camera/img_20250216-183317.jpg.
2025-02-16 18:33:17 - Threshold processed image saved to /home/cansat-stu/cansat/Camera/threshold_img_20250216-183317.jpg.
2025-02-16 18:33:17 - Left: 1.27% greenless area
2025-02-16 18:33:17 - Center: 22.55% greenless area
2025-02-16 18:33:17 - Right: 54.70% greenless area
2025-02-16 18:33:17 - Most greenless section: Right
2025-02-16 18:33:18 - Image captured and saved to /home/cansat-stu/cansat/Camera/img_20250216-183318.jpg.
2025-02-16 18:33:18 - Threshold processed image saved to /home/cansat-stu/cansat/Camera/threshold_img_20250216-183318.jpg.
2025-02-16 18:33:18 - Left: 3.24% greenless area
2025-02-16 18:33:18 - Center: 27.64% greenless area
2025-02-16 18:33:18 - Right: 60.88% greenless area
2025-02-16 18:33:18 - Most greenless section: Right
2025-02-16 18:33:19 - Image captured and saved to /home/cansat-stu/cansat/Camera/img_20250216-183318.jpg.
2025-02-16 18:33:19 - Threshold processed image saved to /home/cansat-stu/cansat/Camera/threshold_img_20250216-183318.jpg.
2025-02-16 18:33:19 - Left: 3.09% greenless area
2025-02-16 18:33:19 - Center: 27.21% greenless area
2025-02-16 18:33:19 - Right: 60.58% greenless area
2025-02-16 18:33:19 - Most greenless section: Right
2025-02-16 18:33:19 - Image captured and saved to /home/cansat-stu/cansat/Camera/img_20250216-183319.jpg.
2025-02-16 18:33:19 - Threshold processed image saved to /home/cansat-stu/cansat/Camera/threshold_img_20250216-183319.jpg.
2025-02-16 18:33:19 - Left: 4.79% greenless area
2025-02-16 18:33:19 - Center: 31.55% greenless area
2025-02-16 18:33:19 - Right: 67.55% greenless area
2025-02-16 18:33:19 - Most greenless section: Right
2025-02-16 18:33:20 - Image captured and saved to /home/cansat-stu/cansat/Camera/img_20250216-183320.jpg.
2025-02-16 18:33:20 - Threshold processed image saved to /home/cansat-stu/cansat/Camera/threshold_img_20250216-183320.jpg.
2025-02-16 18:33:20 - Left: 18.70% greenless area
2025-02-16 18:33:20 - Center: 50.91% greenless area
2025-02-16 18:33:20 - Right: 91.12% greenless area
2025-02-16 18:33:20 - Most greenless section: Right
2025-02-16 18:33:20 - Image captured and saved to /home/cansat-stu/cansat/Camera/img_20250216-183320.jpg.
2025-02-16 18:33:20 - Threshold processed image saved to /home/cansat-stu/cansat/Camera/threshold_img_20250216-183320.jpg.
2025-02-16 18:33:20 - Left: 10.55% greenless area
2025-02-16 18:33:20 - Center: 40.94% greenless area
2025-02-16 18:33:20 - Right: 75.24% greenless area
2025-02-16 18:33:20 - Most greenless section: Right
2025-02-16 18:33:21 - Image captured and saved to /home/cansat-stu/cansat/Camera/img_20250216-183321.jpg.
2025-02-16 18:33:21 - Threshold processed image saved to /home/cansat-stu/cansat/Camera/threshold_img_20250216-183321.jpg.
2025-02-16 18:33:21 - Left: 6.55% greenless area
2025-02-16 18:33:21 - Center: 45.27% greenless area
2025-02-16 18:33:21 - Right: 84.73% greenless area
2025-02-16 18:33:21 - Most greenless section: Right
2025-02-16 18:33:21 - Image captured and saved to /home/cansat-stu/cansat/Camera/img_20250216-183321.jpg.
2025-02-16 18:33:21 - Threshold processed image saved to /home/cansat-stu/cansat/Camera/threshold_img_20250216-183321.jpg.
2025-02-16 18:33:21 - Left: 0.00% greenless area
2025-02-16 18:33:21 - Center: 19.94% greenless area
2025-02-16 18:33:21 - Right: 81.39% greenless area
2025-02-16 18:33:21 - Most greenless section: Right
2025-02-16 18:33:22 - Image captured and saved to /home/cansat-stu/cansat/Camera/img_20250216-183322.jpg.
2025-02-16 18:33:22 - Threshold processed image saved to /home/cansat-stu/cansat/Camera/threshold_img_20250216-183322.jpg.
2025-02-16 18:33:22 - Left: 0.00% greenless area
2025-02-16 18:33:22 - Center: 0.00% greenless area
2025-02-16 18:33:22 - Right: 15.36% greenless area
2025-02-16 18:33:22 - Most greenless section: Right
2025-02-16 18:33:23 - Image captured and saved to /home/cansat-stu/cansat/Camera/img_20250216-183323.jpg.
2025-02-16 18:33:23 - Threshold processed image saved to /home/cansat-stu/cansat/Camera/threshold_img_20250216-183323.jpg.
2025-02-16 18:33:23 - Left: 0.00% greenless area
2025-02-16 18:33:23 - Center: 0.00% greenless area
2025-02-16 18:33:23 - Right: 16.67% greenless area
2025-02-16 18:33:23 - Most greenless section: Right
2025-02-16 18:33:23 - Image captured and saved to /home/cansat-stu/cansat/Camera/img_20250216-183323.jpg.
2025-02-16 18:33:23 - Threshold processed image saved to /home/cansat-stu/cansat/Camera/threshold_img_20250216-183323.jpg.
2025-02-16 18:33:23 - Left: 0.00% greenless area
2025-02-16 18:33:23 - Center: 1.27% greenless area
2025-02-16 18:33:23 - Right: 37.67% greenless area
2025-02-16 18:33:23 - Most greenless section: Right
2025-02-16 18:33:24 - Image captured and saved to /home/cansat-stu/cansat/Camera/img_20250216-183324.jpg.
2025-02-16 18:33:24 - Threshold processed image saved to /home/cansat-stu/cansat/Camera/threshold_img_20250216-183324.jpg.
2025-02-16 18:33:24 - Left: 0.00% greenless area
2025-02-16 18:33:24 - Center: 45.24% greenless area
2025-02-16 18:33:24 - Right: 91.79% greenless area
2025-02-16 18:33:24 - Most greenless section: Right
2025-02-16 18:33:24 - Image captured and saved to /home/cansat-stu/cansat/Camera/img_20250216-183324.jpg.
2025-02-16 18:33:24 - Threshold processed image saved to /home/cansat-stu/cansat/Camera/threshold_img_20250216-183324.jpg.
2025-02-16 18:33:24 - Left: 7.67% greenless area
2025-02-16 18:33:24 - Center: 71.30% greenless area
2025-02-16 18:33:24 - Right: 99.30% greenless area
2025-02-16 18:33:24 - Most greenless section: Right
2025-02-16 18:33:25 - Image captured and saved to /home/cansat-stu/cansat/Camera/img_20250216-183325.jpg.
2025-02-16 18:33:25 - Threshold processed image saved to /home/cansat-stu/cansat/Camera/threshold_img_20250216-183325.jpg.
2025-02-16 18:33:25 - Left: 60.79% greenless area
2025-02-16 18:33:25 - Center: 84.64% greenless area
2025-02-16 18:33:25 - Right: 54.30% greenless area
2025-02-16 18:33:25 - Most greenless section: Center
2025-02-16 18:33:37 - Image captured and saved to /home/cansat-stu/cansat/Camera/img_20250216-183337.jpg.
2025-02-16 18:33:37 - Threshold processed image saved to /home/cansat-stu/cansat/Camera/threshold_img_20250216-183337.jpg.
2025-02-16 18:33:37 - Left: 27.36% greenless area
2025-02-16 18:33:37 - Center: 93.21% greenless area
2025-02-16 18:33:37 - Right: 81.48% greenless area
2025-02-16 18:33:37 - Most greenless section: Center
2025-02-16 18:33:48 - Image captured and saved to /home/cansat-stu/cansat/Camera/img_20250216-183348.jpg.
2025-02-16 18:33:48 - Threshold processed image saved to /home/cansat-stu/cansat/Camera/threshold_img_20250216-183348.jpg.
2025-02-16 18:33:48 - Left: 93.06% greenless area
2025-02-16 18:33:48 - Center: 92.36% greenless area
2025-02-16 18:33:48 - Right: 62.33% greenless area
2025-02-16 18:33:48 - Most greenless section: Left
2025-02-16 18:33:49 - Image captured and saved to /home/cansat-stu/cansat/Camera/img_20250216-183349.jpg.
2025-02-16 18:33:49 - Threshold processed image saved to /home/cansat-stu/cansat/Camera/threshold_img_20250216-183349.jpg.
2025-02-16 18:33:49 - Left: 89.79% greenless area
2025-02-16 18:33:49 - Center: 100.00% greenless area
2025-02-16 18:33:49 - Right: 91.33% greenless area
2025-02-16 18:33:49 - Most greenless section: Center
2025-02-16 18:40:13 - Image captured and saved to /home/cansat-stu/cansat/Camera/img_20250216-184010.jpg.
2025-02-16 18:40:14 - Threshold processed image saved to /home/cansat-stu/cansat/Camera/threshold_img_20250216-184010.jpg.
2025-02-16 18:40:14 - Left: 20.48% greenless area
2025-02-16 18:40:14 - Center: 80.42% greenless area
2025-02-16 18:40:14 - Right: 54.00% greenless area
2025-02-16 18:40:14 - Most greenless section: Center
2025-02-16 18:40:26 - Camera stopped.
2025-02-16 18:41:20 - Image captured and saved to /home/cansat-stu/cansat/Camera/img_20250216-184119.jpg.
2025-02-16 18:41:21 - Threshold processed image saved to /home/cansat-stu/cansat/Camera/threshold_img_20250216-184119.jpg.
2025-02-16 18:41:21 - Left: 30.76% greenless area
2025-02-16 18:41:21 - Center: 39.39% greenless area
2025-02-16 18:41:21 - Right: 1.58% greenless area
2025-02-16 18:41:21 - Most greenless section: Center
2025-02-16 18:41:32 - Camera stopped.
2025-02-16 18:52:18 - Image captured and saved to /home/cansat-stu/cansat/Camera/img_20250216-185217.jpg.
2025-02-16 18:52:18 - Threshold processed image saved to /home/cansat-stu/cansat/Camera/threshold_img_20250216-185217.jpg.
2025-02-16 18:52:18 - Left: 76.00% greenless area
2025-02-16 18:52:18 - Center: 6.24% greenless area
2025-02-16 18:52:18 - Right: 0.00% greenless area
2025-02-16 18:52:18 - Most greenless section: Left
2025-02-16 18:52:21 - Image captured and saved to /home/cansat-stu/cansat/Camera/img_20250216-185219.jpg.
2025-02-16 18:52:22 - Threshold processed image saved to /home/cansat-stu/cansat/Camera/threshold_img_20250216-185219.jpg.
2025-02-16 18:52:23 - Left: 73.79% greenless area
2025-02-16 18:52:23 - Center: 4.79% greenless area
2025-02-16 18:52:23 - Right: 0.00% greenless area
2025-02-16 18:52:23 - Most greenless section: Left
2025-02-16 18:52:26 - Image captured and saved to /home/cansat-stu/cansat/Camera/img_20250216-185224.jpg.
2025-02-16 18:52:29 - Threshold processed image saved to /home/cansat-stu/cansat/Camera/threshold_img_20250216-185224.jpg.
2025-02-16 18:52:30 - Left: 44.97% greenless area
2025-02-16 18:52:30 - Center: 0.03% greenless area
2025-02-16 18:52:30 - Right: 0.00% greenless area
2025-02-16 18:52:30 - Most greenless section: Left
2025-02-16 18:52:31 - Image captured and saved to /home/cansat-stu/cansat/Camera/img_20250216-185230.jpg.
2025-02-16 18:52:31 - Threshold processed image saved to /home/cansat-stu/cansat/Camera/threshold_img_20250216-185230.jpg.
2025-02-16 18:52:31 - Left: 99.33% greenless area
2025-02-16 18:52:31 - Center: 29.15% greenless area
2025-02-16 18:52:31 - Right: 0.00% greenless area
2025-02-16 18:52:31 - Most greenless section: Left
2025-02-16 18:52:31 - Image captured and saved to /home/cansat-stu/cansat/Camera/img_20250216-185231.jpg.
2025-02-16 18:52:31 - Threshold processed image saved to /home/cansat-stu/cansat/Camera/threshold_img_20250216-185231.jpg.
2025-02-16 18:52:31 - Left: 99.88% greenless area
2025-02-16 18:52:31 - Center: 90.67% greenless area
2025-02-16 18:52:31 - Right: 7.09% greenless area
2025-02-16 18:52:31 - Most greenless section: Left
2025-02-16 18:52:32 - Image captured and saved to /home/cansat-stu/cansat/Camera/img_20250216-185232.jpg.
2025-02-16 18:52:32 - Threshold processed image saved to /home/cansat-stu/cansat/Camera/threshold_img_20250216-185232.jpg.
2025-02-16 18:52:32 - Left: 73.58% greenless area
2025-02-16 18:52:32 - Center: 100.00% greenless area
2025-02-16 18:52:32 - Right: 48.61% greenless area
2025-02-16 18:52:32 - Most greenless section: Center
2025-02-16 18:52:44 - Camera stopped.
2025-02-16 18:54:35 - Image captured and saved to /home/cansat-stu/cansat/Camera/img_20250216-185434.jpg.
2025-02-16 18:54:35 - Threshold processed image saved to /home/cansat-stu/cansat/Camera/threshold_img_20250216-185434.jpg.
2025-02-16 18:54:35 - Left: 0.12% greenless area
2025-02-16 18:54:35 - Center: 11.06% greenless area
2025-02-16 18:54:35 - Right: 89.52% greenless area
2025-02-16 18:54:35 - Most greenless section: Right
2025-02-16 18:54:36 - Image captured and saved to /home/cansat-stu/cansat/Camera/img_20250216-185436.jpg.
2025-02-16 18:54:36 - Threshold processed image saved to /home/cansat-stu/cansat/Camera/threshold_img_20250216-185436.jpg.
2025-02-16 18:54:36 - Left: 12.39% greenless area
2025-02-16 18:54:36 - Center: 89.82% greenless area
2025-02-16 18:54:36 - Right: 57.33% greenless area
2025-02-16 18:54:36 - Most greenless section: Center
2025-02-16 18:54:48 - Image captured and saved to /home/cansat-stu/cansat/Camera/img_20250216-185447.jpg.
2025-02-16 18:54:49 - Threshold processed image saved to /home/cansat-stu/cansat/Camera/threshold_img_20250216-185447.jpg.
2025-02-16 18:54:49 - Left: 53.39% greenless area
2025-02-16 18:54:49 - Center: 89.70% greenless area
2025-02-16 18:54:49 - Right: 33.27% greenless area
2025-02-16 18:54:49 - Most greenless section: Center
2025-02-16 18:55:02 - Image captured and saved to /home/cansat-stu/cansat/Camera/img_20250216-185500.jpg.
2025-02-16 18:55:02 - Threshold processed image saved to /home/cansat-stu/cansat/Camera/threshold_img_20250216-185500.jpg.
2025-02-16 18:55:03 - Left: 46.58% greenless area
2025-02-16 18:55:03 - Center: 77.33% greenless area
2025-02-16 18:55:03 - Right: 29.06% greenless area
2025-02-16 18:55:03 - Most greenless section: Center
2025-02-16 19:05:56 - Image captured and saved to /home/cansat-stu/cansat/Camera/img_20250216-190556.jpg.
2025-02-16 19:05:57 - Threshold processed image saved to /home/cansat-stu/cansat/Camera/threshold_img_20250216-190556.jpg.
2025-02-16 19:05:57 - Left: 90.15% greenless area
2025-02-16 19:05:57 - Center: 1.94% greenless area
2025-02-16 19:05:57 - Right: 3.24% greenless area
2025-02-16 19:05:57 - Most greenless section: Left
2025-02-16 19:06:00 - Image captured and saved to /home/cansat-stu/cansat/Camera/img_20250216-190557.jpg.
2025-02-16 19:06:02 - Threshold processed image saved to /home/cansat-stu/cansat/Camera/threshold_img_20250216-190557.jpg.
2025-02-16 19:06:03 - Left: 99.82% greenless area
2025-02-16 19:06:03 - Center: 22.30% greenless area
2025-02-16 19:06:03 - Right: 14.18% greenless area
2025-02-16 19:06:03 - Most greenless section: Left
2025-02-16 19:06:04 - Image captured and saved to /home/cansat-stu/cansat/Camera/img_20250216-190603.jpg.
2025-02-16 19:06:04 - Threshold processed image saved to /home/cansat-stu/cansat/Camera/threshold_img_20250216-190603.jpg.
2025-02-16 19:06:04 - Left: 84.73% greenless area
2025-02-16 19:06:04 - Center: 100.00% greenless area
2025-02-16 19:06:04 - Right: 44.91% greenless area
2025-02-16 19:06:04 - Most greenless section: Center
2025-02-16 19:06:17 - Image captured and saved to /home/cansat-stu/cansat/Camera/img_20250216-190616.jpg.
2025-02-16 19:06:17 - Threshold processed image saved to /home/cansat-stu/cansat/Camera/threshold_img_20250216-190616.jpg.
2025-02-16 19:06:17 - Left: 36.64% greenless area
2025-02-16 19:06:17 - Center: 92.70% greenless area
2025-02-16 19:06:17 - Right: 81.03% greenless area
2025-02-16 19:06:17 - Most greenless section: Center
2025-02-16 19:06:29 - Camera stopped.
2025-02-16 19:12:19 - Image captured and saved to /home/cansat-stu/cansat/Camera/img_20250216-191218.jpg.
2025-02-16 19:12:19 - Threshold processed image saved to /home/cansat-stu/cansat/Camera/threshold_img_20250216-191218.jpg.
2025-02-16 19:12:19 - Left: 96.70% greenless area
2025-02-16 19:12:19 - Center: 36.48% greenless area
2025-02-16 19:12:19 - Right: 0.00% greenless area
2025-02-16 19:12:19 - Most greenless section: Left
2025-02-16 19:12:20 - Image captured and saved to /home/cansat-stu/cansat/Camera/img_20250216-191220.jpg.
2025-02-16 19:12:20 - Threshold processed image saved to /home/cansat-stu/cansat/Camera/threshold_img_20250216-191220.jpg.
2025-02-16 19:12:20 - Left: 99.97% greenless area
2025-02-16 19:12:20 - Center: 68.12% greenless area
2025-02-16 19:12:20 - Right: 2.06% greenless area
2025-02-16 19:12:20 - Most greenless section: Left
2025-02-16 19:12:21 - Image captured and saved to /home/cansat-stu/cansat/Camera/img_20250216-191221.jpg.
2025-02-16 19:12:21 - Threshold processed image saved to /home/cansat-stu/cansat/Camera/threshold_img_20250216-191221.jpg.
2025-02-16 19:12:21 - Left: 99.70% greenless area
2025-02-16 19:12:21 - Center: 68.97% greenless area
2025-02-16 19:12:21 - Right: 2.64% greenless area
2025-02-16 19:12:21 - Most greenless section: Left
2025-02-16 19:12:21 - Image captured and saved to /home/cansat-stu/cansat/Camera/img_20250216-191221.jpg.
2025-02-16 19:12:21 - Threshold processed image saved to /home/cansat-stu/cansat/Camera/threshold_img_20250216-191221.jpg.
2025-02-16 19:12:21 - Left: 17.39% greenless area
2025-02-16 19:12:21 - Center: 87.15% greenless area
2025-02-16 19:12:21 - Right: 98.21% greenless area
2025-02-16 19:12:21 - Most greenless section: Right
2025-02-16 19:12:22 - Image captured and saved to /home/cansat-stu/cansat/Camera/img_20250216-191222.jpg.
2025-02-16 19:12:22 - Threshold processed image saved to /home/cansat-stu/cansat/Camera/threshold_img_20250216-191222.jpg.
2025-02-16 19:12:22 - Left: 8.36% greenless area
2025-02-16 19:12:22 - Center: 79.12% greenless area
2025-02-16 19:12:22 - Right: 101.88% greenless area
2025-02-16 19:12:22 - Most greenless section: Right
2025-02-16 19:12:22 - Image captured and saved to /home/cansat-stu/cansat/Camera/img_20250216-191222.jpg.
2025-02-16 19:12:22 - Threshold processed image saved to /home/cansat-stu/cansat/Camera/threshold_img_20250216-191222.jpg.
2025-02-16 19:12:22 - Left: 3.06% greenless area
2025-02-16 19:12:22 - Center: 3.36% greenless area
2025-02-16 19:12:22 - Right: 91.15% greenless area
2025-02-16 19:12:22 - Most greenless section: Right
2025-02-16 19:12:23 - Image captured and saved to /home/cansat-stu/cansat/Camera/img_20250216-191223.jpg.
2025-02-16 19:12:23 - Threshold processed image saved to /home/cansat-stu/cansat/Camera/threshold_img_20250216-191223.jpg.
2025-02-16 19:12:23 - Left: 1.52% greenless area
2025-02-16 19:12:23 - Center: 1.15% greenless area
2025-02-16 19:12:23 - Right: 69.94% greenless area
2025-02-16 19:12:23 - Most greenless section: Right
2025-02-16 19:12:24 - Image captured and saved to /home/cansat-stu/cansat/Camera/img_20250216-191224.jpg.
2025-02-16 19:12:24 - Threshold processed image saved to /home/cansat-stu/cansat/Camera/threshold_img_20250216-191224.jpg.
2025-02-16 19:12:24 - Left: 2.12% greenless area
2025-02-16 19:12:24 - Center: 8.24% greenless area
2025-02-16 19:12:24 - Right: 49.39% greenless area
2025-02-16 19:12:24 - Most greenless section: Right
2025-02-16 19:12:24 - Image captured and saved to /home/cansat-stu/cansat/Camera/img_20250216-191224.jpg.
2025-02-16 19:12:24 - Threshold processed image saved to /home/cansat-stu/cansat/Camera/threshold_img_20250216-191224.jpg.
2025-02-16 19:12:24 - Left: 4.06% greenless area
2025-02-16 19:12:24 - Center: 17.79% greenless area
2025-02-16 19:12:24 - Right: 89.55% greenless area
2025-02-16 19:12:24 - Most greenless section: Right
2025-02-16 19:12:25 - Image captured and saved to /home/cansat-stu/cansat/Camera/img_20250216-191225.jpg.
2025-02-16 19:12:25 - Threshold processed image saved to /home/cansat-stu/cansat/Camera/threshold_img_20250216-191225.jpg.
2025-02-16 19:12:25 - Left: 8.30% greenless area
2025-02-16 19:12:25 - Center: 45.09% greenless area
2025-02-16 19:12:25 - Right: 102.79% greenless area
2025-02-16 19:12:25 - Most greenless section: Right
2025-02-16 19:12:25 - Image captured and saved to /home/cansat-stu/cansat/Camera/img_20250216-191225.jpg.
2025-02-16 19:12:25 - Threshold processed image saved to /home/cansat-stu/cansat/Camera/threshold_img_20250216-191225.jpg.
2025-02-16 19:12:25 - Left: 23.97% greenless area
2025-02-16 19:12:25 - Center: 94.67% greenless area
2025-02-16 19:12:25 - Right: 103.03% greenless area
2025-02-16 19:12:25 - Most greenless section: Right
2025-02-16 19:12:26 - Image captured and saved to /home/cansat-stu/cansat/Camera/img_20250216-191226.jpg.
2025-02-16 19:12:26 - Threshold processed image saved to /home/cansat-stu/cansat/Camera/threshold_img_20250216-191226.jpg.
2025-02-16 19:12:26 - Left: 91.36% greenless area
2025-02-16 19:12:26 - Center: 97.97% greenless area
2025-02-16 19:12:26 - Right: 26.73% greenless area
2025-02-16 19:12:26 - Most greenless section: Center
2025-02-16 19:12:37 - Camera stopped.
