2025-03-03 16:32:48 - Image captured and saved to /home/cansat-stu/cansat/Camera/img_20250303-163247.jpg.
2025-03-03 16:32:48 - Threshold processed image saved to /home/cansat-stu/cansat/Camera/threshold_img_20250303-163247.jpg.
2025-03-03 16:32:48 - Left: 0.00% red area
2025-03-03 16:32:48 - Center: 0.00% red area
2025-03-03 16:32:48 - Right: 0.00% red area
2025-03-03 16:32:48 - Most red section: Left
2025-03-03 16:32:54 - Image captured and saved to /home/cansat-stu/cansat/Camera/img_20250303-163254.jpg.
2025-03-03 16:32:54 - Threshold processed image saved to /home/cansat-stu/cansat/Camera/threshold_img_20250303-163254.jpg.
2025-03-03 16:32:54 - Left: 0.00% red area
2025-03-03 16:32:54 - Center: 0.00% red area
2025-03-03 16:32:54 - Right: 0.00% red area
2025-03-03 16:32:54 - Most red section: Left
2025-03-03 16:33:00 - Image captured and saved to /home/cansat-stu/cansat/Camera/img_20250303-163300.jpg.
2025-03-03 16:33:00 - Threshold processed image saved to /home/cansat-stu/cansat/Camera/threshold_img_20250303-163300.jpg.
2025-03-03 16:33:00 - Left: 0.00% red area
2025-03-03 16:33:00 - Center: 0.00% red area
2025-03-03 16:33:00 - Right: 0.00% red area
2025-03-03 16:33:00 - Most red section: Left
2025-03-03 16:33:06 - Image captured and saved to /home/cansat-stu/cansat/Camera/img_20250303-163306.jpg.
2025-03-03 16:33:06 - Threshold processed image saved to /home/cansat-stu/cansat/Camera/threshold_img_20250303-163306.jpg.
2025-03-03 16:33:06 - Left: 0.00% red area
2025-03-03 16:33:06 - Center: 0.00% red area
2025-03-03 16:33:06 - Right: 0.00% red area
2025-03-03 16:33:06 - Most red section: Left
2025-03-03 16:33:11 - Camera stopped.
2025-03-03 20:36:53 - Image captured and saved to /home/cansat-stu/cansat/Camera/img_20250303-203653.jpg.
2025-03-03 20:36:53 - Threshold processed image saved to /home/cansat-stu/cansat/Camera/threshold_img_20250303-203653.jpg.
2025-03-03 20:36:53 - Left: 0.00% red area
2025-03-03 20:36:53 - Center: 0.00% red area
2025-03-03 20:36:53 - Right: 0.00% red area
2025-03-03 20:36:53 - Most red section: Left
2025-03-03 20:36:59 - Image captured and saved to /home/cansat-stu/cansat/Camera/img_20250303-203659.jpg.
2025-03-03 20:36:59 - Threshold processed image saved to /home/cansat-stu/cansat/Camera/threshold_img_20250303-203659.jpg.
2025-03-03 20:36:59 - Left: 0.00% red area
2025-03-03 20:36:59 - Center: 0.00% red area
2025-03-03 20:36:59 - Right: 0.00% red area
2025-03-03 20:36:59 - Most red section: Left
2025-03-03 20:37:03 - Camera stopped.
2025-03-03 20:47:32 - Image captured and saved to /home/cansat-stu/cansat/Camera/img_20250303-204732.jpg.
2025-03-03 20:47:32 - Threshold processed image saved to /home/cansat-stu/cansat/Camera/threshold_img_20250303-204732.jpg.
2025-03-03 20:47:32 - Left: 0.00% red area
2025-03-03 20:47:32 - Center: 0.00% red area
2025-03-03 20:47:32 - Right: 0.00% red area
2025-03-03 20:47:32 - Most red section: Left
2025-03-03 20:47:38 - Image captured and saved to /home/cansat-stu/cansat/Camera/img_20250303-204738.jpg.
2025-03-03 20:47:38 - Threshold processed image saved to /home/cansat-stu/cansat/Camera/threshold_img_20250303-204738.jpg.
2025-03-03 20:47:38 - Left: 0.00% red area
2025-03-03 20:47:38 - Center: 0.00% red area
2025-03-03 20:47:38 - Right: 0.00% red area
2025-03-03 20:47:38 - Most red section: Left
2025-03-03 20:47:45 - Image captured and saved to /home/cansat-stu/cansat/Camera/img_20250303-204745.jpg.
2025-03-03 20:47:45 - Threshold processed image saved to /home/cansat-stu/cansat/Camera/threshold_img_20250303-204745.jpg.
2025-03-03 20:47:45 - Left: 0.00% red area
2025-03-03 20:47:45 - Center: 0.00% red area
2025-03-03 20:47:45 - Right: 0.00% red area
2025-03-03 20:47:45 - Most red section: Left
2025-03-03 20:47:51 - Image captured and saved to /home/cansat-stu/cansat/Camera/img_20250303-204751.jpg.
2025-03-03 20:47:51 - Threshold processed image saved to /home/cansat-stu/cansat/Camera/threshold_img_20250303-204751.jpg.
2025-03-03 20:47:51 - Left: 0.00% red area
2025-03-03 20:47:51 - Center: 0.00% red area
2025-03-03 20:47:51 - Right: 0.00% red area
2025-03-03 20:47:51 - Most red section: Left
2025-03-03 20:47:57 - Image captured and saved to /home/cansat-stu/cansat/Camera/img_20250303-204757.jpg.
2025-03-03 20:47:57 - Threshold processed image saved to /home/cansat-stu/cansat/Camera/threshold_img_20250303-204757.jpg.
2025-03-03 20:47:57 - Left: 0.00% red area
2025-03-03 20:47:57 - Center: 0.00% red area
2025-03-03 20:47:57 - Right: 0.00% red area
2025-03-03 20:47:57 - Most red section: Left
2025-03-03 20:48:03 - Image captured and saved to /home/cansat-stu/cansat/Camera/img_20250303-204803.jpg.
2025-03-03 20:48:03 - Threshold processed image saved to /home/cansat-stu/cansat/Camera/threshold_img_20250303-204803.jpg.
2025-03-03 20:48:03 - Left: 0.00% red area
2025-03-03 20:48:03 - Center: 0.00% red area
2025-03-03 20:48:03 - Right: 0.00% red area
2025-03-03 20:48:03 - Most red section: Left
2025-03-03 20:48:09 - Image captured and saved to /home/cansat-stu/cansat/Camera/img_20250303-204809.jpg.
2025-03-03 20:48:09 - Threshold processed image saved to /home/cansat-stu/cansat/Camera/threshold_img_20250303-204809.jpg.
2025-03-03 20:48:09 - Left: 0.00% red area
2025-03-03 20:48:09 - Center: 0.00% red area
2025-03-03 20:48:09 - Right: 0.00% red area
2025-03-03 20:48:09 - Most red section: Left
2025-03-03 20:48:15 - Image captured and saved to /home/cansat-stu/cansat/Camera/img_20250303-204815.jpg.
2025-03-03 20:48:15 - Threshold processed image saved to /home/cansat-stu/cansat/Camera/threshold_img_20250303-204815.jpg.
2025-03-03 20:48:15 - Left: 0.00% red area
2025-03-03 20:48:15 - Center: 0.00% red area
2025-03-03 20:48:15 - Right: 0.00% red area
2025-03-03 20:48:15 - Most red section: Left
2025-03-03 20:48:21 - Image captured and saved to /home/cansat-stu/cansat/Camera/img_20250303-204821.jpg.
2025-03-03 20:48:21 - Threshold processed image saved to /home/cansat-stu/cansat/Camera/threshold_img_20250303-204821.jpg.
2025-03-03 20:48:21 - Left: 0.00% red area
2025-03-03 20:48:21 - Center: 0.00% red area
2025-03-03 20:48:21 - Right: 0.00% red area
2025-03-03 20:48:21 - Most red section: Left
2025-03-03 20:48:27 - Image captured and saved to /home/cansat-stu/cansat/Camera/img_20250303-204827.jpg.
2025-03-03 20:48:27 - Threshold processed image saved to /home/cansat-stu/cansat/Camera/threshold_img_20250303-204827.jpg.
2025-03-03 20:48:27 - Left: 0.00% red area
2025-03-03 20:48:27 - Center: 0.00% red area
2025-03-03 20:48:27 - Right: 0.00% red area
2025-03-03 20:48:27 - Most red section: Left
2025-03-03 20:48:34 - Image captured and saved to /home/cansat-stu/cansat/Camera/img_20250303-204833.jpg.
2025-03-03 20:48:34 - Threshold processed image saved to /home/cansat-stu/cansat/Camera/threshold_img_20250303-204833.jpg.
2025-03-03 20:48:34 - Left: 0.00% red area
2025-03-03 20:48:34 - Center: 0.00% red area
2025-03-03 20:48:34 - Right: 0.00% red area
2025-03-03 20:48:34 - Most red section: Left
2025-03-03 20:48:40 - Image captured and saved to /home/cansat-stu/cansat/Camera/img_20250303-204840.jpg.
2025-03-03 20:48:40 - Threshold processed image saved to /home/cansat-stu/cansat/Camera/threshold_img_20250303-204840.jpg.
2025-03-03 20:48:40 - Left: 0.03% red area
2025-03-03 20:48:40 - Center: 0.00% red area
2025-03-03 20:48:40 - Right: 0.00% red area
2025-03-03 20:48:40 - Most red section: Left
2025-03-03 20:48:46 - Image captured and saved to /home/cansat-stu/cansat/Camera/img_20250303-204846.jpg.
2025-03-03 20:48:46 - Threshold processed image saved to /home/cansat-stu/cansat/Camera/threshold_img_20250303-204846.jpg.
2025-03-03 20:48:46 - Left: 0.00% red area
2025-03-03 20:48:46 - Center: 0.00% red area
2025-03-03 20:48:46 - Right: 0.06% red area
2025-03-03 20:48:46 - Most red section: Right
2025-03-03 20:48:52 - Image captured and saved to /home/cansat-stu/cansat/Camera/img_20250303-204852.jpg.
2025-03-03 20:48:52 - Threshold processed image saved to /home/cansat-stu/cansat/Camera/threshold_img_20250303-204852.jpg.
2025-03-03 20:48:52 - Left: 0.00% red area
2025-03-03 20:48:52 - Center: 0.00% red area
2025-03-03 20:48:52 - Right: 0.00% red area
2025-03-03 20:48:52 - Most red section: Left
2025-03-03 20:48:58 - Image captured and saved to /home/cansat-stu/cansat/Camera/img_20250303-204858.jpg.
2025-03-03 20:48:58 - Threshold processed image saved to /home/cansat-stu/cansat/Camera/threshold_img_20250303-204858.jpg.
2025-03-03 20:48:58 - Left: 0.00% red area
2025-03-03 20:48:58 - Center: 0.03% red area
2025-03-03 20:48:58 - Right: 0.42% red area
2025-03-03 20:48:58 - Most red section: Right
2025-03-03 20:49:04 - Image captured and saved to /home/cansat-stu/cansat/Camera/img_20250303-204904.jpg.
2025-03-03 20:49:04 - Threshold processed image saved to /home/cansat-stu/cansat/Camera/threshold_img_20250303-204904.jpg.
2025-03-03 20:49:04 - Left: 0.00% red area
2025-03-03 20:49:04 - Center: 0.00% red area
2025-03-03 20:49:04 - Right: 0.00% red area
2025-03-03 20:49:04 - Most red section: Left
2025-03-03 20:49:10 - Image captured and saved to /home/cansat-stu/cansat/Camera/img_20250303-204910.jpg.
2025-03-03 20:49:10 - Threshold processed image saved to /home/cansat-stu/cansat/Camera/threshold_img_20250303-204910.jpg.
2025-03-03 20:49:10 - Left: 0.00% red area
2025-03-03 20:49:10 - Center: 0.00% red area
2025-03-03 20:49:10 - Right: 0.00% red area
2025-03-03 20:49:10 - Most red section: Left
2025-03-03 20:49:16 - Image captured and saved to /home/cansat-stu/cansat/Camera/img_20250303-204916.jpg.
2025-03-03 20:49:16 - Threshold processed image saved to /home/cansat-stu/cansat/Camera/threshold_img_20250303-204916.jpg.
2025-03-03 20:49:16 - Left: 0.00% red area
2025-03-03 20:49:16 - Center: 0.00% red area
2025-03-03 20:49:16 - Right: 0.00% red area
2025-03-03 20:49:16 - Most red section: Left
2025-03-03 20:49:23 - Image captured and saved to /home/cansat-stu/cansat/Camera/img_20250303-204923.jpg.
2025-03-03 20:49:23 - Threshold processed image saved to /home/cansat-stu/cansat/Camera/threshold_img_20250303-204923.jpg.
2025-03-03 20:49:23 - Left: 0.00% red area
2025-03-03 20:49:23 - Center: 0.00% red area
2025-03-03 20:49:23 - Right: 0.36% red area
2025-03-03 20:49:23 - Most red section: Right
2025-03-03 20:49:29 - Image captured and saved to /home/cansat-stu/cansat/Camera/img_20250303-204929.jpg.
2025-03-03 20:49:29 - Threshold processed image saved to /home/cansat-stu/cansat/Camera/threshold_img_20250303-204929.jpg.
2025-03-03 20:49:29 - Left: 0.18% red area
2025-03-03 20:49:29 - Center: 0.03% red area
2025-03-03 20:49:29 - Right: 0.00% red area
2025-03-03 20:49:29 - Most red section: Left
2025-03-03 20:49:35 - Image captured and saved to /home/cansat-stu/cansat/Camera/img_20250303-204935.jpg.
2025-03-03 20:49:35 - Threshold processed image saved to /home/cansat-stu/cansat/Camera/threshold_img_20250303-204935.jpg.
2025-03-03 20:49:35 - Left: 0.00% red area
2025-03-03 20:49:35 - Center: 0.00% red area
2025-03-03 20:49:35 - Right: 0.06% red area
2025-03-03 20:49:35 - Most red section: Right
2025-03-03 20:49:41 - Image captured and saved to /home/cansat-stu/cansat/Camera/img_20250303-204941.jpg.
2025-03-03 20:49:41 - Threshold processed image saved to /home/cansat-stu/cansat/Camera/threshold_img_20250303-204941.jpg.
2025-03-03 20:49:41 - Left: 0.21% red area
2025-03-03 20:49:41 - Center: 0.15% red area
2025-03-03 20:49:41 - Right: 0.00% red area
2025-03-03 20:49:41 - Most red section: Left
2025-03-03 20:49:46 - Camera stopped.
2025-03-03 20:50:36 - Image captured and saved to /home/cansat-stu/cansat/Camera/img_20250303-205036.jpg.
2025-03-03 20:50:36 - Threshold processed image saved to /home/cansat-stu/cansat/Camera/threshold_img_20250303-205036.jpg.
2025-03-03 20:50:36 - Left: 0.00% red area
2025-03-03 20:50:36 - Center: 0.00% red area
2025-03-03 20:50:36 - Right: 0.00% red area
2025-03-03 20:50:36 - Most red section: Left
2025-03-03 20:50:42 - Image captured and saved to /home/cansat-stu/cansat/Camera/img_20250303-205042.jpg.
2025-03-03 20:50:42 - Threshold processed image saved to /home/cansat-stu/cansat/Camera/threshold_img_20250303-205042.jpg.
2025-03-03 20:50:42 - Left: 0.00% red area
2025-03-03 20:50:42 - Center: 0.00% red area
2025-03-03 20:50:42 - Right: 0.00% red area
2025-03-03 20:50:42 - Most red section: Left
2025-03-03 20:50:48 - Image captured and saved to /home/cansat-stu/cansat/Camera/img_20250303-205048.jpg.
2025-03-03 20:50:48 - Threshold processed image saved to /home/cansat-stu/cansat/Camera/threshold_img_20250303-205048.jpg.
2025-03-03 20:50:48 - Left: 6.52% red area
2025-03-03 20:50:48 - Center: 4.94% red area
2025-03-03 20:50:48 - Right: 0.00% red area
2025-03-03 20:50:48 - Most red section: Left
2025-03-03 20:50:55 - Image captured and saved to /home/cansat-stu/cansat/Camera/img_20250303-205054.jpg.
2025-03-03 20:50:55 - Threshold processed image saved to /home/cansat-stu/cansat/Camera/threshold_img_20250303-205054.jpg.
2025-03-03 20:50:55 - Left: 0.03% red area
2025-03-03 20:50:55 - Center: 2.06% red area
2025-03-03 20:50:55 - Right: 7.64% red area
2025-03-03 20:50:55 - Most red section: Right
2025-03-03 20:51:01 - Image captured and saved to /home/cansat-stu/cansat/Camera/img_20250303-205101.jpg.
2025-03-03 20:51:01 - Threshold processed image saved to /home/cansat-stu/cansat/Camera/threshold_img_20250303-205101.jpg.
2025-03-03 20:51:01 - Left: 3.15% red area
2025-03-03 20:51:01 - Center: 4.76% red area
2025-03-03 20:51:01 - Right: 0.00% red area
2025-03-03 20:51:01 - Most red section: Center
2025-03-03 20:51:09 - Camera stopped.
2025-03-03 20:57:44 - Image captured and saved to /home/cansat-stu/cansat/Camera/img_20250303-205744.jpg.
2025-03-03 20:57:44 - Threshold processed image saved to /home/cansat-stu/cansat/Camera/threshold_img_20250303-205744.jpg.
2025-03-03 20:57:44 - Left: 0.00% red area
2025-03-03 20:57:44 - Center: 0.00% red area
2025-03-03 20:57:44 - Right: 0.39% red area
2025-03-03 20:57:44 - Most red section: Right
2025-03-03 20:57:50 - Image captured and saved to /home/cansat-stu/cansat/Camera/img_20250303-205750.jpg.
2025-03-03 20:57:50 - Threshold processed image saved to /home/cansat-stu/cansat/Camera/threshold_img_20250303-205750.jpg.
2025-03-03 20:57:50 - Left: 0.00% red area
2025-03-03 20:57:50 - Center: 11.00% red area
2025-03-03 20:57:50 - Right: 0.27% red area
2025-03-03 20:57:50 - Most red section: Center
2025-03-03 20:57:57 - Camera stopped.
2025-03-03 21:04:33 - Image captured and saved to /home/cansat-stu/cansat/Camera/img_20250303-210433.jpg.
2025-03-03 21:04:33 - Threshold processed image saved to /home/cansat-stu/cansat/Camera/threshold_img_20250303-210433.jpg.
2025-03-03 21:04:33 - Left: 0.00% red area
2025-03-03 21:04:33 - Center: 0.82% red area
2025-03-03 21:04:33 - Right: 0.00% red area
2025-03-03 21:04:33 - Most red section: Center
2025-03-03 21:04:44 - Image captured and saved to /home/cansat-stu/cansat/Camera/img_20250303-210444.jpg.
2025-03-03 21:04:44 - Threshold processed image saved to /home/cansat-stu/cansat/Camera/threshold_img_20250303-210444.jpg.
2025-03-03 21:04:44 - Left: 0.00% red area
2025-03-03 21:04:44 - Center: 0.00% red area
2025-03-03 21:04:44 - Right: 0.00% red area
2025-03-03 21:04:44 - Most red section: Left
2025-03-03 21:04:44 - Camera stopped.
2025-03-03 21:08:03 - Image captured and saved to /home/cansat-stu/cansat/Camera/img_20250303-210803.jpg.
2025-03-03 21:08:03 - Threshold processed image saved to /home/cansat-stu/cansat/Camera/threshold_img_20250303-210803.jpg.
2025-03-03 21:08:03 - Left: 0.00% red area
2025-03-03 21:08:03 - Center: 0.00% red area
2025-03-03 21:08:03 - Right: 0.00% red area
2025-03-03 21:08:03 - Most red section: Left
2025-03-03 21:08:08 - Camera stopped.
2025-03-03 21:09:12 - Image captured and saved to /home/cansat-stu/cansat/Camera/img_20250303-210912.jpg.
2025-03-03 21:09:12 - Threshold processed image saved to /home/cansat-stu/cansat/Camera/threshold_img_20250303-210912.jpg.
2025-03-03 21:09:12 - Left: 0.00% red area
2025-03-03 21:09:12 - Center: 0.00% red area
2025-03-03 21:09:12 - Right: 0.00% red area
2025-03-03 21:09:12 - Most red section: Left
2025-03-03 21:09:18 - Image captured and saved to /home/cansat-stu/cansat/Camera/img_20250303-210918.jpg.
2025-03-03 21:09:18 - Threshold processed image saved to /home/cansat-stu/cansat/Camera/threshold_img_20250303-210918.jpg.
2025-03-03 21:09:18 - Left: 0.00% red area