2025-03-09 14:55:21 - Image captured and saved to /home/cansat-stu/cansat/Camera/img_20250309-145520.jpg.
2025-03-09 14:55:21 - Threshold processed image saved to /home/cansat-stu/cansat/Camera/threshold_img_20250309-145520.jpg.
2025-03-09 14:55:21 - Left: 0.00% red area
2025-03-09 14:55:21 - Center: 0.00% red area
2025-03-09 14:55:21 - Right: 0.00% red area
2025-03-09 14:55:21 - Most red section: Left
2025-03-09 14:55:21 - The area with the most red is: none_cone
2025-03-09 14:55:21 - Camera stopped.
2025-03-09 14:55:59 - Image captured and saved to /home/cansat-stu/cansat/Camera/img_20250309-145559.jpg.
2025-03-09 14:55:59 - Threshold processed image saved to /home/cansat-stu/cansat/Camera/threshold_img_20250309-145559.jpg.
2025-03-09 14:55:59 - Left: 0.00% red area
2025-03-09 14:55:59 - Center: 0.00% red area
2025-03-09 14:55:59 - Right: 0.00% red area
2025-03-09 14:55:59 - Most red section: Left
2025-03-09 14:55:59 - The area with the most red is: none_cone
2025-03-09 14:55:59 - Camera stopped.
2025-03-09 14:56:26 - Image captured and saved to /home/cansat-stu/cansat/Camera/img_20250309-145625.jpg.
2025-03-09 14:56:26 - Threshold processed image saved to /home/cansat-stu/cansat/Camera/threshold_img_20250309-145625.jpg.
2025-03-09 14:56:26 - Left: 0.00% red area
2025-03-09 14:56:26 - Center: 0.00% red area
2025-03-09 14:56:26 - Right: 0.00% red area
2025-03-09 14:56:26 - Most red section: Left
2025-03-09 14:56:26 - The area with the most red is: none_cone
2025-03-09 14:56:26 - Camera stopped.
2025-03-09 15:01:18 - Image captured and saved to /home/cansat-stu/cansat/Camera/img_20250309-150118.jpg.
2025-03-09 15:01:18 - Threshold processed image saved to /home/cansat-stu/cansat/Camera/threshold_img_20250309-150118.jpg.
2025-03-09 15:01:18 - Left: 1.24% red area
2025-03-09 15:01:18 - Center: 22.67% red area
2025-03-09 15:01:18 - Right: 1.06% red area
2025-03-09 15:01:18 - Most red section: Center
2025-03-09 15:01:18 - The area with the most red is: Center
2025-03-09 15:01:18 - Camera stopped.
2025-03-09 15:01:59 - Image captured and saved to /home/cansat-stu/cansat/Camera/img_20250309-150158.jpg.
2025-03-09 15:01:59 - Threshold processed image saved to /home/cansat-stu/cansat/Camera/threshold_img_20250309-150158.jpg.
2025-03-09 15:01:59 - Left: 0.73% red area
2025-03-09 15:01:59 - Center: 0.70% red area
2025-03-09 15:01:59 - Right: 0.67% red area
2025-03-09 15:01:59 - Most red section: Left
2025-03-09 15:01:59 - The area with the most red is: Left
2025-03-09 15:01:59 - Camera stopped.
2025-03-09 15:06:01 - Image captured and saved to /home/cansat-stu/cansat/Camera/img_20250309-150558.jpg.
2025-03-09 15:06:23 - Threshold processed image saved to /home/cansat-stu/cansat/Camera/threshold_img_20250309-150558.jpg.
2025-03-09 15:06:36 - Left: 0.00% red area
2025-03-09 15:06:38 - Center: 0.00% red area
2025-03-09 15:06:42 - Right: 0.00% red area
2025-03-09 15:06:44 - Most red section: Left
2025-03-09 15:06:48 - The area with the most red is: none_cone
2025-03-09 15:06:55 - Camera stopped.
