2025-03-05 22:22:53 - Image captured and saved to /home/cansat-stu/cansat/Camera/img_20250305-222252.jpg.
2025-03-05 22:22:53 - Threshold processed image saved to /home/cansat-stu/cansat/Camera/threshold_img_20250305-222252.jpg.
2025-03-05 22:22:53 - Left: 0.00% red area
2025-03-05 22:22:53 - Center: 0.00% red area
2025-03-05 22:22:53 - Right: 0.00% red area
2025-03-05 22:22:53 - Most red section: Left
2025-03-05 22:22:59 - Image captured and saved to /home/cansat-stu/cansat/Camera/img_20250305-222259.jpg.
2025-03-05 22:22:59 - Threshold processed image saved to /home/cansat-stu/cansat/Camera/threshold_img_20250305-222259.jpg.
2025-03-05 22:22:59 - Left: 0.00% red area
2025-03-05 22:22:59 - Center: 0.00% red area
2025-03-05 22:22:59 - Right: 0.00% red area
2025-03-05 22:22:59 - Most red section: Left
2025-03-05 22:23:05 - Image captured and saved to /home/cansat-stu/cansat/Camera/img_20250305-222305.jpg.
2025-03-05 22:23:05 - Threshold processed image saved to /home/cansat-stu/cansat/Camera/threshold_img_20250305-222305.jpg.
2025-03-05 22:23:05 - Left: 0.00% red area
2025-03-05 22:23:05 - Center: 0.00% red area
2025-03-05 22:23:05 - Right: 0.00% red area
2025-03-05 22:23:05 - Most red section: Left
2025-03-05 22:23:11 - Image captured and saved to /home/cansat-stu/cansat/Camera/img_20250305-222311.jpg.
2025-03-05 22:23:11 - Threshold processed image saved to /home/cansat-stu/cansat/Camera/threshold_img_20250305-222311.jpg.
2025-03-05 22:23:11 - Left: 0.00% red area
2025-03-05 22:23:11 - Center: 0.00% red area
2025-03-05 22:23:11 - Right: 0.00% red area
2025-03-05 22:23:11 - Most red section: Left
2025-03-05 22:23:17 - Image captured and saved to /home/cansat-stu/cansat/Camera/img_20250305-222317.jpg.
2025-03-05 22:23:17 - Threshold processed image saved to /home/cansat-stu/cansat/Camera/threshold_img_20250305-222317.jpg.
2025-03-05 22:23:17 - Left: 0.00% red area
2025-03-05 22:23:17 - Center: 0.00% red area
2025-03-05 22:23:17 - Right: 0.00% red area
2025-03-05 22:23:17 - Most red section: Left
2025-03-05 22:23:24 - Image captured and saved to /home/cansat-stu/cansat/Camera/img_20250305-222323.jpg.
2025-03-05 22:23:24 - Threshold processed image saved to /home/cansat-stu/cansat/Camera/threshold_img_20250305-222323.jpg.
2025-03-05 22:23:24 - Left: 0.00% red area
2025-03-05 22:23:24 - Center: 0.00% red area
2025-03-05 22:23:24 - Right: 0.00% red area
2025-03-05 22:23:24 - Most red section: Left
2025-03-05 22:23:30 - Image captured and saved to /home/cansat-stu/cansat/Camera/img_20250305-222330.jpg.
2025-03-05 22:23:30 - Threshold processed image saved to /home/cansat-stu/cansat/Camera/threshold_img_20250305-222330.jpg.
2025-03-05 22:23:30 - Left: 0.00% red area
2025-03-05 22:23:30 - Center: 0.00% red area
2025-03-05 22:23:30 - Right: 0.00% red area
2025-03-05 22:23:30 - Most red section: Left
2025-03-05 22:23:36 - Image captured and saved to /home/cansat-stu/cansat/Camera/img_20250305-222336.jpg.
2025-03-05 22:23:36 - Threshold processed image saved to /home/cansat-stu/cansat/Camera/threshold_img_20250305-222336.jpg.
2025-03-05 22:23:36 - Left: 0.00% red area
2025-03-05 22:23:36 - Center: 0.00% red area
2025-03-05 22:23:36 - Right: 0.00% red area
2025-03-05 22:23:36 - Most red section: Left
2025-03-05 22:23:42 - Image captured and saved to /home/cansat-stu/cansat/Camera/img_20250305-222342.jpg.
2025-03-05 22:23:42 - Threshold processed image saved to /home/cansat-stu/cansat/Camera/threshold_img_20250305-222342.jpg.
2025-03-05 22:23:42 - Left: 0.00% red area
2025-03-05 22:23:42 - Center: 0.00% red area
2025-03-05 22:23:42 - Right: 0.00% red area
2025-03-05 22:23:42 - Most red section: Left
2025-03-05 22:23:48 - Image captured and saved to /home/cansat-stu/cansat/Camera/img_20250305-222348.jpg.
2025-03-05 22:23:48 - Threshold processed image saved to /home/cansat-stu/cansat/Camera/threshold_img_20250305-222348.jpg.
2025-03-05 22:23:48 - Left: 0.00% red area
2025-03-05 22:23:48 - Center: 0.00% red area
2025-03-05 22:23:48 - Right: 0.00% red area
2025-03-05 22:23:48 - Most red section: Left
2025-03-05 22:23:54 - Image captured and saved to /home/cansat-stu/cansat/Camera/img_20250305-222354.jpg.
2025-03-05 22:23:54 - Threshold processed image saved to /home/cansat-stu/cansat/Camera/threshold_img_20250305-222354.jpg.
2025-03-05 22:23:54 - Left: 0.00% red area
2025-03-05 22:23:54 - Center: 0.00% red area
2025-03-05 22:23:54 - Right: 0.00% red area
2025-03-05 22:23:54 - Most red section: Left
2025-03-05 22:24:01 - Image captured and saved to /home/cansat-stu/cansat/Camera/img_20250305-222400.jpg.
2025-03-05 22:24:01 - Threshold processed image saved to /home/cansat-stu/cansat/Camera/threshold_img_20250305-222400.jpg.
2025-03-05 22:24:01 - Left: 0.00% red area
2025-03-05 22:24:01 - Center: 0.00% red area
2025-03-05 22:24:01 - Right: 0.00% red area
2025-03-05 22:24:01 - Most red section: Left
2025-03-05 22:24:07 - Image captured and saved to /home/cansat-stu/cansat/Camera/img_20250305-222407.jpg.
2025-03-05 22:24:07 - Threshold processed image saved to /home/cansat-stu/cansat/Camera/threshold_img_20250305-222407.jpg.
2025-03-05 22:24:07 - Left: 0.00% red area
2025-03-05 22:24:07 - Center: 0.00% red area
2025-03-05 22:24:07 - Right: 0.00% red area
2025-03-05 22:24:07 - Most red section: Left
2025-03-05 22:24:13 - Image captured and saved to /home/cansat-stu/cansat/Camera/img_20250305-222413.jpg.
2025-03-05 22:24:13 - Threshold processed image saved to /home/cansat-stu/cansat/Camera/threshold_img_20250305-222413.jpg.
2025-03-05 22:24:13 - Left: 0.00% red area
2025-03-05 22:24:13 - Center: 0.00% red area
2025-03-05 22:24:13 - Right: 0.00% red area
2025-03-05 22:24:13 - Most red section: Left
2025-03-05 22:24:19 - Image captured and saved to /home/cansat-stu/cansat/Camera/img_20250305-222419.jpg.
2025-03-05 22:24:19 - Threshold processed image saved to /home/cansat-stu/cansat/Camera/threshold_img_20250305-222419.jpg.
2025-03-05 22:24:19 - Left: 0.00% red area
2025-03-05 22:24:19 - Center: 0.00% red area
2025-03-05 22:24:19 - Right: 0.00% red area
2025-03-05 22:24:19 - Most red section: Left
2025-03-05 22:24:25 - Image captured and saved to /home/cansat-stu/cansat/Camera/img_20250305-222425.jpg.
2025-03-05 22:24:25 - Threshold processed image saved to /home/cansat-stu/cansat/Camera/threshold_img_20250305-222425.jpg.
2025-03-05 22:24:25 - Left: 1.21% red area
2025-03-05 22:24:25 - Center: 0.03% red area
2025-03-05 22:24:25 - Right: 0.00% red area
2025-03-05 22:24:25 - Most red section: Left
2025-03-05 22:24:31 - Image captured and saved to /home/cansat-stu/cansat/Camera/img_20250305-222431.jpg.
2025-03-05 22:24:31 - Threshold processed image saved to /home/cansat-stu/cansat/Camera/threshold_img_20250305-222431.jpg.
2025-03-05 22:24:31 - Left: 4.61% red area
2025-03-05 22:24:31 - Center: 14.94% red area
2025-03-05 22:24:31 - Right: 3.03% red area
2025-03-05 22:24:31 - Most red section: Center
2025-03-05 22:24:42 - Image captured and saved to /home/cansat-stu/cansat/Camera/img_20250305-222442.jpg.
2025-03-05 22:24:42 - Threshold processed image saved to /home/cansat-stu/cansat/Camera/threshold_img_20250305-222442.jpg.
2025-03-05 22:24:42 - Left: 0.00% red area
2025-03-05 22:24:42 - Center: 0.00% red area
2025-03-05 22:24:42 - Right: 4.09% red area
2025-03-05 22:24:42 - Most red section: Right
2025-03-05 22:24:48 - Image captured and saved to /home/cansat-stu/cansat/Camera/img_20250305-222448.jpg.
2025-03-05 22:24:48 - Threshold processed image saved to /home/cansat-stu/cansat/Camera/threshold_img_20250305-222448.jpg.
2025-03-05 22:24:48 - Left: 3.12% red area
2025-03-05 22:24:48 - Center: 19.52% red area
2025-03-05 22:24:48 - Right: 5.70% red area
2025-03-05 22:24:48 - Most red section: Center
2025-03-05 22:24:59 - Image captured and saved to /home/cansat-stu/cansat/Camera/img_20250305-222459.jpg.
2025-03-05 22:24:59 - Threshold processed image saved to /home/cansat-stu/cansat/Camera/threshold_img_20250305-222459.jpg.
2025-03-05 22:24:59 - Left: 0.00% red area
2025-03-05 22:24:59 - Center: 0.00% red area
2025-03-05 22:24:59 - Right: 0.00% red area
2025-03-05 22:24:59 - Most red section: Left
2025-03-05 22:25:01 - Camera stopped.
