2025-03-02 13:11:32 - Image captured and saved to /home/cansat-stu/cansat/Camera/img_20250302-131131.jpg.
2025-03-02 13:11:32 - Threshold processed image saved to /home/cansat-stu/cansat/Camera/threshold_img_20250302-131131.jpg.
2025-03-02 13:11:32 - Left: 0.00% red area
2025-03-02 13:11:32 - Center: 0.00% red area
2025-03-02 13:11:32 - Right: 0.00% red area
2025-03-02 13:11:32 - Most red section: Left
2025-03-02 13:11:38 - Image captured and saved to /home/cansat-stu/cansat/Camera/img_20250302-131138.jpg.
2025-03-02 13:11:38 - Threshold processed image saved to /home/cansat-stu/cansat/Camera/threshold_img_20250302-131138.jpg.
2025-03-02 13:11:38 - Left: 0.00% red area
2025-03-02 13:11:38 - Center: 0.00% red area
2025-03-02 13:11:38 - Right: 0.00% red area
2025-03-02 13:11:38 - Most red section: Left
2025-03-02 13:11:46 - Image captured and saved to /home/cansat-stu/cansat/Camera/img_20250302-131145.jpg.
2025-03-02 13:13:09 - Image captured and saved to /home/cansat-stu/cansat/Camera/img_20250302-131308.jpg.
2025-03-02 13:13:09 - Threshold processed image saved to /home/cansat-stu/cansat/Camera/threshold_img_20250302-131308.jpg.
2025-03-02 13:13:09 - Left: 0.00% red area
2025-03-02 13:13:09 - Center: 0.00% red area
2025-03-02 13:13:09 - Right: 0.00% red area
2025-03-02 13:13:09 - Most red section: Left
2025-03-02 13:13:15 - Image captured and saved to /home/cansat-stu/cansat/Camera/img_20250302-131315.jpg.
2025-03-02 13:13:15 - Threshold processed image saved to /home/cansat-stu/cansat/Camera/threshold_img_20250302-131315.jpg.
2025-03-02 13:13:15 - Left: 0.00% red area
2025-03-02 13:13:15 - Center: 0.00% red area
2025-03-02 13:13:15 - Right: 0.00% red area
2025-03-02 13:13:15 - Most red section: Left
2025-03-02 13:13:21 - Image captured and saved to /home/cansat-stu/cansat/Camera/img_20250302-131321.jpg.
2025-03-02 13:13:21 - Threshold processed image saved to /home/cansat-stu/cansat/Camera/threshold_img_20250302-131321.jpg.
2025-03-02 13:13:21 - Left: 0.00% red area
2025-03-02 13:13:21 - Center: 0.00% red area
2025-03-02 13:13:21 - Right: 0.00% red area
2025-03-02 13:13:21 - Most red section: Left
2025-03-02 13:13:27 - Image captured and saved to /home/cansat-stu/cansat/Camera/img_20250302-131327.jpg.
2025-03-02 13:13:27 - Threshold processed image saved to /home/cansat-stu/cansat/Camera/threshold_img_20250302-131327.jpg.
2025-03-02 13:13:27 - Left: 0.00% red area
2025-03-02 13:13:27 - Center: 0.00% red area
2025-03-02 13:13:27 - Right: 0.00% red area
2025-03-02 13:13:27 - Most red section: Left
2025-03-02 13:21:05 - Image captured and saved to /home/cansat-stu/cansat/Camera/img_20250302-132105.jpg.
2025-03-02 13:21:06 - Threshold processed image saved to /home/cansat-stu/cansat/Camera/threshold_img_20250302-132105.jpg.
2025-03-02 13:21:06 - Left: 0.00% red area
2025-03-02 13:21:06 - Center: 0.00% red area
2025-03-02 13:21:06 - Right: 0.00% red area
2025-03-02 13:21:06 - Most red section: Left
2025-03-02 13:21:06 - The area with the most red is: Left
2025-03-02 13:21:06 - Camera stopped.
2025-03-02 13:21:34 - Image captured and saved to /home/cansat-stu/cansat/Camera/img_20250302-132133.jpg.
2025-03-02 13:21:34 - Threshold processed image saved to /home/cansat-stu/cansat/Camera/threshold_img_20250302-132133.jpg.
2025-03-02 13:21:34 - Left: 0.00% red area
2025-03-02 13:21:34 - Center: 0.00% red area
2025-03-02 13:21:34 - Right: 0.00% red area
2025-03-02 13:21:34 - Most red section: Left
2025-03-02 13:21:34 - The area with the most red is: Left
2025-03-02 13:21:34 - Camera stopped.
2025-03-02 13:57:59 - Image captured and saved to /home/cansat-stu/cansat/Camera/img_20250302-135758.jpg.
2025-03-02 13:57:59 - Threshold processed image saved to /home/cansat-stu/cansat/Camera/threshold_img_20250302-135758.jpg.
2025-03-02 13:57:59 - Left: 0.00% red area
2025-03-02 13:57:59 - Center: 0.00% red area
2025-03-02 13:57:59 - Right: 0.00% red area
2025-03-02 13:57:59 - Most red section: Left
2025-03-02 17:14:34 - Image captured and saved to /home/cansat-stu/cansat/Camera/img_20250302-171433.jpg.
2025-03-02 17:14:34 - Threshold processed image saved to /home/cansat-stu/cansat/Camera/threshold_img_20250302-171433.jpg.
2025-03-02 17:14:34 - Left: 0.00% red area
2025-03-02 17:14:34 - Center: 0.00% red area
2025-03-02 17:14:34 - Right: 0.00% red area
2025-03-02 17:14:34 - Most red section: Left
2025-03-02 17:14:40 - Image captured and saved to /home/cansat-stu/cansat/Camera/img_20250302-171440.jpg.
2025-03-02 17:14:40 - Threshold processed image saved to /home/cansat-stu/cansat/Camera/threshold_img_20250302-171440.jpg.
2025-03-02 17:14:40 - Left: 0.00% red area
2025-03-02 17:14:40 - Center: 0.00% red area
2025-03-02 17:14:40 - Right: 0.00% red area
2025-03-02 17:14:40 - Most red section: Left
2025-03-02 17:14:46 - Image captured and saved to /home/cansat-stu/cansat/Camera/img_20250302-171446.jpg.
2025-03-02 17:14:46 - Threshold processed image saved to /home/cansat-stu/cansat/Camera/threshold_img_20250302-171446.jpg.
2025-03-02 17:14:46 - Left: 0.00% red area
2025-03-02 17:14:46 - Center: 0.00% red area
2025-03-02 17:14:46 - Right: 0.00% red area
2025-03-02 17:14:46 - Most red section: Left
2025-03-02 17:14:52 - Image captured and saved to /home/cansat-stu/cansat/Camera/img_20250302-171452.jpg.
2025-03-02 17:14:52 - Threshold processed image saved to /home/cansat-stu/cansat/Camera/threshold_img_20250302-171452.jpg.
2025-03-02 17:14:52 - Left: 0.00% red area
2025-03-02 17:14:52 - Center: 0.00% red area
2025-03-02 17:14:52 - Right: 0.00% red area
2025-03-02 17:14:52 - Most red section: Left
2025-03-02 17:14:58 - Image captured and saved to /home/cansat-stu/cansat/Camera/img_20250302-171458.jpg.
2025-03-02 17:14:58 - Threshold processed image saved to /home/cansat-stu/cansat/Camera/threshold_img_20250302-171458.jpg.
2025-03-02 17:14:58 - Left: 0.00% red area
2025-03-02 17:14:58 - Center: 0.00% red area
2025-03-02 17:14:58 - Right: 0.00% red area
2025-03-02 17:14:58 - Most red section: Left
2025-03-02 17:15:04 - Image captured and saved to /home/cansat-stu/cansat/Camera/img_20250302-171504.jpg.
2025-03-02 17:15:04 - Threshold processed image saved to /home/cansat-stu/cansat/Camera/threshold_img_20250302-171504.jpg.
2025-03-02 17:15:04 - Left: 0.00% red area
2025-03-02 17:15:04 - Center: 0.00% red area
2025-03-02 17:15:04 - Right: 0.00% red area
2025-03-02 17:15:04 - Most red section: Left
2025-03-02 17:15:10 - Image captured and saved to /home/cansat-stu/cansat/Camera/img_20250302-171510.jpg.
2025-03-02 17:15:10 - Threshold processed image saved to /home/cansat-stu/cansat/Camera/threshold_img_20250302-171510.jpg.
2025-03-02 17:15:10 - Left: 0.00% red area
2025-03-02 17:15:10 - Center: 0.00% red area
2025-03-02 17:15:10 - Right: 0.00% red area
2025-03-02 17:15:10 - Most red section: Left
2025-03-02 17:15:16 - Image captured and saved to /home/cansat-stu/cansat/Camera/img_20250302-171516.jpg.
2025-03-02 17:15:16 - Threshold processed image saved to /home/cansat-stu/cansat/Camera/threshold_img_20250302-171516.jpg.
2025-03-02 17:15:16 - Left: 0.00% red area
2025-03-02 17:15:16 - Center: 0.00% red area
2025-03-02 17:15:16 - Right: 0.00% red area
2025-03-02 17:15:16 - Most red section: Left
2025-03-02 17:15:22 - Image captured and saved to /home/cansat-stu/cansat/Camera/img_20250302-171522.jpg.
2025-03-02 17:15:22 - Threshold processed image saved to /home/cansat-stu/cansat/Camera/threshold_img_20250302-171522.jpg.
2025-03-02 17:15:22 - Left: 0.00% red area
2025-03-02 17:15:22 - Center: 0.00% red area
2025-03-02 17:15:22 - Right: 0.00% red area
2025-03-02 17:15:22 - Most red section: Left
2025-03-02 17:15:26 - Camera stopped.
