2025-02-28 12:40:18 - Image captured and saved to /home/cansat-stu/cansat/Camera/img_20250228-124018.jpg.
2025-02-28 12:40:18 - Threshold processed image saved to /home/cansat-stu/cansat/Camera/threshold_img_20250228-124018.jpg.
2025-02-28 12:40:18 - Left: 0.00% red area
2025-02-28 12:40:18 - Center: 0.00% red area
2025-02-28 12:40:18 - Right: 0.00% red area
2025-02-28 12:40:18 - Most red section: Left
2025-02-28 12:40:18 - The area with the most red is: Left
2025-02-28 12:40:18 - Camera stopped.
2025-02-28 12:40:52 - Image captured and saved to /home/cansat-stu/cansat/Camera/img_20250228-124052.jpg.
2025-02-28 12:40:52 - Threshold processed image saved to /home/cansat-stu/cansat/Camera/threshold_img_20250228-124052.jpg.
2025-02-28 12:40:52 - Left: 0.00% red area
2025-02-28 12:40:52 - Center: 0.00% red area
2025-02-28 12:40:52 - Right: 0.00% red area
2025-02-28 12:40:52 - Most red section: Left
2025-02-28 12:40:52 - The area with the most red is: Left
2025-02-28 12:40:52 - Camera stopped.
2025-02-28 12:42:05 - Image captured and saved to /home/cansat-stu/cansat/Camera/img_20250228-124201.jpg.
2025-02-28 12:42:09 - Threshold processed image saved to /home/cansat-stu/cansat/Camera/threshold_img_20250228-124201.jpg.
2025-02-28 12:42:11 - Left: 0.00% red area
2025-02-28 12:42:12 - Center: 0.00% red area
2025-02-28 12:42:13 - Right: 0.00% red area
2025-02-28 12:42:15 - Most red section: Left
2025-02-28 12:42:16 - The area with the most red is: Left
2025-02-28 12:42:18 - Camera stopped.
2025-02-28 14:30:13 - Image captured and saved to /home/cansat-stu/cansat/Camera/img_20250228-143011.jpg.
2025-02-28 14:30:16 - Threshold processed image saved to /home/cansat-stu/cansat/Camera/threshold_img_20250228-143011.jpg.
2025-02-28 14:30:17 - Left: 0.00% red area
2025-02-28 14:30:18 - Center: 0.00% red area
2025-02-28 14:30:18 - Right: 0.00% red area
2025-02-28 14:30:18 - Most red section: Left
2025-02-28 14:30:26 - Image captured and saved to /home/cansat-stu/cansat/Camera/img_20250228-143025.jpg.
2025-02-28 14:30:26 - Threshold processed image saved to /home/cansat-stu/cansat/Camera/threshold_img_20250228-143025.jpg.
2025-02-28 14:30:26 - Left: 0.00% red area
2025-02-28 14:30:26 - Center: 0.00% red area
2025-02-28 14:30:26 - Right: 0.00% red area
2025-02-28 14:30:26 - Most red section: Left
2025-02-28 14:30:32 - Image captured and saved to /home/cansat-stu/cansat/Camera/img_20250228-143032.jpg.
2025-02-28 14:30:32 - Threshold processed image saved to /home/cansat-stu/cansat/Camera/threshold_img_20250228-143032.jpg.
2025-02-28 14:30:32 - Left: 0.00% red area
2025-02-28 14:30:32 - Center: 0.00% red area
2025-02-28 14:30:32 - Right: 0.00% red area
2025-02-28 14:30:32 - Most red section: Left
2025-02-28 14:30:39 - Image captured and saved to /home/cansat-stu/cansat/Camera/img_20250228-143038.jpg.
2025-02-28 14:30:39 - Threshold processed image saved to /home/cansat-stu/cansat/Camera/threshold_img_20250228-143038.jpg.
2025-02-28 14:30:39 - Left: 0.00% red area
2025-02-28 14:30:39 - Center: 0.00% red area
2025-02-28 14:30:39 - Right: 0.00% red area
2025-02-28 14:30:39 - Most red section: Left
2025-02-28 14:30:45 - Image captured and saved to /home/cansat-stu/cansat/Camera/img_20250228-143045.jpg.
2025-02-28 14:30:45 - Threshold processed image saved to /home/cansat-stu/cansat/Camera/threshold_img_20250228-143045.jpg.
2025-02-28 14:30:45 - Left: 0.00% red area
2025-02-28 14:30:45 - Center: 0.00% red area
2025-02-28 14:30:45 - Right: 0.00% red area
2025-02-28 14:30:45 - Most red section: Left
2025-02-28 14:30:52 - Image captured and saved to /home/cansat-stu/cansat/Camera/img_20250228-143051.jpg.
2025-02-28 14:30:52 - Threshold processed image saved to /home/cansat-stu/cansat/Camera/threshold_img_20250228-143051.jpg.
2025-02-28 14:30:52 - Left: 0.00% red area
2025-02-28 14:30:52 - Center: 0.00% red area
2025-02-28 14:30:52 - Right: 0.00% red area
2025-02-28 14:30:52 - Most red section: Left
2025-02-28 14:30:58 - Image captured and saved to /home/cansat-stu/cansat/Camera/img_20250228-143058.jpg.
2025-02-28 14:30:58 - Threshold processed image saved to /home/cansat-stu/cansat/Camera/threshold_img_20250228-143058.jpg.
2025-02-28 14:30:58 - Left: 0.00% red area
2025-02-28 14:30:58 - Center: 0.00% red area
2025-02-28 14:30:58 - Right: 0.00% red area
2025-02-28 14:30:58 - Most red section: Left
2025-02-28 14:31:07 - Image captured and saved to /home/cansat-stu/cansat/Camera/img_20250228-143105.jpg.
2025-02-28 14:31:13 - Threshold processed image saved to /home/cansat-stu/cansat/Camera/threshold_img_20250228-143105.jpg.
2025-02-28 14:31:17 - Left: 0.00% red area
2025-02-28 14:31:18 - Center: 0.00% red area
2025-02-28 14:31:19 - Right: 0.00% red area
2025-02-28 14:31:19 - Most red section: Left
2025-02-28 14:31:27 - Image captured and saved to /home/cansat-stu/cansat/Camera/img_20250228-143127.jpg.
2025-02-28 14:31:27 - Threshold processed image saved to /home/cansat-stu/cansat/Camera/threshold_img_20250228-143127.jpg.
2025-02-28 14:31:27 - Left: 0.00% red area
2025-02-28 14:31:27 - Center: 0.00% red area
2025-02-28 14:31:27 - Right: 0.00% red area
2025-02-28 14:31:27 - Most red section: Left
