2025-03-06 11:08:29 - Image captured and saved to /home/cansat-stu/cansat/Camera/img_20250306-110828.jpg.
2025-03-06 11:08:29 - Threshold processed image saved to /home/cansat-stu/cansat/Camera/threshold_img_20250306-110828.jpg.
2025-03-06 11:08:29 - Left: 0.00% red area
2025-03-06 11:08:29 - Center: 0.00% red area
2025-03-06 11:08:29 - Right: 0.00% red area
2025-03-06 11:08:29 - Most red section: Left
2025-03-06 11:08:35 - Image captured and saved to /home/cansat-stu/cansat/Camera/img_20250306-110835.jpg.
2025-03-06 11:08:35 - Threshold processed image saved to /home/cansat-stu/cansat/Camera/threshold_img_20250306-110835.jpg.
2025-03-06 11:08:35 - Left: 0.00% red area
2025-03-06 11:08:35 - Center: 0.00% red area
2025-03-06 11:08:35 - Right: 0.00% red area
2025-03-06 11:08:35 - Most red section: Left
2025-03-06 11:08:41 - Image captured and saved to /home/cansat-stu/cansat/Camera/img_20250306-110841.jpg.
2025-03-06 11:08:41 - Threshold processed image saved to /home/cansat-stu/cansat/Camera/threshold_img_20250306-110841.jpg.
2025-03-06 11:08:41 - Left: 0.00% red area
2025-03-06 11:08:41 - Center: 0.00% red area
2025-03-06 11:08:41 - Right: 0.00% red area
2025-03-06 11:08:41 - Most red section: Left
2025-03-06 11:08:47 - Image captured and saved to /home/cansat-stu/cansat/Camera/img_20250306-110847.jpg.
2025-03-06 11:08:47 - Threshold processed image saved to /home/cansat-stu/cansat/Camera/threshold_img_20250306-110847.jpg.
2025-03-06 11:08:47 - Left: 0.00% red area
2025-03-06 11:08:47 - Center: 0.00% red area
2025-03-06 11:08:47 - Right: 0.00% red area
2025-03-06 11:08:47 - Most red section: Left
2025-03-06 11:08:53 - Image captured and saved to /home/cansat-stu/cansat/Camera/img_20250306-110853.jpg.
2025-03-06 11:08:53 - Threshold processed image saved to /home/cansat-stu/cansat/Camera/threshold_img_20250306-110853.jpg.
2025-03-06 11:08:53 - Left: 0.00% red area
2025-03-06 11:08:53 - Center: 0.00% red area
2025-03-06 11:08:53 - Right: 0.00% red area
2025-03-06 11:08:53 - Most red section: Left
2025-03-06 11:08:59 - Image captured and saved to /home/cansat-stu/cansat/Camera/img_20250306-110859.jpg.
2025-03-06 11:08:59 - Threshold processed image saved to /home/cansat-stu/cansat/Camera/threshold_img_20250306-110859.jpg.
2025-03-06 11:08:59 - Left: 0.00% red area
2025-03-06 11:08:59 - Center: 0.00% red area
2025-03-06 11:08:59 - Right: 0.00% red area
2025-03-06 11:08:59 - Most red section: Left
2025-03-06 11:09:05 - Image captured and saved to /home/cansat-stu/cansat/Camera/img_20250306-110905.jpg.
2025-03-06 11:09:05 - Threshold processed image saved to /home/cansat-stu/cansat/Camera/threshold_img_20250306-110905.jpg.
2025-03-06 11:09:05 - Left: 0.00% red area
2025-03-06 11:09:05 - Center: 0.00% red area
2025-03-06 11:09:05 - Right: 0.00% red area
2025-03-06 11:09:05 - Most red section: Left
2025-03-06 11:09:11 - Image captured and saved to /home/cansat-stu/cansat/Camera/img_20250306-110911.jpg.
2025-03-06 11:09:11 - Threshold processed image saved to /home/cansat-stu/cansat/Camera/threshold_img_20250306-110911.jpg.
2025-03-06 11:09:11 - Left: 0.00% red area
2025-03-06 11:09:11 - Center: 0.00% red area
2025-03-06 11:09:11 - Right: 0.00% red area
2025-03-06 11:09:11 - Most red section: Left
2025-03-06 11:09:17 - Image captured and saved to /home/cansat-stu/cansat/Camera/img_20250306-110917.jpg.
2025-03-06 11:09:17 - Threshold processed image saved to /home/cansat-stu/cansat/Camera/threshold_img_20250306-110917.jpg.
2025-03-06 11:09:17 - Left: 0.00% red area
2025-03-06 11:09:17 - Center: 0.00% red area
2025-03-06 11:09:17 - Right: 0.00% red area
2025-03-06 11:09:17 - Most red section: Left
2025-03-06 11:09:23 - Image captured and saved to /home/cansat-stu/cansat/Camera/img_20250306-110923.jpg.
2025-03-06 11:09:23 - Threshold processed image saved to /home/cansat-stu/cansat/Camera/threshold_img_20250306-110923.jpg.
2025-03-06 11:09:23 - Left: 0.00% red area
2025-03-06 11:09:23 - Center: 0.00% red area
2025-03-06 11:09:23 - Right: 0.00% red area
2025-03-06 11:09:23 - Most red section: Left
2025-03-06 11:09:30 - Image captured and saved to /home/cansat-stu/cansat/Camera/img_20250306-110930.jpg.
2025-03-06 11:09:30 - Threshold processed image saved to /home/cansat-stu/cansat/Camera/threshold_img_20250306-110930.jpg.
2025-03-06 11:09:30 - Left: 0.00% red area
2025-03-06 11:09:30 - Center: 0.00% red area
2025-03-06 11:09:30 - Right: 0.00% red area
2025-03-06 11:09:30 - Most red section: Left
2025-03-06 11:09:36 - Image captured and saved to /home/cansat-stu/cansat/Camera/img_20250306-110936.jpg.
2025-03-06 11:09:36 - Threshold processed image saved to /home/cansat-stu/cansat/Camera/threshold_img_20250306-110936.jpg.
2025-03-06 11:09:36 - Left: 0.00% red area
2025-03-06 11:09:36 - Center: 0.00% red area
2025-03-06 11:09:36 - Right: 0.00% red area
2025-03-06 11:09:36 - Most red section: Left
2025-03-06 11:09:42 - Image captured and saved to /home/cansat-stu/cansat/Camera/img_20250306-110942.jpg.
2025-03-06 11:09:42 - Threshold processed image saved to /home/cansat-stu/cansat/Camera/threshold_img_20250306-110942.jpg.
2025-03-06 11:09:42 - Left: 0.00% red area
2025-03-06 11:09:42 - Center: 0.00% red area
2025-03-06 11:09:42 - Right: 0.00% red area
2025-03-06 11:09:42 - Most red section: Left
2025-03-06 11:09:48 - Image captured and saved to /home/cansat-stu/cansat/Camera/img_20250306-110948.jpg.
2025-03-06 11:09:48 - Threshold processed image saved to /home/cansat-stu/cansat/Camera/threshold_img_20250306-110948.jpg.
2025-03-06 11:09:48 - Left: 0.00% red area
2025-03-06 11:09:48 - Center: 0.00% red area
2025-03-06 11:09:48 - Right: 0.00% red area
2025-03-06 11:09:48 - Most red section: Left
2025-03-06 11:09:54 - Image captured and saved to /home/cansat-stu/cansat/Camera/img_20250306-110954.jpg.
2025-03-06 11:09:54 - Threshold processed image saved to /home/cansat-stu/cansat/Camera/threshold_img_20250306-110954.jpg.
2025-03-06 11:09:54 - Left: 0.00% red area
2025-03-06 11:09:54 - Center: 0.00% red area
2025-03-06 11:09:54 - Right: 0.00% red area
2025-03-06 11:09:54 - Most red section: Left
2025-03-06 11:10:00 - Image captured and saved to /home/cansat-stu/cansat/Camera/img_20250306-111000.jpg.
2025-03-06 11:10:00 - Threshold processed image saved to /home/cansat-stu/cansat/Camera/threshold_img_20250306-111000.jpg.
2025-03-06 11:10:00 - Left: 0.00% red area
2025-03-06 11:10:00 - Center: 0.00% red area
2025-03-06 11:10:00 - Right: 0.00% red area
2025-03-06 11:10:00 - Most red section: Left
2025-03-06 11:10:06 - Image captured and saved to /home/cansat-stu/cansat/Camera/img_20250306-111006.jpg.
2025-03-06 11:10:06 - Threshold processed image saved to /home/cansat-stu/cansat/Camera/threshold_img_20250306-111006.jpg.
2025-03-06 11:10:06 - Left: 0.00% red area
2025-03-06 11:10:06 - Center: 0.00% red area
2025-03-06 11:10:06 - Right: 0.00% red area
2025-03-06 11:10:06 - Most red section: Left
2025-03-06 11:10:12 - Image captured and saved to /home/cansat-stu/cansat/Camera/img_20250306-111012.jpg.
2025-03-06 11:10:12 - Threshold processed image saved to /home/cansat-stu/cansat/Camera/threshold_img_20250306-111012.jpg.
2025-03-06 11:10:12 - Left: 11.45% red area
2025-03-06 11:10:12 - Center: 98.09% red area
2025-03-06 11:10:12 - Right: 82.00% red area
2025-03-06 11:10:12 - Most red section: Center
2025-03-06 11:10:23 - Image captured and saved to /home/cansat-stu/cansat/Camera/img_20250306-111023.jpg.
2025-03-06 11:10:23 - Threshold processed image saved to /home/cansat-stu/cansat/Camera/threshold_img_20250306-111023.jpg.
2025-03-06 11:10:23 - Left: 0.00% red area
2025-03-06 11:10:23 - Center: 25.30% red area
2025-03-06 11:10:23 - Right: 22.82% red area
2025-03-06 11:10:23 - Most red section: Center
2025-03-06 11:10:34 - Image captured and saved to /home/cansat-stu/cansat/Camera/img_20250306-111034.jpg.
2025-03-06 11:10:34 - Threshold processed image saved to /home/cansat-stu/cansat/Camera/threshold_img_20250306-111034.jpg.
2025-03-06 11:10:34 - Left: 0.00% red area
2025-03-06 11:10:34 - Center: 6.06% red area
2025-03-06 11:10:34 - Right: 0.00% red area
2025-03-06 11:10:34 - Most red section: Center
2025-03-06 11:10:44 - Image captured and saved to /home/cansat-stu/cansat/Camera/img_20250306-111044.jpg.
2025-03-06 11:10:44 - Threshold processed image saved to /home/cansat-stu/cansat/Camera/threshold_img_20250306-111044.jpg.
2025-03-06 11:10:44 - Left: 0.00% red area
2025-03-06 11:10:44 - Center: 0.00% red area
2025-03-06 11:10:44 - Right: 0.00% red area
2025-03-06 11:10:44 - Most red section: Left
2025-03-06 11:10:50 - Image captured and saved to /home/cansat-stu/cansat/Camera/img_20250306-111050.jpg.
2025-03-06 11:10:50 - Threshold processed image saved to /home/cansat-stu/cansat/Camera/threshold_img_20250306-111050.jpg.
2025-03-06 11:10:50 - Left: 4.12% red area
2025-03-06 11:10:50 - Center: 10.27% red area
2025-03-06 11:10:50 - Right: 1.67% red area
2025-03-06 11:10:50 - Most red section: Center
2025-03-06 11:11:01 - Image captured and saved to /home/cansat-stu/cansat/Camera/img_20250306-111101.jpg.
2025-03-06 11:11:01 - Threshold processed image saved to /home/cansat-stu/cansat/Camera/threshold_img_20250306-111101.jpg.
2025-03-06 11:11:01 - Left: 0.00% red area
2025-03-06 11:11:01 - Center: 0.12% red area
2025-03-06 11:11:01 - Right: 10.61% red area
2025-03-06 11:11:01 - Most red section: Right
2025-03-06 11:11:07 - Image captured and saved to /home/cansat-stu/cansat/Camera/img_20250306-111107.jpg.
2025-03-06 11:11:07 - Threshold processed image saved to /home/cansat-stu/cansat/Camera/threshold_img_20250306-111107.jpg.
2025-03-06 11:11:07 - Left: 14.18% red area
2025-03-06 11:11:07 - Center: 41.12% red area
2025-03-06 11:11:07 - Right: 17.39% red area
2025-03-06 11:11:07 - Most red section: Center
2025-03-06 11:11:12 - Camera stopped.
2025-03-06 14:40:35 - Image captured and saved to /home/cansat-stu/cansat/Camera/img_20250306-144035.jpg.
2025-03-06 14:40:35 - Threshold processed image saved to /home/cansat-stu/cansat/Camera/threshold_img_20250306-144035.jpg.
2025-03-06 14:40:35 - Left: 0.00% red area
2025-03-06 14:40:35 - Center: 0.00% red area
2025-03-06 14:40:35 - Right: 0.00% red area
2025-03-06 14:40:35 - Most red section: Left
2025-03-06 14:40:42 - Image captured and saved to /home/cansat-stu/cansat/Camera/img_20250306-144041.jpg.
2025-03-06 14:40:42 - Threshold processed image saved to /home/cansat-stu/cansat/Camera/threshold_img_20250306-144041.jpg.
2025-03-06 14:40:42 - Left: 0.00% red area
2025-03-06 14:40:42 - Center: 0.00% red area
2025-03-06 14:40:42 - Right: 0.00% red area
2025-03-06 14:40:42 - Most red section: Left
2025-03-06 14:40:47 - Camera stopped.
2025-03-06 14:42:26 - Image captured and saved to /home/cansat-stu/cansat/Camera/img_20250306-144226.jpg.
2025-03-06 14:42:26 - Threshold processed image saved to /home/cansat-stu/cansat/Camera/threshold_img_20250306-144226.jpg.
2025-03-06 14:42:26 - Left: 0.00% red area
2025-03-06 14:42:26 - Center: 0.00% red area
2025-03-06 14:42:26 - Right: 0.00% red area
2025-03-06 14:42:26 - Most red section: Left
2025-03-06 14:42:32 - Image captured and saved to /home/cansat-stu/cansat/Camera/img_20250306-144232.jpg.
2025-03-06 14:42:32 - Threshold processed image saved to /home/cansat-stu/cansat/Camera/threshold_img_20250306-144232.jpg.
2025-03-06 14:42:32 - Left: 0.00% red area
2025-03-06 14:42:32 - Center: 0.00% red area
2025-03-06 14:42:32 - Right: 0.00% red area
2025-03-06 14:42:32 - Most red section: Left
2025-03-06 14:42:38 - Image captured and saved to /home/cansat-stu/cansat/Camera/img_20250306-144238.jpg.
2025-03-06 14:42:38 - Threshold processed image saved to /home/cansat-stu/cansat/Camera/threshold_img_20250306-144238.jpg.
2025-03-06 14:42:38 - Left: 0.00% red area
2025-03-06 14:42:38 - Center: 0.00% red area
2025-03-06 14:42:38 - Right: 0.00% red area
2025-03-06 14:42:38 - Most red section: Left
2025-03-06 14:42:44 - Image captured and saved to /home/cansat-stu/cansat/Camera/img_20250306-144244.jpg.
2025-03-06 14:42:44 - Threshold processed image saved to /home/cansat-stu/cansat/Camera/threshold_img_20250306-144244.jpg.
2025-03-06 14:42:44 - Left: 0.00% red area
2025-03-06 14:42:44 - Center: 0.00% red area
2025-03-06 14:42:44 - Right: 0.00% red area
2025-03-06 14:42:44 - Most red section: Left
2025-03-06 14:42:50 - Image captured and saved to /home/cansat-stu/cansat/Camera/img_20250306-144250.jpg.
2025-03-06 14:42:51 - Threshold processed image saved to /home/cansat-stu/cansat/Camera/threshold_img_20250306-144250.jpg.
2025-03-06 14:42:51 - Left: 0.00% red area
2025-03-06 14:42:51 - Center: 0.00% red area
2025-03-06 14:42:51 - Right: 0.00% red area
2025-03-06 14:42:51 - Most red section: Left
2025-03-06 14:42:57 - Image captured and saved to /home/cansat-stu/cansat/Camera/img_20250306-144257.jpg.
2025-03-06 14:42:57 - Threshold processed image saved to /home/cansat-stu/cansat/Camera/threshold_img_20250306-144257.jpg.
2025-03-06 14:42:57 - Left: 0.00% red area
2025-03-06 14:42:57 - Center: 0.00% red area
2025-03-06 14:42:57 - Right: 0.00% red area
2025-03-06 14:42:57 - Most red section: Left
2025-03-06 14:43:03 - Image captured and saved to /home/cansat-stu/cansat/Camera/img_20250306-144303.jpg.
2025-03-06 14:43:03 - Threshold processed image saved to /home/cansat-stu/cansat/Camera/threshold_img_20250306-144303.jpg.
2025-03-06 14:43:03 - Left: 0.00% red area
2025-03-06 14:43:03 - Center: 0.00% red area
2025-03-06 14:43:03 - Right: 0.00% red area
2025-03-06 14:43:03 - Most red section: Left
2025-03-06 14:43:09 - Image captured and saved to /home/cansat-stu/cansat/Camera/img_20250306-144309.jpg.
2025-03-06 14:43:09 - Threshold processed image saved to /home/cansat-stu/cansat/Camera/threshold_img_20250306-144309.jpg.
2025-03-06 14:43:09 - Left: 0.00% red area
2025-03-06 14:43:09 - Center: 0.00% red area
2025-03-06 14:43:09 - Right: 0.00% red area
2025-03-06 14:43:09 - Most red section: Left
2025-03-06 14:43:15 - Image captured and saved to /home/cansat-stu/cansat/Camera/img_20250306-144315.jpg.
2025-03-06 14:43:15 - Threshold processed image saved to /home/cansat-stu/cansat/Camera/threshold_img_20250306-144315.jpg.
2025-03-06 14:43:15 - Left: 0.00% red area
2025-03-06 14:43:15 - Center: 0.00% red area
2025-03-06 14:43:15 - Right: 0.00% red area
2025-03-06 14:43:15 - Most red section: Left
2025-03-06 14:43:21 - Image captured and saved to /home/cansat-stu/cansat/Camera/img_20250306-144321.jpg.
2025-03-06 14:43:21 - Threshold processed image saved to /home/cansat-stu/cansat/Camera/threshold_img_20250306-144321.jpg.
2025-03-06 14:43:21 - Left: 0.00% red area
2025-03-06 14:43:21 - Center: 0.00% red area
2025-03-06 14:43:21 - Right: 0.00% red area
2025-03-06 14:43:21 - Most red section: Left
2025-03-06 14:43:27 - Image captured and saved to /home/cansat-stu/cansat/Camera/img_20250306-144327.jpg.
2025-03-06 14:43:27 - Threshold processed image saved to /home/cansat-stu/cansat/Camera/threshold_img_20250306-144327.jpg.
2025-03-06 14:43:27 - Left: 0.00% red area
2025-03-06 14:43:27 - Center: 0.00% red area
2025-03-06 14:43:27 - Right: 0.00% red area
2025-03-06 14:43:27 - Most red section: Left
2025-03-06 14:43:34 - Image captured and saved to /home/cansat-stu/cansat/Camera/img_20250306-144334.jpg.
2025-03-06 14:43:34 - Threshold processed image saved to /home/cansat-stu/cansat/Camera/threshold_img_20250306-144334.jpg.
2025-03-06 14:43:34 - Left: 0.00% red area
2025-03-06 14:43:34 - Center: 0.00% red area
2025-03-06 14:43:34 - Right: 0.00% red area
2025-03-06 14:43:34 - Most red section: Left
2025-03-06 14:43:40 - Image captured and saved to /home/cansat-stu/cansat/Camera/img_20250306-144340.jpg.
2025-03-06 14:43:40 - Threshold processed image saved to /home/cansat-stu/cansat/Camera/threshold_img_20250306-144340.jpg.
2025-03-06 14:43:40 - Left: 0.00% red area
2025-03-06 14:43:40 - Center: 0.00% red area
2025-03-06 14:43:40 - Right: 0.00% red area
2025-03-06 14:43:40 - Most red section: Left
2025-03-06 14:43:46 - Image captured and saved to /home/cansat-stu/cansat/Camera/img_20250306-144346.jpg.
2025-03-06 14:43:46 - Threshold processed image saved to /home/cansat-stu/cansat/Camera/threshold_img_20250306-144346.jpg.
2025-03-06 14:43:46 - Left: 0.00% red area
2025-03-06 14:43:46 - Center: 0.00% red area
2025-03-06 14:43:46 - Right: 0.00% red area
2025-03-06 14:43:46 - Most red section: Left
2025-03-06 14:43:52 - Image captured and saved to /home/cansat-stu/cansat/Camera/img_20250306-144352.jpg.
2025-03-06 14:43:52 - Threshold processed image saved to /home/cansat-stu/cansat/Camera/threshold_img_20250306-144352.jpg.
2025-03-06 14:43:52 - Left: 0.00% red area
2025-03-06 14:43:52 - Center: 0.00% red area
2025-03-06 14:43:52 - Right: 0.00% red area
2025-03-06 14:43:52 - Most red section: Left
2025-03-06 14:43:58 - Image captured and saved to /home/cansat-stu/cansat/Camera/img_20250306-144358.jpg.
2025-03-06 14:43:58 - Threshold processed image saved to /home/cansat-stu/cansat/Camera/threshold_img_20250306-144358.jpg.
2025-03-06 14:43:58 - Left: 0.00% red area
2025-03-06 14:43:58 - Center: 0.00% red area
2025-03-06 14:43:58 - Right: 0.00% red area
2025-03-06 14:43:58 - Most red section: Left
2025-03-06 14:44:04 - Image captured and saved to /home/cansat-stu/cansat/Camera/img_20250306-144404.jpg.
2025-03-06 14:44:04 - Threshold processed image saved to /home/cansat-stu/cansat/Camera/threshold_img_20250306-144404.jpg.
2025-03-06 14:44:04 - Left: 0.00% red area
2025-03-06 14:44:04 - Center: 0.00% red area
2025-03-06 14:44:04 - Right: 0.00% red area
2025-03-06 14:44:04 - Most red section: Left
2025-03-06 14:44:11 - Image captured and saved to /home/cansat-stu/cansat/Camera/img_20250306-144411.jpg.
2025-03-06 14:44:11 - Threshold processed image saved to /home/cansat-stu/cansat/Camera/threshold_img_20250306-144411.jpg.
2025-03-06 14:44:11 - Left: 0.00% red area
2025-03-06 14:44:11 - Center: 0.00% red area
2025-03-06 14:44:11 - Right: 0.00% red area
2025-03-06 14:44:11 - Most red section: Left
2025-03-06 14:44:17 - Image captured and saved to /home/cansat-stu/cansat/Camera/img_20250306-144417.jpg.
2025-03-06 14:44:17 - Threshold processed image saved to /home/cansat-stu/cansat/Camera/threshold_img_20250306-144417.jpg.
2025-03-06 14:44:17 - Left: 0.00% red area
2025-03-06 14:44:17 - Center: 0.00% red area
2025-03-06 14:44:17 - Right: 0.00% red area
2025-03-06 14:44:17 - Most red section: Left
2025-03-06 14:44:18 - Camera stopped.
2025-03-06 16:22:51 - Image captured and saved to /home/cansat-stu/cansat/Camera/img_20250306-162251.jpg.
2025-03-06 16:22:51 - Threshold processed image saved to /home/cansat-stu/cansat/Camera/threshold_img_20250306-162251.jpg.
2025-03-06 16:22:51 - Left: 0.00% red area
2025-03-06 16:22:51 - Center: 4.70% red area
2025-03-06 16:22:51 - Right: 0.03% red area
2025-03-06 16:22:51 - Most red section: Center
2025-03-06 16:22:51 - The area with the most red is: Center
2025-03-06 16:22:51 - Camera stopped.
2025-03-06 16:23:20 - Image captured and saved to /home/cansat-stu/cansat/Camera/img_20250306-162319.jpg.
2025-03-06 16:23:20 - Threshold processed image saved to /home/cansat-stu/cansat/Camera/threshold_img_20250306-162319.jpg.
2025-03-06 16:23:20 - Left: 0.00% red area
2025-03-06 16:23:20 - Center: 2.09% red area
2025-03-06 16:23:20 - Right: 0.00% red area
2025-03-06 16:23:20 - Most red section: Center
2025-03-06 16:23:20 - The area with the most red is: Center
2025-03-06 16:23:20 - Camera stopped.
2025-03-06 16:26:42 - Image captured and saved to /home/cansat-stu/cansat/Camera/img_20250306-162641.jpg.
2025-03-06 16:26:42 - Threshold processed image saved to /home/cansat-stu/cansat/Camera/threshold_img_20250306-162641.jpg.
2025-03-06 16:26:42 - Left: 0.00% red area
2025-03-06 16:26:42 - Center: 0.00% red area
2025-03-06 16:26:42 - Right: 0.00% red area
2025-03-06 16:26:42 - Most red section: Left
2025-03-06 16:26:42 - The area with the most red is: Left
2025-03-06 16:26:42 - Camera stopped.
2025-03-06 16:36:46 - Image captured and saved to /home/cansat-stu/cansat/Camera/img_20250306-163645.jpg.
2025-03-06 16:36:46 - Threshold processed image saved to /home/cansat-stu/cansat/Camera/threshold_img_20250306-163645.jpg.
2025-03-06 16:36:46 - Left: 0.00% red area
2025-03-06 16:36:46 - Center: 0.00% red area
2025-03-06 16:36:46 - Right: 0.00% red area
2025-03-06 16:36:46 - Most red section: Left
2025-03-06 16:36:46 - The area with the most red is: Left
2025-03-06 16:36:46 - Camera stopped.
2025-03-06 17:50:51 - Image captured and saved to /home/cansat-stu/cansat/Camera/img_20250306-175051.jpg.
2025-03-06 17:50:51 - Threshold processed image saved to /home/cansat-stu/cansat/Camera/threshold_img_20250306-175051.jpg.
2025-03-06 17:50:51 - Left: 0.00% red area
2025-03-06 17:50:51 - Center: 0.00% red area
2025-03-06 17:50:51 - Right: 0.00% red area
2025-03-06 17:50:51 - Most red section: Left
2025-03-06 17:50:51 - The area with the most red is: Left
2025-03-06 17:50:51 - Camera stopped.
