2025-02-17 19:56:33 - Image captured and saved to /home/cansat-stu/cansat/Camera/img_20250217-195512.jpg.
2025-02-17 19:57:35 - Threshold processed image saved to /home/cansat-stu/cansat/Camera/threshold_img_20250217-195512.jpg.
2025-02-17 19:57:37 - Left: 0.00% greenless area
2025-02-17 19:57:37 - Center: 0.00% greenless area
2025-02-17 19:57:37 - Right: 0.00% greenless area
2025-02-17 19:57:37 - Most greenless section: Left
2025-02-17 19:57:37 - The area with the least green is: Left
2025-02-17 19:59:22 - Image captured and saved to /home/cansat-stu/cansat/Camera/img_20250217-195919.jpg.
2025-02-17 19:59:22 - Threshold processed image saved to /home/cansat-stu/cansat/Camera/threshold_img_20250217-195919.jpg.
2025-02-17 19:59:22 - Left: 0.00% greenless area
2025-02-17 19:59:22 - Center: 0.00% greenless area
2025-02-17 19:59:22 - Right: 0.00% greenless area
2025-02-17 19:59:22 - Most greenless section: Left
2025-02-17 19:59:22 - The area with the least green is: Left
2025-02-17 19:59:22 - Camera stopped.
2025-02-17 20:24:56 - Image captured and saved to /home/cansat-stu/cansat/Camera/img_20250217-202255.jpg.
2025-02-17 20:25:00 - Threshold processed image saved to /home/cansat-stu/cansat/Camera/threshold_img_20250217-202255.jpg.
2025-02-17 20:25:00 - Left: 10.18% greenless area
2025-02-17 20:25:00 - Center: 20.42% greenless area
2025-02-17 20:25:00 - Right: 1.58% greenless area
2025-02-17 20:25:00 - Most greenless section: Center
2025-02-17 20:26:12 - Camera stopped.
2025-02-17 20:32:15 - Image captured and saved to /home/cansat-stu/cansat/Camera/img_20250217-203214.jpg.
2025-02-17 20:32:15 - Threshold processed image saved to /home/cansat-stu/cansat/Camera/threshold_img_20250217-203214.jpg.
2025-02-17 20:32:15 - Left: 60.70% greenless area
2025-02-17 20:32:15 - Center: 4.48% greenless area
2025-02-17 20:32:15 - Right: 15.00% greenless area
2025-02-17 20:32:15 - Most greenless section: Left
2025-02-17 20:32:16 - Image captured and saved to /home/cansat-stu/cansat/Camera/img_20250217-203216.jpg.
2025-02-17 20:32:16 - Threshold processed image saved to /home/cansat-stu/cansat/Camera/threshold_img_20250217-203216.jpg.
2025-02-17 20:32:16 - Left: 0.00% greenless area
2025-02-17 20:32:16 - Center: 0.00% greenless area
2025-02-17 20:32:16 - Right: 0.00% greenless area
2025-02-17 20:32:16 - Most greenless section: Left
2025-02-17 20:32:17 - Image captured and saved to /home/cansat-stu/cansat/Camera/img_20250217-203216.jpg.
2025-02-17 20:32:17 - Threshold processed image saved to /home/cansat-stu/cansat/Camera/threshold_img_20250217-203216.jpg.
2025-02-17 20:32:17 - Left: 0.00% greenless area
2025-02-17 20:32:17 - Center: 0.00% greenless area
2025-02-17 20:32:17 - Right: 0.00% greenless area
2025-02-17 20:32:17 - Most greenless section: Left
2025-02-17 20:32:17 - Image captured and saved to /home/cansat-stu/cansat/Camera/img_20250217-203217.jpg.
2025-02-17 20:32:17 - Threshold processed image saved to /home/cansat-stu/cansat/Camera/threshold_img_20250217-203217.jpg.
2025-02-17 20:32:17 - Left: 7.61% greenless area
2025-02-17 20:32:17 - Center: 0.00% greenless area
2025-02-17 20:32:17 - Right: 3.18% greenless area
2025-02-17 20:32:17 - Most greenless section: Left
2025-02-17 20:32:18 - Image captured and saved to /home/cansat-stu/cansat/Camera/img_20250217-203218.jpg.
2025-02-17 20:32:18 - Threshold processed image saved to /home/cansat-stu/cansat/Camera/threshold_img_20250217-203218.jpg.
2025-02-17 20:32:18 - Left: 5.45% greenless area
2025-02-17 20:32:18 - Center: 0.48% greenless area
2025-02-17 20:32:18 - Right: 0.00% greenless area
2025-02-17 20:32:18 - Most greenless section: Left
2025-02-17 20:32:18 - Image captured and saved to /home/cansat-stu/cansat/Camera/img_20250217-203218.jpg.
2025-02-17 20:32:18 - Threshold processed image saved to /home/cansat-stu/cansat/Camera/threshold_img_20250217-203218.jpg.
2025-02-17 20:32:18 - Left: 0.00% greenless area
2025-02-17 20:32:18 - Center: 0.00% greenless area
2025-02-17 20:32:18 - Right: 0.00% greenless area
2025-02-17 20:32:18 - Most greenless section: Left
2025-02-17 20:32:19 - Image captured and saved to /home/cansat-stu/cansat/Camera/img_20250217-203219.jpg.
2025-02-17 20:32:19 - Threshold processed image saved to /home/cansat-stu/cansat/Camera/threshold_img_20250217-203219.jpg.
2025-02-17 20:32:19 - Left: 0.00% greenless area
2025-02-17 20:32:19 - Center: 0.00% greenless area
2025-02-17 20:32:19 - Right: 0.00% greenless area
2025-02-17 20:32:19 - Most greenless section: Left
2025-02-17 20:32:20 - Image captured and saved to /home/cansat-stu/cansat/Camera/img_20250217-203220.jpg.
2025-02-17 20:32:20 - Threshold processed image saved to /home/cansat-stu/cansat/Camera/threshold_img_20250217-203220.jpg.
2025-02-17 20:32:20 - Left: 0.00% greenless area
2025-02-17 20:32:20 - Center: 0.00% greenless area
2025-02-17 20:32:20 - Right: 0.00% greenless area
2025-02-17 20:32:20 - Most greenless section: Left
2025-02-17 20:32:20 - Image captured and saved to /home/cansat-stu/cansat/Camera/img_20250217-203220.jpg.
2025-02-17 20:32:20 - Threshold processed image saved to /home/cansat-stu/cansat/Camera/threshold_img_20250217-203220.jpg.
2025-02-17 20:32:20 - Left: 0.00% greenless area
2025-02-17 20:32:20 - Center: 0.00% greenless area
2025-02-17 20:32:20 - Right: 0.00% greenless area
2025-02-17 20:32:20 - Most greenless section: Left
2025-02-17 20:32:21 - Image captured and saved to /home/cansat-stu/cansat/Camera/img_20250217-203221.jpg.
2025-02-17 20:32:21 - Threshold processed image saved to /home/cansat-stu/cansat/Camera/threshold_img_20250217-203221.jpg.
2025-02-17 20:32:21 - Left: 0.00% greenless area
2025-02-17 20:32:21 - Center: 0.00% greenless area
2025-02-17 20:32:21 - Right: 0.00% greenless area
2025-02-17 20:32:21 - Most greenless section: Left
2025-02-17 20:32:22 - Image captured and saved to /home/cansat-stu/cansat/Camera/img_20250217-203221.jpg.
2025-02-17 20:32:22 - Threshold processed image saved to /home/cansat-stu/cansat/Camera/threshold_img_20250217-203221.jpg.
2025-02-17 20:32:22 - Left: 0.00% greenless area
2025-02-17 20:32:22 - Center: 0.00% greenless area
2025-02-17 20:32:22 - Right: 0.03% greenless area
2025-02-17 20:32:22 - Most greenless section: Right
2025-02-17 20:32:22 - Image captured and saved to /home/cansat-stu/cansat/Camera/img_20250217-203222.jpg.
2025-02-17 20:32:22 - Threshold processed image saved to /home/cansat-stu/cansat/Camera/threshold_img_20250217-203222.jpg.
2025-02-17 20:32:22 - Left: 0.15% greenless area
2025-02-17 20:32:22 - Center: 0.00% greenless area
2025-02-17 20:32:22 - Right: 0.00% greenless area
2025-02-17 20:32:22 - Most greenless section: Left
2025-02-17 20:32:23 - Image captured and saved to /home/cansat-stu/cansat/Camera/img_20250217-203223.jpg.
2025-02-17 20:32:23 - Threshold processed image saved to /home/cansat-stu/cansat/Camera/threshold_img_20250217-203223.jpg.
2025-02-17 20:32:23 - Left: 0.00% greenless area
2025-02-17 20:32:23 - Center: 0.00% greenless area
2025-02-17 20:32:23 - Right: 0.00% greenless area
2025-02-17 20:32:23 - Most greenless section: Left
2025-02-17 20:32:23 - Image captured and saved to /home/cansat-stu/cansat/Camera/img_20250217-203223.jpg.
2025-02-17 20:32:23 - Threshold processed image saved to /home/cansat-stu/cansat/Camera/threshold_img_20250217-203223.jpg.
2025-02-17 20:32:23 - Left: 0.70% greenless area
2025-02-17 20:32:23 - Center: 0.00% greenless area
2025-02-17 20:32:23 - Right: 0.88% greenless area
2025-02-17 20:32:23 - Most greenless section: Right
2025-02-17 20:32:24 - Image captured and saved to /home/cansat-stu/cansat/Camera/img_20250217-203224.jpg.
2025-02-17 20:32:24 - Threshold processed image saved to /home/cansat-stu/cansat/Camera/threshold_img_20250217-203224.jpg.
2025-02-17 20:32:24 - Left: 0.00% greenless area
2025-02-17 20:32:24 - Center: 0.00% greenless area
2025-02-17 20:32:24 - Right: 0.00% greenless area
2025-02-17 20:32:24 - Most greenless section: Left
2025-02-17 20:32:25 - Image captured and saved to /home/cansat-stu/cansat/Camera/img_20250217-203225.jpg.
2025-02-17 20:32:25 - Threshold processed image saved to /home/cansat-stu/cansat/Camera/threshold_img_20250217-203225.jpg.
2025-02-17 20:32:25 - Left: 0.00% greenless area
2025-02-17 20:32:25 - Center: 0.00% greenless area
2025-02-17 20:32:25 - Right: 0.00% greenless area
2025-02-17 20:32:25 - Most greenless section: Left
2025-02-17 20:32:25 - Image captured and saved to /home/cansat-stu/cansat/Camera/img_20250217-203225.jpg.
2025-02-17 20:32:25 - Threshold processed image saved to /home/cansat-stu/cansat/Camera/threshold_img_20250217-203225.jpg.
2025-02-17 20:32:25 - Left: 0.00% greenless area
2025-02-17 20:32:25 - Center: 0.00% greenless area
2025-02-17 20:32:25 - Right: 0.00% greenless area
2025-02-17 20:32:25 - Most greenless section: Left
2025-02-17 20:32:26 - Image captured and saved to /home/cansat-stu/cansat/Camera/img_20250217-203226.jpg.
2025-02-17 20:32:26 - Threshold processed image saved to /home/cansat-stu/cansat/Camera/threshold_img_20250217-203226.jpg.
2025-02-17 20:32:26 - Left: 0.00% greenless area
2025-02-17 20:32:26 - Center: 0.55% greenless area
2025-02-17 20:32:26 - Right: 1.15% greenless area
2025-02-17 20:32:26 - Most greenless section: Right
2025-02-17 20:32:26 - Image captured and saved to /home/cansat-stu/cansat/Camera/img_20250217-203226.jpg.
2025-02-17 20:32:27 - Threshold processed image saved to /home/cansat-stu/cansat/Camera/threshold_img_20250217-203226.jpg.
2025-02-17 20:32:27 - Left: 0.00% greenless area
2025-02-17 20:32:27 - Center: 0.00% greenless area
2025-02-17 20:32:27 - Right: 0.00% greenless area
2025-02-17 20:32:27 - Most greenless section: Left
2025-02-17 20:32:27 - Image captured and saved to /home/cansat-stu/cansat/Camera/img_20250217-203227.jpg.
2025-02-17 20:32:27 - Threshold processed image saved to /home/cansat-stu/cansat/Camera/threshold_img_20250217-203227.jpg.
2025-02-17 20:32:27 - Left: 17.55% greenless area
2025-02-17 20:32:27 - Center: 0.00% greenless area
2025-02-17 20:32:27 - Right: 0.00% greenless area
2025-02-17 20:32:27 - Most greenless section: Left
2025-02-17 20:32:28 - Image captured and saved to /home/cansat-stu/cansat/Camera/img_20250217-203228.jpg.
2025-02-17 20:32:28 - Threshold processed image saved to /home/cansat-stu/cansat/Camera/threshold_img_20250217-203228.jpg.
2025-02-17 20:32:28 - Left: 0.00% greenless area
2025-02-17 20:32:28 - Center: 0.00% greenless area
2025-02-17 20:32:28 - Right: 0.00% greenless area
2025-02-17 20:32:28 - Most greenless section: Left
2025-02-17 20:32:28 - Image captured and saved to /home/cansat-stu/cansat/Camera/img_20250217-203228.jpg.
2025-02-17 20:32:28 - Threshold processed image saved to /home/cansat-stu/cansat/Camera/threshold_img_20250217-203228.jpg.
2025-02-17 20:32:28 - Left: 0.00% greenless area
2025-02-17 20:32:28 - Center: 0.00% greenless area
2025-02-17 20:32:28 - Right: 0.00% greenless area
2025-02-17 20:32:28 - Most greenless section: Left
2025-02-17 20:32:29 - Image captured and saved to /home/cansat-stu/cansat/Camera/img_20250217-203229.jpg.
2025-02-17 20:32:29 - Threshold processed image saved to /home/cansat-stu/cansat/Camera/threshold_img_20250217-203229.jpg.
2025-02-17 20:32:29 - Left: 0.00% greenless area
2025-02-17 20:32:29 - Center: 0.00% greenless area
2025-02-17 20:32:29 - Right: 0.00% greenless area
2025-02-17 20:32:29 - Most greenless section: Left
2025-02-17 20:32:30 - Image captured and saved to /home/cansat-stu/cansat/Camera/img_20250217-203230.jpg.
2025-02-17 20:32:30 - Threshold processed image saved to /home/cansat-stu/cansat/Camera/threshold_img_20250217-203230.jpg.
2025-02-17 20:32:30 - Left: 0.00% greenless area
2025-02-17 20:32:30 - Center: 0.00% greenless area
2025-02-17 20:32:30 - Right: 0.00% greenless area
2025-02-17 20:32:30 - Most greenless section: Left
2025-02-17 20:32:30 - Image captured and saved to /home/cansat-stu/cansat/Camera/img_20250217-203230.jpg.
2025-02-17 20:32:30 - Threshold processed image saved to /home/cansat-stu/cansat/Camera/threshold_img_20250217-203230.jpg.
2025-02-17 20:32:30 - Left: 0.00% greenless area
2025-02-17 20:32:30 - Center: 0.00% greenless area
2025-02-17 20:32:30 - Right: 0.00% greenless area
2025-02-17 20:32:30 - Most greenless section: Left
2025-02-17 20:32:31 - Image captured and saved to /home/cansat-stu/cansat/Camera/img_20250217-203231.jpg.
2025-02-17 20:32:31 - Threshold processed image saved to /home/cansat-stu/cansat/Camera/threshold_img_20250217-203231.jpg.
2025-02-17 20:32:31 - Left: 0.00% greenless area
2025-02-17 20:32:31 - Center: 0.00% greenless area
2025-02-17 20:32:31 - Right: 0.00% greenless area
2025-02-17 20:32:31 - Most greenless section: Left
2025-02-17 20:32:32 - Image captured and saved to /home/cansat-stu/cansat/Camera/img_20250217-203232.jpg.
2025-02-17 20:32:32 - Threshold processed image saved to /home/cansat-stu/cansat/Camera/threshold_img_20250217-203232.jpg.
2025-02-17 20:32:32 - Left: 0.00% greenless area
2025-02-17 20:32:32 - Center: 0.00% greenless area
2025-02-17 20:32:32 - Right: 0.00% greenless area
2025-02-17 20:32:32 - Most greenless section: Left
2025-02-17 20:32:32 - Image captured and saved to /home/cansat-stu/cansat/Camera/img_20250217-203232.jpg.
2025-02-17 20:32:32 - Threshold processed image saved to /home/cansat-stu/cansat/Camera/threshold_img_20250217-203232.jpg.
2025-02-17 20:32:32 - Left: 0.00% greenless area
2025-02-17 20:32:32 - Center: 0.00% greenless area
2025-02-17 20:32:32 - Right: 0.00% greenless area
2025-02-17 20:32:32 - Most greenless section: Left
2025-02-17 20:32:33 - Image captured and saved to /home/cansat-stu/cansat/Camera/img_20250217-203233.jpg.
2025-02-17 20:32:33 - Threshold processed image saved to /home/cansat-stu/cansat/Camera/threshold_img_20250217-203233.jpg.
2025-02-17 20:32:33 - Left: 0.00% greenless area
2025-02-17 20:32:33 - Center: 0.00% greenless area
2025-02-17 20:32:33 - Right: 0.00% greenless area
2025-02-17 20:32:33 - Most greenless section: Left
2025-02-17 20:32:34 - Image captured and saved to /home/cansat-stu/cansat/Camera/img_20250217-203233.jpg.
2025-02-17 20:32:34 - Threshold processed image saved to /home/cansat-stu/cansat/Camera/threshold_img_20250217-203233.jpg.
2025-02-17 20:32:34 - Left: 0.00% greenless area
2025-02-17 20:32:34 - Center: 0.09% greenless area
2025-02-17 20:32:34 - Right: 0.03% greenless area
2025-02-17 20:32:34 - Most greenless section: Center
2025-02-17 20:32:35 - Camera stopped.
2025-02-17 20:33:11 - Image captured and saved to /home/cansat-stu/cansat/Camera/img_20250217-203311.jpg.
2025-02-17 20:33:12 - Threshold processed image saved to /home/cansat-stu/cansat/Camera/threshold_img_20250217-203311.jpg.
2025-02-17 20:33:12 - Left: 0.00% greenless area
2025-02-17 20:33:12 - Center: 2.03% greenless area
2025-02-17 20:33:12 - Right: 7.79% greenless area
2025-02-17 20:33:12 - Most greenless section: Right
2025-02-17 20:33:13 - Image captured and saved to /home/cansat-stu/cansat/Camera/img_20250217-203313.jpg.
2025-02-17 20:33:13 - Threshold processed image saved to /home/cansat-stu/cansat/Camera/threshold_img_20250217-203313.jpg.
2025-02-17 20:33:13 - Left: 0.24% greenless area
2025-02-17 20:33:13 - Center: 3.82% greenless area
2025-02-17 20:33:13 - Right: 2.76% greenless area
2025-02-17 20:33:13 - Most greenless section: Center
2025-02-17 20:33:14 - Camera stopped.
2025-02-17 20:35:14 - Image captured and saved to /home/cansat-stu/cansat/Camera/img_20250217-203512.jpg.
2025-02-17 20:35:14 - Threshold processed image saved to /home/cansat-stu/cansat/Camera/threshold_img_20250217-203512.jpg.
2025-02-17 20:35:14 - Left: 6.45% greenless area
2025-02-17 20:35:14 - Center: 6.39% greenless area
2025-02-17 20:35:14 - Right: 5.61% greenless area
2025-02-17 20:35:14 - Most greenless section: Left
2025-02-17 20:35:15 - Image captured and saved to /home/cansat-stu/cansat/Camera/img_20250217-203515.jpg.
2025-02-17 20:35:15 - Threshold processed image saved to /home/cansat-stu/cansat/Camera/threshold_img_20250217-203515.jpg.
2025-02-17 20:35:15 - Left: 0.00% greenless area
2025-02-17 20:35:15 - Center: 0.00% greenless area
2025-02-17 20:35:15 - Right: 0.00% greenless area
2025-02-17 20:35:15 - Most greenless section: Left
2025-02-17 20:35:16 - Image captured and saved to /home/cansat-stu/cansat/Camera/img_20250217-203516.jpg.
2025-02-17 20:35:16 - Threshold processed image saved to /home/cansat-stu/cansat/Camera/threshold_img_20250217-203516.jpg.
2025-02-17 20:35:16 - Left: 0.00% greenless area
2025-02-17 20:35:16 - Center: 0.00% greenless area
2025-02-17 20:35:16 - Right: 0.00% greenless area
2025-02-17 20:35:16 - Most greenless section: Left
2025-02-17 20:35:16 - Image captured and saved to /home/cansat-stu/cansat/Camera/img_20250217-203516.jpg.
2025-02-17 20:35:16 - Threshold processed image saved to /home/cansat-stu/cansat/Camera/threshold_img_20250217-203516.jpg.
2025-02-17 20:35:16 - Left: 0.00% greenless area
2025-02-17 20:35:16 - Center: 0.00% greenless area
2025-02-17 20:35:16 - Right: 0.00% greenless area
2025-02-17 20:35:16 - Most greenless section: Left
2025-02-17 20:35:17 - Image captured and saved to /home/cansat-stu/cansat/Camera/img_20250217-203517.jpg.
2025-02-17 20:35:17 - Threshold processed image saved to /home/cansat-stu/cansat/Camera/threshold_img_20250217-203517.jpg.
2025-02-17 20:35:17 - Left: 0.00% greenless area
2025-02-17 20:35:17 - Center: 0.00% greenless area
2025-02-17 20:35:17 - Right: 70.61% greenless area
2025-02-17 20:35:17 - Most greenless section: Right
2025-02-17 20:35:17 - Image captured and saved to /home/cansat-stu/cansat/Camera/img_20250217-203517.jpg.
2025-02-17 20:35:17 - Threshold processed image saved to /home/cansat-stu/cansat/Camera/threshold_img_20250217-203517.jpg.
2025-02-17 20:35:17 - Left: 0.00% greenless area
2025-02-17 20:35:17 - Center: 0.00% greenless area
2025-02-17 20:35:17 - Right: 0.00% greenless area
2025-02-17 20:35:17 - Most greenless section: Left
2025-02-17 20:35:18 - Image captured and saved to /home/cansat-stu/cansat/Camera/img_20250217-203518.jpg.
2025-02-17 20:35:18 - Threshold processed image saved to /home/cansat-stu/cansat/Camera/threshold_img_20250217-203518.jpg.
2025-02-17 20:35:18 - Left: 0.00% greenless area
2025-02-17 20:35:18 - Center: 1.15% greenless area
2025-02-17 20:35:18 - Right: 91.06% greenless area
2025-02-17 20:35:18 - Most greenless section: Right
2025-02-17 20:35:19 - Image captured and saved to /home/cansat-stu/cansat/Camera/img_20250217-203518.jpg.
2025-02-17 20:35:19 - Threshold processed image saved to /home/cansat-stu/cansat/Camera/threshold_img_20250217-203518.jpg.
2025-02-17 20:35:19 - Left: 0.00% greenless area
2025-02-17 20:35:19 - Center: 0.00% greenless area
2025-02-17 20:35:19 - Right: 0.00% greenless area
2025-02-17 20:35:19 - Most greenless section: Left
2025-02-17 20:35:19 - Image captured and saved to /home/cansat-stu/cansat/Camera/img_20250217-203519.jpg.
2025-02-17 20:35:19 - Threshold processed image saved to /home/cansat-stu/cansat/Camera/threshold_img_20250217-203519.jpg.
2025-02-17 20:35:19 - Left: 82.55% greenless area
2025-02-17 20:35:19 - Center: 76.36% greenless area
2025-02-17 20:35:19 - Right: 0.64% greenless area
2025-02-17 20:35:19 - Most greenless section: Left
2025-02-17 20:35:20 - Image captured and saved to /home/cansat-stu/cansat/Camera/img_20250217-203520.jpg.
2025-02-17 20:35:20 - Threshold processed image saved to /home/cansat-stu/cansat/Camera/threshold_img_20250217-203520.jpg.
2025-02-17 20:35:20 - Left: 0.00% greenless area
2025-02-17 20:35:20 - Center: 0.00% greenless area
2025-02-17 20:35:20 - Right: 0.00% greenless area
2025-02-17 20:35:20 - Most greenless section: Left
2025-02-17 20:35:20 - Image captured and saved to /home/cansat-stu/cansat/Camera/img_20250217-203520.jpg.
2025-02-17 20:35:20 - Threshold processed image saved to /home/cansat-stu/cansat/Camera/threshold_img_20250217-203520.jpg.
2025-02-17 20:35:20 - Left: 0.00% greenless area
2025-02-17 20:35:20 - Center: 0.00% greenless area
2025-02-17 20:35:20 - Right: 0.00% greenless area
2025-02-17 20:35:20 - Most greenless section: Left
2025-02-17 20:35:21 - Image captured and saved to /home/cansat-stu/cansat/Camera/img_20250217-203521.jpg.
2025-02-17 20:35:21 - Threshold processed image saved to /home/cansat-stu/cansat/Camera/threshold_img_20250217-203521.jpg.
2025-02-17 20:35:21 - Left: 0.00% greenless area
2025-02-17 20:35:21 - Center: 0.00% greenless area
2025-02-17 20:35:21 - Right: 0.00% greenless area
2025-02-17 20:35:21 - Most greenless section: Left
2025-02-17 20:35:21 - Image captured and saved to /home/cansat-stu/cansat/Camera/img_20250217-203521.jpg.
2025-02-17 20:35:21 - Threshold processed image saved to /home/cansat-stu/cansat/Camera/threshold_img_20250217-203521.jpg.
2025-02-17 20:35:21 - Left: 0.00% greenless area
2025-02-17 20:35:21 - Center: 0.00% greenless area
2025-02-17 20:35:21 - Right: 0.00% greenless area
2025-02-17 20:35:21 - Most greenless section: Left
2025-02-17 20:35:22 - Image captured and saved to /home/cansat-stu/cansat/Camera/img_20250217-203522.jpg.
2025-02-17 20:35:22 - Threshold processed image saved to /home/cansat-stu/cansat/Camera/threshold_img_20250217-203522.jpg.
2025-02-17 20:35:22 - Left: 0.00% greenless area
2025-02-17 20:35:22 - Center: 0.00% greenless area
2025-02-17 20:35:22 - Right: 0.00% greenless area
2025-02-17 20:35:22 - Most greenless section: Left
2025-02-17 20:35:23 - Image captured and saved to /home/cansat-stu/cansat/Camera/img_20250217-203523.jpg.
2025-02-17 20:35:23 - Threshold processed image saved to /home/cansat-stu/cansat/Camera/threshold_img_20250217-203523.jpg.
2025-02-17 20:35:23 - Left: 0.00% greenless area
2025-02-17 20:35:23 - Center: 0.00% greenless area
2025-02-17 20:35:23 - Right: 69.97% greenless area
2025-02-17 20:35:23 - Most greenless section: Right
2025-02-17 20:35:23 - Image captured and saved to /home/cansat-stu/cansat/Camera/img_20250217-203523.jpg.
2025-02-17 20:35:23 - Threshold processed image saved to /home/cansat-stu/cansat/Camera/threshold_img_20250217-203523.jpg.
2025-02-17 20:35:23 - Left: 0.00% greenless area
2025-02-17 20:35:23 - Center: 0.00% greenless area
2025-02-17 20:35:23 - Right: 0.00% greenless area
2025-02-17 20:35:23 - Most greenless section: Left
2025-02-17 20:35:24 - Image captured and saved to /home/cansat-stu/cansat/Camera/img_20250217-203524.jpg.
2025-02-17 20:35:24 - Threshold processed image saved to /home/cansat-stu/cansat/Camera/threshold_img_20250217-203524.jpg.
2025-02-17 20:35:24 - Left: 0.00% greenless area
2025-02-17 20:35:24 - Center: 0.00% greenless area
2025-02-17 20:35:24 - Right: 0.00% greenless area
2025-02-17 20:35:24 - Most greenless section: Left
2025-02-17 20:35:24 - Image captured and saved to /home/cansat-stu/cansat/Camera/img_20250217-203524.jpg.
2025-02-17 20:35:24 - Threshold processed image saved to /home/cansat-stu/cansat/Camera/threshold_img_20250217-203524.jpg.
2025-02-17 20:35:24 - Left: 0.00% greenless area
2025-02-17 20:35:24 - Center: 0.00% greenless area
2025-02-17 20:35:24 - Right: 0.00% greenless area
2025-02-17 20:35:24 - Most greenless section: Left
2025-02-17 20:35:25 - Image captured and saved to /home/cansat-stu/cansat/Camera/img_20250217-203525.jpg.
2025-02-17 20:35:25 - Threshold processed image saved to /home/cansat-stu/cansat/Camera/threshold_img_20250217-203525.jpg.
2025-02-17 20:35:25 - Left: 0.00% greenless area
2025-02-17 20:35:25 - Center: 0.00% greenless area
2025-02-17 20:35:25 - Right: 0.00% greenless area
2025-02-17 20:35:25 - Most greenless section: Left
2025-02-17 20:35:26 - Image captured and saved to /home/cansat-stu/cansat/Camera/img_20250217-203526.jpg.
2025-02-17 20:35:26 - Threshold processed image saved to /home/cansat-stu/cansat/Camera/threshold_img_20250217-203526.jpg.
2025-02-17 20:35:26 - Left: 0.00% greenless area
2025-02-17 20:35:26 - Center: 0.00% greenless area
2025-02-17 20:35:26 - Right: 0.00% greenless area
2025-02-17 20:35:26 - Most greenless section: Left
2025-02-17 20:35:26 - Image captured and saved to /home/cansat-stu/cansat/Camera/img_20250217-203526.jpg.
2025-02-17 20:35:26 - Threshold processed image saved to /home/cansat-stu/cansat/Camera/threshold_img_20250217-203526.jpg.
2025-02-17 20:35:26 - Left: 0.00% greenless area
2025-02-17 20:35:26 - Center: 0.00% greenless area
2025-02-17 20:35:26 - Right: 0.00% greenless area
2025-02-17 20:35:26 - Most greenless section: Left
2025-02-17 20:35:27 - Image captured and saved to /home/cansat-stu/cansat/Camera/img_20250217-203527.jpg.
2025-02-17 20:35:27 - Threshold processed image saved to /home/cansat-stu/cansat/Camera/threshold_img_20250217-203527.jpg.
2025-02-17 20:35:27 - Left: 0.00% greenless area
2025-02-17 20:35:27 - Center: 0.00% greenless area
2025-02-17 20:35:27 - Right: 0.00% greenless area
2025-02-17 20:35:27 - Most greenless section: Left
2025-02-17 20:35:27 - Image captured and saved to /home/cansat-stu/cansat/Camera/img_20250217-203527.jpg.
2025-02-17 20:35:27 - Threshold processed image saved to /home/cansat-stu/cansat/Camera/threshold_img_20250217-203527.jpg.
2025-02-17 20:35:27 - Left: 0.00% greenless area
2025-02-17 20:35:27 - Center: 0.00% greenless area
2025-02-17 20:35:27 - Right: 0.00% greenless area
2025-02-17 20:35:27 - Most greenless section: Left
2025-02-17 20:35:28 - Image captured and saved to /home/cansat-stu/cansat/Camera/img_20250217-203528.jpg.
2025-02-17 20:35:28 - Threshold processed image saved to /home/cansat-stu/cansat/Camera/threshold_img_20250217-203528.jpg.
2025-02-17 20:35:28 - Left: 0.00% greenless area
2025-02-17 20:35:28 - Center: 0.00% greenless area
2025-02-17 20:35:28 - Right: 6.03% greenless area
2025-02-17 20:35:28 - Most greenless section: Right
2025-02-17 20:35:28 - Image captured and saved to /home/cansat-stu/cansat/Camera/img_20250217-203528.jpg.
2025-02-17 20:35:28 - Threshold processed image saved to /home/cansat-stu/cansat/Camera/threshold_img_20250217-203528.jpg.
2025-02-17 20:35:28 - Left: 59.09% greenless area
2025-02-17 20:35:28 - Center: 100.00% greenless area
2025-02-17 20:35:28 - Right: 43.70% greenless area
2025-02-17 20:35:28 - Most greenless section: Center
2025-02-17 20:35:30 - Camera stopped.
2025-02-17 20:37:00 - Image captured and saved to /home/cansat-stu/cansat/Camera/img_20250217-203659.jpg.
2025-02-17 20:37:00 - Threshold processed image saved to /home/cansat-stu/cansat/Camera/threshold_img_20250217-203659.jpg.
2025-02-17 20:37:00 - Left: 5.73% greenless area
2025-02-17 20:37:00 - Center: 16.30% greenless area
2025-02-17 20:37:00 - Right: 6.24% greenless area
2025-02-17 20:37:00 - Most greenless section: Center
2025-02-17 20:37:02 - Camera stopped.
2025-02-17 20:37:56 - Image captured and saved to /home/cansat-stu/cansat/Camera/img_20250217-203755.jpg.
2025-02-17 20:37:56 - Threshold processed image saved to /home/cansat-stu/cansat/Camera/threshold_img_20250217-203755.jpg.
2025-02-17 20:37:56 - Left: 1.09% greenless area
2025-02-17 20:37:56 - Center: 2.97% greenless area
2025-02-17 20:37:56 - Right: 4.94% greenless area
2025-02-17 20:37:56 - Most greenless section: Right
2025-02-17 20:37:57 - Image captured and saved to /home/cansat-stu/cansat/Camera/img_20250217-203757.jpg.
2025-02-17 20:37:57 - Threshold processed image saved to /home/cansat-stu/cansat/Camera/threshold_img_20250217-203757.jpg.
2025-02-17 20:37:57 - Left: 0.00% greenless area
2025-02-17 20:37:57 - Center: 0.00% greenless area
2025-02-17 20:37:57 - Right: 0.00% greenless area
2025-02-17 20:37:57 - Most greenless section: Left
2025-02-17 20:37:58 - Image captured and saved to /home/cansat-stu/cansat/Camera/img_20250217-203758.jpg.
2025-02-17 20:37:58 - Threshold processed image saved to /home/cansat-stu/cansat/Camera/threshold_img_20250217-203758.jpg.
2025-02-17 20:37:58 - Left: 0.00% greenless area
2025-02-17 20:37:58 - Center: 0.00% greenless area
2025-02-17 20:37:58 - Right: 0.00% greenless area
2025-02-17 20:37:58 - Most greenless section: Left
2025-02-17 20:37:58 - Image captured and saved to /home/cansat-stu/cansat/Camera/img_20250217-203758.jpg.
2025-02-17 20:37:58 - Threshold processed image saved to /home/cansat-stu/cansat/Camera/threshold_img_20250217-203758.jpg.
2025-02-17 20:37:58 - Left: 0.00% greenless area
2025-02-17 20:37:58 - Center: 0.00% greenless area
2025-02-17 20:37:58 - Right: 0.00% greenless area
2025-02-17 20:37:58 - Most greenless section: Left
2025-02-17 20:37:59 - Image captured and saved to /home/cansat-stu/cansat/Camera/img_20250217-203759.jpg.
2025-02-17 20:37:59 - Threshold processed image saved to /home/cansat-stu/cansat/Camera/threshold_img_20250217-203759.jpg.
2025-02-17 20:37:59 - Left: 0.00% greenless area
2025-02-17 20:37:59 - Center: 0.00% greenless area
2025-02-17 20:37:59 - Right: 0.00% greenless area
2025-02-17 20:37:59 - Most greenless section: Left
2025-02-17 20:38:00 - Image captured and saved to /home/cansat-stu/cansat/Camera/img_20250217-203800.jpg.
2025-02-17 20:38:00 - Threshold processed image saved to /home/cansat-stu/cansat/Camera/threshold_img_20250217-203800.jpg.
2025-02-17 20:38:00 - Left: 0.00% greenless area
2025-02-17 20:38:00 - Center: 0.00% greenless area
2025-02-17 20:38:00 - Right: 0.00% greenless area
2025-02-17 20:38:00 - Most greenless section: Left
2025-02-17 20:38:00 - Image captured and saved to /home/cansat-stu/cansat/Camera/img_20250217-203800.jpg.
2025-02-17 20:38:00 - Threshold processed image saved to /home/cansat-stu/cansat/Camera/threshold_img_20250217-203800.jpg.
2025-02-17 20:38:00 - Left: 0.00% greenless area
2025-02-17 20:38:00 - Center: 3.09% greenless area
2025-02-17 20:38:00 - Right: 95.48% greenless area
2025-02-17 20:38:00 - Most greenless section: Right
2025-02-17 20:38:01 - Image captured and saved to /home/cansat-stu/cansat/Camera/img_20250217-203801.jpg.
2025-02-17 20:38:01 - Threshold processed image saved to /home/cansat-stu/cansat/Camera/threshold_img_20250217-203801.jpg.
2025-02-17 20:38:01 - Left: 0.00% greenless area
2025-02-17 20:38:01 - Center: 0.00% greenless area
2025-02-17 20:38:01 - Right: 0.00% greenless area
2025-02-17 20:38:01 - Most greenless section: Left
2025-02-17 20:38:02 - Image captured and saved to /home/cansat-stu/cansat/Camera/img_20250217-203801.jpg.
2025-02-17 20:38:02 - Threshold processed image saved to /home/cansat-stu/cansat/Camera/threshold_img_20250217-203801.jpg.
2025-02-17 20:38:02 - Left: 0.00% greenless area
2025-02-17 20:38:02 - Center: 0.00% greenless area
2025-02-17 20:38:02 - Right: 26.67% greenless area
2025-02-17 20:38:02 - Most greenless section: Right
2025-02-17 20:38:02 - Image captured and saved to /home/cansat-stu/cansat/Camera/img_20250217-203802.jpg.
2025-02-17 20:38:02 - Threshold processed image saved to /home/cansat-stu/cansat/Camera/threshold_img_20250217-203802.jpg.
2025-02-17 20:38:02 - Left: 100.00% greenless area
2025-02-17 20:38:02 - Center: 53.15% greenless area
2025-02-17 20:38:02 - Right: 0.67% greenless area
2025-02-17 20:38:02 - Most greenless section: Left
2025-02-17 20:38:03 - Image captured and saved to /home/cansat-stu/cansat/Camera/img_20250217-203803.jpg.
2025-02-17 20:38:03 - Threshold processed image saved to /home/cansat-stu/cansat/Camera/threshold_img_20250217-203803.jpg.
2025-02-17 20:38:03 - Left: 0.00% greenless area
2025-02-17 20:38:03 - Center: 0.00% greenless area
2025-02-17 20:38:03 - Right: 35.82% greenless area
2025-02-17 20:38:03 - Most greenless section: Right
2025-02-17 20:38:03 - Image captured and saved to /home/cansat-stu/cansat/Camera/img_20250217-203803.jpg.
2025-02-17 20:38:03 - Threshold processed image saved to /home/cansat-stu/cansat/Camera/threshold_img_20250217-203803.jpg.
2025-02-17 20:38:03 - Left: 100.00% greenless area
2025-02-17 20:38:03 - Center: 89.45% greenless area
2025-02-17 20:38:03 - Right: 9.85% greenless area
2025-02-17 20:38:03 - Most greenless section: Left
2025-02-17 20:38:04 - Image captured and saved to /home/cansat-stu/cansat/Camera/img_20250217-203804.jpg.
2025-02-17 20:38:04 - Threshold processed image saved to /home/cansat-stu/cansat/Camera/threshold_img_20250217-203804.jpg.
2025-02-17 20:38:04 - Left: 0.00% greenless area
2025-02-17 20:38:04 - Center: 0.00% greenless area
2025-02-17 20:38:04 - Right: 0.00% greenless area
2025-02-17 20:38:04 - Most greenless section: Left
2025-02-17 20:38:04 - Image captured and saved to /home/cansat-stu/cansat/Camera/img_20250217-203804.jpg.
2025-02-17 20:38:04 - Threshold processed image saved to /home/cansat-stu/cansat/Camera/threshold_img_20250217-203804.jpg.
2025-02-17 20:38:04 - Left: 99.79% greenless area
2025-02-17 20:38:04 - Center: 42.67% greenless area
2025-02-17 20:38:04 - Right: 0.00% greenless area
2025-02-17 20:38:04 - Most greenless section: Left
2025-02-17 20:38:05 - Image captured and saved to /home/cansat-stu/cansat/Camera/img_20250217-203805.jpg.
2025-02-17 20:38:05 - Threshold processed image saved to /home/cansat-stu/cansat/Camera/threshold_img_20250217-203805.jpg.
2025-02-17 20:38:05 - Left: 0.00% greenless area
2025-02-17 20:38:05 - Center: 0.00% greenless area
2025-02-17 20:38:05 - Right: 0.00% greenless area
2025-02-17 20:38:05 - Most greenless section: Left
2025-02-17 20:38:06 - Image captured and saved to /home/cansat-stu/cansat/Camera/img_20250217-203806.jpg.
2025-02-17 20:38:06 - Threshold processed image saved to /home/cansat-stu/cansat/Camera/threshold_img_20250217-203806.jpg.
2025-02-17 20:38:06 - Left: 0.00% greenless area
2025-02-17 20:38:06 - Center: 0.00% greenless area
2025-02-17 20:38:06 - Right: 0.00% greenless area
2025-02-17 20:38:06 - Most greenless section: Left
2025-02-17 20:38:06 - Image captured and saved to /home/cansat-stu/cansat/Camera/img_20250217-203806.jpg.
2025-02-17 20:38:06 - Threshold processed image saved to /home/cansat-stu/cansat/Camera/threshold_img_20250217-203806.jpg.
2025-02-17 20:38:06 - Left: 0.00% greenless area
2025-02-17 20:38:06 - Center: 0.00% greenless area
2025-02-17 20:38:06 - Right: 0.00% greenless area
2025-02-17 20:38:06 - Most greenless section: Left
2025-02-17 20:38:07 - Image captured and saved to /home/cansat-stu/cansat/Camera/img_20250217-203807.jpg.
2025-02-17 20:38:07 - Threshold processed image saved to /home/cansat-stu/cansat/Camera/threshold_img_20250217-203807.jpg.
2025-02-17 20:38:07 - Left: 0.00% greenless area
2025-02-17 20:38:07 - Center: 0.00% greenless area
2025-02-17 20:38:07 - Right: 0.00% greenless area
2025-02-17 20:38:07 - Most greenless section: Left
2025-02-17 20:38:07 - Image captured and saved to /home/cansat-stu/cansat/Camera/img_20250217-203807.jpg.
2025-02-17 20:38:07 - Threshold processed image saved to /home/cansat-stu/cansat/Camera/threshold_img_20250217-203807.jpg.
2025-02-17 20:38:07 - Left: 0.00% greenless area
2025-02-17 20:38:07 - Center: 0.00% greenless area
2025-02-17 20:38:07 - Right: 0.00% greenless area
2025-02-17 20:38:07 - Most greenless section: Left
2025-02-17 20:38:08 - Image captured and saved to /home/cansat-stu/cansat/Camera/img_20250217-203808.jpg.
2025-02-17 20:38:08 - Threshold processed image saved to /home/cansat-stu/cansat/Camera/threshold_img_20250217-203808.jpg.
2025-02-17 20:38:08 - Left: 0.00% greenless area
2025-02-17 20:38:08 - Center: 25.21% greenless area
2025-02-17 20:38:08 - Right: 103.03% greenless area
2025-02-17 20:38:08 - Most greenless section: Right
2025-02-17 20:38:08 - Image captured and saved to /home/cansat-stu/cansat/Camera/img_20250217-203808.jpg.
2025-02-17 20:38:09 - Threshold processed image saved to /home/cansat-stu/cansat/Camera/threshold_img_20250217-203808.jpg.
2025-02-17 20:38:09 - Left: 99.24% greenless area
2025-02-17 20:38:09 - Center: 9.24% greenless area
2025-02-17 20:38:09 - Right: 0.00% greenless area
2025-02-17 20:38:09 - Most greenless section: Left
2025-02-17 20:38:09 - Image captured and saved to /home/cansat-stu/cansat/Camera/img_20250217-203809.jpg.
2025-02-17 20:38:09 - Threshold processed image saved to /home/cansat-stu/cansat/Camera/threshold_img_20250217-203809.jpg.
2025-02-17 20:38:09 - Left: 0.00% greenless area
2025-02-17 20:38:09 - Center: 0.00% greenless area
2025-02-17 20:38:09 - Right: 0.00% greenless area
2025-02-17 20:38:09 - Most greenless section: Left
2025-02-17 20:38:10 - Image captured and saved to /home/cansat-stu/cansat/Camera/img_20250217-203810.jpg.
2025-02-17 20:38:10 - Threshold processed image saved to /home/cansat-stu/cansat/Camera/threshold_img_20250217-203810.jpg.
2025-02-17 20:38:10 - Left: 56.45% greenless area
2025-02-17 20:38:10 - Center: 94.79% greenless area
2025-02-17 20:38:10 - Right: 6.94% greenless area
2025-02-17 20:38:10 - Most greenless section: Center
2025-02-17 20:38:11 - Camera stopped.
2025-02-17 20:40:00 - Image captured and saved to /home/cansat-stu/cansat/Camera/img_20250217-203959.jpg.
2025-02-17 20:40:00 - Threshold processed image saved to /home/cansat-stu/cansat/Camera/threshold_img_20250217-203959.jpg.
2025-02-17 20:40:00 - Left: 3.42% greenless area
2025-02-17 20:40:00 - Center: 30.82% greenless area
2025-02-17 20:40:00 - Right: 17.79% greenless area
2025-02-17 20:40:00 - Most greenless section: Center
2025-02-17 20:40:02 - Camera stopped.
2025-02-17 20:40:50 - Image captured and saved to /home/cansat-stu/cansat/Camera/img_20250217-204050.jpg.
2025-02-17 20:40:51 - Threshold processed image saved to /home/cansat-stu/cansat/Camera/threshold_img_20250217-204050.jpg.
2025-02-17 20:40:51 - Left: 7.58% greenless area
2025-02-17 20:40:51 - Center: 20.70% greenless area
2025-02-17 20:40:51 - Right: 5.82% greenless area
2025-02-17 20:40:51 - Most greenless section: Center
2025-02-17 20:40:53 - Camera stopped.
2025-02-17 20:41:29 - Image captured and saved to /home/cansat-stu/cansat/Camera/img_20250217-204128.jpg.
2025-02-17 20:41:30 - Threshold processed image saved to /home/cansat-stu/cansat/Camera/threshold_img_20250217-204128.jpg.
2025-02-17 20:41:30 - Left: 0.00% greenless area
2025-02-17 20:41:30 - Center: 0.48% greenless area
2025-02-17 20:41:30 - Right: 12.33% greenless area
2025-02-17 20:41:30 - Most greenless section: Right
2025-02-17 20:41:31 - Image captured and saved to /home/cansat-stu/cansat/Camera/img_20250217-204131.jpg.
2025-02-17 20:41:31 - Threshold processed image saved to /home/cansat-stu/cansat/Camera/threshold_img_20250217-204131.jpg.
2025-02-17 20:41:31 - Left: 0.00% greenless area
2025-02-17 20:41:31 - Center: 0.00% greenless area
2025-02-17 20:41:31 - Right: 0.00% greenless area
2025-02-17 20:41:31 - Most greenless section: Left
2025-02-17 20:41:32 - Image captured and saved to /home/cansat-stu/cansat/Camera/img_20250217-204131.jpg.
2025-02-17 20:41:32 - Threshold processed image saved to /home/cansat-stu/cansat/Camera/threshold_img_20250217-204131.jpg.
2025-02-17 20:41:32 - Left: 0.00% greenless area
2025-02-17 20:41:32 - Center: 0.00% greenless area
2025-02-17 20:41:32 - Right: 0.00% greenless area
2025-02-17 20:41:32 - Most greenless section: Left
2025-02-17 20:41:32 - Image captured and saved to /home/cansat-stu/cansat/Camera/img_20250217-204132.jpg.
2025-02-17 20:41:32 - Threshold processed image saved to /home/cansat-stu/cansat/Camera/threshold_img_20250217-204132.jpg.
2025-02-17 20:41:32 - Left: 0.00% greenless area
2025-02-17 20:41:32 - Center: 0.00% greenless area
2025-02-17 20:41:32 - Right: 0.00% greenless area
2025-02-17 20:41:32 - Most greenless section: Left
2025-02-17 20:41:33 - Image captured and saved to /home/cansat-stu/cansat/Camera/img_20250217-204133.jpg.
2025-02-17 20:41:33 - Threshold processed image saved to /home/cansat-stu/cansat/Camera/threshold_img_20250217-204133.jpg.
2025-02-17 20:41:33 - Left: 0.00% greenless area
2025-02-17 20:41:33 - Center: 0.00% greenless area
2025-02-17 20:41:33 - Right: 0.00% greenless area
2025-02-17 20:41:33 - Most greenless section: Left
2025-02-17 20:41:33 - Image captured and saved to /home/cansat-stu/cansat/Camera/img_20250217-204133.jpg.
2025-02-17 20:41:33 - Threshold processed image saved to /home/cansat-stu/cansat/Camera/threshold_img_20250217-204133.jpg.
2025-02-17 20:41:33 - Left: 0.00% greenless area
2025-02-17 20:41:33 - Center: 0.00% greenless area
2025-02-17 20:41:33 - Right: 0.00% greenless area
2025-02-17 20:41:33 - Most greenless section: Left
2025-02-17 20:41:34 - Image captured and saved to /home/cansat-stu/cansat/Camera/img_20250217-204134.jpg.
2025-02-17 20:41:34 - Threshold processed image saved to /home/cansat-stu/cansat/Camera/threshold_img_20250217-204134.jpg.
2025-02-17 20:41:34 - Left: 0.00% greenless area
2025-02-17 20:41:34 - Center: 0.00% greenless area
2025-02-17 20:41:34 - Right: 0.00% greenless area
2025-02-17 20:41:34 - Most greenless section: Left
2025-02-17 20:41:34 - Image captured and saved to /home/cansat-stu/cansat/Camera/img_20250217-204134.jpg.
2025-02-17 20:41:34 - Threshold processed image saved to /home/cansat-stu/cansat/Camera/threshold_img_20250217-204134.jpg.
2025-02-17 20:41:34 - Left: 14.42% greenless area
2025-02-17 20:41:34 - Center: 94.88% greenless area
2025-02-17 20:41:34 - Right: 92.58% greenless area
2025-02-17 20:41:34 - Most greenless section: Center
2025-02-17 20:41:35 - Camera stopped.
2025-02-17 20:43:13 - Image captured and saved to /home/cansat-stu/cansat/Camera/img_20250217-204311.jpg.
2025-02-17 20:43:13 - Threshold processed image saved to /home/cansat-stu/cansat/Camera/threshold_img_20250217-204311.jpg.
2025-02-17 20:43:13 - Left: 1.12% greenless area
2025-02-17 20:43:13 - Center: 9.61% greenless area
2025-02-17 20:43:13 - Right: 4.85% greenless area
2025-02-17 20:43:13 - Most greenless section: Center
2025-02-17 20:43:15 - Camera stopped.
2025-02-17 20:47:14 - Image captured and saved to /home/cansat-stu/cansat/Camera/img_20250217-204711.jpg.
2025-02-17 20:47:15 - Threshold processed image saved to /home/cansat-stu/cansat/Camera/threshold_img_20250217-204711.jpg.
2025-02-17 20:47:15 - Left: 2.00% greenless area
2025-02-17 20:47:15 - Center: 17.36% greenless area
2025-02-17 20:47:15 - Right: 21.67% greenless area
2025-02-17 20:47:15 - Most greenless section: Right
2025-02-17 20:47:15 - Image captured and saved to /home/cansat-stu/cansat/Camera/img_20250217-204715.jpg.
2025-02-17 20:47:15 - Threshold processed image saved to /home/cansat-stu/cansat/Camera/threshold_img_20250217-204715.jpg.
2025-02-17 20:47:15 - Left: 0.00% greenless area
2025-02-17 20:47:15 - Center: 0.00% greenless area
2025-02-17 20:47:15 - Right: 0.00% greenless area
2025-02-17 20:47:15 - Most greenless section: Left
2025-02-17 20:47:16 - Image captured and saved to /home/cansat-stu/cansat/Camera/img_20250217-204716.jpg.
2025-02-17 20:47:16 - Threshold processed image saved to /home/cansat-stu/cansat/Camera/threshold_img_20250217-204716.jpg.
2025-02-17 20:47:16 - Left: 0.00% greenless area
2025-02-17 20:47:16 - Center: 0.00% greenless area
2025-02-17 20:47:16 - Right: 0.00% greenless area
2025-02-17 20:47:16 - Most greenless section: Left
2025-02-17 20:47:17 - Image captured and saved to /home/cansat-stu/cansat/Camera/img_20250217-204717.jpg.
2025-02-17 20:47:17 - Threshold processed image saved to /home/cansat-stu/cansat/Camera/threshold_img_20250217-204717.jpg.
2025-02-17 20:47:17 - Left: 0.00% greenless area
2025-02-17 20:47:17 - Center: 0.00% greenless area
2025-02-17 20:47:17 - Right: 0.00% greenless area
2025-02-17 20:47:17 - Most greenless section: Left
2025-02-17 20:47:17 - Image captured and saved to /home/cansat-stu/cansat/Camera/img_20250217-204717.jpg.
2025-02-17 20:47:17 - Threshold processed image saved to /home/cansat-stu/cansat/Camera/threshold_img_20250217-204717.jpg.
2025-02-17 20:47:17 - Left: 0.09% greenless area
2025-02-17 20:47:17 - Center: 0.00% greenless area
2025-02-17 20:47:17 - Right: 0.00% greenless area
2025-02-17 20:47:17 - Most greenless section: Left
2025-02-17 20:47:18 - Image captured and saved to /home/cansat-stu/cansat/Camera/img_20250217-204718.jpg.
2025-02-17 20:47:18 - Threshold processed image saved to /home/cansat-stu/cansat/Camera/threshold_img_20250217-204718.jpg.
2025-02-17 20:47:18 - Left: 0.00% greenless area
2025-02-17 20:47:18 - Center: 0.00% greenless area
2025-02-17 20:47:18 - Right: 0.00% greenless area
2025-02-17 20:47:18 - Most greenless section: Left
2025-02-17 20:47:18 - Image captured and saved to /home/cansat-stu/cansat/Camera/img_20250217-204718.jpg.
2025-02-17 20:47:18 - Threshold processed image saved to /home/cansat-stu/cansat/Camera/threshold_img_20250217-204718.jpg.
2025-02-17 20:47:18 - Left: 0.00% greenless area
2025-02-17 20:47:18 - Center: 0.00% greenless area
2025-02-17 20:47:18 - Right: 0.00% greenless area
2025-02-17 20:47:18 - Most greenless section: Left
2025-02-17 20:47:19 - Image captured and saved to /home/cansat-stu/cansat/Camera/img_20250217-204719.jpg.
2025-02-17 20:47:19 - Threshold processed image saved to /home/cansat-stu/cansat/Camera/threshold_img_20250217-204719.jpg.
2025-02-17 20:47:19 - Left: 0.09% greenless area
2025-02-17 20:47:19 - Center: 0.00% greenless area
2025-02-17 20:47:19 - Right: 0.00% greenless area
2025-02-17 20:47:19 - Most greenless section: Left
2025-02-17 20:47:20 - Image captured and saved to /home/cansat-stu/cansat/Camera/img_20250217-204719.jpg.
2025-02-17 20:47:20 - Threshold processed image saved to /home/cansat-stu/cansat/Camera/threshold_img_20250217-204719.jpg.
2025-02-17 20:47:20 - Left: 0.00% greenless area
2025-02-17 20:47:20 - Center: 0.00% greenless area
2025-02-17 20:47:20 - Right: 0.00% greenless area
2025-02-17 20:47:20 - Most greenless section: Left
2025-02-17 20:47:20 - Image captured and saved to /home/cansat-stu/cansat/Camera/img_20250217-204720.jpg.
2025-02-17 20:47:20 - Threshold processed image saved to /home/cansat-stu/cansat/Camera/threshold_img_20250217-204720.jpg.
2025-02-17 20:47:20 - Left: 0.00% greenless area
2025-02-17 20:47:20 - Center: 0.00% greenless area
2025-02-17 20:47:20 - Right: 0.00% greenless area
2025-02-17 20:47:20 - Most greenless section: Left
2025-02-17 20:47:21 - Image captured and saved to /home/cansat-stu/cansat/Camera/img_20250217-204721.jpg.
2025-02-17 20:47:21 - Threshold processed image saved to /home/cansat-stu/cansat/Camera/threshold_img_20250217-204721.jpg.
2025-02-17 20:47:21 - Left: 0.00% greenless area
2025-02-17 20:47:21 - Center: 0.00% greenless area
2025-02-17 20:47:21 - Right: 0.00% greenless area
2025-02-17 20:47:21 - Most greenless section: Left
2025-02-17 20:47:21 - Image captured and saved to /home/cansat-stu/cansat/Camera/img_20250217-204721.jpg.
2025-02-17 20:47:21 - Threshold processed image saved to /home/cansat-stu/cansat/Camera/threshold_img_20250217-204721.jpg.
2025-02-17 20:47:21 - Left: 0.00% greenless area
2025-02-17 20:47:21 - Center: 0.00% greenless area
2025-02-17 20:47:21 - Right: 0.00% greenless area
2025-02-17 20:47:21 - Most greenless section: Left
2025-02-17 20:47:22 - Image captured and saved to /home/cansat-stu/cansat/Camera/img_20250217-204722.jpg.
2025-02-17 20:47:22 - Threshold processed image saved to /home/cansat-stu/cansat/Camera/threshold_img_20250217-204722.jpg.
2025-02-17 20:47:22 - Left: 0.00% greenless area
2025-02-17 20:47:22 - Center: 0.00% greenless area
2025-02-17 20:47:22 - Right: 11.82% greenless area
2025-02-17 20:47:22 - Most greenless section: Right
2025-02-17 20:47:22 - Image captured and saved to /home/cansat-stu/cansat/Camera/img_20250217-204722.jpg.
2025-02-17 20:47:22 - Threshold processed image saved to /home/cansat-stu/cansat/Camera/threshold_img_20250217-204722.jpg.
2025-02-17 20:47:22 - Left: 0.00% greenless area
2025-02-17 20:47:22 - Center: 0.00% greenless area
2025-02-17 20:47:22 - Right: 0.00% greenless area
2025-02-17 20:47:22 - Most greenless section: Left
2025-02-17 20:47:23 - Image captured and saved to /home/cansat-stu/cansat/Camera/img_20250217-204723.jpg.
2025-02-17 20:47:23 - Threshold processed image saved to /home/cansat-stu/cansat/Camera/threshold_img_20250217-204723.jpg.
2025-02-17 20:47:23 - Left: 0.00% greenless area
2025-02-17 20:47:23 - Center: 0.00% greenless area
2025-02-17 20:47:23 - Right: 21.24% greenless area
2025-02-17 20:47:23 - Most greenless section: Right
2025-02-17 20:47:24 - Image captured and saved to /home/cansat-stu/cansat/Camera/img_20250217-204723.jpg.
2025-02-17 20:47:24 - Threshold processed image saved to /home/cansat-stu/cansat/Camera/threshold_img_20250217-204723.jpg.
2025-02-17 20:47:24 - Left: 0.00% greenless area
2025-02-17 20:47:24 - Center: 0.00% greenless area
2025-02-17 20:47:24 - Right: 0.00% greenless area
2025-02-17 20:47:24 - Most greenless section: Left
2025-02-17 20:47:24 - Image captured and saved to /home/cansat-stu/cansat/Camera/img_20250217-204724.jpg.
2025-02-17 20:47:24 - Threshold processed image saved to /home/cansat-stu/cansat/Camera/threshold_img_20250217-204724.jpg.
2025-02-17 20:47:24 - Left: 0.00% greenless area
2025-02-17 20:47:24 - Center: 9.76% greenless area
2025-02-17 20:47:24 - Right: 18.64% greenless area
2025-02-17 20:47:24 - Most greenless section: Right
2025-02-17 20:47:25 - Image captured and saved to /home/cansat-stu/cansat/Camera/img_20250217-204725.jpg.
2025-02-17 20:47:25 - Threshold processed image saved to /home/cansat-stu/cansat/Camera/threshold_img_20250217-204725.jpg.
2025-02-17 20:47:25 - Left: 0.00% greenless area
2025-02-17 20:47:25 - Center: 0.00% greenless area
2025-02-17 20:47:25 - Right: 0.00% greenless area
2025-02-17 20:47:25 - Most greenless section: Left
2025-02-17 20:47:25 - Image captured and saved to /home/cansat-stu/cansat/Camera/img_20250217-204725.jpg.
2025-02-17 20:47:25 - Threshold processed image saved to /home/cansat-stu/cansat/Camera/threshold_img_20250217-204725.jpg.
2025-02-17 20:47:25 - Left: 0.00% greenless area
2025-02-17 20:47:25 - Center: 0.00% greenless area
2025-02-17 20:47:25 - Right: 26.52% greenless area
2025-02-17 20:47:25 - Most greenless section: Right
2025-02-17 20:47:26 - Image captured and saved to /home/cansat-stu/cansat/Camera/img_20250217-204726.jpg.
2025-02-17 20:47:26 - Threshold processed image saved to /home/cansat-stu/cansat/Camera/threshold_img_20250217-204726.jpg.
2025-02-17 20:47:26 - Left: 0.00% greenless area
2025-02-17 20:47:26 - Center: 0.00% greenless area
2025-02-17 20:47:26 - Right: 0.00% greenless area
2025-02-17 20:47:26 - Most greenless section: Left
2025-02-17 20:47:26 - Image captured and saved to /home/cansat-stu/cansat/Camera/img_20250217-204726.jpg.
2025-02-17 20:47:26 - Threshold processed image saved to /home/cansat-stu/cansat/Camera/threshold_img_20250217-204726.jpg.
2025-02-17 20:47:26 - Left: 0.00% greenless area
2025-02-17 20:47:26 - Center: 0.00% greenless area
2025-02-17 20:47:26 - Right: 11.73% greenless area
2025-02-17 20:47:26 - Most greenless section: Right
2025-02-17 20:47:27 - Image captured and saved to /home/cansat-stu/cansat/Camera/img_20250217-204727.jpg.
2025-02-17 20:47:27 - Threshold processed image saved to /home/cansat-stu/cansat/Camera/threshold_img_20250217-204727.jpg.
2025-02-17 20:47:27 - Left: 0.00% greenless area
2025-02-17 20:47:27 - Center: 0.00% greenless area
2025-02-17 20:47:27 - Right: 0.00% greenless area
2025-02-17 20:47:27 - Most greenless section: Left
2025-02-17 20:47:28 - Image captured and saved to /home/cansat-stu/cansat/Camera/img_20250217-204727.jpg.
2025-02-17 20:47:28 - Threshold processed image saved to /home/cansat-stu/cansat/Camera/threshold_img_20250217-204727.jpg.
2025-02-17 20:47:28 - Left: 0.00% greenless area
2025-02-17 20:47:28 - Center: 0.00% greenless area
2025-02-17 20:47:28 - Right: 0.00% greenless area
2025-02-17 20:47:28 - Most greenless section: Left
2025-02-17 20:47:28 - Image captured and saved to /home/cansat-stu/cansat/Camera/img_20250217-204728.jpg.
2025-02-17 20:47:28 - Threshold processed image saved to /home/cansat-stu/cansat/Camera/threshold_img_20250217-204728.jpg.
2025-02-17 20:47:28 - Left: 0.00% greenless area
2025-02-17 20:47:28 - Center: 0.00% greenless area
2025-02-17 20:47:28 - Right: 0.00% greenless area
2025-02-17 20:47:28 - Most greenless section: Left
2025-02-17 20:47:29 - Image captured and saved to /home/cansat-stu/cansat/Camera/img_20250217-204729.jpg.
2025-02-17 20:47:29 - Threshold processed image saved to /home/cansat-stu/cansat/Camera/threshold_img_20250217-204729.jpg.
2025-02-17 20:47:29 - Left: 0.00% greenless area
2025-02-17 20:47:29 - Center: 0.00% greenless area
2025-02-17 20:47:29 - Right: 0.00% greenless area
2025-02-17 20:47:29 - Most greenless section: Left
2025-02-17 20:47:29 - Image captured and saved to /home/cansat-stu/cansat/Camera/img_20250217-204729.jpg.
2025-02-17 20:47:29 - Threshold processed image saved to /home/cansat-stu/cansat/Camera/threshold_img_20250217-204729.jpg.
2025-02-17 20:47:29 - Left: 0.00% greenless area
2025-02-17 20:47:29 - Center: 0.00% greenless area
2025-02-17 20:47:29 - Right: 0.00% greenless area
2025-02-17 20:47:29 - Most greenless section: Left
2025-02-17 20:47:30 - Image captured and saved to /home/cansat-stu/cansat/Camera/img_20250217-204730.jpg.
2025-02-17 20:47:30 - Threshold processed image saved to /home/cansat-stu/cansat/Camera/threshold_img_20250217-204730.jpg.
2025-02-17 20:47:30 - Left: 30.79% greenless area
2025-02-17 20:47:30 - Center: 0.00% greenless area
2025-02-17 20:47:30 - Right: 0.00% greenless area
2025-02-17 20:47:30 - Most greenless section: Left
2025-02-17 20:47:30 - Image captured and saved to /home/cansat-stu/cansat/Camera/img_20250217-204730.jpg.
2025-02-17 20:47:30 - Threshold processed image saved to /home/cansat-stu/cansat/Camera/threshold_img_20250217-204730.jpg.
2025-02-17 20:47:30 - Left: 0.00% greenless area
2025-02-17 20:47:30 - Center: 0.00% greenless area
2025-02-17 20:47:30 - Right: 0.00% greenless area
2025-02-17 20:47:30 - Most greenless section: Left
2025-02-17 20:47:31 - Image captured and saved to /home/cansat-stu/cansat/Camera/img_20250217-204731.jpg.
2025-02-17 20:47:31 - Threshold processed image saved to /home/cansat-stu/cansat/Camera/threshold_img_20250217-204731.jpg.
2025-02-17 20:47:31 - Left: 0.00% greenless area
2025-02-17 20:47:31 - Center: 0.00% greenless area
2025-02-17 20:47:31 - Right: 0.00% greenless area
2025-02-17 20:47:31 - Most greenless section: Left
2025-02-17 20:47:32 - Image captured and saved to /home/cansat-stu/cansat/Camera/img_20250217-204732.jpg.
2025-02-17 20:47:32 - Threshold processed image saved to /home/cansat-stu/cansat/Camera/threshold_img_20250217-204732.jpg.
2025-02-17 20:47:32 - Left: 0.00% greenless area
2025-02-17 20:47:32 - Center: 0.00% greenless area
2025-02-17 20:47:32 - Right: 0.00% greenless area
2025-02-17 20:47:32 - Most greenless section: Left
2025-02-17 20:47:32 - Image captured and saved to /home/cansat-stu/cansat/Camera/img_20250217-204732.jpg.
2025-02-17 20:47:32 - Threshold processed image saved to /home/cansat-stu/cansat/Camera/threshold_img_20250217-204732.jpg.
2025-02-17 20:47:32 - Left: 0.00% greenless area
2025-02-17 20:47:32 - Center: 0.00% greenless area
2025-02-17 20:47:32 - Right: 0.00% greenless area
2025-02-17 20:47:32 - Most greenless section: Left
2025-02-17 20:47:33 - Image captured and saved to /home/cansat-stu/cansat/Camera/img_20250217-204733.jpg.
2025-02-17 20:47:33 - Threshold processed image saved to /home/cansat-stu/cansat/Camera/threshold_img_20250217-204733.jpg.
2025-02-17 20:47:33 - Left: 0.00% greenless area
2025-02-17 20:47:33 - Center: 0.00% greenless area
2025-02-17 20:47:33 - Right: 1.52% greenless area
2025-02-17 20:47:33 - Most greenless section: Right
2025-02-17 20:47:33 - Image captured and saved to /home/cansat-stu/cansat/Camera/img_20250217-204733.jpg.
2025-02-17 20:47:33 - Threshold processed image saved to /home/cansat-stu/cansat/Camera/threshold_img_20250217-204733.jpg.
2025-02-17 20:47:33 - Left: 21.48% greenless area
2025-02-17 20:47:33 - Center: 100.00% greenless area
2025-02-17 20:47:33 - Right: 28.09% greenless area
2025-02-17 20:47:33 - Most greenless section: Center
2025-02-17 20:47:35 - Image captured and saved to /home/cansat-stu/cansat/Camera/img_20250217-204735.jpg.
2025-02-17 20:47:35 - Threshold processed image saved to /home/cansat-stu/cansat/Camera/threshold_img_20250217-204735.jpg.
2025-02-17 20:47:35 - Left: 0.00% greenless area
2025-02-17 20:47:35 - Center: 0.00% greenless area
2025-02-17 20:47:35 - Right: 0.00% greenless area
2025-02-17 20:47:35 - Most greenless section: Left
2025-02-17 20:47:35 - Image captured and saved to /home/cansat-stu/cansat/Camera/img_20250217-204735.jpg.
2025-02-17 20:47:35 - Threshold processed image saved to /home/cansat-stu/cansat/Camera/threshold_img_20250217-204735.jpg.
2025-02-17 20:47:35 - Left: 0.00% greenless area
2025-02-17 20:47:35 - Center: 0.00% greenless area
2025-02-17 20:47:35 - Right: 0.00% greenless area
2025-02-17 20:47:35 - Most greenless section: Left
2025-02-17 20:47:36 - Image captured and saved to /home/cansat-stu/cansat/Camera/img_20250217-204736.jpg.
2025-02-17 20:47:36 - Threshold processed image saved to /home/cansat-stu/cansat/Camera/threshold_img_20250217-204736.jpg.
2025-02-17 20:47:36 - Left: 6.85% greenless area
2025-02-17 20:47:36 - Center: 30.88% greenless area
2025-02-17 20:47:36 - Right: 0.00% greenless area
2025-02-17 20:47:36 - Most greenless section: Center
2025-02-17 20:47:37 - Camera stopped.
2025-02-17 20:49:28 - Image captured and saved to /home/cansat-stu/cansat/Camera/img_20250217-204927.jpg.
2025-02-17 20:49:28 - Threshold processed image saved to /home/cansat-stu/cansat/Camera/threshold_img_20250217-204927.jpg.
2025-02-17 20:49:28 - Left: 2.00% greenless area
2025-02-17 20:49:28 - Center: 13.15% greenless area
2025-02-17 20:49:28 - Right: 7.36% greenless area
2025-02-17 20:49:28 - Most greenless section: Center
2025-02-17 20:49:30 - Image captured and saved to /home/cansat-stu/cansat/Camera/img_20250217-204929.jpg.
2025-02-17 20:49:30 - Threshold processed image saved to /home/cansat-stu/cansat/Camera/threshold_img_20250217-204929.jpg.
2025-02-17 20:49:30 - Left: 0.00% greenless area
2025-02-17 20:49:30 - Center: 0.00% greenless area
2025-02-17 20:49:30 - Right: 1.58% greenless area
2025-02-17 20:49:30 - Most greenless section: Right
2025-02-17 20:49:30 - Image captured and saved to /home/cansat-stu/cansat/Camera/img_20250217-204930.jpg.
2025-02-17 20:49:30 - Threshold processed image saved to /home/cansat-stu/cansat/Camera/threshold_img_20250217-204930.jpg.
2025-02-17 20:49:30 - Left: 0.00% greenless area
2025-02-17 20:49:30 - Center: 0.00% greenless area
2025-02-17 20:49:30 - Right: 0.00% greenless area
2025-02-17 20:49:30 - Most greenless section: Left
2025-02-17 20:49:31 - Image captured and saved to /home/cansat-stu/cansat/Camera/img_20250217-204931.jpg.
2025-02-17 20:49:31 - Threshold processed image saved to /home/cansat-stu/cansat/Camera/threshold_img_20250217-204931.jpg.
2025-02-17 20:49:31 - Left: 0.00% greenless area
2025-02-17 20:49:31 - Center: 0.00% greenless area
2025-02-17 20:49:31 - Right: 0.00% greenless area
2025-02-17 20:49:31 - Most greenless section: Left
2025-02-17 20:49:31 - Image captured and saved to /home/cansat-stu/cansat/Camera/img_20250217-204931.jpg.
2025-02-17 20:49:31 - Threshold processed image saved to /home/cansat-stu/cansat/Camera/threshold_img_20250217-204931.jpg.
2025-02-17 20:49:31 - Left: 0.00% greenless area
2025-02-17 20:49:31 - Center: 0.00% greenless area
2025-02-17 20:49:31 - Right: 0.00% greenless area
2025-02-17 20:49:31 - Most greenless section: Left
2025-02-17 20:49:32 - Image captured and saved to /home/cansat-stu/cansat/Camera/img_20250217-204932.jpg.
2025-02-17 20:49:32 - Threshold processed image saved to /home/cansat-stu/cansat/Camera/threshold_img_20250217-204932.jpg.
2025-02-17 20:49:32 - Left: 0.00% greenless area
2025-02-17 20:49:32 - Center: 0.00% greenless area
2025-02-17 20:49:32 - Right: 0.00% greenless area
2025-02-17 20:49:32 - Most greenless section: Left
2025-02-17 20:49:32 - Image captured and saved to /home/cansat-stu/cansat/Camera/img_20250217-204932.jpg.
2025-02-17 20:49:32 - Threshold processed image saved to /home/cansat-stu/cansat/Camera/threshold_img_20250217-204932.jpg.
2025-02-17 20:49:32 - Left: 15.03% greenless area
2025-02-17 20:49:32 - Center: 60.61% greenless area
2025-02-17 20:49:32 - Right: 99.33% greenless area
2025-02-17 20:49:32 - Most greenless section: Right
2025-02-17 20:49:33 - Image captured and saved to /home/cansat-stu/cansat/Camera/img_20250217-204933.jpg.
2025-02-17 20:49:33 - Threshold processed image saved to /home/cansat-stu/cansat/Camera/threshold_img_20250217-204933.jpg.
2025-02-17 20:49:33 - Left: 0.00% greenless area
2025-02-17 20:49:33 - Center: 0.00% greenless area
2025-02-17 20:49:33 - Right: 0.00% greenless area
2025-02-17 20:49:33 - Most greenless section: Left
2025-02-17 20:49:34 - Image captured and saved to /home/cansat-stu/cansat/Camera/img_20250217-204934.jpg.
2025-02-17 20:49:34 - Threshold processed image saved to /home/cansat-stu/cansat/Camera/threshold_img_20250217-204934.jpg.
2025-02-17 20:49:34 - Left: 0.00% greenless area
2025-02-17 20:49:34 - Center: 13.42% greenless area
2025-02-17 20:49:34 - Right: 94.18% greenless area
2025-02-17 20:49:34 - Most greenless section: Right
2025-02-17 20:49:34 - Image captured and saved to /home/cansat-stu/cansat/Camera/img_20250217-204934.jpg.
2025-02-17 20:49:34 - Threshold processed image saved to /home/cansat-stu/cansat/Camera/threshold_img_20250217-204934.jpg.
2025-02-17 20:49:34 - Left: 49.39% greenless area
2025-02-17 20:49:34 - Center: 0.00% greenless area
2025-02-17 20:49:34 - Right: 0.00% greenless area
2025-02-17 20:49:34 - Most greenless section: Left
2025-02-17 20:49:35 - Image captured and saved to /home/cansat-stu/cansat/Camera/img_20250217-204935.jpg.
2025-02-17 20:49:35 - Threshold processed image saved to /home/cansat-stu/cansat/Camera/threshold_img_20250217-204935.jpg.
2025-02-17 20:49:35 - Left: 0.00% greenless area
2025-02-17 20:49:35 - Center: 12.88% greenless area
2025-02-17 20:49:35 - Right: 94.12% greenless area
2025-02-17 20:49:35 - Most greenless section: Right
2025-02-17 20:49:35 - Image captured and saved to /home/cansat-stu/cansat/Camera/img_20250217-204935.jpg.
2025-02-17 20:49:35 - Threshold processed image saved to /home/cansat-stu/cansat/Camera/threshold_img_20250217-204935.jpg.
2025-02-17 20:49:35 - Left: 0.30% greenless area
2025-02-17 20:49:35 - Center: 0.00% greenless area
2025-02-17 20:49:35 - Right: 0.00% greenless area
2025-02-17 20:49:35 - Most greenless section: Left
2025-02-17 20:49:36 - Image captured and saved to /home/cansat-stu/cansat/Camera/img_20250217-204936.jpg.
2025-02-17 20:49:36 - Threshold processed image saved to /home/cansat-stu/cansat/Camera/threshold_img_20250217-204936.jpg.
2025-02-17 20:49:36 - Left: 0.00% greenless area
2025-02-17 20:49:36 - Center: 9.88% greenless area
2025-02-17 20:49:36 - Right: 97.61% greenless area
2025-02-17 20:49:36 - Most greenless section: Right
2025-02-17 20:49:37 - Image captured and saved to /home/cansat-stu/cansat/Camera/img_20250217-204937.jpg.
2025-02-17 20:49:37 - Threshold processed image saved to /home/cansat-stu/cansat/Camera/threshold_img_20250217-204937.jpg.
2025-02-17 20:49:37 - Left: 100.00% greenless area
2025-02-17 20:49:37 - Center: 47.58% greenless area
2025-02-17 20:49:37 - Right: 0.00% greenless area
2025-02-17 20:49:37 - Most greenless section: Left
2025-02-17 20:49:37 - Image captured and saved to /home/cansat-stu/cansat/Camera/img_20250217-204937.jpg.
2025-02-17 20:49:37 - Threshold processed image saved to /home/cansat-stu/cansat/Camera/threshold_img_20250217-204937.jpg.
2025-02-17 20:49:37 - Left: 0.00% greenless area
2025-02-17 20:49:37 - Center: 0.00% greenless area
2025-02-17 20:49:37 - Right: 55.18% greenless area
2025-02-17 20:49:37 - Most greenless section: Right
2025-02-17 20:49:38 - Image captured and saved to /home/cansat-stu/cansat/Camera/img_20250217-204938.jpg.
2025-02-17 20:49:38 - Threshold processed image saved to /home/cansat-stu/cansat/Camera/threshold_img_20250217-204938.jpg.
2025-02-17 20:49:38 - Left: 100.00% greenless area
2025-02-17 20:49:38 - Center: 79.18% greenless area
2025-02-17 20:49:38 - Right: 2.18% greenless area
2025-02-17 20:49:38 - Most greenless section: Left
2025-02-17 20:49:38 - Image captured and saved to /home/cansat-stu/cansat/Camera/img_20250217-204938.jpg.
2025-02-17 20:49:38 - Threshold processed image saved to /home/cansat-stu/cansat/Camera/threshold_img_20250217-204938.jpg.
2025-02-17 20:49:38 - Left: 0.00% greenless area
2025-02-17 20:49:38 - Center: 0.00% greenless area
2025-02-17 20:49:38 - Right: 0.39% greenless area
2025-02-17 20:49:38 - Most greenless section: Right
2025-02-17 20:49:39 - Image captured and saved to /home/cansat-stu/cansat/Camera/img_20250217-204939.jpg.
2025-02-17 20:49:39 - Threshold processed image saved to /home/cansat-stu/cansat/Camera/threshold_img_20250217-204939.jpg.
2025-02-17 20:49:39 - Left: 100.00% greenless area
2025-02-17 20:49:39 - Center: 69.48% greenless area
2025-02-17 20:49:39 - Right: 0.82% greenless area
2025-02-17 20:49:39 - Most greenless section: Left
2025-02-17 20:49:39 - Image captured and saved to /home/cansat-stu/cansat/Camera/img_20250217-204939.jpg.
2025-02-17 20:49:39 - Threshold processed image saved to /home/cansat-stu/cansat/Camera/threshold_img_20250217-204939.jpg.
2025-02-17 20:49:39 - Left: 0.00% greenless area
2025-02-17 20:49:39 - Center: 0.00% greenless area
2025-02-17 20:49:39 - Right: 5.18% greenless area
2025-02-17 20:49:39 - Most greenless section: Right
2025-02-17 20:49:40 - Image captured and saved to /home/cansat-stu/cansat/Camera/img_20250217-204940.jpg.
2025-02-17 20:49:40 - Threshold processed image saved to /home/cansat-stu/cansat/Camera/threshold_img_20250217-204940.jpg.
2025-02-17 20:49:40 - Left: 100.00% greenless area
2025-02-17 20:49:40 - Center: 83.33% greenless area
2025-02-17 20:49:40 - Right: 3.91% greenless area
2025-02-17 20:49:40 - Most greenless section: Left
2025-02-17 20:49:41 - Image captured and saved to /home/cansat-stu/cansat/Camera/img_20250217-204941.jpg.
2025-02-17 20:49:41 - Threshold processed image saved to /home/cansat-stu/cansat/Camera/threshold_img_20250217-204941.jpg.
2025-02-17 20:49:41 - Left: 0.00% greenless area
2025-02-17 20:49:41 - Center: 0.00% greenless area
2025-02-17 20:49:41 - Right: 1.88% greenless area
2025-02-17 20:49:41 - Most greenless section: Right
2025-02-17 20:49:41 - Image captured and saved to /home/cansat-stu/cansat/Camera/img_20250217-204941.jpg.
2025-02-17 20:49:41 - Threshold processed image saved to /home/cansat-stu/cansat/Camera/threshold_img_20250217-204941.jpg.
2025-02-17 20:49:41 - Left: 100.00% greenless area
2025-02-17 20:49:41 - Center: 88.61% greenless area
2025-02-17 20:49:41 - Right: 7.03% greenless area
2025-02-17 20:49:41 - Most greenless section: Left
2025-02-17 20:49:42 - Image captured and saved to /home/cansat-stu/cansat/Camera/img_20250217-204942.jpg.
2025-02-17 20:49:42 - Threshold processed image saved to /home/cansat-stu/cansat/Camera/threshold_img_20250217-204942.jpg.
2025-02-17 20:49:42 - Left: 0.00% greenless area
2025-02-17 20:49:42 - Center: 0.00% greenless area
2025-02-17 20:49:42 - Right: 0.00% greenless area
2025-02-17 20:49:42 - Most greenless section: Left
2025-02-17 20:49:42 - Image captured and saved to /home/cansat-stu/cansat/Camera/img_20250217-204942.jpg.
2025-02-17 20:49:42 - Threshold processed image saved to /home/cansat-stu/cansat/Camera/threshold_img_20250217-204942.jpg.
2025-02-17 20:49:42 - Left: 99.36% greenless area
2025-02-17 20:49:42 - Center: 19.48% greenless area
2025-02-17 20:49:42 - Right: 0.00% greenless area
2025-02-17 20:49:42 - Most greenless section: Left
2025-02-17 20:49:43 - Image captured and saved to /home/cansat-stu/cansat/Camera/img_20250217-204943.jpg.
2025-02-17 20:49:43 - Threshold processed image saved to /home/cansat-stu/cansat/Camera/threshold_img_20250217-204943.jpg.
2025-02-17 20:49:43 - Left: 0.00% greenless area
2025-02-17 20:49:43 - Center: 0.00% greenless area
2025-02-17 20:49:43 - Right: 0.00% greenless area
2025-02-17 20:49:43 - Most greenless section: Left
2025-02-17 20:49:43 - Image captured and saved to /home/cansat-stu/cansat/Camera/img_20250217-204943.jpg.
2025-02-17 20:49:43 - Threshold processed image saved to /home/cansat-stu/cansat/Camera/threshold_img_20250217-204943.jpg.
2025-02-17 20:49:43 - Left: 0.00% greenless area
2025-02-17 20:49:43 - Center: 0.00% greenless area
2025-02-17 20:49:43 - Right: 0.00% greenless area
2025-02-17 20:49:43 - Most greenless section: Left
2025-02-17 20:49:44 - Image captured and saved to /home/cansat-stu/cansat/Camera/img_20250217-204944.jpg.
2025-02-17 20:49:44 - Threshold processed image saved to /home/cansat-stu/cansat/Camera/threshold_img_20250217-204944.jpg.
2025-02-17 20:49:44 - Left: 0.00% greenless area
2025-02-17 20:49:44 - Center: 0.00% greenless area
2025-02-17 20:49:44 - Right: 0.00% greenless area
2025-02-17 20:49:44 - Most greenless section: Left
2025-02-17 20:49:45 - Image captured and saved to /home/cansat-stu/cansat/Camera/img_20250217-204945.jpg.
2025-02-17 20:49:45 - Threshold processed image saved to /home/cansat-stu/cansat/Camera/threshold_img_20250217-204945.jpg.
2025-02-17 20:49:45 - Left: 0.00% greenless area
2025-02-17 20:49:45 - Center: 0.00% greenless area
2025-02-17 20:49:45 - Right: 0.00% greenless area
2025-02-17 20:49:45 - Most greenless section: Left
2025-02-17 20:49:45 - Image captured and saved to /home/cansat-stu/cansat/Camera/img_20250217-204945.jpg.
2025-02-17 20:49:45 - Threshold processed image saved to /home/cansat-stu/cansat/Camera/threshold_img_20250217-204945.jpg.
2025-02-17 20:49:45 - Left: 0.00% greenless area
2025-02-17 20:49:45 - Center: 0.00% greenless area
2025-02-17 20:49:45 - Right: 49.94% greenless area
2025-02-17 20:49:45 - Most greenless section: Right
2025-02-17 20:49:46 - Image captured and saved to /home/cansat-stu/cansat/Camera/img_20250217-204946.jpg.
2025-02-17 20:49:46 - Threshold processed image saved to /home/cansat-stu/cansat/Camera/threshold_img_20250217-204946.jpg.
2025-02-17 20:49:46 - Left: 9.36% greenless area
2025-02-17 20:49:46 - Center: 0.00% greenless area
2025-02-17 20:49:46 - Right: 0.00% greenless area
2025-02-17 20:49:46 - Most greenless section: Left
2025-02-17 20:49:46 - Image captured and saved to /home/cansat-stu/cansat/Camera/img_20250217-204946.jpg.
2025-02-17 20:49:46 - Threshold processed image saved to /home/cansat-stu/cansat/Camera/threshold_img_20250217-204946.jpg.
2025-02-17 20:49:46 - Left: 0.00% greenless area
2025-02-17 20:49:46 - Center: 0.00% greenless area
2025-02-17 20:49:46 - Right: 53.30% greenless area
2025-02-17 20:49:46 - Most greenless section: Right
2025-02-17 20:49:47 - Image captured and saved to /home/cansat-stu/cansat/Camera/img_20250217-204947.jpg.
2025-02-17 20:49:47 - Threshold processed image saved to /home/cansat-stu/cansat/Camera/threshold_img_20250217-204947.jpg.
2025-02-17 20:49:47 - Left: 0.00% greenless area
2025-02-17 20:49:47 - Center: 0.00% greenless area
2025-02-17 20:49:47 - Right: 0.00% greenless area
2025-02-17 20:49:47 - Most greenless section: Left
2025-02-17 20:49:48 - Image captured and saved to /home/cansat-stu/cansat/Camera/img_20250217-204947.jpg.
2025-02-17 20:49:48 - Threshold processed image saved to /home/cansat-stu/cansat/Camera/threshold_img_20250217-204947.jpg.
2025-02-17 20:49:48 - Left: 0.00% greenless area
2025-02-17 20:49:48 - Center: 0.00% greenless area
2025-02-17 20:49:48 - Right: 0.00% greenless area
2025-02-17 20:49:48 - Most greenless section: Left
2025-02-17 20:49:48 - Image captured and saved to /home/cansat-stu/cansat/Camera/img_20250217-204948.jpg.
2025-02-17 20:49:48 - Threshold processed image saved to /home/cansat-stu/cansat/Camera/threshold_img_20250217-204948.jpg.
2025-02-17 20:49:48 - Left: 43.76% greenless area
2025-02-17 20:49:48 - Center: 99.55% greenless area
2025-02-17 20:49:48 - Right: 10.18% greenless area
2025-02-17 20:49:48 - Most greenless section: Center
2025-02-17 20:49:50 - Image captured and saved to /home/cansat-stu/cansat/Camera/img_20250217-204950.jpg.
2025-02-17 20:49:50 - Threshold processed image saved to /home/cansat-stu/cansat/Camera/threshold_img_20250217-204950.jpg.
2025-02-17 20:49:50 - Left: 0.00% greenless area
2025-02-17 20:49:50 - Center: 0.00% greenless area
2025-02-17 20:49:50 - Right: 0.00% greenless area
2025-02-17 20:49:50 - Most greenless section: Left
2025-02-17 20:49:50 - Image captured and saved to /home/cansat-stu/cansat/Camera/img_20250217-204950.jpg.
2025-02-17 20:49:50 - Threshold processed image saved to /home/cansat-stu/cansat/Camera/threshold_img_20250217-204950.jpg.
2025-02-17 20:49:50 - Left: 0.00% greenless area
2025-02-17 20:49:50 - Center: 28.88% greenless area
2025-02-17 20:49:50 - Right: 4.61% greenless area
2025-02-17 20:49:50 - Most greenless section: Center
2025-02-17 20:49:52 - Camera stopped.
