19:33:12.%f,0.00,0.00,0.00,0.00,0.00,0.00
19:33:12.%f,0.00,0.00,0.00,0.00,0.00,0.00
19:33:12.%f,0.00,0.00,0.00,0.00,0.00,0.00
19:33:13.%f,0.00,0.00,0.00,0.00,0.00,0.00
19:33:13.%f,0.00,0.00,0.00,0.00,0.00,0.00
19:33:13.%f,0.00,0.00,0.00,0.00,0.00,0.00
19:33:13.%f,-62.40,2.87,176.07,-46.00,25.00,-4.00
19:33:13.%f,-61.97,3.26,176.36,0.00,32.00,8.00
19:33:13.%f,-61.68,3.82,176.33,7.00,13.00,25.00
19:33:13.%f,-61.40,4.26,176.38,21.00,8.00,12.00
19:33:13.%f,-61.20,4.46,176.68,20.00,-7.00,15.00
19:33:13.%f,-60.86,4.57,177.16,-7.00,10.00,7.00
19:33:14.%f,-60.73,4.95,176.70,38.00,42.00,-3.00
19:33:14.%f,-60.46,4.66,176.64,-23.00,12.00,-14.00
19:33:14.%f,-59.47,5.43,177.51,10.00,0.00,14.00
19:33:14.%f,-58.85,5.83,178.60,-9.00,-5.00,4.00
19:33:14.%f,-58.66,6.54,178.48,48.00,40.00,24.00
19:33:14.%f,-58.79,6.82,177.46,14.00,34.00,21.00
19:33:14.%f,-58.64,6.35,177.20,-57.00,-18.00,-8.00
19:33:14.%f,-57.40,7.16,177.37,16.00,-11.00,32.00
19:33:14.%f,-56.93,7.56,177.47,-4.00,-12.00,2.00
19:33:15.%f,-57.11,5.95,178.01,-7.00,-9.00,-11.00
19:33:15.%f,-56.56,5.50,178.56,23.00,4.00,-10.00
19:33:15.%f,-56.68,5.44,178.35,-8.00,-19.00,4.00
19:33:15.%f,-56.69,5.22,178.86,-9.00,-21.00,8.00
19:33:15.%f,-57.86,5.08,178.33,21.00,13.00,-7.00
19:33:15.%f,-57.50,4.72,178.16,25.00,5.00,20.00
19:33:15.%f,-57.56,5.02,179.44,9.00,-10.00,7.00
19:33:15.%f,-57.83,4.74,179.23,19.00,24.00,4.00
19:33:15.%f,-58.12,4.61,178.53,14.00,30.00,-8.00
19:33:16.%f,-57.58,4.74,178.35,-14.00,2.00,10.00
19:33:16.%f,-56.48,5.38,178.70,0.00,-10.00,4.00
19:33:16.%f,-55.72,6.10,178.71,12.00,-19.00,13.00
19:33:16.%f,-55.51,6.24,178.16,-9.00,-4.00,3.00
19:33:16.%f,-55.19,6.12,177.75,-2.00,7.00,7.00
19:33:16.%f,-54.29,6.09,178.37,22.00,-2.00,-1.00
19:33:16.%f,-54.15,6.61,178.19,33.00,7.00,-3.00
19:33:16.%f,-54.28,6.70,177.62,-32.00,-3.00,-19.00
19:33:16.%f,-54.19,7.86,177.77,19.00,2.00,23.00
19:33:17.%f,-54.55,8.30,177.88,-2.00,6.00,28.00
19:33:17.%f,-54.73,8.08,177.60,1.00,29.00,29.00
19:33:17.%f,-54.87,7.58,177.62,-22.00,11.00,-15.00
19:33:17.%f,-54.21,7.75,178.40,14.00,-7.00,10.00
19:33:17.%f,-54.19,8.31,177.85,48.00,-3.00,-13.00
19:33:17.%f,-54.31,7.09,176.89,18.00,4.00,-32.00
19:33:17.%f,-55.33,5.94,179.59,-35.00,-25.00,-58.00
19:33:17.%f,-56.49,6.38,-178.39,55.00,3.00,41.00
19:33:17.%f,-56.74,6.08,-177.74,10.00,7.00,49.00
19:33:18.%f,-57.14,5.98,-177.95,-25.00,2.00,38.00
19:33:18.%f,-57.82,5.81,-178.80,-24.00,0.00,7.00
19:33:18.%f,-58.09,5.92,-178.81,53.00,8.00,-10.00
19:33:18.%f,-58.20,5.85,-179.09,34.00,7.00,26.00
19:33:18.%f,-59.03,4.99,179.68,13.00,19.00,-31.00
19:33:18.%f,-59.06,4.29,178.67,24.00,15.00,-26.00
19:33:18.%f,-58.67,4.93,178.44,11.00,3.00,2.00
19:33:18.%f,-58.08,5.24,178.54,-10.00,-13.00,10.00
19:33:19.%f,-57.81,5.25,178.85,-6.00,-5.00,6.00
19:33:19.%f,-57.85,5.39,178.98,15.00,-5.00,15.00
19:33:19.%f,-58.20,5.70,178.84,31.00,16.00,9.00
19:33:19.%f,-58.18,4.83,178.78,-15.00,19.00,3.00
19:33:19.%f,-58.45,5.15,179.03,10.00,9.00,-13.00
19:33:19.%f,-58.24,4.40,179.10,-14.00,-11.00,17.00
19:33:19.%f,-57.91,4.65,179.79,6.00,-11.00,24.00
19:33:19.%f,-58.10,4.41,-179.86,16.00,-140.00,6.00
19:33:19.%f,-58.32,4.01,179.93,-3.00,-15.00,15.00
19:33:20.%f,-58.89,3.87,179.89,0.00,5.00,-17.00
19:33:20.%f,-59.60,3.95,179.50,7.00,1.00,-3.00
19:33:20.%f,-59.93,4.55,179.21,13.00,4.00,23.00
19:33:20.%f,-60.22,4.86,179.28,-14.00,-1.00,2.00
19:33:20.%f,-60.20,4.98,179.71,9.00,-7.00,-2.00
19:33:20.%f,-59.99,5.13,-179.97,12.00,-2.00,5.00
19:33:20.%f,-60.03,5.11,-179.79,1.00,12.00,-9.00
19:33:20.%f,-60.26,5.22,179.84,2.00,1.00,-18.00
19:33:20.%f,-60.53,5.30,179.74,-4.00,11.00,4.00
19:33:21.%f,-60.27,5.31,-179.18,-13.00,16.00,26.00
19:33:21.%f,-59.54,5.59,-178.00,21.00,-16.00,39.00
19:33:21.%f,-59.40,3.91,-178.54,-8.00,-30.00,16.00
19:33:21.%f,-59.16,2.31,-177.92,-13.00,-17.00,-34.00
19:33:21.%f,-58.75,1.48,-176.31,12.00,41.00,-18.00
19:33:21.%f,-57.89,1.03,-176.73,3.00,49.00,34.00
19:33:21.%f,-56.00,0.36,-177.11,15.00,8.00,28.00
19:33:21.%f,-54.34,-0.30,-177.12,39.00,-34.00,-25.00
19:33:21.%f,-53.58,-0.94,-178.19,21.00,-17.00,-5.00
19:33:22.%f,-52.29,-1.70,-179.01,-4.00,0.00,14.00
19:33:22.%f,-50.51,-1.94,-178.60,20.00,-3.00,-15.00
19:33:22.%f,-49.56,-0.88,-176.91,50.00,-32.00,-32.00
19:33:22.%f,-49.75,-0.12,-176.76,31.00,-12.00,-22.00
19:33:22.%f,-50.41,-0.19,-178.66,-1.00,16.00,20.00
19:33:22.%f,-50.78,-0.01,179.15,12.00,4.00,26.00
19:33:22.%f,-51.21,-0.01,177.88,33.00,-20.00,5.00
19:33:22.%f,-52.63,-0.63,176.64,19.00,-21.00,14.00
19:33:22.%f,-54.60,-0.45,175.56,40.00,0.00,1.00
19:33:23.%f,-56.30,-1.30,175.36,13.00,33.00,-34.00
19:33:23.%f,-58.26,-0.75,175.92,-15.00,15.00,-16.00
19:33:23.%f,-59.43,-0.38,175.81,6.00,12.00,23.00
19:33:23.%f,-60.64,-0.31,176.23,-4.00,-4.00,20.00
19:33:23.%f,-60.32,-1.03,176.68,-4.00,22.00,6.00
19:33:23.%f,-59.06,-0.76,177.95,-14.00,-3.00,15.00
19:33:23.%f,-57.59,-1.57,178.44,16.00,26.00,2.00
19:33:23.%f,-56.23,-2.73,178.37,51.00,43.00,-48.00
19:33:23.%f,-54.54,-3.16,178.46,15.00,27.00,-54.00
19:33:24.%f,-53.18,-3.09,179.37,50.00,0.00,-22.00
19:33:24.%f,-53.59,-1.76,178.61,66.00,25.00,54.00
19:33:24.%f,-54.50,-0.53,178.61,20.00,6.00,17.00
19:33:24.%f,-55.96,-1.28,179.21,-30.00,11.00,13.00
19:33:24.%f,-57.28,-2.18,178.40,-60.00,-12.00,19.00
19:33:24.%f,-57.64,-1.96,178.59,-7.00,-8.00,14.00
19:33:24.%f,-58.10,-1.48,178.76,1.00,11.00,-7.00
19:33:24.%f,-58.46,-1.65,178.30,15.00,0.00,-13.00
19:33:24.%f,-58.56,-1.77,178.39,30.00,-18.00,-4.00
19:33:25.%f,-58.93,-1.95,178.01,3.00,-22.00,9.00
19:33:25.%f,-59.27,-1.89,177.33,21.00,-2.00,7.00
19:33:25.%f,-59.27,-2.14,177.49,-16.00,-21.00,10.00
19:33:25.%f,-59.26,-2.42,177.71,-17.00,-7.00,11.00
19:33:25.%f,-59.58,-2.42,177.61,12.00,19.00,5.00
19:33:25.%f,-59.58,-2.26,177.68,11.00,8.00,9.00
19:33:25.%f,-59.35,-2.18,177.95,10.00,5.00,0.00
19:33:25.%f,-59.34,-2.09,177.75,14.00,9.00,5.00
19:33:25.%f,-59.29,-1.99,177.93,5.00,4.00,13.00
19:33:26.%f,-59.11,-1.96,178.14,6.00,-5.00,10.00
19:33:26.%f,-59.06,-1.89,177.90,11.00,6.00,18.00
19:33:26.%f,-58.80,-1.87,178.15,0.00,-10.00,0.00
19:33:26.%f,-58.17,-1.63,178.36,2.00,-20.00,6.00
19:33:26.%f,-57.67,-1.38,178.63,2.00,-11.00,-7.00
19:33:26.%f,-57.51,-0.68,179.37,6.00,-11.00,4.00
19:33:26.%f,-57.73,-0.18,179.32,8.00,15.00,19.00
19:33:26.%f,-57.90,0.03,179.63,13.00,15.00,15.00
19:33:26.%f,-57.54,0.09,-179.98,8.00,9.00,16.00
19:33:27.%f,-57.03,0.30,-179.72,18.00,-10.00,0.00
19:33:27.%f,-57.07,0.33,179.93,17.00,-4.00,-9.00
19:33:27.%f,-57.08,0.52,179.52,9.00,-13.00,-4.00
19:33:27.%f,-57.04,0.67,179.50,7.00,-13.00,3.00
19:33:27.%f,-57.34,0.68,179.41,4.00,2.00,15.00
19:33:27.%f,-57.75,0.71,179.38,7.00,14.00,13.00
19:33:27.%f,-57.81,0.56,179.54,1.00,6.00,0.00
19:33:27.%f,-57.80,0.57,179.54,10.00,4.00,8.00
19:33:27.%f,-57.88,0.39,179.53,-1.00,4.00,3.00
19:33:28.%f,-57.75,0.33,179.65,6.00,2.00,10.00
19:33:28.%f,-57.61,0.21,179.74,25.00,11.00,1.00
19:33:28.%f,-57.46,-0.04,179.68,11.00,4.00,7.00
19:33:28.%f,-57.27,-0.07,179.84,8.00,-3.00,-4.00
19:33:28.%f,-57.12,0.07,179.62,7.00,-2.00,7.00
19:33:28.%f,-57.00,0.26,179.63,10.00,-5.00,0.00
19:33:28.%f,-56.99,0.28,179.50,5.00,6.00,9.00
19:33:28.%f,-56.95,0.17,179.67,1.00,0.00,1.00
19:33:29.%f,-57.06,0.21,179.56,13.00,2.00,21.00
19:33:29.%f,-57.11,-0.01,179.58,6.00,1.00,0.00
19:33:29.%f,-57.08,-0.05,179.56,18.00,12.00,1.00
19:33:29.%f,-56.91,0.02,179.57,19.00,-1.00,7.00
19:33:29.%f,-56.66,-0.06,179.54,2.00,-5.00,0.00
19:33:29.%f,-56.37,-0.07,179.50,3.00,3.00,6.00
19:33:29.%f,-56.22,-0.07,179.52,17.00,3.00,0.00
19:33:29.%f,-56.13,-0.13,179.52,14.00,0.00,-1.00
19:33:29.%f,-56.16,-0.11,179.33,14.00,8.00,10.00
19:33:30.%f,-56.09,-0.23,179.52,12.00,-1.00,-4.00
19:33:30.%f,-56.12,-0.15,179.46,27.00,2.00,8.00
19:33:30.%f,-56.09,-0.14,179.51,10.00,-6.00,-4.00
19:33:30.%f,-55.98,-0.03,179.40,4.00,-3.00,16.00
19:33:30.%f,-55.53,0.07,179.36,18.00,-1.00,-7.00
19:33:30.%f,-53.33,0.33,179.58,49.00,-3.00,3.00
19:33:30.%f,-50.51,0.78,-179.42,19.00,8.00,-18.00
19:33:30.%f,-47.70,1.23,-179.77,5.00,26.00,6.00
19:33:30.%f,-44.50,2.21,-179.45,15.00,-3.00,22.00
19:33:31.%f,-41.18,2.34,-179.25,15.00,0.00,2.00
19:33:31.%f,-37.59,2.53,-179.11,29.00,-11.00,9.00
19:33:31.%f,-33.36,1.86,-178.86,17.00,-21.00,0.00
19:33:31.%f,-29.68,1.57,-178.76,21.00,-20.00,1.00
19:33:31.%f,-26.27,1.50,-179.10,25.00,-3.00,-9.00
19:33:31.%f,-22.52,1.67,-179.90,35.00,-3.00,-2.00
19:33:31.%f,-18.50,2.26,-178.94,28.00,-23.00,2.00
19:33:31.%f,-15.25,2.70,179.97,33.00,-24.00,18.00
19:33:31.%f,-11.91,2.91,179.75,22.00,-10.00,-8.00
19:33:32.%f,-8.42,3.59,-179.89,27.00,-16.00,20.00
19:33:32.%f,-5.67,4.19,-179.02,22.00,-20.00,13.00
19:33:32.%f,-3.58,4.28,-179.15,21.00,-10.00,9.00
19:33:32.%f,-1.18,4.05,-179.15,15.00,-15.00,1.00
19:33:32.%f,1.79,3.94,-178.54,39.00,-17.00,16.00
19:33:32.%f,3.50,3.77,-178.83,14.00,-27.00,17.00
19:33:32.%f,4.32,3.26,-179.90,10.00,-4.00,-10.00
19:33:32.%f,6.34,3.07,-179.97,42.00,-2.00,-11.00
19:33:32.%f,9.44,3.09,-179.67,45.00,-5.00,5.00
19:33:33.%f,12.92,3.25,-178.70,14.00,-19.00,6.00
19:33:33.%f,15.84,2.86,-178.30,11.00,-18.00,13.00
19:33:33.%f,18.02,2.01,-178.26,11.00,-12.00,-8.00
19:33:33.%f,20.06,1.46,-178.57,32.00,-6.00,-16.00
19:33:33.%f,22.80,1.90,-178.32,55.00,-13.00,-5.00
19:33:33.%f,26.13,2.29,-177.78,26.00,-16.00,19.00
19:33:33.%f,29.21,1.84,-177.17,12.00,-12.00,-1.00
19:33:33.%f,32.21,1.34,-176.77,6.00,-12.00,4.00
19:33:33.%f,34.88,0.97,-176.68,19.00,-7.00,10.00
19:33:34.%f,38.19,0.32,-176.54,40.00,-16.00,-5.00
19:33:34.%f,41.39,-0.40,-176.56,18.00,-20.00,-6.00
19:33:34.%f,43.97,-0.35,-176.73,19.00,-18.00,-5.00
19:33:34.%f,46.85,-0.57,-176.96,11.00,-15.00,0.00
19:33:34.%f,51.16,-0.89,-176.73,27.00,-32.00,16.00
19:33:34.%f,54.80,-1.79,-176.80,8.00,-31.00,-4.00
19:33:34.%f,58.07,-1.49,-177.20,32.00,-25.00,-4.00
19:33:34.%f,61.54,-1.42,-177.02,22.00,-18.00,-10.00
19:33:34.%f,66.23,-1.74,-176.01,27.00,-36.00,9.00
19:33:35.%f,69.28,-2.02,-175.66,25.00,-19.00,5.00
19:33:35.%f,72.41,-2.45,-175.67,18.00,-10.00,15.00
19:33:35.%f,76.88,-2.83,-175.33,19.00,-16.00,-8.00
19:33:35.%f,81.45,-2.89,-176.83,19.00,8.00,18.00
19:33:35.%f,86.89,-3.41,-177.73,33.00,-4.00,-9.00
19:33:35.%f,93.37,-3.81,-178.94,27.00,-32.00,-10.00
19:33:35.%f,98.28,-3.42,-179.24,47.00,-33.00,-7.00
19:33:35.%f,102.62,-3.18,179.19,46.00,-19.00,7.00
19:33:36.%f,106.39,-2.92,179.12,28.00,-32.00,-19.00
19:33:36.%f,109.35,-1.71,178.87,0.00,-28.00,16.00
19:33:36.%f,111.09,-0.86,178.96,-1.00,-9.00,15.00
19:33:36.%f,112.96,-0.62,178.28,-2.00,-18.00,41.00
19:33:36.%f,113.81,-1.07,178.65,-10.00,-37.00,-11.00
19:33:36.%f,113.39,-1.00,178.60,11.00,-10.00,12.00
19:33:36.%f,113.25,-0.73,178.65,28.00,-18.00,-1.00
19:33:36.%f,113.54,-0.10,178.56,29.00,-9.00,16.00
19:33:36.%f,113.23,-0.32,179.25,4.00,-9.00,-33.00
19:33:37.%f,112.88,0.38,178.65,38.00,5.00,14.00
19:33:37.%f,112.77,0.95,178.80,17.00,-17.00,21.00
19:33:37.%f,112.15,0.87,178.69,6.00,-9.00,11.00
19:33:37.%f,112.00,0.99,178.59,24.00,-26.00,16.00
19:33:37.%f,111.91,0.81,178.84,15.00,-20.00,-13.00
19:33:37.%f,111.52,0.88,178.83,1.00,-13.00,-11.00
19:33:37.%f,110.93,1.39,179.54,-16.00,-24.00,31.00
19:33:37.%f,109.65,1.51,179.57,-17.00,-1.00,0.00
19:33:37.%f,107.45,2.30,-178.77,-6.00,-45.00,16.00
19:33:38.%f,103.77,2.42,-178.38,11.00,12.00,9.00
19:33:38.%f,99.29,3.03,-178.12,52.00,48.00,-18.00
19:33:38.%f,95.32,3.86,-176.74,20.00,12.00,-4.00
19:33:38.%f,91.13,4.75,-176.59,-40.00,14.00,15.00
19:33:38.%f,86.35,5.19,-176.74,-33.00,24.00,-20.00
19:33:38.%f,84.07,5.46,-176.53,-2.00,-5.00,17.00
19:33:38.%f,81.64,4.75,-175.69,0.00,-11.00,15.00
19:33:38.%f,77.15,4.01,-175.67,-41.00,-1.00,-34.00
19:33:38.%f,73.77,4.51,-176.31,4.00,4.00,4.00
19:33:39.%f,70.84,4.26,-175.77,-13.00,-5.00,-12.00
19:33:39.%f,67.56,4.10,-175.77,-12.00,-2.00,0.00
19:33:39.%f,63.59,4.89,-175.64,-28.00,-2.00,-3.00
19:33:39.%f,60.28,5.22,-175.80,-42.00,-9.00,10.00
19:33:39.%f,57.33,4.97,-175.26,-23.00,-15.00,-31.00
19:33:39.%f,54.53,5.11,-175.56,-16.00,-8.00,-6.00
19:33:39.%f,52.66,5.06,-175.53,-15.00,-12.00,7.00
19:33:39.%f,50.26,5.01,-175.04,-9.00,-8.00,-8.00
19:33:39.%f,46.91,5.12,-175.54,-4.00,12.00,-15.00
19:33:40.%f,43.73,5.76,-175.70,-8.00,-2.00,-3.00
19:33:40.%f,40.35,6.02,-175.71,-31.00,1.00,-5.00
19:33:40.%f,36.99,6.60,-176.06,-36.00,3.00,7.00
19:33:40.%f,33.23,7.07,-176.05,-28.00,0.00,-27.00
19:33:40.%f,29.45,7.56,-176.60,-16.00,4.00,-13.00
19:33:40.%f,26.86,8.03,-176.68,-16.00,-4.00,9.00
19:33:40.%f,24.88,7.94,-176.05,-23.00,-16.00,8.00
19:33:40.%f,22.28,7.47,-176.12,-23.00,6.00,-3.00
19:33:40.%f,19.02,8.04,-176.35,-5.00,-6.00,2.00
19:33:41.%f,15.00,8.22,-176.03,-31.00,-8.00,-21.00
19:33:41.%f,10.62,8.96,-177.68,-27.00,21.00,-6.00
19:33:41.%f,7.22,9.64,-178.42,-16.00,-6.00,12.00
19:33:41.%f,3.39,9.47,-177.89,-38.00,-16.00,-17.00
19:33:41.%f,-1.95,9.39,-178.90,-39.00,24.00,-7.00
19:33:41.%f,-6.91,9.81,-179.81,-27.00,-13.00,15.00
19:33:41.%f,-11.84,9.84,179.97,-16.00,-21.00,47.00
19:33:41.%f,-16.65,9.41,178.29,-29.00,28.00,-17.00
19:33:41.%f,-20.12,9.00,178.03,-19.00,-18.00,-11.00
19:33:42.%f,-24.30,8.22,177.49,-35.00,-15.00,-2.00
19:33:42.%f,-29.01,7.53,176.33,-35.00,-9.00,-8.00
19:33:42.%f,-33.08,7.54,175.59,-15.00,-14.00,28.00
19:33:42.%f,-36.39,7.05,175.00,-20.00,5.00,3.00
19:33:42.%f,-39.25,6.34,175.07,-33.00,-9.00,0.00
19:33:42.%f,-42.99,4.82,174.33,-40.00,-1.00,-4.00
19:33:42.%f,-45.91,4.01,173.72,-37.00,-9.00,10.00
19:33:42.%f,-48.35,3.83,173.84,-14.00,-14.00,18.00
19:33:42.%f,-51.42,3.19,173.48,-32.00,-19.00,27.00
19:33:43.%f,-55.22,2.01,173.31,-53.00,-21.00,15.00
19:33:43.%f,-58.50,1.26,172.84,-31.00,-15.00,8.00
19:33:43.%f,-60.79,1.00,172.99,-11.00,-19.00,4.00
19:33:43.%f,-62.82,0.83,173.46,-19.00,-21.00,0.00
19:33:43.%f,-64.21,0.22,173.26,-20.00,-6.00,0.00
19:33:43.%f,-65.63,0.29,173.62,-25.00,-3.00,9.00
19:33:43.%f,-67.02,0.53,173.99,-11.00,-17.00,-3.00
19:33:43.%f,-68.94,0.15,173.57,-26.00,-9.00,12.00
19:33:43.%f,-70.32,-0.23,173.17,-17.00,-17.00,16.00
19:33:44.%f,-70.99,-0.83,173.02,-18.00,-5.00,16.00
19:33:44.%f,-71.61,-1.08,173.37,-18.00,-5.00,2.00
19:33:44.%f,-72.14,-1.32,173.31,-14.00,-10.00,7.00
19:33:44.%f,-72.74,-1.34,173.30,-14.00,-7.00,10.00
19:33:44.%f,-73.11,-1.36,173.44,-16.00,-2.00,15.00
19:33:44.%f,-73.17,-1.43,173.63,-26.00,-6.00,8.00
19:33:44.%f,-73.20,-1.37,173.77,-25.00,-10.00,19.00
19:33:44.%f,-73.11,-1.57,173.72,-10.00,-6.00,13.00
19:33:44.%f,-73.05,-1.74,173.85,-3.00,-4.00,12.00
19:33:45.%f,-72.98,-1.86,173.94,0.00,-1.00,0.00
19:33:45.%f,-72.85,-1.77,174.19,-5.00,-9.00,0.00
19:33:45.%f,-72.89,-1.46,173.98,2.00,0.00,12.00
19:33:45.%f,-72.88,-1.36,173.81,-10.00,0.00,17.00
19:33:45.%f,-72.79,-1.04,174.00,0.00,-12.00,16.00
19:33:45.%f,-72.55,-1.31,173.92,-25.00,-2.00,4.00
19:33:45.%f,-72.58,-1.07,174.09,8.00,-6.00,10.00
19:33:45.%f,-72.62,-1.28,173.57,3.00,-1.00,13.00
19:33:45.%f,-72.67,-1.26,173.66,-10.00,-15.00,6.00
19:33:46.%f,-72.76,-1.02,173.63,5.00,-7.00,17.00
19:33:46.%f,-72.95,-1.13,173.49,0.00,-3.00,17.00
19:33:46.%f,-73.12,-1.07,173.63,-9.00,-7.00,13.00
19:33:46.%f,-73.04,-1.09,173.77,-8.00,-17.00,10.00
19:33:46.%f,-73.37,-1.10,173.97,-4.00,-9.00,-7.00
19:33:46.%f,-74.11,-0.97,173.62,16.00,15.00,28.00
19:33:46.%f,-74.90,-0.87,173.69,0.00,-4.00,-4.00
19:33:46.%f,-75.53,-0.77,173.41,-1.00,-2.00,22.00
19:33:47.%f,-75.78,-0.77,173.49,0.00,-11.00,17.00
19:33:47.%f,-75.79,-1.04,173.67,4.00,7.00,13.00
19:33:47.%f,-75.51,-1.21,173.98,9.00,5.00,2.00
19:33:47.%f,-75.04,-1.31,174.08,6.00,-1.00,4.00
19:33:47.%f,-74.66,-1.28,174.04,-1.00,-6.00,11.00
19:33:47.%f,-74.26,-1.30,174.00,-6.00,-3.00,16.00
19:33:47.%f,-73.55,-1.22,174.45,-12.00,-4.00,-9.00
19:33:47.%f,-72.87,-0.89,174.57,25.00,-5.00,11.00
19:33:47.%f,-72.71,-0.88,174.25,-12.00,-8.00,-2.00
19:33:48.%f,-72.76,-0.67,174.01,-7.00,3.00,24.00
19:33:48.%f,-72.81,-0.77,173.98,-8.00,-1.00,24.00
19:33:48.%f,-73.51,-0.36,174.83,-3.00,-1.00,-7.00
19:33:48.%f,-74.62,-0.90,174.31,20.00,-1.00,-2.00
19:33:48.%f,-75.66,-0.66,174.33,12.00,0.00,-14.00
19:33:48.%f,-76.66,-0.61,174.12,-15.00,1.00,-15.00
19:33:48.%f,-77.22,-0.34,174.06,1.00,-9.00,2.00
19:33:48.%f,-77.79,-0.19,174.22,22.00,-9.00,30.00
19:33:48.%f,-78.22,-0.51,174.35,17.00,-2.00,51.00
19:33:49.%f,-77.61,-0.71,174.57,10.00,19.00,48.00
19:33:49.%f,-77.09,-1.29,174.64,-4.00,4.00,17.00
19:33:49.%f,-76.45,-1.91,173.57,23.00,13.00,25.00
19:33:49.%f,-76.25,-1.83,174.47,21.00,-5.00,-19.00
19:33:49.%f,-76.31,-2.92,173.61,-16.00,-8.00,-23.00
19:33:49.%f,-76.62,-2.58,173.54,1.00,-10.00,31.00
19:33:49.%f,-77.13,-2.46,173.41,-5.00,-7.00,19.00
19:33:49.%f,-77.52,-2.64,173.39,-11.00,-9.00,6.00
19:33:49.%f,-77.96,-2.63,173.41,7.00,0.00,7.00
19:33:50.%f,-78.55,-2.87,173.07,5.00,14.00,15.00
19:33:50.%f,-78.73,-2.77,173.32,7.00,-5.00,3.00
19:33:50.%f,-79.61,-2.79,173.00,10.00,7.00,16.00
19:33:50.%f,-81.18,-2.62,172.99,-1.00,-25.00,16.00
19:33:50.%f,-83.52,-2.90,171.92,-5.00,-5.00,20.00
19:33:50.%f,-86.78,-3.44,170.86,3.00,0.00,11.00
19:33:50.%f,-89.66,-3.63,170.53,-14.00,-10.00,-10.00
19:33:50.%f,-91.15,-3.27,169.95,-5.00,13.00,25.00
19:33:50.%f,-93.02,-3.93,168.70,4.00,21.00,33.00
19:33:51.%f,-95.07,-4.50,169.39,-25.00,-29.00,-10.00
19:33:51.%f,-95.30,-4.74,169.03,-21.00,-20.00,30.00
19:33:51.%f,-97.09,-5.26,168.01,-17.00,7.00,13.00
19:33:51.%f,-100.13,-5.02,168.43,-22.00,5.00,13.00
19:33:51.%f,-102.30,-4.99,168.67,-31.00,-9.00,21.00
19:33:51.%f,-104.02,-5.00,169.39,-13.00,-17.00,26.00
19:33:51.%f,-105.08,-5.44,170.07,-23.00,-25.00,-1.00
19:33:51.%f,-104.48,-6.17,170.31,6.00,-3.00,24.00
19:33:51.%f,-103.42,-6.45,170.78,-34.00,-26.00,-3.00
19:33:52.%f,-103.88,-6.29,170.95,5.00,27.00,59.00
19:33:52.%f,-105.48,-5.43,171.86,-10.00,51.00,20.00
19:33:52.%f,-108.09,-5.07,172.47,-21.00,40.00,-8.00
19:33:52.%f,-111.19,-4.96,172.11,-45.00,20.00,12.00
19:33:52.%f,-115.43,-4.53,172.42,-26.00,-37.00,20.00
19:33:52.%f,-119.21,-4.30,171.33,6.00,-40.00,21.00
19:33:52.%f,-122.34,-3.63,171.97,4.00,-50.00,4.00
19:33:52.%f,-123.69,-2.58,172.94,16.00,-21.00,31.00
19:33:52.%f,-124.49,-2.55,173.35,0.00,-24.00,10.00
19:33:53.%f,-125.59,-2.85,174.01,-48.00,-7.00,-5.00
19:33:53.%f,-127.00,-2.41,173.26,-45.00,39.00,46.00
19:33:53.%f,-129.14,-2.69,173.60,-46.00,3.00,11.00
19:33:53.%f,-131.41,-2.56,173.12,-23.00,20.00,0.00
19:33:53.%f,-134.03,-2.95,171.51,-35.00,8.00,-1.00
19:33:53.%f,-137.27,-2.16,171.61,-6.00,-37.00,-1.00
19:33:53.%f,-141.02,-1.85,171.60,-5.00,-60.00,13.00
19:33:53.%f,-144.01,-1.93,171.92,25.00,-54.00,-19.00
19:33:53.%f,-147.19,-1.37,173.93,-34.00,-46.00,-6.00
19:33:54.%f,-150.01,-0.70,173.47,-110.00,9.00,-38.00
19:33:54.%f,-153.51,0.73,173.59,-78.00,31.00,18.00
19:33:54.%f,-157.49,2.22,175.11,-94.00,-27.00,-36.00
19:33:54.%f,-164.02,1.92,174.61,-62.00,39.00,12.00
19:33:54.%f,-170.37,2.26,175.94,-31.00,16.00,2.00
19:33:54.%f,-177.53,2.72,177.33,-51.00,-19.00,-5.00
19:33:54.%f,176.14,3.07,176.02,-52.00,-26.00,3.00
19:33:54.%f,171.37,3.58,176.26,-80.00,-19.00,20.00
19:33:54.%f,167.73,4.00,175.77,-78.00,-18.00,-48.00
19:33:55.%f,162.90,3.36,174.73,-52.00,25.00,-62.00
19:33:55.%f,159.31,4.34,176.08,-55.00,63.00,-52.00
19:33:55.%f,154.49,6.32,177.14,-88.00,7.00,17.00
19:33:55.%f,148.10,5.83,174.59,-105.00,0.00,36.00
19:33:55.%f,139.68,6.93,174.65,-20.00,1.00,-4.00
19:33:55.%f,129.76,7.61,174.98,-73.00,-3.00,-48.00
19:33:55.%f,120.76,6.77,173.00,-113.00,30.00,13.00
19:33:55.%f,113.65,8.30,173.15,-95.00,-21.00,-11.00
19:33:55.%f,106.78,8.20,173.48,-82.00,-49.00,20.00
19:33:56.%f,101.76,9.07,173.04,-41.00,-56.00,-8.00
19:33:56.%f,97.44,9.28,172.87,-32.00,-8.00,-54.00
19:33:56.%f,93.83,9.72,174.04,-49.00,-6.00,5.00
19:33:56.%f,88.77,9.09,173.95,-50.00,1.00,14.00
19:33:56.%f,83.72,8.86,173.57,-76.00,-33.00,-34.00
19:33:56.%f,78.04,9.44,172.02,-64.00,-38.00,-114.00
19:33:56.%f,72.26,10.83,171.32,-55.00,-58.00,4.00
19:33:56.%f,67.05,9.82,171.37,-13.00,-37.00,48.00
19:33:56.%f,62.45,9.80,171.49,-42.00,-107.00,4.00
19:33:57.%f,59.57,9.67,171.72,-65.00,-84.00,-76.00
19:33:57.%f,56.91,10.12,171.40,17.00,-9.00,-10.00
19:33:57.%f,52.38,10.09,171.69,-60.00,-86.00,-9.00
19:33:57.%f,46.87,8.71,171.95,-45.00,-111.00,-59.00
19:33:57.%f,40.94,7.96,172.36,40.00,-53.00,-76.00
19:33:57.%f,35.69,7.93,172.13,-6.00,-65.00,-20.00
19:33:57.%f,30.60,8.24,172.71,-9.00,-60.00,39.00
19:33:57.%f,27.22,8.15,172.26,-47.00,-92.00,-60.00
19:33:58.%f,23.93,8.60,172.10,-24.00,-51.00,9.00
19:33:58.%f,20.18,8.66,172.82,-38.00,-71.00,-9.00
19:33:58.%f,14.51,8.07,173.17,9.00,-34.00,9.00
19:33:58.%f,8.26,7.22,173.27,-10.00,-40.00,-75.00
19:33:58.%f,1.85,7.55,173.00,21.00,-16.00,-8.00
19:33:58.%f,-3.52,7.06,172.96,-32.00,-73.00,-35.00
19:33:58.%f,-8.71,7.04,173.11,18.00,-31.00,3.00
19:33:58.%f,-12.50,7.33,173.95,3.00,-60.00,-4.00
19:33:58.%f,-16.20,7.54,174.24,9.00,-28.00,-14.00
19:33:59.%f,-19.76,8.12,174.37,-15.00,-44.00,3.00
19:33:59.%f,-23.70,8.77,174.13,21.00,-18.00,-17.00
19:33:59.%f,-27.48,9.00,173.91,0.00,-30.00,-52.00
19:33:59.%f,-31.96,9.56,173.76,40.00,5.00,-27.00
19:33:59.%f,-35.97,8.57,173.34,-35.00,-34.00,-2.00
19:33:59.%f,-40.16,8.75,174.21,23.00,-60.00,-17.00
19:33:59.%f,-44.62,8.30,172.97,-40.00,-39.00,-12.00
19:33:59.%f,-48.55,9.11,172.57,-48.00,-56.00,-52.00
19:33:59.%f,-52.55,9.78,172.88,-64.00,-83.00,-43.00
19:34:00.%f,-55.17,10.64,172.84,5.00,-34.00,0.00
19:34:00.%f,-57.54,10.39,173.63,-74.00,-60.00,-29.00
19:34:00.%f,-60.05,9.45,174.04,-13.00,-9.00,-35.00
19:34:00.%f,-63.68,8.42,175.49,-97.00,-54.00,-37.00
19:34:00.%f,-67.86,7.70,173.82,-33.00,-51.00,-11.00
19:34:00.%f,-72.03,8.36,173.11,68.00,-41.00,-118.00
19:34:00.%f,-76.75,10.27,173.26,32.00,-10.00,29.00
19:34:00.%f,-81.72,8.39,171.64,-46.00,-67.00,-20.00
19:34:00.%f,-86.95,8.86,173.17,20.00,-39.00,-10.00
19:34:01.%f,-91.06,7.86,173.17,-52.00,-33.00,-29.00
19:34:01.%f,-94.45,9.00,173.95,-22.00,-36.00,0.00
19:34:01.%f,-97.02,9.14,174.59,-46.00,-27.00,-17.00
19:34:01.%f,-99.83,8.85,175.20,-4.00,-29.00,-34.00
19:34:01.%f,-102.26,8.42,174.95,7.00,-17.00,-4.00
19:34:01.%f,-104.35,8.07,174.89,-15.00,-1.00,-43.00
19:34:01.%f,-106.14,8.66,175.19,-26.00,8.00,9.00
19:34:01.%f,-107.91,8.65,175.25,-32.00,-27.00,-8.00
19:34:01.%f,-109.21,8.85,175.86,-11.00,-32.00,-10.00
19:34:02.%f,-110.52,8.42,175.92,-9.00,-19.00,-10.00
19:34:02.%f,-112.03,8.51,175.40,-10.00,-11.00,-10.00
19:34:02.%f,-113.77,8.65,175.38,-22.00,-10.00,-16.00
19:34:02.%f,-115.75,8.77,175.21,-20.00,-7.00,-12.00
19:34:02.%f,-117.83,8.61,175.40,-12.00,-26.00,-25.00
19:34:02.%f,-119.87,8.51,175.66,-12.00,-20.00,-28.00
19:34:02.%f,-121.91,7.59,175.90,-32.00,0.00,-13.00
19:34:02.%f,-124.04,8.22,176.01,-9.00,-6.00,28.00
19:34:02.%f,-126.28,8.01,175.47,-40.00,-29.00,8.00
19:34:03.%f,-128.12,7.73,175.55,-16.00,-23.00,-2.00
19:34:03.%f,-130.25,6.93,174.83,32.00,36.00,-1.00
19:34:03.%f,-132.23,6.83,175.48,-30.00,2.00,-19.00
19:34:03.%f,-134.25,6.53,175.00,-21.00,43.00,4.00
19:34:03.%f,-136.06,6.52,175.38,-20.00,-10.00,-6.00
19:34:03.%f,-137.71,7.01,176.21,2.00,-8.00,-45.00
19:34:03.%f,-139.73,6.51,175.93,27.00,90.00,-79.00
19:34:03.%f,-143.12,6.34,175.05,-12.00,-7.00,21.00
19:34:03.%f,-146.85,5.48,175.14,-10.00,-53.00,72.00
19:34:04.%f,-151.18,3.89,175.67,-27.00,-60.00,-9.00
19:34:04.%f,-155.01,2.68,176.27,-59.00,-49.00,40.00
19:34:04.%f,-158.23,3.29,176.81,-46.00,-28.00,0.00
19:34:04.%f,-161.37,3.64,177.50,-34.00,-5.00,-50.00
19:34:04.%f,-164.98,2.98,177.10,-43.00,27.00,-33.00
19:34:04.%f,-168.77,1.42,176.56,-35.00,-23.00,-9.00
19:34:04.%f,-172.44,0.45,176.31,-16.00,-19.00,-32.00
19:34:04.%f,-175.74,-0.78,176.48,-22.00,-30.00,-11.00
19:34:04.%f,-178.41,-1.15,176.71,-14.00,-24.00,-4.00
19:34:05.%f,-179.94,-1.50,177.30,-8.00,30.00,30.00
19:34:05.%f,179.09,-1.20,177.68,-7.00,-16.00,-4.00
19:34:05.%f,178.85,-0.57,178.23,-16.00,30.00,-45.00
19:34:05.%f,178.80,-1.18,178.42,-40.00,133.00,-13.00
19:34:05.%f,179.17,-1.73,178.69,-5.00,-18.00,-12.00
19:34:05.%f,179.60,-3.01,178.21,0.00,-10.00,-26.00
19:34:05.%f,179.79,-4.24,178.27,-21.00,-21.00,4.00
19:34:05.%f,179.95,-5.67,178.54,-44.00,-8.00,24.00
19:34:06.%f,-179.67,-6.47,178.48,-13.00,-77.00,-3.00
19:34:06.%f,-178.79,-6.49,179.03,-14.00,-9.00,-21.00
19:34:06.%f,-177.97,-6.40,178.77,15.00,1.00,-17.00
19:34:06.%f,-178.23,-6.74,178.56,-25.00,-5.00,-15.00
19:34:06.%f,-178.07,-7.40,178.49,-22.00,9.00,5.00
19:34:06.%f,-177.93,-7.45,178.64,-14.00,30.00,3.00
19:34:06.%f,-178.13,-7.97,178.64,-12.00,11.00,10.00
19:34:06.%f,-178.00,-8.75,178.49,-21.00,0.00,34.00
19:34:06.%f,-177.84,-8.74,178.76,-11.00,9.00,11.00
19:34:07.%f,-177.92,-8.47,179.09,-16.00,5.00,-9.00
19:34:07.%f,-178.28,-8.81,179.48,5.00,9.00,12.00
19:34:07.%f,-178.29,-8.93,179.05,30.00,-14.00,-26.00
19:34:07.%f,-177.68,-9.15,178.96,24.00,-27.00,-15.00
19:34:07.%f,-177.75,-9.45,178.83,13.00,6.00,-16.00
19:34:07.%f,-177.75,-9.75,178.92,1.00,4.00,-12.00
19:34:07.%f,-177.64,-9.81,179.20,6.00,15.00,-10.00
19:34:07.%f,-177.46,-9.80,179.63,0.00,8.00,0.00
19:34:07.%f,-177.31,-9.58,179.95,1.00,17.00,-21.00
19:34:08.%f,-177.24,-9.68,179.75,5.00,8.00,-21.00
19:34:08.%f,-177.22,-9.89,179.77,13.00,0.00,-11.00
19:34:08.%f,-177.10,-10.20,179.90,7.00,6.00,8.00
19:34:08.%f,-177.01,-10.10,179.57,2.00,-4.00,20.00
19:34:08.%f,-177.73,-7.23,177.85,14.00,7.00,-75.00
19:34:08.%f,-178.37,-7.06,177.33,-8.00,-7.00,-11.00
19:34:08.%f,-178.14,-6.98,177.34,5.00,2.00,-1.00
19:34:08.%f,-177.77,-6.62,177.23,6.00,12.00,-9.00
19:34:08.%f,-177.83,-6.45,177.03,7.00,7.00,-6.00
19:34:09.%f,-178.15,-6.41,176.98,4.00,0.00,-12.00
19:34:09.%f,-178.42,-6.50,176.86,15.00,-1.00,-7.00
19:34:09.%f,-178.63,-6.40,176.76,13.00,0.00,-17.00
19:34:09.%f,-178.82,-6.38,176.90,4.00,6.00,-14.00
19:34:09.%f,-178.88,-6.64,176.92,-1.00,6.00,6.00
19:34:09.%f,-178.94,-6.79,176.97,-3.00,6.00,0.00
19:34:09.%f,-178.94,-6.71,176.81,10.00,0.00,-22.00
19:34:09.%f,-178.87,-6.96,176.74,7.00,9.00,-1.00
19:34:09.%f,-178.98,-6.99,176.80,8.00,-2.00,-12.00
19:34:10.%f,179.53,7.35,-176.94,0.00,3.00,7.00
19:34:10.%f,53.06,-2.83,-177.62,6.00,2.00,-1.00
19:34:10.%f,-179.36,-7.54,176.56,1.00,-5.00,-12.00
19:34:10.%f,-179.50,-7.71,176.43,-8.00,-6.00,-7.00
19:34:10.%f,-179.62,-7.85,176.26,-3.00,0.00,2.00
19:34:10.%f,-179.80,-7.87,176.40,7.00,-2.00,-16.00
19:34:10.%f,-179.82,-8.03,176.34,10.00,-1.00,-10.00
19:34:10.%f,-179.73,-8.08,176.36,5.00,-2.00,-4.00
19:34:10.%f,-179.60,-8.17,176.41,2.00,9.00,-15.00
19:34:11.%f,-179.79,-8.54,176.48,0.00,6.00,0.00
19:34:11.%f,179.96,-8.81,176.66,0.00,-6.00,2.00
19:34:11.%f,-179.89,-8.82,176.69,3.00,8.00,-9.00
19:34:11.%f,-179.71,-8.99,176.70,-5.00,9.00,10.00
19:34:11.%f,-179.97,-9.17,176.92,-5.00,9.00,13.00
19:34:11.%f,179.98,-9.25,177.08,20.00,-4.00,-3.00
19:34:11.%f,-179.79,-9.11,177.41,9.00,0.00,-8.00
19:34:11.%f,-179.62,-8.92,177.59,3.00,-4.00,-12.00
19:34:11.%f,-179.52,-8.88,177.86,6.00,10.00,-23.00
19:34:12.%f,-179.38,-8.69,178.08,15.00,-1.00,-20.00
19:34:12.%f,-179.25,-8.65,178.22,13.00,-4.00,-16.00
19:34:12.%f,-179.25,-8.55,178.34,16.00,10.00,-14.00
19:34:12.%f,-179.30,-8.50,178.59,12.00,-10.00,1.00
19:34:12.%f,-179.31,-8.36,178.49,3.00,6.00,-10.00
19:34:12.%f,-179.18,-8.36,178.43,6.00,2.00,-9.00
19:34:12.%f,-179.08,-8.36,178.27,5.00,5.00,-11.00
19:34:12.%f,-179.12,-8.15,178.31,14.00,4.00,-23.00
19:34:12.%f,-179.26,-8.30,178.45,11.00,4.00,-7.00
19:34:13.%f,-179.33,-8.39,178.63,16.00,1.00,-4.00
19:34:13.%f,-179.33,-8.37,178.62,18.00,6.00,-14.00
19:34:13.%f,-179.23,-8.38,178.55,10.00,10.00,-12.00
19:34:13.%f,-179.27,-8.36,178.65,-4.00,12.00,-2.00
19:34:13.%f,-179.34,-8.32,178.61,15.00,8.00,-11.00
19:34:13.%f,-179.54,-8.33,178.58,11.00,2.00,-11.00
19:34:13.%f,-179.66,-8.35,178.56,21.00,5.00,-12.00
19:34:13.%f,-179.66,-8.32,178.56,10.00,4.00,-3.00
19:34:13.%f,-178.81,-8.24,178.53,7.00,3.00,-7.00
19:34:14.%f,-179.66,-8.17,178.41,16.00,2.00,-16.00
19:34:14.%f,-179.62,-8.31,178.26,13.00,1.00,-4.00
19:34:14.%f,-179.73,-8.26,178.37,17.00,-9.00,-16.00
19:34:14.%f,-179.43,-8.06,178.39,35.00,1.00,-31.00
19:34:14.%f,-179.16,-8.04,178.51,-6.00,16.00,-1.00
19:34:14.%f,-179.15,-8.29,178.58,-9.00,5.00,-1.00
19:34:14.%f,-178.84,-8.49,178.50,12.00,9.00,0.00
19:34:14.%f,-178.76,-8.58,178.46,10.00,3.00,0.00
19:34:15.%f,-178.56,-8.65,178.21,8.00,0.00,1.00
19:34:15.%f,-178.19,-8.62,177.99,1.00,17.00,-12.00
19:34:15.%f,-178.05,-8.81,177.88,12.00,-4.00,-3.00
19:34:15.%f,-177.65,-8.77,177.83,6.00,3.00,-14.00
19:34:15.%f,53.40,-2.60,-176.78,5.00,-1.00,-6.00
19:34:15.%f,-177.16,-9.05,177.95,5.00,4.00,-4.00
19:34:15.%f,-177.08,-9.34,178.03,11.00,4.00,-2.00
19:34:15.%f,-177.04,-9.59,177.98,10.00,-2.00,-3.00
19:34:15.%f,-176.99,-9.66,177.90,4.00,4.00,-7.00
19:34:16.%f,-176.85,-9.70,177.91,9.00,8.00,-11.00
19:34:16.%f,-176.77,-9.78,178.03,9.00,7.00,0.00
19:34:16.%f,-176.69,-9.79,178.07,7.00,3.00,-8.00
19:34:16.%f,-176.68,-9.95,178.05,8.00,5.00,0.00
19:34:16.%f,-176.79,-9.98,178.03,19.00,0.00,-22.00
19:34:16.%f,-176.80,-9.98,178.04,11.00,5.00,-1.00
19:34:16.%f,-176.97,-9.90,178.05,15.00,0.00,-18.00
19:34:16.%f,-177.07,-10.10,178.05,9.00,13.00,-133.00
19:34:16.%f,-177.35,-10.20,178.11,6.00,8.00,-6.00
19:34:17.%f,-177.37,-10.42,178.07,8.00,-2.00,-9.00
19:34:17.%f,-177.23,-10.56,178.05,9.00,9.00,-4.00
19:34:17.%f,-177.15,-10.67,178.10,4.00,4.00,0.00
19:34:17.%f,-177.12,-10.67,178.17,-4.00,3.00,-4.00
19:34:17.%f,-177.11,-10.68,178.15,0.00,4.00,4.00
19:34:17.%f,-177.23,-10.65,178.00,4.00,-2.00,-9.00
19:34:17.%f,-177.24,-10.50,177.95,19.00,2.00,-20.00
19:34:17.%f,-177.30,-10.54,177.96,6.00,-1.00,-6.00
19:34:17.%f,-177.31,-10.53,178.04,11.00,2.00,-10.00
19:34:18.%f,-177.27,-10.60,178.03,7.00,6.00,-1.00
19:34:18.%f,-177.40,-10.81,177.96,5.00,0.00,0.00
19:34:18.%f,-177.60,-10.89,177.79,4.00,-1.00,-13.00
19:34:18.%f,-177.50,-10.98,177.80,5.00,10.00,-6.00
19:34:18.%f,-177.57,-11.14,178.03,7.00,4.00,-8.00
19:34:18.%f,-177.35,-11.20,178.09,18.00,-7.00,-21.00
19:34:18.%f,-177.05,-11.24,178.14,2.00,11.00,-9.00
19:34:18.%f,-176.97,-11.49,178.34,8.00,0.00,-9.00
19:34:18.%f,-176.70,-11.84,178.52,8.00,1.00,0.00
19:34:19.%f,-176.68,-12.02,178.64,0.00,7.00,6.00
19:34:19.%f,-176.64,-12.26,178.58,0.00,-10.00,4.00
19:34:19.%f,-176.65,-12.29,178.58,3.00,2.00,-2.00
19:34:19.%f,-176.69,-12.32,178.47,13.00,-4.00,-13.00
19:34:19.%f,-176.57,-12.35,178.45,12.00,-4.00,-10.00
19:34:19.%f,-176.54,-12.35,178.49,-1.00,2.00,-9.00
19:34:19.%f,-176.53,-12.49,178.56,6.00,2.00,-6.00
19:34:19.%f,-176.43,-12.52,178.51,11.00,10.00,-8.00
19:34:19.%f,-176.34,-12.60,178.50,8.00,-3.00,-10.00
19:34:20.%f,-176.27,-12.79,178.53,12.00,2.00,-3.00
19:34:20.%f,-176.06,-12.89,178.51,12.00,-5.00,-11.00
19:34:20.%f,-175.84,-13.15,178.48,7.00,8.00,-1.00
19:34:20.%f,-175.75,-13.41,178.46,10.00,4.00,-15.00
19:34:20.%f,-175.65,-13.90,178.39,0.00,5.00,6.00
19:34:20.%f,-175.48,-13.91,178.38,12.00,0.00,-21.00
19:34:20.%f,-175.11,-13.96,178.27,14.00,1.00,-17.00
19:34:20.%f,-174.93,-14.27,178.37,7.00,0.00,-4.00
19:34:20.%f,-174.72,-14.31,178.58,9.00,7.00,-5.00
19:34:21.%f,-174.56,-14.46,178.66,9.00,6.00,-4.00
19:34:21.%f,-174.46,-14.63,178.58,6.00,0.00,-7.00
19:34:21.%f,-174.46,-14.76,178.56,12.00,-8.00,-11.00
19:34:21.%f,-174.41,-14.72,178.53,19.00,2.00,-14.00
19:34:21.%f,-174.33,-14.78,178.58,17.00,-7.00,-15.00
19:34:21.%f,-173.97,-14.81,178.53,14.00,-4.00,-12.00
19:34:21.%f,-173.71,-14.80,178.54,11.00,7.00,-2.00
19:34:21.%f,-173.71,-14.92,178.62,16.00,2.00,-5.00
19:34:21.%f,-173.73,-14.95,178.33,14.00,1.00,-7.00
19:34:22.%f,-173.67,-14.69,177.83,3.00,0.00,-12.00
19:34:22.%f,-174.60,-14.51,177.66,8.00,-6.00,-15.00
19:34:22.%f,-176.27,-15.04,177.64,9.00,-31.00,28.00
19:34:22.%f,-178.26,-15.04,177.52,0.00,-16.00,7.00
19:34:22.%f,179.26,-14.42,177.46,14.00,-23.00,-19.00
19:34:22.%f,176.10,-13.76,177.60,17.00,11.00,-29.00
19:34:22.%f,171.34,-13.43,177.75,-2.00,26.00,-9.00
19:34:22.%f,165.31,-13.27,177.60,-31.00,36.00,5.00
19:34:22.%f,158.85,-12.52,177.08,-26.00,60.00,-5.00
19:34:23.%f,150.92,-11.87,177.09,-101.00,15.00,1.00
19:34:23.%f,143.86,-13.04,177.62,-35.00,-41.00,0.00
19:34:23.%f,137.58,-14.47,179.81,-51.00,32.00,51.00
19:34:23.%f,131.19,-15.30,179.17,-21.00,-115.00,44.00
19:34:23.%f,124.77,-15.45,178.40,-85.00,-71.00,57.00
19:34:23.%f,118.22,-13.67,176.83,-29.00,12.00,-12.00
19:34:23.%f,111.31,-11.50,175.41,-100.00,102.00,9.00
19:34:23.%f,105.31,-10.90,173.88,-63.00,13.00,15.00
19:34:24.%f,100.23,-11.52,173.02,-66.00,-18.00,69.00
19:34:24.%f,97.66,-11.27,172.63,30.00,-41.00,14.00
19:34:24.%f,94.67,-10.88,171.79,-50.00,5.00,17.00
19:34:24.%f,91.90,-10.18,171.23,-83.00,-172.00,-1.00
19:34:24.%f,90.37,-10.22,170.90,-55.00,-127.00,28.00
19:34:24.%f,89.27,-8.94,170.45,-55.00,-25.00,7.00
19:34:24.%f,87.75,-7.59,170.28,-18.00,-5.00,-49.00
19:34:24.%f,83.89,-8.45,170.18,-37.00,28.00,-27.00
19:34:24.%f,79.37,-8.69,170.33,-39.00,0.00,29.00
19:34:25.%f,76.02,-8.42,171.08,-29.00,-150.00,1.00
19:34:25.%f,76.07,-7.42,171.72,-3.00,38.00,24.00
19:34:25.%f,75.68,-6.90,172.23,-10.00,-108.00,-15.00
19:34:25.%f,76.09,-7.84,172.47,-66.00,-30.00,-18.00
19:34:25.%f,76.16,-8.10,171.99,-73.00,20.00,-1.00
19:34:25.%f,76.09,-7.41,172.04,36.00,-34.00,-40.00
19:34:25.%f,76.93,-8.31,172.98,20.00,-22.00,1.00
19:34:25.%f,77.15,-8.23,172.88,-40.00,-4.00,38.00
19:34:25.%f,78.06,-7.64,172.42,-22.00,-30.00,-15.00
19:34:26.%f,78.64,-7.76,172.66,-43.00,-44.00,14.00
19:34:26.%f,78.11,-8.43,173.50,-52.00,-44.00,0.00
19:34:26.%f,78.16,-8.34,173.89,9.00,-21.00,-35.00
19:34:26.%f,78.15,-8.98,174.20,-35.00,-26.00,10.00
19:34:26.%f,78.16,-9.17,174.46,4.00,-27.00,1.00
19:34:26.%f,78.23,-9.35,174.82,-10.00,0.00,7.00
19:34:26.%f,78.62,-9.20,174.93,-5.00,-15.00,-10.00
19:34:26.%f,78.77,-9.22,175.05,-10.00,-9.00,-2.00
19:34:26.%f,78.95,-9.32,175.20,-19.00,-16.00,4.00
19:34:27.%f,79.12,-9.50,175.27,-59.00,-11.00,10.00
19:34:27.%f,79.91,-9.70,175.93,-30.00,-2.00,21.00
19:34:27.%f,81.27,-9.34,176.77,16.00,58.00,7.00
19:34:27.%f,81.29,-9.42,177.69,2.00,-36.00,81.00
19:34:27.%f,80.16,-7.68,177.94,-20.00,-35.00,-2.00
19:34:27.%f,80.21,-6.91,176.95,21.00,-27.00,-65.00
19:34:27.%f,80.53,-6.76,176.67,-2.00,-36.00,-9.00
19:34:27.%f,80.73,-5.93,176.99,18.00,-24.00,-47.00
19:34:27.%f,81.30,-5.61,176.74,23.00,-5.00,-7.00
19:34:28.%f,81.56,-5.29,176.62,40.00,10.00,-25.00
19:34:28.%f,81.82,-4.86,176.65,17.00,3.00,-27.00
19:34:28.%f,82.24,-4.59,177.38,10.00,2.00,-33.00
19:34:28.%f,82.74,-5.09,178.28,0.00,7.00,9.00
19:34:28.%f,83.23,-5.28,178.70,6.00,6.00,-4.00
19:34:28.%f,83.50,-5.17,178.81,7.00,-4.00,-12.00
19:34:28.%f,83.70,-5.06,178.85,8.00,12.00,-18.00
19:34:28.%f,83.85,-5.17,178.97,0.00,-2.00,2.00
19:34:28.%f,83.87,-5.20,178.92,0.00,1.00,-9.00
19:34:29.%f,83.77,-5.30,178.84,5.00,-14.00,-10.00
19:34:29.%f,83.77,-5.25,178.87,2.00,-8.00,-19.00
19:34:29.%f,83.94,-5.20,179.18,2.00,-3.00,-15.00
19:34:29.%f,84.14,-5.26,179.41,10.00,-1.00,-7.00
19:34:29.%f,84.45,-5.35,179.46,9.00,0.00,-6.00
19:34:29.%f,84.71,-5.26,179.40,12.00,2.00,-21.00
19:34:29.%f,84.85,-5.30,179.45,12.00,-2.00,-5.00
19:34:29.%f,84.83,-5.33,179.47,4.00,-129.00,-14.00
19:34:29.%f,84.77,-5.39,179.42,13.00,-6.00,-8.00
19:34:30.%f,84.74,-5.43,179.51,11.00,4.00,-14.00
19:34:30.%f,84.62,-5.49,179.68,18.00,15.00,-34.00
19:34:30.%f,84.44,-5.63,179.89,26.00,14.00,-50.00
19:34:30.%f,84.35,-6.27,-179.68,24.00,-2.00,-9.00
19:34:30.%f,84.53,-6.41,-179.44,36.00,3.00,-46.00
19:34:30.%f,85.08,-6.23,-179.32,7.00,-4.00,-34.00
19:34:30.%f,86.22,-5.92,-179.20,15.00,18.00,-38.00
19:34:30.%f,87.51,-6.00,-179.05,-2.00,10.00,0.00
19:34:30.%f,87.54,-6.33,-178.65,-7.00,12.00,-17.00
19:34:31.%f,85.82,-7.35,-177.94,0.00,18.00,14.00
19:34:31.%f,82.32,-8.85,-176.09,14.00,-19.00,9.00
19:34:31.%f,77.63,-8.58,-175.95,8.00,-16.00,14.00
19:34:31.%f,71.50,-8.58,-175.38,8.00,-3.00,-11.00
19:34:31.%f,65.84,-8.39,-175.01,6.00,9.00,-13.00
19:34:31.%f,61.78,-8.26,-175.16,-30.00,9.00,-15.00
19:34:31.%f,59.33,-8.64,-175.10,-54.00,-42.00,-13.00
19:34:31.%f,57.17,-8.74,-174.90,-38.00,3.00,11.00
19:34:31.%f,54.35,-9.49,-174.33,-13.00,-20.00,9.00
19:34:32.%f,50.25,-9.43,-173.99,-19.00,-16.00,-20.00
19:34:32.%f,44.46,-9.46,-173.74,-18.00,-20.00,26.00
19:34:32.%f,37.88,-9.32,-174.14,10.00,-67.00,-11.00
19:34:32.%f,30.95,-8.76,-174.22,-11.00,-41.00,-50.00
19:34:32.%f,24.08,-8.58,-174.64,-10.00,-16.00,23.00
19:34:32.%f,18.18,-8.30,-174.85,-38.00,16.00,-5.00
19:34:32.%f,13.52,-8.44,-175.27,-48.00,2.00,-13.00
19:34:32.%f,10.82,-9.07,-175.64,-65.00,-2.00,-35.00
19:34:32.%f,-9.76,9.14,174.07,-54.00,6.00,8.00
19:34:33.%f,7.84,-11.01,-175.99,-20.00,3.00,-12.00
19:34:33.%f,6.85,-11.68,-176.59,-38.00,-19.00,11.00
19:34:33.%f,6.34,-12.30,-177.03,0.00,-31.00,12.00
19:34:33.%f,5.93,-12.51,-177.23,-21.00,-8.00,-22.00
19:34:33.%f,5.64,-12.99,-177.41,-24.00,-40.00,-6.00
19:34:33.%f,5.53,-13.55,-177.29,-7.00,-12.00,8.00
19:34:33.%f,5.64,-13.64,-177.68,-10.00,7.00,-14.00
19:34:33.%f,5.48,-14.01,-177.51,-14.00,-21.00,-2.00
19:34:34.%f,5.50,-14.37,-177.66,-5.00,-14.00,19.00
19:34:34.%f,5.57,-14.15,-177.73,-14.00,-2.00,-26.00
19:34:34.%f,5.61,-14.25,-177.60,-12.00,-4.00,-15.00
19:34:34.%f,5.64,-14.64,-177.39,-16.00,-5.00,0.00
19:34:34.%f,5.68,-14.79,-177.24,-14.00,-4.00,8.00
19:34:34.%f,5.85,-14.72,-177.16,-7.00,-17.00,-5.00
19:34:34.%f,5.90,-14.51,-177.09,-11.00,-3.00,-27.00
19:34:34.%f,5.93,-14.81,-176.93,-13.00,-2.00,3.00
19:34:34.%f,5.93,-14.83,-176.93,-3.00,2.00,-5.00
19:34:35.%f,5.93,-14.81,-176.96,0.00,-1.00,-7.00
19:34:35.%f,5.94,-14.75,-176.98,0.00,-4.00,-16.00
19:34:35.%f,5.93,-14.83,-176.97,-4.00,-5.00,-5.00
19:34:35.%f,6.02,-14.89,-176.95,0.00,-12.00,-9.00
19:34:35.%f,6.03,-15.06,-176.82,5.00,-1.00,-26.00
19:34:35.%f,6.08,-15.34,-176.85,4.00,4.00,-20.00
19:34:35.%f,6.11,-15.92,-176.79,-41.00,-5.00,52.00
19:34:35.%f,6.41,-15.52,-176.73,18.00,-12.00,-28.00
19:34:35.%f,6.80,-15.31,-176.54,-6.00,20.00,-10.00
19:34:36.%f,7.31,-15.48,-176.09,32.00,17.00,-28.00
19:34:36.%f,8.00,-15.67,-175.62,12.00,4.00,11.00
19:34:36.%f,8.79,-15.67,-175.75,5.00,18.00,-9.00
19:34:36.%f,9.45,-13.11,-177.33,38.00,8.00,-18.00
19:34:36.%f,9.69,-12.46,-177.78,-4.00,6.00,20.00
19:34:36.%f,10.32,-12.90,-176.96,-3.00,9.00,16.00
19:34:36.%f,10.97,-12.66,-177.19,10.00,10.00,-18.00
19:34:36.%f,11.52,-12.74,-177.30,11.00,13.00,-11.00
19:34:36.%f,11.88,-12.94,-177.40,0.00,7.00,15.00
19:34:37.%f,12.15,-12.87,-177.44,7.00,12.00,-9.00
19:34:37.%f,12.28,-12.91,-177.57,-4.00,4.00,2.00
19:34:37.%f,12.32,-12.90,-177.62,7.00,2.00,-5.00
19:34:37.%f,12.32,-12.92,-177.60,1.00,1.00,0.00
19:34:37.%f,12.34,-12.88,-177.65,16.00,-2.00,-9.00
19:34:37.%f,12.47,-12.84,-177.54,17.00,3.00,-1.00
19:34:37.%f,12.72,-12.78,-177.50,13.00,1.00,-17.00
19:34:37.%f,13.03,-12.97,-177.44,15.00,12.00,-7.00
19:34:37.%f,13.32,-13.21,-177.39,13.00,7.00,-6.00
19:34:38.%f,13.60,-13.32,-177.32,5.00,13.00,-2.00
19:34:38.%f,13.73,-13.32,-177.33,8.00,10.00,-5.00
19:34:38.%f,13.67,-13.44,-177.33,12.00,9.00,-4.00
19:34:38.%f,13.51,-13.69,-177.37,13.00,15.00,-8.00
19:34:38.%f,13.23,-14.05,-177.32,1.00,8.00,5.00
19:34:38.%f,12.72,-14.06,-177.26,-6.00,15.00,10.00
19:34:38.%f,11.70,-13.92,-177.43,11.00,24.00,-5.00
19:34:38.%f,10.09,-13.72,-177.55,7.00,31.00,-20.00
19:34:38.%f,7.64,-13.95,-177.93,-6.00,47.00,33.00
19:34:39.%f,3.95,-13.84,-178.48,9.00,24.00,13.00
19:34:39.%f,-1.43,-13.79,-178.64,22.00,-23.00,20.00
19:34:39.%f,-7.47,-13.37,-178.95,0.00,-41.00,-14.00
19:34:39.%f,-14.40,-12.36,-179.87,-17.00,-67.00,-31.00
19:34:39.%f,-22.20,-12.65,-179.77,11.00,-85.00,12.00
19:34:39.%f,-31.34,-12.96,-179.29,15.00,-72.00,23.00
19:34:39.%f,-41.08,-13.32,-178.79,9.00,-61.00,0.00
19:34:39.%f,-50.93,-11.58,-178.19,48.00,29.00,-85.00
19:34:39.%f,-60.36,-10.60,-177.11,-59.00,97.00,24.00
19:34:40.%f,-68.51,-9.54,-177.63,-57.00,6.00,-7.00
19:34:40.%f,-75.13,-9.75,-178.62,-65.00,29.00,24.00
19:34:40.%f,-80.58,-10.89,179.99,-52.00,-5.00,12.00
19:34:40.%f,-85.78,-11.62,178.76,-27.00,-68.00,-38.00
19:34:40.%f,-89.16,-12.87,178.79,-28.00,-58.00,16.00
19:34:40.%f,-91.56,-13.95,179.65,-4.00,-75.00,14.00
19:34:40.%f,-94.89,-14.89,-179.21,9.00,-46.00,26.00
19:34:40.%f,-99.39,-15.84,-178.28,-1.00,-127.00,41.00
19:34:40.%f,-102.40,-15.21,-176.85,-23.00,-36.00,3.00
19:34:41.%f,-103.25,-14.28,-176.37,-34.00,-30.00,-21.00
19:34:41.%f,-103.22,-13.91,-175.84,-75.00,137.00,-1.00
19:34:41.%f,-103.03,-14.59,-176.87,-48.00,68.00,42.00
19:34:41.%f,-103.27,-15.51,-177.36,-26.00,70.00,-6.00
19:34:41.%f,-104.41,-15.88,-178.63,11.00,31.00,-32.00
19:34:41.%f,-107.31,-16.14,-178.29,0.00,-54.00,63.00
19:34:41.%f,-109.27,-16.03,-177.84,-8.00,-90.00,-41.00
19:34:41.%f,-110.09,-16.08,-177.60,-38.00,-32.00,4.00
19:34:42.%f,-110.27,-16.78,-177.25,-22.00,-34.00,-11.00
19:34:42.%f,-109.85,-18.18,-177.18,-27.00,-5.00,36.00
19:34:42.%f,-109.13,-18.67,-177.48,2.00,-10.00,-3.00
19:34:42.%f,-107.85,-19.24,-177.17,-11.00,-55.00,11.00
19:34:42.%f,-105.38,-19.53,-176.33,13.00,-14.00,4.00
19:34:42.%f,-102.15,-19.82,-175.97,-9.00,31.00,-9.00
19:34:42.%f,-99.72,-19.85,-175.99,0.00,164.00,54.00
19:34:42.%f,-98.84,-20.40,-177.02,-22.00,-59.00,-45.00
19:34:42.%f,-97.46,-20.19,-176.54,40.00,12.00,-22.00
19:34:43.%f,-96.79,-21.54,-175.09,-23.00,-25.00,41.00
19:34:43.%f,-95.60,-20.89,-175.18,0.00,0.00,-29.00
19:34:43.%f,-94.88,-22.03,-174.70,29.00,12.00,12.00
19:34:43.%f,-94.06,-22.39,-174.92,1.00,-5.00,-4.00
19:34:43.%f,-93.43,-22.74,-174.83,8.00,22.00,6.00
19:34:43.%f,-92.85,-23.18,-174.85,7.00,0.00,-3.00
19:34:43.%f,-92.23,-23.48,-174.79,8.00,16.00,8.00
19:34:43.%f,-91.68,-23.48,-174.79,13.00,16.00,-4.00
19:34:43.%f,-91.24,-23.46,-174.87,11.00,9.00,-11.00
19:34:44.%f,-90.81,-23.62,-174.84,11.00,-5.00,12.00
19:34:44.%f,-90.04,-23.56,-175.01,10.00,4.00,-14.00
19:34:44.%f,-89.12,-23.69,-175.24,14.00,15.00,1.00
19:34:44.%f,-88.18,-23.74,-175.42,13.00,9.00,-5.00
19:34:44.%f,-87.27,-23.81,-175.56,5.00,16.00,0.00
19:34:44.%f,-86.70,-23.88,-175.53,16.00,2.00,-5.00
19:34:44.%f,-86.20,-23.93,-175.57,14.00,11.00,1.00
19:34:44.%f,-85.81,-23.95,-175.62,14.00,5.00,-4.00
19:34:44.%f,-85.42,-23.99,-175.64,15.00,-2.00,-4.00
19:34:45.%f,-84.89,-24.03,-175.80,19.00,6.00,0.00
19:34:45.%f,-84.13,-24.02,-176.06,12.00,9.00,1.00
19:34:45.%f,-83.49,-23.99,-176.44,-14.00,52.00,3.00
19:34:45.%f,-84.38,-23.96,-176.08,25.00,-11.00,35.00
19:34:45.%f,-87.31,-23.01,-175.16,-54.00,18.00,-33.00
19:34:45.%f,-91.78,-21.98,-175.41,-40.00,-16.00,25.00
19:34:45.%f,-98.78,-21.68,-175.95,-30.00,4.00,49.00
19:34:45.%f,-107.34,-21.06,-176.65,5.00,-80.00,-48.00
19:34:45.%f,131.20,6.73,164.53,-63.00,-59.00,-31.00
19:34:46.%f,-125.32,-20.84,-174.87,24.00,49.00,87.00
19:34:46.%f,-132.50,-20.18,-174.99,-5.00,184.00,14.00
19:34:46.%f,-139.77,-18.77,-176.29,-22.00,53.00,-13.00
19:34:46.%f,-145.68,-18.96,-176.85,-41.00,11.00,39.00
19:34:46.%f,-150.07,-18.25,-176.96,52.00,-33.00,-4.00
19:34:46.%f,-153.60,-17.64,-176.82,-21.00,26.00,-47.00
19:34:46.%f,-157.70,-16.97,-177.34,-31.00,-75.00,3.00
19:34:46.%f,-162.01,-16.88,-176.63,-1.00,-64.00,38.00
19:34:46.%f,-166.46,-16.64,-176.07,-25.00,-65.00,3.00
19:34:47.%f,-171.36,-16.07,-176.32,-28.00,-49.00,-70.00
19:34:47.%f,-175.30,-17.11,-176.14,-9.00,-66.00,75.00
19:34:47.%f,-179.45,-17.04,-176.04,-11.00,-24.00,-9.00
19:34:47.%f,177.69,-17.17,-176.30,-30.00,13.00,36.00
19:34:47.%f,174.85,-17.32,-176.89,-22.00,13.00,-13.00
19:34:47.%f,172.19,-17.33,-177.84,-40.00,18.00,1.00
19:34:47.%f,170.93,-17.57,-178.64,-26.00,21.00,12.00
19:34:47.%f,169.84,-18.71,-178.83,-42.00,-10.00,49.00
19:34:47.%f,169.03,-18.20,-179.01,40.00,-52.00,-28.00
19:34:48.%f,168.23,-16.94,-179.43,31.00,-73.00,-42.00
19:34:48.%f,168.44,-14.08,179.89,-25.00,-53.00,-15.00
19:34:48.%f,167.63,-14.40,-178.91,-25.00,-65.00,43.00
19:34:48.%f,165.86,-14.27,-178.39,-13.00,-68.00,-8.00
19:34:48.%f,164.32,-14.57,-178.11,-9.00,-116.00,-70.00
19:34:48.%f,163.88,-15.61,-176.91,-18.00,-46.00,64.00
19:34:48.%f,164.89,-16.62,-176.71,-4.00,-30.00,4.00
19:34:48.%f,166.85,-17.09,-176.86,-8.00,20.00,7.00
19:34:48.%f,168.93,-17.79,-177.24,-17.00,30.00,21.00
19:34:49.%f,170.47,-17.97,-177.89,-10.00,25.00,0.00
19:34:49.%f,171.31,-18.33,-178.21,-17.00,-12.00,29.00
19:34:49.%f,171.83,-18.37,-178.15,-59.00,6.00,183.00
19:34:49.%f,171.40,-15.83,-175.34,-5.00,80.00,55.00
19:34:49.%f,169.37,-7.11,-172.42,118.00,41.00,-75.00
19:34:49.%f,165.73,3.84,-168.83,145.00,102.00,-103.00
19:34:49.%f,159.93,5.04,-171.34,24.00,-90.00,-48.00
19:34:49.%f,159.72,6.54,-173.47,89.00,-104.00,-48.00
19:34:49.%f,161.78,8.12,-176.91,70.00,94.00,-9.00
19:34:50.%f,164.87,6.57,-178.02,14.00,69.00,15.00
19:34:50.%f,168.55,4.86,-177.85,16.00,85.00,-19.00
19:34:50.%f,171.42,5.28,-178.07,-44.00,-103.00,-49.00
19:34:50.%f,173.98,4.20,-177.38,4.00,-136.00,-81.00
19:34:50.%f,177.11,2.31,-177.14,-80.00,-12.00,5.00
19:34:50.%f,178.51,0.71,-177.11,-18.00,7.00,-9.00
19:34:50.%f,178.76,0.52,-178.47,-5.00,-43.00,-48.00
19:34:50.%f,179.27,-0.93,-178.19,74.00,-38.00,6.00
19:34:51.%f,-179.39,-3.57,-177.63,-87.00,-23.00,53.00
19:34:51.%f,-179.39,-4.05,-177.01,-18.00,67.00,-18.00
19:34:51.%f,179.82,-5.08,-177.48,17.00,-27.00,0.00
19:34:51.%f,178.64,-5.64,-177.50,1.00,-2.00,13.00
19:34:51.%f,178.38,-5.98,-178.12,14.00,-4.00,-18.00
19:34:51.%f,178.38,-6.44,-178.54,3.00,0.00,-12.00
19:34:51.%f,178.64,-7.13,-178.43,2.00,-20.00,-5.00
19:34:51.%f,179.39,-7.49,-178.44,7.00,-2.00,17.00
19:34:51.%f,-179.59,-7.07,-178.74,24.00,5.00,-14.00
19:34:52.%f,-178.41,-6.75,-178.99,6.00,0.00,-8.00
19:34:52.%f,-177.51,-6.56,-179.39,12.00,5.00,-21.00
19:34:52.%f,-177.07,-6.20,-179.93,23.00,-8.00,-34.00
19:34:52.%f,-176.47,-6.98,-179.75,2.00,-2.00,-15.00
19:34:52.%f,-176.19,-8.08,-179.36,-5.00,-4.00,28.00
19:34:52.%f,-176.01,-7.74,-179.53,17.00,1.00,-27.00
19:34:52.%f,-175.78,-7.75,-179.63,9.00,-9.00,0.00
19:34:52.%f,-175.62,-7.79,-179.67,9.00,-2.00,-10.00
19:34:52.%f,-175.49,-7.86,-179.71,5.00,-6.00,1.00
19:34:53.%f,-175.38,-7.87,-179.73,10.00,-12.00,-10.00
19:34:53.%f,-175.24,-7.96,-179.58,12.00,-11.00,-4.00
19:34:53.%f,-175.02,-8.17,-179.56,12.00,-3.00,0.00
19:34:53.%f,-174.79,-8.24,-179.62,11.00,4.00,-10.00
19:34:53.%f,-174.75,-8.41,-179.59,3.00,2.00,0.00
19:34:53.%f,-174.86,-8.46,-179.74,8.00,-14.00,0.00
19:34:53.%f,-175.20,-8.44,-179.97,12.00,25.00,20.00
19:34:53.%f,-176.03,-7.79,179.76,-58.00,20.00,45.00
19:34:53.%f,-178.20,-6.87,179.00,-118.00,129.00,48.00
19:34:54.%f,179.28,-5.27,178.53,-82.00,-81.00,-28.00
19:34:54.%f,178.49,-4.62,179.19,-42.00,37.00,9.00
19:34:54.%f,178.85,-4.16,179.85,-129.00,9.00,-50.00
19:34:54.%f,-179.28,-4.11,179.90,110.00,-143.00,-23.00
19:34:54.%f,-175.79,-5.30,-179.51,99.00,-1.00,-16.00
19:34:54.%f,-173.78,-4.67,-179.06,37.00,-42.00,-9.00
19:34:54.%f,-172.92,-4.91,-178.02,29.00,-17.00,42.00
19:34:54.%f,-173.04,-4.48,-177.14,26.00,8.00,-1.00
19:34:54.%f,-172.78,-3.53,-177.28,29.00,-31.00,-23.00
19:34:55.%f,-171.81,-3.80,-176.65,27.00,-12.00,21.00
19:34:55.%f,-171.00,-3.85,-176.48,8.00,4.00,-5.00
19:34:55.%f,-169.86,-3.83,-176.39,7.00,-8.00,-19.00
19:34:55.%f,-168.81,-3.76,-176.19,23.00,21.00,-23.00
19:34:55.%f,-167.94,-4.17,-176.70,-4.00,8.00,-2.00
19:34:55.%f,-167.23,-4.28,-176.94,5.00,2.00,-18.00
19:34:55.%f,-166.62,-4.59,-176.85,19.00,-9.00,-5.00
19:34:55.%f,-165.93,-4.94,-176.90,4.00,10.00,0.00
19:34:55.%f,-165.34,-5.12,-176.86,8.00,-5.00,-13.00
19:34:56.%f,-164.87,-5.52,-176.64,0.00,7.00,2.00
19:34:56.%f,-164.38,-5.73,-176.55,7.00,1.00,0.00
19:34:56.%f,-163.85,-5.73,-176.61,9.00,-3.00,-3.00
19:34:56.%f,-163.23,-5.73,-176.77,3.00,-3.00,-8.00
19:34:56.%f,-162.45,-5.81,-177.04,13.00,10.00,-19.00
19:34:56.%f,-161.74,-6.21,-177.05,-1.00,-1.00,-22.00
19:34:56.%f,-161.09,-6.62,-176.95,-2.00,3.00,-3.00
19:34:56.%f,-160.62,-6.87,-177.09,4.00,19.00,-12.00
19:34:56.%f,-160.44,-7.21,-177.21,3.00,4.00,10.00
19:34:57.%f,-160.30,-7.35,-177.52,7.00,-4.00,-8.00
19:34:57.%f,-160.17,-7.61,-177.84,17.00,0.00,-22.00
19:34:57.%f,-160.15,-8.12,-177.97,2.00,2.00,10.00
19:34:57.%f,-160.20,-8.33,-178.09,10.00,-4.00,-2.00
19:34:57.%f,-160.41,-8.39,-178.10,20.00,-13.00,-36.00
19:34:57.%f,-160.66,-8.89,-177.90,-80.00,-15.00,60.00
19:34:57.%f,-160.61,-8.41,-178.06,111.00,25.00,-88.00
19:34:57.%f,-160.77,-9.40,-177.67,-24.00,-15.00,18.00
19:34:57.%f,-160.70,-9.32,-178.11,-31.00,0.00,15.00
19:34:58.%f,-160.83,-9.87,-178.20,0.00,26.00,-12.00
19:34:58.%f,-161.09,-9.88,-178.80,16.00,-8.00,9.00
19:34:58.%f,-161.45,-10.00,-178.82,3.00,-12.00,-21.00
19:34:58.%f,-161.45,-10.36,-179.26,20.00,9.00,-9.00
19:34:58.%f,-161.71,-10.93,-179.52,5.00,11.00,8.00
19:34:58.%f,-162.42,-11.13,-179.74,18.00,5.00,-22.00
19:34:58.%f,-163.19,-11.61,-179.57,-1.00,2.00,29.00
19:34:58.%f,-164.36,-11.47,-179.37,-17.00,101.00,2.00
19:34:58.%f,-168.67,-11.04,-179.23,15.00,227.00,7.00
19:34:59.%f,-178.20,-11.67,179.51,-96.00,159.00,36.00
19:34:59.%f,168.00,-10.23,177.46,164.00,-24.00,46.00
19:34:59.%f,153.78,-10.86,177.67,0.00,-84.00,-53.00
19:34:59.%f,137.25,-7.80,177.80,5.00,-23.00,-45.00
19:34:59.%f,117.36,-8.01,178.78,185.00,68.00,-78.00
19:34:59.%f,90.09,-7.93,-179.32,186.00,26.00,-48.00
19:34:59.%f,66.82,-6.13,-177.89,74.00,-52.00,-1.00
19:34:59.%f,49.48,-4.74,-177.78,17.00,-32.00,30.00
19:35:00.%f,36.78,-3.59,-177.95,30.00,-127.00,-2.00
19:35:00.%f,26.76,-3.74,-178.02,32.00,-172.00,-9.00
19:35:00.%f,19.52,-4.00,-178.57,3.00,-81.00,10.00
19:35:00.%f,14.48,-4.06,-178.42,71.00,-204.00,-18.00
19:35:00.%f,11.59,-4.45,-178.82,42.00,-99.00,-8.00
19:35:00.%f,9.82,-5.78,-178.59,2.00,-114.00,15.00
19:35:00.%f,8.97,-5.97,-177.25,17.00,-62.00,8.00
19:35:00.%f,8.66,-6.39,-176.99,5.00,-61.00,2.00
19:35:00.%f,8.77,-6.21,-176.63,45.00,-85.00,-2.00
19:35:01.%f,12.61,-6.00,-176.60,228.00,-174.00,-49.00
19:35:01.%f,23.60,-8.33,-175.63,140.00,32643.00,-3.00
19:35:01.%f,41.46,-11.58,-175.03,71.00,-34.00,-28.00
19:35:01.%f,64.18,-14.01,-176.61,144.00,101.00,-16.00
19:35:01.%f,86.60,-17.51,-177.50,101.00,118.00,-31.00
19:35:01.%f,108.59,-19.41,-179.43,134.00,130.00,-22.00
19:35:01.%f,129.54,-19.28,177.69,80.00,-10.00,-36.00
19:35:01.%f,144.05,-18.20,176.52,93.00,-122.00,-68.00
19:35:01.%f,154.94,-18.23,177.96,28.00,-41.00,27.00
19:35:02.%f,164.12,-18.25,177.82,25.00,-44.00,-8.00
19:35:02.%f,171.83,-18.47,177.12,-65.00,-105.00,-48.00
19:35:02.%f,177.33,-17.35,177.29,1.00,6.00,20.00
19:35:02.%f,-178.46,-17.63,176.60,-32.00,92.00,15.00
19:35:02.%f,-175.98,-18.06,176.07,-15.00,-61.00,0.00
19:35:02.%f,-172.41,-18.38,176.64,-38.00,-9.00,-5.00
19:35:02.%f,-168.78,-18.97,177.17,46.00,-19.00,8.00
19:35:02.%f,-167.59,-19.40,177.71,-5.00,-26.00,47.00
19:35:02.%f,-167.46,-18.93,177.87,12.00,-63.00,-4.00
19:35:03.%f,-167.51,-18.42,178.18,3.00,-48.00,-9.00
19:35:03.%f,-167.25,-18.50,177.91,-4.00,-34.00,-5.00
19:35:03.%f,-167.33,-18.67,178.27,15.00,-55.00,-1.00
19:35:03.%f,-167.48,-18.80,178.83,26.00,-29.00,9.00
19:35:03.%f,-167.75,-19.07,179.47,6.00,-32.00,10.00
19:35:03.%f,-167.96,-18.72,179.70,45.00,-27.00,-12.00
19:35:03.%f,-168.22,-18.62,-179.64,18.00,-26.00,0.00
19:35:03.%f,-168.06,-18.31,-179.22,14.00,-8.00,-8.00
19:35:03.%f,-167.82,-18.32,-179.03,7.00,-13.00,-2.00
19:35:04.%f,-167.45,-18.40,-178.80,2.00,-9.00,3.00
19:35:04.%f,-167.07,-18.43,-178.67,9.00,-3.00,-4.00
19:35:04.%f,-166.76,-18.58,-178.49,11.00,-5.00,-2.00
19:35:04.%f,-166.60,-18.70,-178.31,5.00,-8.00,3.00
19:35:04.%f,-166.51,-18.71,-178.23,5.00,-2.00,0.00
19:35:04.%f,-166.52,-18.79,-178.21,0.00,-7.00,5.00
19:35:04.%f,-166.56,-18.68,-178.24,8.00,-11.00,-3.00
19:35:04.%f,-166.61,-18.68,-178.24,7.00,-16.00,1.00
19:35:04.%f,-166.64,-18.67,-178.32,15.00,-14.00,-4.00
19:35:05.%f,-166.77,-18.80,-178.26,17.00,-14.00,0.00
19:35:05.%f,-166.81,-18.87,-178.17,19.00,-22.00,3.00
19:35:05.%f,-166.62,-19.01,-178.15,7.00,-8.00,-3.00
19:35:05.%f,-166.26,-19.26,-178.08,13.00,-6.00,2.00
19:35:05.%f,-165.86,-19.54,-178.12,17.00,-2.00,-11.00
19:35:05.%f,-165.59,-19.91,-178.13,0.00,4.00,4.00
19:35:05.%f,-165.46,-20.12,-178.17,6.00,-2.00,11.00
19:35:05.%f,-165.42,-20.14,-178.26,5.00,4.00,-1.00
19:35:05.%f,-165.54,-20.17,-178.29,4.00,-1.00,12.00
19:35:06.%f,-165.77,-20.14,-178.32,8.00,-136.00,0.00
19:35:06.%f,-165.99,-20.02,-178.23,8.00,-4.00,-1.00
19:35:06.%f,-166.21,-19.99,-178.15,6.00,-8.00,1.00
19:35:06.%f,-166.33,-20.05,-178.09,8.00,-7.00,0.00
19:35:06.%f,-166.36,-20.21,-178.06,4.00,-5.00,2.00
19:35:06.%f,-166.33,-20.20,-178.03,5.00,-10.00,8.00
19:35:06.%f,-166.19,-20.06,-178.06,9.00,5.00,-8.00
19:35:06.%f,-166.16,-20.01,-178.03,9.00,-3.00,3.00
19:35:06.%f,-166.26,-19.87,-177.91,18.00,1.00,-9.00
19:35:07.%f,-166.45,-19.88,-177.75,11.00,-6.00,4.00
19:35:07.%f,-166.55,-19.77,-177.76,12.00,-1.00,-5.00
19:35:07.%f,-166.58,-19.80,-177.71,10.00,-5.00,-3.00
19:35:07.%f,-166.58,-19.77,-177.74,20.00,-1.00,-1.00
19:35:07.%f,-166.44,-19.38,-177.92,21.00,-8.00,-8.00
19:35:07.%f,-166.05,-19.14,-178.25,15.00,0.00,-8.00
19:35:07.%f,-165.70,-19.35,-178.61,0.00,-8.00,-12.00
19:35:07.%f,-165.80,-19.37,-178.38,-5.00,-10.00,4.00
19:35:08.%f,-165.98,-19.52,-178.23,12.00,-1.00,0.00
19:35:08.%f,-166.23,-19.75,-178.29,8.00,3.00,-9.00
19:35:08.%f,-166.72,-20.08,-178.12,12.00,-1.00,11.00
19:35:08.%f,-167.25,-20.13,-178.09,13.00,-7.00,0.00
19:35:08.%f,-167.66,-20.12,-178.19,17.00,-7.00,-5.00
19:35:08.%f,-167.95,-20.14,-178.17,5.00,-11.00,-1.00
19:35:08.%f,-167.96,-20.21,-178.19,8.00,-11.00,0.00
19:35:08.%f,-167.86,-20.35,-178.14,8.00,1.00,-3.00
19:35:08.%f,-167.55,-20.53,-178.06,0.00,2.00,5.00
19:35:09.%f,-167.34,-20.47,-178.05,7.00,10.00,8.00
19:35:09.%f,-167.32,-20.10,-177.89,4.00,1.00,-6.00
19:35:09.%f,-167.35,-19.76,-177.79,-3.00,-7.00,1.00
19:35:09.%f,-167.43,-19.49,-177.67,13.00,-10.00,-16.00
19:35:09.%f,-167.39,-19.40,-177.66,11.00,-4.00,-7.00
19:35:09.%f,-167.21,-19.49,-177.71,10.00,0.00,0.00
19:35:09.%f,-166.97,-19.61,-177.81,9.00,-2.00,-15.00
19:35:09.%f,-166.77,-19.78,-177.73,5.00,7.00,1.00
19:35:09.%f,-166.64,-20.03,-177.52,10.00,-2.00,10.00
19:35:10.%f,-166.56,-19.96,-177.34,7.00,-13.00,6.00
19:35:10.%f,-166.33,-19.68,-177.43,-11.00,-11.00,5.00
19:35:10.%f,-166.04,-19.43,-177.43,6.00,7.00,-7.00
19:35:10.%f,-165.88,-19.38,-177.45,6.00,-4.00,4.00
19:35:10.%f,-165.80,-19.34,-177.44,4.00,3.00,-6.00
19:35:10.%f,-165.91,-19.43,-177.35,6.00,-1.00,5.00
19:35:10.%f,-166.09,-19.40,-177.28,10.00,0.00,-2.00
19:35:10.%f,-166.24,-19.39,-177.23,9.00,0.00,-1.00
19:35:10.%f,-166.33,-19.35,-177.17,12.00,-1.00,3.00
19:35:11.%f,-166.30,-19.22,-177.29,11.00,0.00,-8.00
19:35:11.%f,-166.23,-19.15,-177.31,4.00,-1.00,-1.00
19:35:11.%f,-166.06,-19.10,-177.42,9.00,-5.00,0.00
19:35:11.%f,-165.97,-19.06,-177.54,5.00,13.00,-14.00
19:35:11.%f,-166.16,-19.29,-177.12,8.00,-1.00,2.00
19:35:11.%f,-166.35,-19.44,-176.77,9.00,0.00,4.00
19:35:11.%f,-166.49,-19.42,-176.57,15.00,0.00,-6.00
19:35:11.%f,-166.52,-19.45,-176.50,14.00,0.00,-3.00
19:35:11.%f,-166.52,-19.58,-176.50,12.00,2.00,-1.00
19:35:12.%f,-166.53,-19.75,-176.50,12.00,4.00,2.00
19:35:12.%f,-166.54,-19.84,-176.50,8.00,0.00,0.00
19:35:12.%f,-166.54,-19.91,-176.53,9.00,2.00,-3.00
19:35:12.%f,-166.55,-19.97,-176.51,10.00,3.00,-3.00
19:35:12.%f,-166.55,-20.12,-176.49,9.00,-1.00,-2.00
19:35:12.%f,-166.57,-20.33,-176.46,9.00,-1.00,0.00
19:35:12.%f,-166.55,-20.34,-176.48,6.00,-3.00,4.00
19:35:12.%f,-166.36,-20.29,-176.58,7.00,1.00,0.00
19:35:12.%f,-166.12,-20.26,-176.70,11.00,0.00,2.00
19:35:13.%f,-165.89,-20.17,-176.92,10.00,3.00,-3.00
19:35:13.%f,-9.83,55.52,-13.10,9.00,0.00,-1.00
19:35:13.%f,-165.67,-19.98,-177.26,16.00,0.00,-10.00
19:35:13.%f,-165.78,-19.97,-177.23,20.00,0.00,-6.00
19:35:13.%f,-165.96,-19.96,-177.16,20.00,3.00,-1.00
19:35:13.%f,-166.18,-19.88,-177.06,15.00,0.00,-7.00
19:35:13.%f,-166.33,-19.90,-177.17,16.00,9.00,-10.00
19:35:13.%f,-166.61,-20.09,-177.15,13.00,2.00,-1.00
19:35:14.%f,-166.97,-20.25,-176.95,15.00,0.00,-1.00
19:35:14.%f,-167.26,-20.29,-176.75,17.00,-4.00,2.00
19:35:14.%f,-167.38,-20.26,-176.69,11.00,-1.00,-8.00
19:35:14.%f,-167.45,-20.27,-176.55,7.00,-5.00,2.00
19:35:14.%f,-167.44,-20.34,-176.56,7.00,1.00,-7.00
19:35:14.%f,-167.51,-20.55,-176.52,4.00,0.00,0.00
19:35:14.%f,-167.64,-20.72,-176.47,7.00,-5.00,4.00
19:35:14.%f,-167.93,-20.69,-176.23,8.00,-2.00,17.00
19:35:14.%f,-168.90,-20.36,-175.87,32.00,-14.00,6.00
19:35:15.%f,-170.38,-19.95,-175.69,-2.00,-10.00,-1.00
19:35:15.%f,-171.37,-18.85,-176.66,-41.00,36.00,-33.00
19:35:15.%f,-173.97,-18.94,-177.88,28.00,7.00,12.00
19:35:15.%f,-176.44,-18.56,-178.37,3.00,32.00,54.00
19:35:15.%f,-177.54,-16.64,-179.38,-106.00,81.00,-18.00
19:35:15.%f,-179.22,-15.70,-179.49,-17.00,10.00,0.00
19:35:15.%f,179.62,-15.79,-178.51,-28.00,44.00,54.00
19:35:15.%f,179.96,-15.60,-178.14,-27.00,35.00,4.00
19:35:15.%f,-177.96,-16.05,-178.33,-61.00,49.00,-2.00
19:35:16.%f,-175.55,-16.41,-178.62,45.00,-28.00,13.00
19:35:16.%f,-173.21,-17.00,-178.25,41.00,-72.00,23.00
19:35:16.%f,-170.66,-16.01,-178.16,119.00,-101.00,-49.00
19:35:16.%f,-167.96,-15.62,-177.16,29.00,-71.00,-3.00
19:35:16.%f,-166.72,-14.33,-175.44,14.00,-37.00,-9.00
19:35:16.%f,-166.27,-13.71,-174.40,49.00,-75.00,-18.00
19:35:16.%f,-165.66,-13.69,-173.46,10.00,-30.00,29.00
19:35:16.%f,-165.42,-13.41,-173.50,-4.00,15.00,4.00
19:35:16.%f,-167.37,-12.68,-173.91,-41.00,21.00,-19.00
19:35:17.%f,-170.41,-11.28,-174.19,26.00,-8.00,-15.00
19:35:17.%f,-172.20,-10.53,-174.02,32.00,-21.00,15.00
19:35:17.%f,-172.77,-9.25,-173.99,47.00,5.00,-31.00
19:35:17.%f,-172.77,-8.43,-173.69,44.00,-1.00,-27.00
19:35:17.%f,-172.21,-8.21,-173.52,14.00,18.00,3.00
19:35:17.%f,-171.66,-7.87,-173.45,27.00,4.00,-29.00
19:35:17.%f,-171.14,-8.17,-173.60,2.00,-7.00,-27.00
19:35:17.%f,-170.56,-8.89,-173.83,14.00,3.00,-3.00
19:35:17.%f,-169.87,-9.20,-173.90,12.00,-5.00,-7.00
19:35:18.%f,-169.18,-9.55,-174.29,-3.00,21.00,-13.00
19:35:18.%f,-168.79,-9.83,-174.54,-9.00,11.00,1.00
19:35:18.%f,-168.60,-9.81,-174.93,-1.00,14.00,0.00
19:35:18.%f,-168.43,-9.71,-174.99,0.00,-5.00,-9.00
19:35:18.%f,-168.10,-9.78,-174.83,14.00,-1.00,-17.00
19:35:18.%f,-167.75,-10.41,-174.54,10.00,1.00,6.00
19:35:18.%f,-167.40,-10.82,-174.30,4.00,5.00,-9.00
19:35:18.%f,-167.20,-11.03,-174.19,-12.00,-27.00,5.00
19:35:18.%f,-165.79,-9.29,-175.08,-72.00,17.00,110.00
19:35:19.%f,-162.57,-1.22,-173.02,-66.00,-31.00,47.00
19:35:19.%f,-156.99,14.28,-170.99,71.00,-62.00,7.00
19:35:19.%f,-157.35,20.15,-172.65,-61.00,-25.00,-91.00
19:35:19.%f,-161.37,24.83,-177.83,-32.00,-26.00,-76.00
19:35:19.%f,-161.73,27.83,-178.29,47.00,-52.00,-32.00
19:35:19.%f,-158.24,29.41,-174.69,-10.00,139.00,71.00
19:35:19.%f,-156.35,29.90,-172.84,151.00,8.00,-55.00
19:35:19.%f,-156.31,27.71,-174.06,-66.00,64.00,-26.00
19:35:19.%f,-154.80,26.14,-175.18,87.00,-8.00,46.00
19:35:20.%f,-155.59,21.03,-176.41,-34.00,-16.00,7.00
19:35:20.%f,-156.17,21.03,-177.13,-19.00,-17.00,49.00
19:35:20.%f,-157.42,25.66,-178.67,71.00,70.00,-54.00
19:35:20.%f,-155.40,23.75,-177.42,-36.00,-21.00,6.00
19:35:20.%f,-151.92,26.00,-175.04,33.00,-22.00,-3.00
19:35:20.%f,-148.89,29.97,-173.23,71.00,-18.00,-51.00
19:35:20.%f,-148.78,28.81,-173.71,14.00,12.00,-41.00
19:35:20.%f,-149.03,27.53,-173.78,48.00,13.00,7.00
19:35:21.%f,-149.61,24.99,-174.09,31.00,2.00,-22.00
19:35:21.%f,-149.23,20.61,-173.65,-53.00,41.00,19.00
19:35:21.%f,-149.96,19.31,-174.05,45.00,-25.00,0.00
19:35:21.%f,-151.23,20.52,-175.12,-12.00,-12.00,27.00
19:35:21.%f,-153.87,27.44,-178.27,37.00,14.00,-17.00
19:35:21.%f,-155.19,33.57,-179.80,36.00,5.00,5.00
19:35:21.%f,-155.52,34.28,-179.60,30.00,-6.00,-18.00
19:35:21.%f,-155.83,32.54,-179.79,23.00,29.00,-4.00
19:35:21.%f,-155.92,32.07,-179.92,16.00,14.00,-14.00
19:35:22.%f,-155.91,31.38,179.92,9.00,9.00,-20.00
19:35:22.%f,-154.70,26.87,-179.55,11.00,8.00,-8.00
19:35:22.%f,-152.83,20.45,-177.72,21.00,4.00,9.00
19:35:22.%f,-152.41,16.98,-177.02,-3.00,-13.00,8.00
19:35:22.%f,-152.40,15.59,-177.17,26.00,5.00,-4.00
19:35:22.%f,-152.57,15.69,-177.71,19.00,2.00,-18.00
19:35:22.%f,-152.85,15.74,-178.10,18.00,12.00,-3.00
19:35:22.%f,-153.10,15.73,-178.36,7.00,15.00,10.00
19:35:22.%f,-153.31,16.01,-178.36,23.00,10.00,-8.00
19:35:23.%f,-153.46,16.54,-178.15,17.00,9.00,-6.00
19:35:23.%f,-153.62,16.99,-178.04,25.00,9.00,-14.00
19:35:23.%f,-153.69,17.70,-178.25,28.00,0.00,-14.00
19:35:23.%f,-153.69,17.98,-178.31,34.00,6.00,-15.00
19:35:23.%f,-153.64,17.68,-178.28,14.00,10.00,-9.00
19:35:23.%f,-153.57,17.53,-178.32,8.00,2.00,-5.00
19:35:23.%f,-153.70,17.44,-178.64,28.00,4.00,-11.00
19:35:23.%f,-154.00,17.12,-178.86,6.00,5.00,-5.00
19:35:23.%f,-154.46,17.15,-179.11,19.00,1.00,-12.00
19:35:24.%f,-154.90,16.90,-179.23,13.00,-3.00,-1.00
19:35:24.%f,-155.33,16.93,-179.37,16.00,-5.00,-10.00
19:35:24.%f,-155.69,16.85,-179.46,14.00,7.00,-12.00
19:35:24.%f,-155.93,16.84,-179.54,13.00,-2.00,-15.00
19:35:24.%f,-156.00,16.83,-179.55,16.00,0.00,-9.00
19:35:24.%f,-155.99,16.77,-179.57,6.00,-2.00,-3.00
19:35:24.%f,-155.88,16.80,-179.62,13.00,2.00,-8.00
19:35:24.%f,-155.81,16.81,-179.61,19.00,-4.00,-14.00
19:35:24.%f,-155.79,16.69,-179.61,25.00,1.00,-4.00
19:35:25.%f,-155.80,16.45,-179.80,12.00,2.00,1.00
19:35:25.%f,-155.79,16.49,-179.99,18.00,9.00,-12.00
19:35:25.%f,-155.80,16.41,179.98,9.00,0.00,0.00
17:48:41.%f,0.00,0.00,0.00,0.00,0.00,0.00
17:48:41.%f,0.00,0.00,0.00,0.00,0.00,0.00
17:48:41.%f,0.00,0.00,0.00,0.00,0.00,0.00
17:48:41.%f,0.00,0.00,0.00,0.00,0.00,0.00
17:48:41.%f,0.00,0.00,0.00,0.00,0.00,0.00
17:48:41.%f,0.00,0.00,0.00,0.00,0.00,0.00
17:48:41.%f,31.00,8.74,-177.54,-1.00,1.00,2.00
17:48:41.%f,31.00,8.74,-177.54,0.00,0.00,-1.00
17:48:42.%f,31.00,8.74,-177.54,-1.00,-1.00,3.00
17:48:42.%f,31.00,8.74,-177.54,-1.00,0.00,-1.00
17:48:42.%f,31.00,8.74,-177.54,-1.00,0.00,2.00
17:48:42.%f,31.00,8.74,-177.54,0.00,2.00,2.00
17:48:42.%f,31.00,8.74,-177.54,-1.00,1.00,0.00
17:48:42.%f,31.00,8.74,-177.54,0.00,0.00,-1.00
17:48:42.%f,31.00,8.74,-177.54,-1.00,0.00,0.00
17:48:42.%f,31.00,8.74,-177.54,0.00,0.00,0.00
17:48:42.%f,31.00,8.74,-177.54,-1.00,0.00,0.00
17:48:43.%f,31.00,8.74,-177.54,0.00,1.00,0.00
17:48:43.%f,31.00,8.74,-177.54,0.00,0.00,-2.00
17:48:43.%f,31.00,8.74,-177.54,0.00,0.00,0.00
17:48:43.%f,31.00,8.74,-177.54,-1.00,1.00,3.00
17:48:43.%f,31.00,8.74,-177.54,-1.00,0.00,-2.00
17:48:43.%f,31.00,8.74,-177.54,-2.00,0.00,-1.00
17:48:43.%f,31.00,8.74,-177.54,-1.00,1.00,0.00
17:48:43.%f,31.00,8.74,-177.54,-1.00,0.00,1.00
17:48:44.%f,31.00,8.74,-177.54,-1.00,1.00,1.00
17:48:44.%f,31.00,8.74,-177.54,-2.00,0.00,-1.00
17:48:44.%f,31.00,8.74,-177.54,0.00,0.00,-1.00
17:48:44.%f,31.00,8.74,-177.54,-1.00,2.00,1.00
17:48:44.%f,31.00,8.74,-177.54,0.00,2.00,-2.00
17:48:44.%f,31.00,8.74,-177.54,0.00,1.00,0.00
17:48:44.%f,31.00,8.74,-177.54,-1.00,1.00,1.00
17:48:44.%f,31.00,8.74,-177.54,0.00,2.00,0.00
17:48:44.%f,31.00,8.74,-177.54,0.00,2.00,-2.00
17:48:45.%f,31.00,8.74,-177.54,-1.00,1.00,2.00
17:48:45.%f,31.00,8.74,-177.54,1.00,1.00,1.00
17:48:45.%f,31.00,8.74,-177.54,0.00,2.00,0.00
17:48:45.%f,31.00,8.74,-177.54,-1.00,0.00,0.00
17:48:45.%f,31.00,8.74,-177.54,0.00,0.00,0.00
17:48:45.%f,31.00,8.74,-177.54,0.00,1.00,0.00
17:48:45.%f,31.00,8.74,-177.54,-1.00,0.00,1.00
17:48:45.%f,31.00,8.74,-177.54,0.00,0.00,-1.00
17:48:45.%f,31.00,8.74,-177.54,0.00,0.00,0.00
17:48:46.%f,31.00,8.74,-177.54,0.00,1.00,0.00
17:48:46.%f,31.00,8.74,-177.54,-1.00,2.00,-1.00
17:48:46.%f,31.00,8.74,-177.54,-1.00,2.00,-1.00
17:48:46.%f,31.00,8.74,-177.54,-1.00,1.00,0.00
17:48:46.%f,31.00,8.74,-177.54,0.00,1.00,0.00
17:48:46.%f,31.00,8.74,-177.54,0.00,2.00,0.00
17:48:46.%f,31.00,8.74,-177.54,-1.00,0.00,0.00
17:48:46.%f,31.00,8.74,-177.54,-1.00,0.00,-1.00
17:48:46.%f,31.00,8.74,-177.54,0.00,0.00,-1.00
17:48:47.%f,31.00,8.74,-177.54,0.00,0.00,-2.00
17:48:47.%f,31.00,8.74,-177.54,0.00,1.00,-2.00
17:48:47.%f,31.00,8.74,-177.54,-1.00,2.00,1.00
17:48:47.%f,31.00,8.74,-177.54,0.00,1.00,0.00
17:48:47.%f,31.00,8.74,-177.54,-1.00,0.00,0.00
17:48:47.%f,31.00,8.74,-177.54,0.00,0.00,-1.00
17:48:47.%f,31.00,8.74,-177.54,-1.00,1.00,0.00
17:48:47.%f,31.00,8.74,-177.54,-1.00,2.00,0.00
17:48:47.%f,31.00,8.74,-177.54,-1.00,1.00,-2.00
17:48:48.%f,31.00,8.74,-177.54,-1.00,1.00,0.00
17:48:48.%f,31.00,8.74,-177.54,-1.00,1.00,0.00
17:48:48.%f,31.00,8.74,-177.54,-1.00,1.00,1.00
17:48:48.%f,31.00,8.74,-177.54,0.00,1.00,0.00
17:48:48.%f,31.00,8.74,-177.54,1.00,0.00,-1.00
17:48:48.%f,31.00,8.74,-177.54,-1.00,1.00,0.00
17:48:48.%f,31.00,8.74,-177.54,-1.00,1.00,-1.00
17:48:48.%f,31.00,8.74,-177.54,0.00,0.00,1.00
17:48:49.%f,31.00,8.74,-177.54,0.00,1.00,-1.00
17:48:49.%f,31.00,8.74,-177.54,-1.00,0.00,0.00
17:48:49.%f,31.00,8.74,-177.54,-1.00,3.00,0.00
17:48:49.%f,31.00,8.74,-177.54,0.00,1.00,0.00
17:48:49.%f,31.00,8.74,-177.54,-1.00,-1.00,0.00
17:48:49.%f,31.00,8.74,-177.54,-1.00,1.00,2.00
17:48:49.%f,31.00,8.74,-177.54,-2.00,1.00,8.00
17:48:49.%f,31.00,8.74,-177.54,-1.00,1.00,-1.00
17:48:49.%f,31.00,8.74,-177.54,0.00,-1.00,0.00
17:48:50.%f,31.00,8.74,-177.54,-6.00,0.00,9.00
17:48:50.%f,30.99,8.72,-177.54,-1.00,-2.00,1.00
17:48:50.%f,30.99,8.72,-177.54,-1.00,2.00,1.00
17:48:50.%f,30.99,8.72,-177.54,0.00,14.00,-2.00
17:48:50.%f,30.99,8.72,-177.54,-2.00,3.00,2.00
17:48:50.%f,30.99,8.72,-177.54,0.00,0.00,0.00
17:48:50.%f,30.99,8.72,-177.54,-1.00,1.00,3.00
17:48:50.%f,30.99,8.72,-177.54,0.00,0.00,1.00
17:48:50.%f,30.99,8.72,-177.54,-1.00,0.00,0.00
17:48:51.%f,30.99,8.72,-177.54,9.00,29.00,6.00
17:48:51.%f,31.00,8.80,-177.51,19.00,9.00,0.00
17:48:51.%f,30.93,8.71,-177.63,49.00,-28.00,-99.00
17:48:51.%f,31.10,7.14,-177.47,-10.00,-97.00,-60.00
17:48:51.%f,35.08,4.21,-177.64,-53.00,237.00,-64.00
17:48:51.%f,45.93,4.06,-178.61,-39.00,197.00,-79.00
17:48:51.%f,62.08,9.99,-178.89,-18.00,25.00,-21.00
17:48:51.%f,75.41,13.66,-179.36,-103.00,40.00,15.00
17:48:51.%f,86.03,15.45,178.76,-177.00,-18.00,-44.00
17:48:52.%f,97.16,14.78,177.74,-135.00,-126.00,4.00
17:48:52.%f,108.80,13.46,175.97,-117.00,-144.00,4.00
17:48:52.%f,117.22,12.03,173.77,-102.00,-152.00,-6.00
17:48:52.%f,128.80,10.09,174.00,-40.00,-166.00,35.00
17:48:52.%f,139.23,8.41,174.46,58.00,-240.00,32.00
17:48:52.%f,151.16,6.99,173.45,57.00,-141.00,-9.00
17:48:52.%f,158.90,7.63,172.17,37.00,-232.00,2.00
17:48:52.%f,161.15,5.44,170.36,138.00,-371.00,36.00
17:48:52.%f,158.57,2.79,167.67,232.00,-347.00,-36.00
17:48:53.%f,151.97,-0.38,168.01,239.00,-226.00,-94.00
17:48:53.%f,142.64,0.02,167.91,190.00,-209.00,-42.00
17:48:53.%f,129.85,2.14,170.35,48.00,-199.00,-87.00
17:48:53.%f,113.32,8.27,171.59,-72.00,-203.00,-30.00
17:48:53.%f,94.22,14.12,173.53,-203.00,-122.00,58.00
17:48:53.%f,77.11,16.72,176.25,-243.00,-47.00,-24.00
17:48:53.%f,68.70,17.87,-180.00,-257.00,38.00,-89.00
17:48:53.%f,62.68,12.64,-175.86,-124.00,42.00,-62.00
17:48:53.%f,56.89,12.31,-174.79,47.00,1.00,-16.00
17:48:54.%f,56.88,14.38,-174.37,189.00,-59.00,71.00
17:48:54.%f,56.93,12.08,-174.65,9.00,-16.00,10.00
17:48:54.%f,56.89,10.52,-174.91,-10.00,28.00,18.00
17:48:54.%f,56.99,11.43,-174.83,74.00,16.00,-1.00
17:48:54.%f,56.95,11.26,-174.89,25.00,17.00,5.00
17:48:54.%f,56.93,11.58,-175.01,23.00,15.00,3.00
17:48:54.%f,56.91,11.73,-175.10,29.00,16.00,1.00
17:48:54.%f,56.89,11.87,-175.17,23.00,12.00,4.00
17:48:54.%f,56.88,11.99,-175.22,23.00,11.00,0.00
