02:49:02,0.00,0.00,0.00,0.00,0.00,0.00
02:49:02,0.00,0.00,0.00,0.00,0.00,0.00
02:49:02,0.00,0.00,0.00,0.00,0.00,0.00
02:49:02,0.00,0.00,0.00,0.00,0.00,0.00
02:49:02,0.00,0.00,0.00,0.00,0.00,0.00
02:49:02,0.00,0.00,0.00,0.00,0.00,0.00
02:49:03,-72.75,6.70,-177.11,1.00,-1.00,-7.00
02:49:03,-72.75,6.70,-177.11,0.00,0.00,-6.00
02:49:03,-72.75,6.70,-177.11,0.00,0.00,-6.00
02:49:03,-72.75,6.70,-177.11,1.00,0.00,-8.00
02:49:03,-72.75,6.70,-177.11,1.00,-1.00,-6.00
02:49:03,-72.75,6.70,-177.11,0.00,0.00,-6.00
02:49:03,-72.75,6.70,-177.11,2.00,0.00,-8.00
02:49:03,-72.75,6.70,-177.11,1.00,0.00,-7.00
02:49:04,-72.75,6.70,-177.11,0.00,-2.00,-6.00
02:49:04,-72.75,6.70,-177.11,0.00,0.00,-7.00
02:49:04,-72.75,6.70,-177.11,1.00,1.00,-8.00
02:49:04,-72.75,6.70,-177.11,1.00,0.00,-8.00
02:49:04,-72.75,6.70,-177.11,0.00,-1.00,-3.00
02:49:04,-72.75,6.70,-177.11,1.00,0.00,-6.00
02:49:04,-72.75,6.70,-177.11,1.00,-1.00,-8.00
02:49:04,-72.75,6.70,-177.11,0.00,0.00,-4.00
02:49:04,-72.75,6.70,-177.11,0.00,0.00,-2.00
02:49:05,-72.75,6.70,-177.11,0.00,-1.00,-9.00
02:49:05,-72.75,6.70,-177.11,0.00,0.00,-3.00
02:49:05,-72.75,6.70,-177.11,2.00,0.00,-6.00
02:49:05,-72.75,6.70,-177.11,0.00,0.00,-4.00
02:49:05,-72.75,6.70,-177.11,1.00,1.00,-7.00
02:49:05,-72.75,6.70,-177.11,0.00,3.00,-5.00
02:49:05,-72.75,6.70,-177.11,0.00,0.00,-4.00
02:49:05,-72.75,6.70,-177.11,0.00,-1.00,-3.00
02:49:05,-72.75,6.70,-177.11,1.00,-1.00,-9.00
02:49:06,-72.75,6.70,-177.11,0.00,-1.00,-8.00
02:49:06,-72.75,6.70,-177.11,1.00,0.00,-7.00
02:49:06,-72.75,6.70,-177.11,0.00,0.00,-4.00
02:49:06,-72.75,6.70,-177.11,0.00,2.00,-6.00
02:49:06,-72.75,6.70,-177.11,0.00,0.00,-4.00
02:49:06,-72.75,6.70,-177.11,0.00,0.00,-5.00
02:49:06,-72.75,6.70,-177.11,1.00,0.00,-7.00
02:49:06,-72.75,6.70,-177.11,1.00,-1.00,-3.00
02:49:06,-72.75,6.70,-177.11,1.00,0.00,-5.00
02:49:07,-72.75,6.70,-177.11,0.00,0.00,-4.00
02:49:07,-72.75,6.70,-177.11,0.00,0.00,-8.00
02:49:07,-72.75,6.70,-177.11,0.00,0.00,-7.00
02:49:07,-72.75,6.70,-177.11,0.00,0.00,-4.00
02:49:07,-72.75,6.70,-177.11,0.00,0.00,-6.00
02:49:07,-72.75,6.70,-177.11,0.00,0.00,-5.00
02:49:07,-72.75,6.70,-177.11,0.00,0.00,-6.00
02:49:07,-72.75,6.70,-177.11,0.00,0.00,-5.00
02:49:08,-72.75,6.70,-177.11,0.00,1.00,-5.00
02:49:08,-72.75,6.70,-177.11,0.00,-1.00,-7.00
02:49:08,-72.75,6.70,-177.11,0.00,0.00,-6.00
02:49:08,-72.75,6.70,-177.11,1.00,-1.00,-6.00
02:49:08,-72.75,6.70,-177.11,1.00,-2.00,-5.00
02:49:08,-72.75,6.70,-177.11,0.00,0.00,-5.00
02:49:08,-72.75,6.70,-177.11,0.00,-2.00,-4.00
02:49:08,-72.75,6.70,-177.11,1.00,0.00,-5.00
02:49:08,-72.75,6.70,-177.11,0.00,0.00,-10.00
02:49:09,-72.75,6.70,-177.11,0.00,0.00,-5.00
02:49:09,-72.75,6.70,-177.11,-2.00,0.00,-6.00
02:49:09,-72.75,6.70,-177.11,1.00,1.00,-6.00
02:49:09,-72.75,6.70,-177.11,2.00,0.00,-8.00
02:49:09,-72.75,6.70,-177.11,0.00,-2.00,-6.00
02:49:09,-72.75,6.70,-177.11,0.00,0.00,-3.00
02:49:09,-72.75,6.70,-177.11,0.00,0.00,-7.00
02:49:09,-72.75,6.70,-177.11,0.00,-2.00,-4.00
02:49:09,-72.75,6.70,-177.11,1.00,0.00,-5.00
02:49:10,-72.75,6.70,-177.11,0.00,-1.00,-5.00
02:49:10,-72.75,6.70,-177.11,0.00,-1.00,-6.00
02:49:10,-72.75,6.70,-177.11,0.00,0.00,-6.00
02:49:10,-72.75,6.70,-177.11,0.00,0.00,-5.00
02:49:10,-72.75,6.70,-177.11,0.00,0.00,-7.00
02:49:10,-72.75,6.70,-177.11,1.00,-2.00,-6.00
02:49:10,-72.75,6.70,-177.11,0.00,-1.00,-4.00
02:49:10,-72.75,6.70,-177.11,0.00,0.00,-5.00
02:49:10,-72.75,6.70,-177.11,0.00,-1.00,-7.00
02:49:11,-72.75,6.70,-177.11,0.00,0.00,-5.00
02:49:11,-72.75,6.70,-177.11,1.00,0.00,-4.00
02:49:11,-72.75,6.70,-177.11,1.00,0.00,-5.00
02:49:11,-72.75,6.70,-177.11,-1.00,0.00,-8.00
02:49:11,-72.75,6.70,-177.11,0.00,-1.00,-5.00
02:49:11,-72.75,6.70,-177.11,0.00,0.00,-4.00
02:49:11,-72.75,6.70,-177.11,0.00,0.00,-4.00
02:49:11,-72.75,6.70,-177.11,0.00,-2.00,-7.00
02:49:11,-72.75,6.70,-177.11,0.00,0.00,-7.00
02:49:12,-72.75,6.70,-177.11,0.00,0.00,-4.00
02:49:12,-72.75,6.70,-177.11,0.00,0.00,-4.00
02:49:12,-72.75,6.70,-177.11,0.00,0.00,-7.00
02:49:12,-72.75,6.70,-177.11,0.00,-1.00,-5.00
02:49:12,-72.75,6.70,-177.11,0.00,0.00,-6.00
02:49:12,-72.75,6.70,-177.11,0.00,0.00,-6.00
02:49:12,-72.75,6.70,-177.11,0.00,0.00,-4.00
02:49:12,-72.75,6.70,-177.11,1.00,0.00,-4.00
02:49:13,-72.75,6.70,-177.11,1.00,0.00,-5.00
02:49:13,-72.75,6.70,-177.11,0.00,0.00,-6.00
02:49:13,-72.75,6.70,-177.11,0.00,0.00,-6.00
02:49:13,-72.75,6.70,-177.11,1.00,1.00,-9.00
02:49:13,-72.75,6.70,-177.11,1.00,0.00,-6.00
02:49:13,-72.75,6.70,-177.11,1.00,0.00,-6.00
02:49:13,-72.75,6.70,-177.11,1.00,-1.00,-4.00
02:49:13,-72.75,6.70,-177.11,0.00,0.00,-5.00
02:49:13,-72.75,6.70,-177.11,0.00,0.00,-2.00
02:49:14,-72.75,6.70,-177.11,-1.00,0.00,-6.00
02:49:14,-72.75,6.70,-177.11,0.00,0.00,-6.00
02:49:14,-72.75,6.70,-177.11,0.00,-1.00,-6.00
02:49:14,-72.75,6.70,-177.11,0.00,-2.00,-6.00
02:49:14,-72.75,6.70,-177.11,1.00,-1.00,-6.00
02:49:14,-72.75,6.70,-177.11,0.00,-2.00,-5.00
02:49:14,-72.75,6.70,-177.11,1.00,0.00,-4.00
02:49:14,-72.75,6.70,-177.11,0.00,1.00,-5.00
02:49:14,-72.75,6.70,-177.11,1.00,0.00,-8.00
02:49:15,-72.75,6.70,-177.11,0.00,1.00,-4.00
02:49:15,-72.75,6.70,-177.11,1.00,0.00,-3.00
02:49:15,-72.75,6.70,-177.11,1.00,0.00,-6.00
02:49:15,-72.75,6.70,-177.11,1.00,0.00,-3.00
02:49:15,-72.75,6.70,-177.11,1.00,-1.00,-6.00
02:49:15,-72.75,6.70,-177.11,0.00,3.00,-8.00
02:49:15,-72.75,6.70,-177.11,1.00,-2.00,-6.00
02:49:15,-72.75,6.70,-177.11,-1.00,1.00,-9.00
02:49:15,-72.75,6.70,-177.11,0.00,0.00,-6.00
02:49:16,-72.75,6.70,-177.11,1.00,-1.00,-6.00
02:49:16,-72.75,6.70,-177.11,1.00,2.00,-8.00
02:49:16,-72.75,6.70,-177.11,1.00,0.00,-6.00
02:49:16,-72.75,6.70,-177.11,1.00,0.00,-6.00
02:49:16,-72.75,6.70,-177.11,0.00,2.00,-5.00
02:49:16,-72.75,6.70,-177.11,0.00,0.00,-5.00
02:49:16,-72.75,6.70,-177.11,-2.00,0.00,-6.00
02:49:16,-72.75,6.70,-177.11,0.00,0.00,-3.00
02:49:16,-72.75,6.70,-177.11,0.00,-1.00,-5.00
02:49:17,-72.75,6.70,-177.11,0.00,0.00,-3.00
02:49:17,-72.75,6.70,-177.11,0.00,1.00,-3.00
02:49:17,-72.75,6.70,-177.11,1.00,-1.00,-4.00
02:49:17,-72.75,6.70,-177.11,0.00,1.00,-8.00
02:49:17,-72.75,6.70,-177.11,1.00,-1.00,-5.00
02:49:17,-72.75,6.70,-177.11,1.00,-2.00,-4.00
02:49:17,-72.75,6.70,-177.11,-1.00,-1.00,-7.00
02:49:17,-72.75,6.70,-177.11,0.00,0.00,-6.00
02:49:18,-72.75,6.70,-177.11,2.00,-2.00,-7.00
02:49:18,-72.75,6.70,-177.11,0.00,0.00,-3.00
02:49:18,-72.75,6.70,-177.11,1.00,-2.00,-9.00
02:49:18,-72.75,6.70,-177.11,1.00,0.00,-4.00
02:49:18,-72.75,6.70,-177.11,3.00,-2.00,-12.00
02:49:18,-72.75,6.70,-177.11,0.00,0.00,-5.00
02:49:18,-72.75,6.70,-177.11,2.00,0.00,-5.00
02:49:18,-72.75,6.70,-177.11,1.00,0.00,-6.00
02:49:18,-72.75,6.70,-177.11,1.00,0.00,-7.00
02:49:19,-72.75,6.70,-177.11,1.00,-1.00,-5.00
02:49:19,-72.75,6.70,-177.11,-1.00,-1.00,-3.00
02:49:19,-72.75,6.70,-177.11,1.00,0.00,-6.00
02:49:19,-72.75,6.70,-177.11,0.00,0.00,-6.00
02:49:19,-72.75,6.70,-177.11,-2.00,-1.00,-3.00
02:49:19,-72.75,6.70,-177.11,0.00,-1.00,-3.00
02:49:19,-72.75,6.71,-177.10,0.00,20.00,-11.00
02:49:19,-72.75,6.68,-177.11,6.00,-8.00,-8.00
02:49:19,-72.75,6.68,-177.11,-1.00,-1.00,-4.00
02:49:20,-72.75,6.65,-177.10,0.00,6.00,-4.00
02:49:20,-72.75,6.65,-177.10,0.00,-6.00,-7.00
02:49:20,-72.75,6.65,-177.10,0.00,2.00,-6.00
02:49:20,-72.75,6.65,-177.10,5.00,-2.00,-6.00
02:49:20,-72.75,6.65,-177.10,1.00,1.00,-8.00
02:49:20,-72.75,6.65,-177.10,2.00,0.00,-9.00
02:49:20,-72.75,6.65,-177.10,2.00,-2.00,-7.00
02:49:20,-72.75,6.65,-177.10,1.00,0.00,-7.00
02:49:20,-72.75,6.65,-177.10,3.00,0.00,-5.00
02:49:21,-72.75,6.65,-177.10,2.00,0.00,-6.00
02:49:21,-72.75,6.65,-177.10,0.00,0.00,-5.00
02:49:21,-72.75,6.65,-177.10,3.00,-2.00,-4.00
02:49:21,-72.75,6.65,-177.10,0.00,0.00,-7.00
02:49:21,-72.75,6.65,-177.10,0.00,-1.00,-6.00
02:49:21,-72.75,6.65,-177.10,1.00,-1.00,-4.00
02:49:21,-72.75,6.65,-177.10,1.00,-1.00,-6.00
02:49:21,-72.75,6.65,-177.10,2.00,0.00,-8.00
02:49:22,-72.75,6.65,-177.10,2.00,0.00,-4.00
02:49:22,-72.75,6.65,-177.10,-1.00,1.00,-1.00
02:49:22,-72.75,6.63,-177.10,3.00,-1.00,-10.00
02:49:22,-72.75,6.63,-177.10,0.00,1.00,-2.00
02:49:22,-72.75,6.63,-177.10,0.00,-2.00,-2.00
02:49:22,-72.75,6.63,-177.10,1.00,0.00,-8.00
02:49:22,-72.75,6.63,-177.10,0.00,-1.00,-4.00
02:49:22,-72.75,6.63,-177.10,2.00,-2.00,-9.00
02:49:22,-72.75,6.63,-177.10,0.00,2.00,-3.00
02:49:23,-72.75,6.63,-177.10,2.00,-4.00,-8.00
02:49:23,-72.75,6.63,-177.10,-1.00,0.00,-5.00
02:49:23,-72.75,6.63,-177.10,3.00,-1.00,-3.00
02:49:23,-72.75,6.63,-177.10,2.00,-2.00,-5.00
02:49:23,-72.75,6.63,-177.10,2.00,0.00,-7.00
02:49:23,-72.75,6.63,-177.10,2.00,0.00,-4.00
02:49:23,-72.75,6.63,-177.10,2.00,0.00,-6.00
02:49:23,-72.75,6.63,-177.10,1.00,-1.00,-6.00
02:49:23,-72.75,6.63,-177.10,3.00,0.00,-5.00
02:49:24,-72.75,6.63,-177.10,3.00,-1.00,-6.00
02:49:24,-72.75,6.63,-177.10,0.00,-2.00,-6.00
02:49:24,-72.75,6.63,-177.10,0.00,-2.00,-5.00
02:49:24,-72.75,6.63,-177.10,1.00,0.00,-4.00
02:49:24,-72.75,6.63,-177.10,1.00,0.00,-4.00
02:49:24,-72.75,6.63,-177.10,3.00,1.00,-10.00
02:49:24,-72.75,6.63,-177.10,2.00,0.00,-6.00
02:49:24,-72.75,6.63,-177.10,2.00,-2.00,-6.00
02:49:24,-72.75,6.63,-177.10,0.00,0.00,-5.00
02:49:25,-72.75,6.63,-177.10,1.00,-1.00,-4.00
02:49:25,-72.75,6.63,-177.10,2.00,0.00,-5.00
02:49:25,-72.75,6.63,-177.10,1.00,1.00,-4.00
02:49:25,-72.75,6.63,-177.10,2.00,-2.00,-9.00
02:49:25,-72.75,6.63,-177.10,0.00,0.00,-2.00
02:49:25,-72.75,6.63,-177.10,1.00,0.00,-4.00
02:49:25,-72.75,6.63,-177.10,1.00,-1.00,-7.00
02:49:25,-72.75,6.63,-177.10,2.00,0.00,-4.00
02:49:26,-72.75,6.63,-177.10,2.00,-2.00,-6.00
02:49:26,-72.75,6.63,-177.10,2.00,0.00,-6.00
02:49:26,-72.75,6.63,-177.10,2.00,-1.00,-7.00
02:49:26,-72.75,6.63,-177.10,2.00,1.00,-7.00
02:49:26,-72.75,6.63,-177.10,2.00,-2.00,-4.00
02:49:26,-72.75,6.63,-177.10,1.00,0.00,-4.00
02:49:26,-72.75,6.63,-177.10,4.00,-2.00,-8.00
02:49:26,-72.75,6.63,-177.10,1.00,0.00,-7.00
02:49:26,-72.75,6.63,-177.10,1.00,-1.00,-8.00
02:49:27,-72.75,6.63,-177.10,2.00,-1.00,-8.00
02:49:27,-72.75,6.63,-177.10,0.00,-1.00,-6.00
02:49:27,-72.75,6.63,-177.10,2.00,0.00,-4.00
02:49:27,-72.75,6.63,-177.10,1.00,0.00,-5.00
02:49:27,-72.38,6.67,-177.06,2.00,0.00,-6.00
02:49:27,-72.75,6.63,-177.10,0.00,-1.00,-8.00
02:49:27,-72.75,6.63,-177.10,2.00,0.00,-3.00
02:49:27,-72.75,6.63,-177.10,3.00,1.00,-8.00
02:49:27,-72.75,6.63,-177.10,1.00,-1.00,-6.00
02:49:28,-72.75,6.63,-177.10,2.00,0.00,-3.00
02:49:28,-72.75,6.63,-177.10,0.00,0.00,-5.00
02:49:28,-72.75,6.63,-177.10,0.00,-1.00,-3.00
02:49:28,-72.75,6.63,-177.10,3.00,1.00,-8.00
02:49:28,-72.75,6.63,-177.10,-1.00,-1.00,-4.00
02:49:28,-72.75,6.63,-177.10,1.00,-2.00,-6.00
02:49:28,-72.75,6.63,-177.10,1.00,0.00,-5.00
02:49:28,-72.75,6.63,-177.10,2.00,-1.00,-7.00
02:49:28,-72.75,6.63,-177.10,0.00,0.00,-4.00
02:49:29,-72.75,6.63,-177.10,2.00,-2.00,-5.00
02:49:29,-72.75,6.63,-177.10,3.00,0.00,-7.00
02:49:29,-72.75,6.63,-177.10,1.00,-1.00,-5.00
02:49:29,-72.75,6.63,-177.10,3.00,-1.00,-7.00
02:49:29,-72.75,6.63,-177.10,1.00,0.00,-7.00
02:49:29,-72.75,6.63,-177.10,3.00,-3.00,-5.00
02:49:29,-72.75,6.63,-177.10,0.00,0.00,-2.00
02:49:29,-72.75,6.63,-177.10,0.00,0.00,-5.00
02:49:30,-72.75,6.63,-177.10,1.00,-1.00,-6.00
02:49:30,-72.75,6.63,-177.10,2.00,1.00,-6.00
02:49:30,-72.75,6.63,-177.10,2.00,0.00,-3.00
02:49:30,-72.75,6.63,-177.10,1.00,-2.00,-5.00
02:49:30,-72.75,6.63,-177.10,2.00,-1.00,-7.00
02:49:30,-72.75,6.63,-177.10,1.00,-3.00,-9.00
02:49:30,-72.75,6.63,-177.10,0.00,0.00,-4.00
02:49:30,-72.75,6.63,-177.10,1.00,-1.00,-5.00
02:49:30,-72.75,6.63,-177.10,2.00,-2.00,-7.00
02:49:31,-72.75,6.63,-177.10,0.00,-2.00,-3.00
02:49:31,-72.75,6.63,-177.10,1.00,-1.00,-7.00
02:49:31,-72.75,6.63,-177.10,2.00,0.00,-9.00
02:49:31,-72.75,6.63,-177.10,2.00,0.00,-7.00
02:49:31,-72.75,6.63,-177.10,1.00,0.00,-5.00
02:49:31,-72.75,6.63,-177.10,3.00,-2.00,-3.00
02:49:31,-72.75,6.63,-177.10,1.00,-2.00,-6.00
02:49:31,-72.75,6.63,-177.10,3.00,1.00,-6.00
02:49:31,-72.75,6.63,-177.10,3.00,0.00,-2.00
02:49:32,-72.75,6.63,-177.10,1.00,0.00,-4.00
02:49:32,-72.75,6.63,-177.10,1.00,0.00,-5.00
02:49:32,-72.75,6.63,-177.10,2.00,-1.00,-6.00
02:50:33,0.00,0.00,0.00,0.00,0.00,0.00
02:50:34,0.00,0.00,0.00,0.00,0.00,0.00
02:50:34,0.00,0.00,0.00,0.00,0.00,0.00
02:50:34,0.00,0.00,0.00,0.00,0.00,0.00
02:50:34,0.00,0.00,0.00,0.00,0.00,0.00
02:50:34,0.00,0.00,0.00,0.00,0.00,0.00
02:50:34,-73.32,6.71,-177.10,0.00,-2.00,-10.00
02:50:34,-73.32,6.71,-177.10,0.00,-1.00,-5.00
02:50:34,-73.32,6.71,-177.10,0.00,0.00,-5.00
02:50:34,-73.32,6.71,-177.10,0.00,0.00,-6.00
02:50:35,-73.32,6.71,-177.10,0.00,-1.00,-9.00
02:50:35,-73.32,6.71,-177.10,2.00,0.00,-7.00
02:50:35,-73.32,6.71,-177.10,0.00,0.00,-3.00
02:50:35,-73.32,6.71,-177.10,0.00,0.00,-6.00
02:50:35,-73.32,6.71,-177.10,1.00,0.00,-6.00
02:50:35,-73.32,6.71,-177.10,0.00,0.00,-6.00
02:50:35,-73.32,6.71,-177.10,0.00,1.00,-4.00
02:50:50,0.00,0.00,0.00,0.00,0.00,0.00
02:50:50,0.00,0.00,0.00,0.00,0.00,0.00
02:50:50,0.00,0.00,0.00,0.00,0.00,0.00
02:50:51,0.00,0.00,0.00,0.00,0.00,0.00
02:50:51,0.00,0.00,0.00,0.00,0.00,0.00
02:50:51,0.00,0.00,0.00,0.00,0.00,0.00
02:50:51,-73.42,6.70,-177.15,0.00,0.00,-6.00
02:50:51,-73.42,6.70,-177.15,0.00,-2.00,-4.00
02:50:51,-73.42,6.70,-177.15,0.00,0.00,-7.00
02:50:51,-73.42,6.70,-177.15,2.00,-1.00,-5.00
02:50:51,-73.42,6.70,-177.15,2.00,-1.00,-6.00
02:50:51,-73.42,6.70,-177.15,0.00,0.00,-5.00
02:50:52,-73.42,6.70,-177.15,1.00,0.00,-8.00
02:50:52,-73.42,6.70,-177.15,0.00,-1.00,-5.00
02:50:52,-73.42,6.70,-177.15,0.00,-1.00,-6.00
02:50:52,-73.42,6.70,-177.15,0.00,0.00,-7.00
02:50:52,-73.42,6.70,-177.15,1.00,-1.00,-4.00
02:51:02,0.00,0.00,0.00,0.00,0.00,0.00
02:51:02,0.00,0.00,0.00,0.00,0.00,0.00
02:51:02,0.00,0.00,0.00,0.00,0.00,0.00
02:51:02,0.00,0.00,0.00,0.00,0.00,0.00
02:51:02,0.00,0.00,0.00,0.00,0.00,0.00
02:51:02,0.00,0.00,0.00,0.00,0.00,0.00
02:51:03,-72.37,6.67,-177.08,0.00,-1.00,-4.00
02:51:03,-73.19,6.71,-177.12,0.00,0.00,-6.00
02:51:03,-73.19,6.71,-177.12,1.00,-1.00,-6.00
02:51:03,-73.19,6.71,-177.12,2.00,-2.00,-6.00
02:51:03,-73.19,6.71,-177.12,2.00,1.00,-6.00
02:51:03,-73.19,6.71,-177.12,0.00,0.00,-3.00
02:51:03,-73.19,6.71,-177.12,2.00,-1.00,-10.00
02:51:03,-73.19,6.71,-177.12,2.00,0.00,-6.00
02:51:03,-73.19,6.71,-177.12,0.00,0.00,-6.00
02:51:03,-73.19,6.71,-177.12,0.00,0.00,-8.00
02:51:04,-73.19,6.71,-177.12,0.00,-1.00,-5.00
02:51:04,-73.19,6.71,-177.12,2.00,0.00,-4.00
02:51:04,-73.19,6.71,-177.12,0.00,0.00,-6.00
02:51:04,-73.19,6.71,-177.12,2.00,-1.00,-6.00
02:51:04,-73.19,6.71,-177.12,0.00,0.00,-6.00
02:51:04,-73.19,6.71,-177.12,1.00,-2.00,-6.00
02:51:04,-73.19,6.71,-177.12,1.00,0.00,-4.00
02:51:04,-73.19,6.71,-177.12,0.00,-1.00,-7.00
02:51:04,-73.19,6.71,-177.12,0.00,0.00,-5.00
02:51:05,-73.19,6.71,-177.12,2.00,0.00,-8.00
02:51:05,-73.19,6.71,-177.12,0.00,-1.00,-7.00
02:51:05,-73.19,6.71,-177.12,1.00,-1.00,-5.00
02:51:05,-73.19,6.71,-177.12,1.00,-1.00,-5.00
02:51:05,-73.19,6.71,-177.12,1.00,0.00,-8.00
02:51:05,-73.19,6.71,-177.12,0.00,0.00,-7.00
02:51:05,-73.19,6.71,-177.12,0.00,1.00,-4.00
02:51:05,-73.19,6.71,-177.12,0.00,0.00,-7.00
02:51:05,-73.19,6.71,-177.12,2.00,-1.00,-5.00
02:51:06,-73.19,6.71,-177.12,0.00,-1.00,-6.00
02:51:06,-73.19,6.71,-177.12,0.00,0.00,-3.00
02:51:06,-73.19,6.71,-177.12,1.00,0.00,-6.00
02:51:06,-73.19,6.71,-177.12,1.00,-1.00,-6.00
02:51:06,-73.19,6.71,-177.12,1.00,-1.00,-6.00
02:51:06,-73.19,6.71,-177.12,0.00,-1.00,-5.00
02:51:06,-73.19,6.71,-177.12,0.00,1.00,-7.00
02:51:06,-73.19,6.71,-177.12,2.00,0.00,-5.00
02:51:06,-73.19,6.71,-177.12,0.00,-3.00,-5.00
02:51:06,-73.19,6.71,-177.12,0.00,1.00,-5.00
02:51:07,-73.19,6.71,-177.12,1.00,-1.00,-6.00
02:51:07,-73.19,6.71,-177.12,-1.00,-1.00,-7.00
02:51:07,-73.19,6.71,-177.12,0.00,0.00,-6.00
02:51:07,-73.19,6.71,-177.12,2.00,-1.00,-6.00
02:51:07,-73.19,6.71,-177.12,2.00,0.00,-8.00
02:51:07,-73.19,6.71,-177.12,0.00,0.00,-4.00
02:51:07,-73.19,6.71,-177.12,0.00,-1.00,-6.00
02:51:07,-73.19,6.71,-177.12,0.00,0.00,-6.00
02:51:07,-73.19,6.71,-177.12,0.00,0.00,-4.00
02:51:08,-73.19,6.71,-177.12,0.00,-1.00,-6.00
02:51:08,-73.19,6.71,-177.12,1.00,0.00,-6.00
02:51:08,-73.19,6.71,-177.12,1.00,0.00,-8.00
02:51:08,-73.19,6.71,-177.12,0.00,-1.00,-7.00
02:51:08,-73.19,6.71,-177.12,0.00,0.00,-6.00
02:51:08,-73.19,6.71,-177.12,-1.00,0.00,-7.00
02:51:08,-73.19,6.71,-177.12,1.00,0.00,-4.00
02:51:08,-73.19,6.71,-177.12,0.00,-2.00,-4.00
02:51:08,-73.19,6.71,-177.12,0.00,0.00,-8.00
02:51:08,-73.19,6.71,-177.12,-1.00,0.00,-7.00
02:51:09,-73.19,6.71,-177.12,0.00,-1.00,-9.00
02:51:09,-73.19,6.71,-177.12,1.00,-1.00,-9.00
02:51:09,-73.19,6.71,-177.12,0.00,0.00,-7.00
02:51:09,-73.19,6.71,-177.12,1.00,0.00,-8.00
02:51:09,-73.19,6.71,-177.12,0.00,-1.00,-5.00
02:51:09,-73.19,6.71,-177.12,1.00,1.00,-6.00
02:51:09,-73.19,6.71,-177.12,0.00,0.00,-5.00
02:51:09,-73.19,6.71,-177.12,2.00,-1.00,-7.00
02:51:09,-73.19,6.71,-177.12,1.00,0.00,-6.00
02:51:10,-73.19,6.71,-177.12,20.00,16.00,-95.00
02:51:10,-73.19,6.71,-177.12,4.00,-3.00,-17.00
02:51:10,-73.19,6.71,-177.12,1.00,-4.00,-6.00
02:51:10,-73.19,6.71,-177.12,0.00,0.00,-7.00
02:51:10,-73.19,6.71,-177.12,0.00,0.00,-3.00
02:51:10,-73.19,6.71,-177.12,0.00,0.00,-5.00
02:51:10,-73.19,6.71,-177.12,0.00,0.00,-7.00
02:51:10,-73.19,6.71,-177.12,0.00,0.00,-4.00
02:51:10,-73.19,6.71,-177.12,0.00,4.00,-3.00
02:51:10,-73.19,6.71,-177.12,0.00,-1.00,-6.00
02:51:11,-73.19,6.71,-177.12,0.00,-3.00,-6.00
02:51:11,-73.19,6.71,-177.12,1.00,-2.00,-5.00
02:51:11,-73.19,6.71,-177.12,0.00,2.00,-7.00
02:51:11,-73.19,6.71,-177.12,2.00,0.00,-6.00
02:51:11,-73.19,6.71,-177.12,0.00,0.00,-6.00
02:51:11,-73.19,6.71,-177.12,2.00,1.00,-6.00
02:51:11,-73.19,6.71,-177.12,1.00,-4.00,-5.00
02:51:11,-73.19,6.71,-177.12,1.00,-3.00,-8.00
02:51:11,-73.19,6.71,-177.12,-1.00,2.00,-6.00
02:51:12,-73.19,6.71,-177.12,1.00,-3.00,-5.00
02:51:12,-73.19,6.71,-177.12,0.00,0.00,-7.00
02:51:12,-73.19,6.71,-177.12,0.00,-2.00,-9.00
02:51:12,-73.19,6.71,-177.12,0.00,-4.00,-8.00
02:51:12,-73.19,6.71,-177.12,0.00,-2.00,-3.00
02:51:12,-73.19,6.71,-177.12,3.00,0.00,-6.00
02:51:12,-73.19,6.71,-177.12,1.00,-5.00,-7.00
02:51:12,-73.19,6.71,-177.12,3.00,-1.00,-5.00
02:51:12,-73.19,6.71,-177.12,2.00,0.00,-6.00
02:51:13,-73.19,6.71,-177.12,1.00,-2.00,-5.00
02:51:13,-73.16,6.62,-177.12,15.00,4.00,-7.00
02:51:13,-73.30,5.46,-177.11,-46.00,-22.00,84.00
02:51:13,-73.39,4.49,-177.10,29.00,9.00,-8.00
02:51:13,-73.50,2.20,-176.98,78.00,-4.00,-42.00
02:51:13,-73.55,-3.67,-176.75,22.00,0.00,-12.00
02:51:13,-74.25,-10.52,-176.49,24.00,0.00,-7.00
02:51:13,-74.89,-18.44,-176.13,-15.00,-5.00,23.00
02:51:13,-75.14,-23.92,-175.88,-88.00,-9.00,40.00
02:51:13,-74.92,-25.23,-175.96,32.00,-12.00,-30.00
02:51:14,-75.14,-27.27,-176.05,42.00,-8.00,-38.00
02:51:14,-75.39,-30.41,-176.19,-92.00,-7.00,102.00
02:51:14,-75.54,-30.50,-176.20,23.00,1.00,-39.00
02:51:14,-75.56,-30.74,-176.18,-4.00,-13.00,14.00
02:51:14,-75.58,-30.73,-176.14,-2.00,-8.00,10.00
02:51:14,-75.59,-30.71,-176.10,-4.00,-11.00,10.00
02:51:14,-75.53,-30.46,-176.09,-1.00,-14.00,10.00
02:51:14,-75.53,-30.43,-176.07,-99.00,-25.00,-113.00
02:51:14,-75.53,-30.32,-176.06,5.00,-17.00,21.00
02:51:15,-75.55,-30.37,-176.03,0.00,-8.00,9.00
02:51:15,-75.53,-30.42,-176.02,3.00,-9.00,2.00
02:51:15,-75.47,-30.32,-175.99,2.00,-8.00,4.00
02:51:15,-75.42,-30.17,-176.01,0.00,-11.00,6.00
02:51:15,-75.42,-30.12,-175.98,-4.00,-6.00,3.00
02:51:15,-75.42,-29.96,-175.97,1.00,-10.00,-3.00
02:51:15,-75.44,-30.04,-175.95,-2.00,-6.00,2.00
02:51:15,-75.45,-30.07,-175.93,-1.00,-10.00,0.00
02:51:15,-75.45,-29.97,-175.92,-3.00,-8.00,0.00
02:51:15,-75.43,-29.78,-175.92,-1.00,-7.00,2.00
02:51:16,-75.44,-29.66,-175.90,3.00,-6.00,-1.00
02:51:16,-75.45,-29.81,-175.89,-3.00,-6.00,2.00
02:51:16,-75.46,-29.90,-175.88,-1.00,-6.00,2.00
02:51:16,-75.47,-29.96,-175.88,-1.00,-10.00,0.00
02:51:16,-75.68,-30.41,-175.86,-3.00,-9.00,7.00
02:51:16,-75.76,-30.55,-175.85,12.00,-7.00,-9.00
02:51:16,-75.76,-30.65,-175.85,4.00,-3.00,-4.00
02:51:16,-75.86,-30.96,-175.82,-2.00,-6.00,2.00
02:51:16,-75.87,-31.14,-175.81,-12.00,-6.00,10.00
02:51:17,-75.88,-31.15,-175.81,2.00,-3.00,-2.00
02:51:17,-75.89,-31.26,-175.80,-2.00,-5.00,2.00
02:51:17,-75.92,-31.56,-175.78,-12.00,-10.00,8.00
02:51:17,-75.99,-32.04,-175.76,9.00,-10.00,-15.00
02:51:17,-76.35,-33.73,-175.62,-57.00,-22.00,43.00
02:51:17,-77.01,-35.54,-175.54,27.00,-21.00,-31.00
02:51:17,-76.91,-36.83,-175.50,5.00,-6.00,-21.00
02:51:17,-76.69,-38.64,-175.36,0.00,-5.00,0.00
02:51:17,-77.39,-40.55,-175.25,27.00,-14.00,-25.00
02:51:17,-77.75,-41.40,-175.17,-3.00,-3.00,5.00
02:51:18,-78.46,-43.30,-175.01,-31.00,18.00,49.00
02:51:18,-79.46,-44.92,-174.82,0.00,-1.00,26.00
02:51:18,-81.00,-47.59,-174.44,9.00,-27.00,-5.00
02:51:18,-81.50,-49.01,-174.24,-11.00,4.00,17.00
02:51:18,-81.70,-49.72,-174.08,2.00,-5.00,13.00
02:51:18,-82.13,-50.50,-173.81,-7.00,-20.00,38.00
02:51:18,-82.63,-51.59,-173.49,-23.00,-18.00,44.00
02:51:18,-82.85,-52.43,-173.27,0.00,-1.00,7.00
02:51:18,-83.33,-53.65,-172.82,33.00,-40.00,-25.00
02:51:19,-86.65,-58.03,-171.93,-18.00,-13.00,55.00
02:51:19,-92.56,-64.02,-169.52,-17.00,-23.00,24.00
02:51:19,-96.70,-69.37,-167.18,12.00,17.00,30.00
02:51:19,-97.79,-70.90,-166.09,-24.00,-5.00,50.00
02:51:19,-94.15,-66.54,-168.17,81.00,-24.00,-253.00
02:51:19,-93.18,-65.68,-168.60,-17.00,0.00,20.00
02:51:19,-91.63,-63.33,-169.78,-213.00,-19.00,359.00
02:51:19,-82.99,-51.31,-173.71,148.00,-71.00,-275.00
02:51:19,-77.25,-40.29,-175.15,24.00,-11.00,18.00
02:51:19,-71.66,-26.15,-175.60,3.00,-18.00,-142.00
02:51:20,-64.16,-9.24,-177.02,98.00,-40.00,-13.00
02:51:20,-57.45,4.46,-177.69,14.00,-16.00,28.00
02:51:20,-51.36,16.58,-177.59,313.00,-21.00,-186.00
02:51:20,-50.83,12.97,-177.52,46.00,-17.00,-90.00
02:51:20,-50.81,12.80,-177.52,-20.00,-2.00,-17.00
02:51:20,-50.83,12.68,-177.53,5.00,1.00,-4.00
02:51:20,-50.82,12.72,-177.53,6.00,1.00,-10.00
02:51:20,-50.79,11.37,-177.48,8.00,11.00,30.00
02:51:20,-52.38,5.15,-177.54,143.00,66.00,-26.00
02:51:21,-57.81,-9.54,-176.99,-13.00,6.00,-22.00
02:51:21,-63.31,-22.00,-176.17,-67.00,-41.00,69.00
02:51:21,-69.99,-32.45,-175.30,-73.00,-54.00,37.00
02:51:21,-74.06,-40.12,-174.93,31.00,8.00,-32.00
02:51:21,-79.11,-51.75,-173.69,-17.00,-23.00,90.00
02:51:21,-84.29,-60.14,-171.85,-16.00,-19.00,61.00
02:51:21,-89.85,-67.12,-168.81,-51.00,-27.00,64.00
02:51:21,-98.85,-73.88,-162.77,11.00,-32.00,20.00
02:51:21,-108.90,-78.49,-154.66,-4.00,-35.00,17.00
02:51:21,-111.60,-79.67,-152.17,-8.00,17.00,19.00
02:51:22,-112.63,-80.00,-151.18,-6.00,-13.00,50.00
02:51:22,-112.12,-79.81,-151.68,0.00,-20.00,-5.00
02:51:22,-114.79,-80.58,-149.04,-3.00,-18.00,40.00
02:51:22,-113.26,-80.11,-150.52,-2.00,-4.00,6.00
02:51:22,-109.96,-78.95,-153.46,-1.00,-13.00,5.00
02:51:22,-108.49,-78.34,-154.88,-4.00,-12.00,27.00
02:51:22,-108.47,-78.23,-154.89,5.00,-11.00,-8.00
02:51:22,-109.38,-78.47,-153.97,-3.00,-8.00,19.00
02:51:22,-109.74,-78.56,-153.60,-6.00,-6.00,29.00
02:51:23,-109.80,-78.55,-153.54,-4.00,-9.00,32.00
02:51:23,-109.46,-78.38,-153.87,1.00,-9.00,18.00
02:51:23,-109.27,-78.25,-154.05,4.00,-9.00,3.00
02:51:23,-109.39,-78.26,-153.92,2.00,-10.00,8.00
02:51:23,-109.53,-78.28,-153.79,0.00,-6.00,14.00
02:51:23,-109.78,-78.33,-153.52,0.00,-4.00,6.00
02:51:23,-109.69,-78.24,-153.61,2.00,-5.00,8.00
02:51:23,-109.49,-78.13,-153.80,1.00,-6.00,6.00
02:51:23,-109.55,-78.12,-153.73,2.00,-3.00,2.00
02:51:23,-109.74,-78.18,-153.55,0.00,-4.00,14.00
02:51:24,-109.97,-78.23,-153.32,2.00,-11.00,1.00
02:51:24,-110.05,-78.28,-153.24,1.00,-6.00,7.00
02:51:24,-109.84,-78.18,-153.45,5.00,-5.00,-1.00
02:51:24,-110.19,-78.33,-153.10,-2.00,-2.00,6.00
02:51:24,-109.97,-78.23,-153.32,-10.00,-2.00,36.00
02:51:24,-109.40,-78.00,-153.88,-2.00,-12.00,17.00
02:51:24,-109.39,-77.99,-153.89,3.00,-6.00,2.00
02:51:24,-109.39,-77.99,-153.89,2.00,-3.00,10.00
02:51:24,-109.33,-77.98,-153.94,2.00,-5.00,8.00
02:51:25,-109.33,-77.98,-153.94,2.00,-7.00,10.00
02:51:25,-109.33,-77.98,-153.94,-1.00,-5.00,7.00
02:51:25,-109.33,-77.98,-153.94,0.00,-5.00,6.00
02:51:25,-109.33,-77.98,-153.94,-1.00,-6.00,8.00
02:51:25,-109.33,-77.98,-153.94,0.00,-6.00,6.00
02:51:25,-109.33,-77.98,-153.94,-2.00,-2.00,7.00
02:51:25,-109.53,-78.05,-153.70,0.00,-4.00,10.00
02:51:25,-109.50,-78.04,-153.74,1.00,1.00,0.00
02:51:25,-109.57,-78.07,-153.67,1.00,-4.00,5.00
02:51:26,-109.53,-78.05,-153.70,-1.00,-4.00,13.00
02:51:26,-109.37,-77.98,-153.87,2.00,-5.00,2.00
02:51:26,-109.26,-77.93,-153.97,4.00,-5.00,-5.00
02:51:26,-109.26,-77.94,-153.96,0.00,-6.00,10.00
02:51:26,-109.25,-77.93,-153.97,0.00,-6.00,9.00
02:51:26,-109.25,-77.93,-153.97,1.00,-6.00,8.00
02:51:26,-111.58,-78.82,-151.79,15.00,-15.00,-27.00
02:51:26,-121.31,-81.40,-142.50,2.00,1.00,-5.00
02:51:26,-136.26,-83.29,-127.66,1.00,3.00,33.00
02:51:26,-163.77,-84.50,-100.27,-1.00,-10.00,54.00
02:51:27,169.41,-84.26,-73.56,-1.00,-4.00,45.00
02:51:27,159.50,-83.82,-63.75,-1.00,-1.00,15.00
02:51:27,161.28,-83.90,-65.39,-1.00,-2.00,27.00
02:51:27,156.33,-83.61,-60.16,15.00,0.00,27.00
02:51:27,135.77,-80.81,-37.74,-15.00,-2.00,29.00
02:51:27,138.87,-80.90,-38.14,5.00,14.00,-89.00
02:51:27,132.66,-78.99,-31.30,11.00,-9.00,-50.00
02:51:27,123.85,-74.99,-21.82,-91.00,22.00,171.00
02:51:27,118.13,-71.09,-15.24,129.00,-67.00,-137.00
02:51:28,113.09,-70.49,-15.53,33.00,-6.00,-64.00
02:51:28,114.05,-69.88,-17.47,-89.00,-49.00,-77.00
02:51:28,111.40,-66.60,-15.37,-4.00,0.00,74.00
02:51:28,109.99,-63.97,-13.99,2.00,5.00,7.00
02:51:28,109.18,-61.95,-13.13,-7.00,-13.00,33.00
02:51:28,108.96,-61.24,-12.85,0.00,2.00,10.00
02:51:28,110.52,-61.32,-13.77,-4.00,3.00,1.00
02:51:28,109.51,-62.37,-13.34,-2.00,1.00,-8.00
02:51:28,109.25,-62.34,-12.84,-3.00,-1.00,-15.00
02:51:28,109.98,-63.26,-13.76,-1.00,2.00,-10.00
02:51:29,109.88,-63.08,-13.67,-1.00,0.00,-11.00
02:51:29,109.73,-62.80,-13.54,-1.00,0.00,-3.00
02:51:29,109.62,-62.61,-13.45,0.00,0.00,-1.00
02:51:29,109.75,-62.86,-13.56,0.00,0.00,-10.00
02:51:29,109.87,-63.08,-13.67,-1.00,0.00,-1.00
02:51:29,110.17,-63.63,-13.94,-1.00,0.00,-6.00
02:51:29,110.51,-64.23,-14.25,0.00,0.00,-10.00
02:51:29,110.78,-64.67,-14.48,-1.00,0.00,-11.00
02:51:29,110.91,-64.90,-14.61,0.00,1.00,-7.00
02:51:30,110.92,-64.92,-14.62,0.00,0.00,-11.00
02:51:30,110.77,-64.64,-14.48,0.00,2.00,-5.00
02:51:30,110.69,-64.52,-14.41,-3.00,-1.00,-5.00
02:51:30,110.69,-64.52,-14.41,0.00,0.00,-7.00
02:51:30,110.58,-64.35,-14.31,-2.00,0.00,-15.00
02:51:30,110.22,-63.72,-13.99,-2.00,2.00,-20.00
02:51:30,109.53,-62.42,-13.37,0.00,1.00,-1.00
02:51:30,109.16,-61.68,-13.03,-1.00,0.00,9.00
02:51:30,109.22,-61.81,-13.10,-2.00,0.00,1.00
02:51:30,109.39,-62.14,-13.24,-3.00,2.00,-16.00
02:51:31,109.40,-62.17,-13.26,-2.00,1.00,-5.00
02:51:31,109.36,-62.11,-13.22,-1.00,0.00,-11.00
02:51:31,109.19,-61.77,-13.07,-2.00,-2.00,-21.00
02:51:31,108.68,-60.66,-12.63,0.00,1.00,-29.00
02:51:31,107.86,-58.53,-11.89,3.00,3.00,19.00
02:51:31,107.26,-56.80,-11.35,-1.00,1.00,9.00
02:51:31,107.14,-56.49,-11.26,0.00,0.00,4.00
02:51:31,107.30,-56.92,-11.38,-1.00,0.00,-6.00
02:51:31,107.48,-57.43,-11.55,-3.00,0.00,-35.00
02:51:32,107.30,-56.93,-11.39,0.00,0.00,-3.00
02:51:32,107.10,-56.39,-11.23,1.00,2.00,17.00
02:51:32,107.04,-56.23,-11.16,-1.00,11.00,-37.00
02:51:32,106.68,-54.58,-10.49,0.00,6.00,18.00
02:51:32,106.70,-54.52,-10.45,-5.00,0.00,-19.00
02:51:32,106.67,-54.50,-10.43,-3.00,-5.00,-2.00
02:51:32,106.55,-54.13,-10.28,-1.00,128.00,0.00
02:51:32,106.57,-54.22,-10.29,-5.00,1.00,-2.00
02:51:32,106.60,-54.35,-10.33,-10.00,-5.00,-36.00
02:51:32,106.50,-54.05,-10.20,0.00,5.00,7.00
02:51:33,106.43,-53.80,-10.13,-6.00,-6.00,15.00
02:51:33,106.49,-54.02,-10.20,-16.00,2.00,-23.00
02:51:33,106.48,-53.92,-10.18,4.00,2.00,3.00
02:51:33,106.28,-53.27,-9.97,1.00,0.00,19.00
02:51:33,106.15,-52.84,-9.86,-2.00,0.00,0.00
02:51:33,105.84,-52.04,-9.62,3.00,-10.00,17.00
02:51:33,105.58,-51.37,-9.44,-4.00,0.00,2.00
02:51:33,105.18,-50.34,-9.19,-10.00,-8.00,-3.00
02:51:33,105.06,-46.58,-8.55,13.00,18.00,-23.00
02:51:34,105.97,-39.26,-7.38,20.00,15.00,51.00
02:51:34,106.64,-33.35,-5.70,64.00,22.00,-9.00
02:51:34,106.83,-28.46,-4.64,6.00,17.00,-43.00
02:51:34,108.34,-24.58,-4.08,-19.00,-10.00,-48.00
02:51:34,111.32,-18.77,-3.34,-22.00,2.00,-29.00
02:51:34,113.15,-15.43,-2.44,-50.00,19.00,-2.00
02:51:34,114.12,-14.44,-1.26,-47.00,6.00,-12.00
02:51:34,114.05,-14.39,-0.35,-33.00,1.00,-13.00
02:51:34,114.35,-13.19,-0.15,-4.00,-17.00,-39.00
02:51:34,115.31,-11.54,-0.84,1.00,-7.00,-26.00
02:51:35,115.61,-10.88,-0.94,-17.00,16.00,-28.00
02:51:35,114.95,-10.55,-0.67,-36.00,47.00,-10.00
02:51:35,114.18,-11.43,0.56,-41.00,24.00,3.00
02:51:35,113.62,-12.70,2.30,1.00,-26.00,-40.00
02:51:35,112.93,-12.44,3.50,-13.00,-7.00,-6.00
02:51:35,112.60,-12.99,3.55,22.00,9.00,-107.00
02:51:35,113.78,-12.37,3.44,-3.00,3.00,-59.00
02:51:35,115.93,-11.19,3.11,-26.00,46.00,-11.00
02:51:35,117.63,-11.09,2.01,-8.00,-14.00,-41.00
02:51:36,118.07,-12.49,-1.21,-39.00,79.00,-31.00
02:51:36,118.76,-11.31,-3.15,-11.00,58.00,-26.00
02:51:36,120.25,-7.72,-3.21,-38.00,27.00,45.00
02:51:36,121.68,-5.18,-2.68,-25.00,-19.00,-46.00
02:51:36,121.06,-1.55,1.04,0.00,8.00,-56.00
02:51:36,119.80,-1.01,1.79,-27.00,16.00,-31.00
02:51:36,117.96,-1.96,0.52,0.00,12.00,-36.00
02:51:36,116.13,-0.67,0.96,-38.00,-19.00,-38.00
02:51:36,116.06,-1.41,-0.17,-15.00,1.00,-28.00
02:51:36,115.98,-1.16,-0.29,-14.00,1.00,-17.00
02:51:37,115.87,-0.31,-0.10,-14.00,-1.00,-29.00
02:51:37,116.47,0.58,0.14,-16.00,1.00,-37.00
02:51:37,117.34,0.77,0.13,-1.00,25.00,-32.00
02:51:37,117.64,1.00,0.09,3.00,9.00,-40.00
02:51:37,117.14,0.91,-0.21,0.00,1.00,-45.00
02:51:37,117.30,0.52,-0.45,-7.00,-3.00,-22.00
02:51:37,117.21,0.75,-0.53,-7.00,13.00,-22.00
02:51:37,117.38,1.02,-0.69,-2.00,10.00,-31.00
02:51:37,117.41,1.09,-0.79,-8.00,7.00,-33.00
02:51:38,117.28,1.12,-0.98,-12.00,2.00,-29.00
02:51:38,116.83,1.16,-1.16,-17.00,4.00,-31.00
02:51:38,116.73,0.87,-1.29,-11.00,6.00,-25.00
02:51:38,116.77,0.93,-1.17,-1.00,3.00,-32.00
02:51:38,116.92,1.23,-0.95,-3.00,0.00,-39.00
02:51:38,70.80,-22.37,130.13,-6.00,6.00,-38.00
02:51:38,116.74,1.43,-0.79,-9.00,-1.00,-43.00
02:51:38,116.99,1.63,-0.45,-4.00,0.00,-31.00
02:51:38,117.15,1.82,0.17,-8.00,5.00,-24.00
02:51:38,117.10,2.01,0.57,-7.00,-9.00,-30.00
02:51:39,117.01,2.18,0.75,-5.00,2.00,-30.00
02:51:39,117.03,2.43,0.97,-17.00,0.00,-30.00
02:51:39,117.12,2.45,0.97,-9.00,13.00,-39.00
02:51:39,117.14,2.72,1.14,-8.00,6.00,-39.00
02:51:39,117.25,2.65,1.35,-5.00,6.00,-38.00
02:51:39,117.57,3.02,1.80,0.00,1.00,-28.00
02:51:39,118.20,4.18,2.73,-8.00,-4.00,-25.00
02:51:39,118.59,4.45,3.03,-8.00,3.00,-36.00
02:51:39,118.79,4.04,2.66,-14.00,-3.00,-27.00
02:51:40,118.78,3.77,2.15,-8.00,-3.00,-36.00
02:51:40,118.67,3.79,2.04,6.00,7.00,-32.00
02:51:40,118.21,5.12,2.36,4.00,6.00,-26.00
02:51:40,117.11,6.87,2.27,12.00,9.00,-7.00
02:51:40,115.74,9.91,1.71,18.00,10.00,3.00
02:51:40,115.15,15.24,1.68,12.00,2.00,-19.00
02:51:40,115.01,23.92,2.83,-27.00,0.00,-45.00
02:51:40,115.74,31.68,4.06,-61.00,-4.00,-82.00
02:51:40,117.85,37.93,5.49,-59.00,17.00,-100.00
02:51:40,121.26,43.17,8.39,-57.00,4.00,-73.00
02:51:41,124.51,46.23,11.69,-58.00,-12.00,-47.00
02:51:41,126.21,46.50,12.35,-19.00,5.00,-48.00
02:51:41,126.68,46.50,12.45,-6.00,3.00,-50.00
02:51:41,126.05,46.79,11.58,-14.00,-1.00,-60.00
02:51:41,124.46,46.63,10.12,-31.00,6.00,-57.00
02:51:41,122.61,45.87,8.30,-38.00,8.00,-50.00
02:51:41,121.49,45.64,7.30,-40.00,-2.00,-51.00
02:51:41,120.25,45.49,6.35,-34.00,-1.00,-49.00
02:51:41,119.49,45.14,5.58,-35.00,1.00,-54.00
02:51:42,119.06,44.82,5.08,-24.00,3.00,-44.00
02:51:42,118.42,44.88,4.58,-22.00,-2.00,-33.00
02:51:42,117.99,44.74,4.20,-19.00,-3.00,-33.00
02:51:42,117.73,44.72,4.02,-23.00,-3.00,-26.00
02:51:42,117.51,44.55,3.63,-17.00,2.00,-27.00
02:51:42,117.52,44.63,3.66,-16.00,-1.00,-23.00
02:51:42,117.55,44.82,3.68,-18.00,-14.00,-35.00
02:51:42,117.57,44.73,3.60,-10.00,0.00,-27.00
02:51:42,117.37,44.96,3.40,-22.00,1.00,-38.00
02:51:42,117.25,44.83,3.29,-18.00,2.00,-33.00
02:51:43,117.34,44.75,3.35,-13.00,1.00,-26.00
02:51:43,117.22,44.86,3.30,-12.00,-6.00,-32.00
02:51:43,116.98,44.73,3.12,-18.00,-5.00,-25.00
02:51:43,116.91,44.79,2.97,-22.00,1.00,-23.00
02:51:43,116.92,44.93,2.83,-25.00,-4.00,-28.00
02:51:43,117.08,45.09,2.81,-20.00,-2.00,-33.00
02:51:43,117.57,45.34,3.14,-8.00,0.00,-27.00
02:51:43,118.19,45.77,3.58,-6.00,1.00,-23.00
02:51:43,118.26,46.41,3.75,-14.00,-2.00,-24.00
02:51:44,118.37,47.14,4.04,-30.00,-3.00,-43.00
02:51:44,119.08,48.19,5.17,-36.00,-1.00,-26.00
02:51:44,119.92,48.70,6.07,-26.00,-3.00,-19.00
02:51:44,120.27,48.72,6.40,-30.00,-15.00,-38.00
02:51:44,122.17,48.59,8.49,-30.00,-10.00,-20.00
02:51:44,123.97,48.83,9.79,-5.00,7.00,-19.00
02:51:44,124.10,48.92,9.73,-5.00,-3.00,-25.00
02:51:44,123.05,48.41,8.59,-17.00,-14.00,-33.00
02:51:44,121.62,46.91,7.10,-13.00,-7.00,-23.00
02:51:45,119.14,44.55,4.67,-25.00,-3.00,-18.00
02:51:45,118.25,41.58,3.20,-41.00,-12.00,-53.00
02:51:45,119.44,38.73,4.12,-42.00,-3.00,-9.00
02:51:45,121.04,35.13,4.20,-28.00,-14.00,-8.00
02:51:45,121.15,32.40,2.47,-24.00,-1.00,-4.00
02:51:45,120.82,31.10,0.66,0.00,-2.00,-24.00
02:51:45,120.73,31.03,-0.41,-17.00,-12.00,-9.00
02:51:45,120.51,28.37,-2.18,-26.00,-15.00,-6.00
02:51:45,119.49,21.45,-6.55,-8.00,1.00,29.00
02:51:45,116.98,12.61,-12.90,3.00,1.00,9.00
02:51:46,115.19,5.04,-18.87,-1.00,18.00,-26.00
02:51:46,114.46,-3.84,-23.91,-7.00,10.00,-22.00
02:51:46,114.05,-14.51,-28.54,11.00,27.00,11.00
02:51:46,113.96,-23.97,-33.15,-3.00,4.00,11.00
02:51:46,115.01,-30.62,-36.11,-17.00,-30.00,59.00
02:51:46,117.75,-38.94,-42.44,1.00,-52.00,62.00
02:51:46,63.34,-47.91,-53.20,0.00,-38.00,31.00
02:51:46,74.01,-56.59,-69.45,11.00,1.00,31.00
02:51:46,86.73,-61.03,-86.28,6.00,-20.00,-32698.00
02:51:47,102.17,-63.45,-107.99,7.00,-18.00,100.00
02:51:47,121.40,-61.26,-138.96,-16.00,-23.00,91.00
02:51:47,130.92,-55.28,-160.05,10.00,-9.00,64.00
02:51:47,131.59,-50.50,-171.19,-39.00,-26.00,50.00
02:51:47,129.63,-47.59,-176.87,-51.00,-31.00,47.00
02:51:47,125.88,-45.59,-179.75,-54.00,-45.00,10.00
02:51:47,122.43,-45.93,-176.49,33.00,-37.00,-57.00
02:51:47,114.62,-53.59,-156.82,81.00,-65.00,15.00
02:51:47,94.96,-61.52,-121.65,29.00,-55.00,63.00
02:51:47,63.84,-58.25,-76.70,8.00,-32.00,78.00
02:51:48,50.02,-45.77,-52.10,24.00,0.00,18.00
02:51:48,45.73,-32.22,-37.57,-9.00,-9.00,3.00
02:51:48,45.76,-15.86,-24.29,-46.00,-11.00,45.00
02:51:48,48.67,-1.28,-13.92,-18.00,0.00,6.00
02:51:48,55.04,12.15,-3.23,-26.00,-32.00,-24.00
02:51:48,64.44,24.81,10.71,-41.00,-29.00,-21.00
02:51:48,74.79,31.97,22.76,-32.00,-1.00,8.00
02:51:48,81.95,33.77,29.51,-23.00,-39.00,7.00
02:51:48,85.76,34.18,30.95,-36.00,-46.00,4.00
02:51:49,85.28,30.32,26.37,-26.00,-15.00,32.00
02:51:49,83.66,25.36,19.30,-54.00,-70.00,-34.00
02:51:49,82.17,18.12,10.37,-40.00,-30.00,-20.00
02:51:49,79.98,8.84,-0.41,-28.00,-3.00,6.00
02:51:49,78.76,0.65,-9.93,-24.00,-38.00,9.00
02:51:49,77.51,-8.69,-21.11,-20.00,-46.00,4.00
02:51:49,77.14,-18.43,-32.33,-3.00,-16.00,19.00
02:51:49,78.17,-27.47,-43.66,2.00,-1.00,40.00
02:51:49,81.96,-37.40,-58.90,19.00,3.00,34.00
02:51:49,87.95,-46.49,-75.82,25.00,44.00,66.00
02:51:50,97.59,-53.39,-96.81,-5.00,17.00,72.00
02:51:50,107.19,-57.28,-116.03,2.00,3.00,69.00
02:51:50,120.56,-57.34,-139.80,-36.00,-51.00,70.00
02:51:50,129.23,-52.45,-160.25,-36.00,-54.00,48.00
02:51:50,129.65,-47.05,-173.51,-25.00,-54.00,47.00
02:51:50,125.54,-43.11,178.14,-25.00,-41.00,34.00
02:51:50,120.49,-41.18,174.04,-23.00,-55.00,32.00
02:51:50,116.37,-39.87,172.76,-7.00,-82.00,33.00
02:51:50,114.19,-39.59,172.43,37.00,-77.00,88.00
02:51:51,114.59,-40.90,171.54,17.00,-83.00,21.00
02:51:51,115.49,-42.01,172.40,-23.00,-82.00,26.00
02:51:51,115.31,-42.51,174.36,-21.00,-46.00,24.00
02:51:51,114.48,-41.94,175.14,22.00,-29.00,28.00
02:51:51,115.16,-42.93,176.29,2.00,-38.00,30.00
02:51:51,115.14,-44.07,178.25,6.00,-49.00,37.00
02:51:51,114.79,-45.15,179.10,21.00,-15.00,39.00
02:51:51,114.48,-46.67,-179.99,11.00,-2.00,25.00
02:51:51,115.38,-49.72,-178.08,28.00,-20.00,49.00
02:51:51,116.37,-53.71,-176.21,-1.00,-23.00,28.00
02:51:52,119.66,-59.03,-173.94,23.00,-31.00,25.00
02:51:52,123.74,-63.25,-172.79,44.00,-14.00,-10.00
02:51:52,129.40,-67.72,-172.65,3.00,0.00,-17.00
02:51:52,134.73,-69.84,-174.09,40.00,-20.00,-13.00
02:51:52,140.43,-71.79,-175.61,28.00,-43.00,13.00
02:51:52,144.99,-71.53,-178.58,12.00,-13.00,28.00
02:51:52,146.73,-68.57,179.21,14.00,29.00,13.00
02:51:52,145.91,-65.03,-179.95,16.00,20.00,12.00
02:51:52,144.32,-62.97,-177.43,-6.00,19.00,6.00
02:51:53,143.33,-59.95,-176.31,13.00,27.00,-3.00
02:51:53,141.83,-57.88,-175.54,-29.00,5.00,6.00
02:51:53,145.40,-55.54,179.72,36.00,48.00,-6.00
02:51:53,148.43,-54.87,175.64,-69.00,15.00,13.00
02:51:53,145.77,-53.56,176.35,-3.00,-34.00,10.00
02:51:53,141.53,-51.72,176.13,-12.00,33.00,-15.00
02:51:53,136.71,-50.80,176.54,69.00,50.00,-48.00
02:51:53,131.04,-50.54,176.67,28.00,5.00,0.00
02:51:53,126.73,-48.86,173.17,49.00,-52.00,66.00
02:51:53,121.54,-46.77,167.48,25.00,-41.00,66.00
02:51:54,113.41,-46.74,170.00,28.00,-59.00,82.00
02:51:54,105.38,-48.63,176.96,-8.00,-52.00,43.00
02:51:54,100.43,-48.81,179.30,-31.00,-5.00,8.00
02:51:54,99.74,-46.03,175.96,2.00,24.00,13.00
02:51:54,98.86,-45.56,178.04,-18.00,-37.00,52.00
02:51:54,99.23,-45.48,-179.77,4.00,-33.00,71.00
02:51:54,100.82,-45.23,179.74,-33.00,-7.00,56.00
02:51:54,100.76,-43.95,-179.48,-20.00,-8.00,-12.00
02:51:54,99.38,-41.74,-177.67,52.00,63.00,-10.00
02:51:55,98.92,-39.76,-176.11,-16.00,-83.00,24.00
02:51:55,99.72,-37.53,-176.69,23.00,12.00,-7.00
02:51:55,99.91,-36.05,-176.96,15.00,4.00,11.00
02:51:55,99.89,-35.00,-177.25,21.00,2.00,3.00
02:51:55,100.04,-34.73,-177.35,48.00,12.00,-27.00
02:51:55,99.74,-35.68,-177.13,-16.00,-9.00,40.00
02:51:55,99.72,-34.96,-177.25,39.00,3.00,-14.00
02:51:55,99.87,-34.37,-177.34,27.00,6.00,0.00
02:51:55,99.66,-34.74,-177.22,-18.00,-7.00,29.00
02:51:55,99.67,-34.54,-177.22,18.00,-1.00,4.00
02:51:56,99.64,-34.62,-177.21,7.00,-2.00,16.00
02:51:56,99.64,-34.59,-177.21,9.00,-2.00,10.00
02:51:56,99.64,-34.61,-177.21,10.00,1.00,13.00
02:51:56,99.64,-34.61,-177.21,12.00,-2.00,11.00
02:51:56,99.64,-34.61,-177.21,8.00,-1.00,13.00
02:51:56,99.64,-34.60,-177.21,9.00,0.00,11.00
02:51:56,99.64,-34.60,-177.20,11.00,-2.00,12.00
02:51:56,99.64,-34.60,-177.20,8.00,-1.00,13.00
02:51:56,99.64,-34.60,-177.20,10.00,0.00,11.00
02:51:57,99.64,-34.60,-177.20,11.00,-2.00,12.00
02:51:57,99.64,-34.60,-177.20,9.00,0.00,10.00
02:51:57,99.64,-34.60,-177.20,9.00,0.00,10.00
02:51:57,99.64,-34.60,-177.20,11.00,-1.00,14.00
02:51:57,99.64,-34.60,-177.20,11.00,-2.00,10.00
02:51:57,99.64,-34.60,-177.20,9.00,0.00,14.00
02:51:57,99.64,-34.60,-177.20,11.00,-1.00,11.00
02:51:57,99.64,-34.60,-177.20,11.00,-2.00,13.00
02:51:57,99.64,-34.60,-177.20,11.00,-1.00,13.00
02:51:57,99.64,-34.60,-177.20,9.00,-1.00,14.00
02:51:58,99.64,-34.60,-177.20,10.00,-1.00,16.00
02:51:58,99.64,-34.60,-177.20,10.00,-3.00,10.00
02:51:58,99.64,-34.60,-177.20,9.00,-1.00,11.00
02:51:58,99.64,-34.60,-177.20,11.00,-4.00,14.00
02:51:58,99.64,-34.60,-177.20,11.00,-3.00,11.00
02:51:58,99.64,-34.60,-177.20,10.00,-3.00,13.00
02:51:58,99.64,-34.60,-177.20,10.00,-2.00,13.00
02:51:58,99.64,-34.60,-177.20,10.00,-3.00,9.00
02:51:58,99.64,-34.60,-177.20,9.00,-4.00,13.00
02:51:59,99.64,-34.60,-177.20,10.00,-4.00,11.00
02:51:59,99.64,-34.60,-177.20,12.00,-2.00,11.00
02:51:59,99.64,-34.60,-177.20,10.00,1.00,13.00
02:51:59,99.64,-34.60,-177.20,9.00,-4.00,12.00
02:51:59,99.64,-34.60,-177.20,9.00,-2.00,13.00
02:51:59,99.64,-34.60,-177.20,9.00,-3.00,11.00
02:51:59,99.64,-34.60,-177.20,9.00,-3.00,11.00
02:51:59,99.64,-34.60,-177.20,11.00,-2.00,14.00
02:51:59,99.64,-34.60,-177.20,11.00,-2.00,10.00
02:51:59,99.64,-34.60,-177.20,10.00,-6.00,10.00
02:52:00,99.64,-34.60,-177.20,7.00,1.00,10.00
02:52:00,99.64,-34.60,-177.20,11.00,-1.00,13.00
02:52:00,99.64,-34.60,-177.20,10.00,-2.00,10.00
02:52:00,99.64,-34.60,-177.20,10.00,-2.00,12.00
02:52:00,99.64,-34.60,-177.20,10.00,-1.00,14.00
02:52:00,99.64,-34.60,-177.20,10.00,-3.00,14.00
02:52:00,99.64,-34.60,-177.20,11.00,-4.00,11.00
02:52:00,99.64,-34.60,-177.20,10.00,-3.00,13.00
02:52:00,99.64,-34.60,-177.20,8.00,-3.00,11.00
02:52:01,99.64,-34.60,-177.20,8.00,-3.00,10.00
02:52:01,99.64,-34.60,-177.20,11.00,-2.00,12.00
02:52:01,99.64,-34.60,-177.20,9.00,-2.00,10.00
02:52:01,99.64,-34.60,-177.20,10.00,-3.00,12.00
02:52:01,99.64,-34.60,-177.20,9.00,-1.00,11.00
02:52:01,99.64,-34.60,-177.20,11.00,-3.00,14.00
02:52:01,99.64,-34.60,-177.20,8.00,-3.00,13.00
02:52:01,99.64,-34.60,-177.20,9.00,-2.00,11.00
02:52:01,99.64,-34.60,-177.20,11.00,-4.00,12.00
02:52:02,99.64,-34.60,-177.20,10.00,-2.00,10.00
02:52:02,99.64,-34.60,-177.20,11.00,-2.00,9.00
02:52:02,99.64,-34.60,-177.20,9.00,-4.00,13.00
02:52:02,99.64,-34.60,-177.20,9.00,-3.00,10.00
02:52:02,99.64,-34.60,-177.20,11.00,-4.00,11.00
02:52:02,99.64,-34.60,-177.20,11.00,-4.00,12.00
02:52:02,99.64,-34.60,-177.20,10.00,-4.00,12.00
02:52:02,99.64,-34.60,-177.20,9.00,0.00,12.00
02:52:02,99.64,-34.60,-177.20,9.00,-6.00,12.00
02:52:02,99.64,-34.60,-177.20,10.00,-3.00,12.00
02:52:03,99.64,-34.60,-177.20,11.00,-4.00,13.00
02:52:03,99.64,-34.60,-177.20,10.00,-4.00,13.00
02:52:03,99.64,-34.60,-177.20,11.00,-2.00,9.00
02:52:03,99.64,-34.60,-177.20,10.00,-4.00,12.00
02:52:03,99.64,-34.60,-177.20,9.00,-2.00,14.00
02:52:03,99.64,-34.60,-177.20,9.00,-2.00,14.00
06:24:46,0.00,0.00,0.00,0.00,0.00,0.00
06:24:46,0.00,0.00,0.00,0.00,0.00,0.00
06:24:46,0.00,0.00,0.00,0.00,0.00,0.00
06:24:46,0.00,0.00,0.00,0.00,0.00,0.00
06:24:47,0.00,0.00,0.00,0.00,0.00,0.00
06:24:47,0.00,0.00,0.00,0.00,0.00,0.00
06:24:47,154.36,-6.21,-176.75,6.00,7.00,-14.00
06:24:47,154.40,-5.92,-177.00,7.00,15.00,10.00
06:24:47,154.08,-5.87,-177.17,16.00,28.00,15.00
06:24:47,154.09,-6.28,-177.37,0.00,22.00,-3.00
06:24:47,154.19,-6.37,-177.33,6.00,5.00,-4.00
06:24:47,154.03,-6.08,-177.39,26.00,3.00,-4.00
06:24:47,153.97,-5.89,-177.60,8.00,14.00,-2.00
06:24:48,154.03,-5.70,-177.96,0.00,20.00,5.00
06:24:48,154.25,-5.59,-178.43,9.00,15.00,-3.00
06:24:48,154.25,-5.80,-178.26,1.00,6.00,2.00
06:24:48,154.21,-5.68,-178.41,1.00,11.00,3.00
06:24:48,154.18,-5.76,-178.05,10.00,0.00,4.00
06:24:48,-63.58,2.42,-176.51,10.00,14.00,5.00
06:24:48,154.21,-6.08,-178.28,15.00,9.00,-15.00
06:24:48,154.37,-5.90,-178.40,22.00,2.00,-1.00
06:24:48,154.19,-6.13,-178.12,2.00,3.00,13.00
06:24:48,154.24,-6.09,-178.53,4.00,16.00,-5.00
06:24:49,154.26,-5.81,-178.47,18.00,-5.00,-2.00
06:24:49,154.17,-5.76,-178.83,24.00,12.00,2.00
06:24:49,153.48,-6.02,-178.69,1.00,5.00,6.00
06:24:49,154.30,-6.21,-178.92,2.00,5.00,-1.00
06:24:49,154.23,-6.13,-178.97,4.00,-4.00,11.00
06:24:49,153.21,-6.80,-178.81,-18.00,-27.00,8.00
06:24:49,149.30,-8.45,-177.54,-15.00,-27.00,-7.00
06:24:49,144.06,-9.45,-176.62,-12.00,-31.00,-45.00
06:24:49,137.85,-8.85,-175.39,-73.00,14.00,11.00
06:24:50,131.68,-7.18,-172.74,-66.00,-2.00,30.00
06:24:50,124.69,-4.83,-171.00,-45.00,11.00,18.00
06:24:50,119.32,-2.89,-171.81,-43.00,40.00,5.00
06:24:50,116.61,-0.99,-174.59,6.00,73.00,7.00
06:24:50,115.76,-0.66,-177.25,-9.00,77.00,-11.00
06:24:50,117.04,-0.90,-178.01,-43.00,22.00,0.00
06:24:50,119.66,-0.69,-177.83,8.00,16.00,-3.00
06:24:50,123.84,-1.26,-178.00,-19.00,-11.00,12.00
06:24:50,129.61,-1.28,178.47,-33.00,-6.00,-26.00
06:24:50,135.43,0.15,175.61,-15.00,-4.00,-2.00
06:24:51,139.80,0.83,176.50,-9.00,-33.00,11.00
06:24:51,143.02,0.70,176.94,-15.00,-30.00,9.00
06:24:51,145.34,0.83,177.32,-15.00,-1.00,-25.00
06:24:51,145.75,2.19,177.32,8.00,-28.00,-17.00
06:24:51,144.60,2.71,176.46,36.00,-44.00,3.00
06:24:51,143.19,0.00,178.30,-11.00,-12.00,-70.00
06:24:51,141.48,1.73,177.91,-57.00,8.00,-35.00
06:24:51,138.48,5.82,178.19,-13.00,-37.00,14.00
06:24:51,131.90,7.08,179.69,11.00,-18.00,-6.00
06:24:52,123.74,6.07,178.08,-50.00,7.00,15.00
06:24:52,114.00,6.87,174.19,5.00,26.00,-6.00
06:24:52,106.34,6.32,171.84,-16.00,17.00,36.00
06:24:52,99.52,4.90,171.11,4.00,-19.00,36.00
06:24:52,93.91,1.38,171.11,-15.00,-39.00,-1.00
06:24:52,88.78,-4.39,168.13,-30.00,-58.00,-3.00
06:24:52,84.93,-7.69,163.61,-51.00,-21.00,44.00
06:24:52,80.92,-11.14,163.11,-54.00,-58.00,57.00
06:24:52,78.49,-14.55,161.15,-77.00,11.00,24.00
06:24:52,75.76,-18.26,160.32,-82.00,-26.00,-10.00
06:24:53,72.42,-20.58,159.95,-19.00,-75.00,3.00
06:24:53,69.23,-22.94,158.74,-44.00,-68.00,53.00
06:24:53,66.82,-24.17,158.26,-48.00,-34.00,59.00
06:24:53,65.54,-24.06,158.40,-39.00,-43.00,64.00
06:24:53,65.06,-25.92,158.86,-29.00,-44.00,42.00
06:24:53,65.05,-27.70,157.72,-24.00,-47.00,-8.00
06:24:53,64.59,-28.85,157.06,-33.00,-50.00,23.00
06:24:53,63.70,-29.88,156.28,-31.00,-57.00,38.00
06:24:53,62.09,-31.19,156.10,-26.00,-24.00,60.00
06:24:54,60.63,-32.50,156.90,-17.00,-34.00,71.00
06:24:54,60.04,-35.19,155.54,36.00,-28.00,-14.00
06:24:54,59.93,-37.35,154.57,-3.00,-54.00,6.00
06:24:54,59.70,-38.37,152.56,-17.00,-57.00,72.00
06:24:54,59.10,-39.68,150.61,-4.00,-35.00,55.00
06:24:54,57.57,-41.53,151.59,68.00,-18.00,33.00
06:24:54,57.90,-43.66,151.83,-9.00,-22.00,15.00
06:24:54,58.31,-44.11,152.04,-23.00,-69.00,43.00
06:24:54,57.65,-44.97,153.36,4.00,-71.00,12.00
06:24:54,54.49,-46.40,156.81,21.00,-61.00,56.00
06:24:55,52.29,-48.93,156.31,-14.00,-21.00,45.00
06:24:55,49.16,-50.78,156.92,21.00,-28.00,-2.00
06:24:55,47.54,-52.39,157.64,-41.00,-38.00,61.00
06:24:55,47.05,-54.06,155.97,31.00,-32.00,30.00
06:24:55,48.85,-55.60,152.93,12.00,-60.00,42.00
06:24:55,51.40,-57.66,148.18,20.00,-79.00,37.00
06:24:55,53.30,-60.49,143.27,-1.00,-25.00,27.00
06:24:55,53.43,-61.90,143.12,-37.00,-35.00,54.00
06:24:55,52.33,-62.47,143.17,7.00,-40.00,69.00
06:24:56,51.74,-62.92,142.47,6.00,-32.00,48.00
06:24:56,51.16,-62.56,144.14,-6.00,-39.00,45.00
06:24:56,50.34,-62.45,145.04,39.00,-33.00,33.00
06:24:56,50.69,-62.85,144.50,-11.00,-33.00,36.00
06:24:56,50.08,-63.37,144.82,6.00,-34.00,27.00
06:24:56,49.00,-64.05,145.76,25.00,-45.00,19.00
06:24:56,48.08,-64.46,146.52,32.00,-42.00,50.00
06:24:56,49.14,-65.48,143.90,26.00,-20.00,40.00
06:24:56,50.37,-67.14,141.93,-12.00,-34.00,44.00
06:24:56,52.73,-69.80,138.20,5.00,-20.00,48.00
06:24:57,55.24,-73.12,135.71,47.00,-42.00,33.00
06:24:57,64.99,-76.56,123.92,67.00,-42.00,-14.00
06:24:57,79.26,-78.72,104.66,41.00,-5.00,8.00
06:24:57,100.77,-79.58,81.65,13.00,-32.00,20.00
06:24:57,119.40,-78.38,63.26,-14.00,-63.00,35.00
06:24:57,130.30,-78.08,52.45,13.00,-42.00,19.00
06:24:57,147.42,-77.72,35.42,11.00,-12.00,68.00
06:24:57,157.79,-76.18,25.53,41.00,8.00,72.00
06:24:57,162.03,-72.26,21.48,10.00,-15.00,17.00
06:24:58,162.22,-69.20,20.87,-2.00,3.00,-9.00
06:24:58,160.64,-66.46,23.63,-14.00,-10.00,22.00
06:24:58,0.26,-65.04,25.21,70.00,-46.00,6.00
06:24:58,0.24,-62.39,23.78,49.00,0.00,-2.00
06:24:58,-0.95,-60.32,24.61,3.00,5.00,-23.00
06:24:58,-0.60,-60.20,27.69,10.00,-8.00,-2.00
06:24:58,2.60,-60.18,25.14,46.00,-16.00,-6.00
06:24:58,7.60,-59.94,16.88,33.00,13.00,-17.00
06:24:58,12.68,-59.47,13.27,27.00,-15.00,28.00
06:24:58,19.92,-58.72,11.99,47.00,-44.00,33.00
06:24:59,22.15,-57.51,9.37,62.00,0.00,-44.00
06:24:59,23.33,-54.47,5.88,29.00,-9.00,-94.00
06:24:59,23.94,-54.61,6.15,20.00,-3.00,-51.00
06:24:59,24.51,-55.14,6.26,-13.00,4.00,22.00
06:24:59,25.03,-54.13,5.04,-7.00,13.00,-9.00
06:24:59,24.25,-54.42,5.64,35.00,-7.00,-40.00
06:24:59,23.63,-54.85,6.51,45.00,-8.00,-32.00
06:24:59,22.92,-54.62,6.68,34.00,-4.00,-8.00
06:24:59,20.99,-54.54,7.66,-34.00,-18.00,39.00
06:25:00,18.86,-54.39,7.13,46.00,-53.00,-12.00
06:25:00,18.40,-52.79,5.32,-24.00,-54.00,36.00
06:25:00,18.31,-53.57,6.08,19.00,-21.00,29.00
06:25:00,20.35,-52.18,5.40,-3.00,0.00,20.00
06:25:00,20.41,-50.38,4.55,35.00,31.00,-74.00
06:25:00,17.48,-49.40,9.18,63.00,-7.00,-83.00
06:25:00,12.07,-49.64,18.18,39.00,-17.00,-23.00
06:25:00,8.24,-49.41,26.59,95.00,-44.00,-34.00
06:25:00,5.41,-46.75,27.97,-27.00,-54.00,0.00
06:25:00,-4.08,-45.67,25.52,-29.00,14.00,-61.00
06:25:01,-6.42,-49.48,19.32,64.00,120.00,10.00
06:25:01,-8.57,-50.35,22.50,34.00,67.00,79.00
06:25:01,-10.78,-46.48,32.84,52.00,-29.00,15.00
06:25:01,-10.07,-41.39,38.54,-2.00,-77.00,-9.00
06:25:01,-10.16,-40.00,36.50,-16.00,-76.00,-49.00
06:25:01,-11.25,-42.72,31.32,-34.00,-19.00,-21.00
06:25:01,-11.24,-48.70,27.07,-23.00,-5.00,30.00
06:25:01,-10.09,-53.74,24.77,27.00,26.00,31.00
06:25:01,-8.43,-56.07,26.09,12.00,25.00,42.00
06:25:02,-6.34,-56.96,29.76,-45.00,45.00,20.00
06:25:02,-6.11,-57.56,38.36,-4.00,54.00,56.00
06:25:02,-10.81,-54.24,50.82,77.00,-6.00,-13.00
06:25:02,-11.85,-48.10,59.37,31.00,-99.00,-53.00
06:25:02,-8.35,-47.01,60.19,87.00,-99.00,-12.00
06:25:02,-5.63,-44.12,54.20,88.00,-48.00,-83.00
06:25:02,-5.25,-40.03,52.45,1.00,-15.00,-86.00
06:25:02,-3.17,-38.05,54.47,-3.00,22.00,-16.00
06:25:02,-3.78,-36.05,56.47,17.00,-10.00,-49.00
06:25:02,-4.26,-34.65,59.61,28.00,-42.00,-111.00
06:25:03,-4.02,-34.12,64.10,10.00,-30.00,-14.00
06:25:03,-1.26,-33.33,67.03,19.00,-35.00,-91.00
06:25:03,0.90,-32.03,70.04,45.00,-34.00,-53.00
06:25:03,3.89,-28.92,73.49,74.00,-81.00,-34.00
06:25:03,6.62,-25.96,71.39,42.00,-40.00,-35.00
06:25:03,9.30,-21.41,67.92,-25.00,-14.00,-107.00
06:25:03,11.03,-17.90,70.15,174.00,-24.00,-158.00
06:25:03,14.14,-13.58,75.02,28.00,-79.00,-113.00
06:25:03,14.87,-11.07,77.28,7.00,-75.00,-49.00
06:25:04,14.70,-10.68,72.70,-37.00,-59.00,-17.00
06:25:04,15.74,-9.33,68.59,-6.00,-6.00,-50.00
06:25:04,18.37,-6.41,74.11,-32.00,0.00,-55.00
06:25:04,19.54,-1.57,73.95,91.00,-87.00,-147.00
06:25:04,21.13,1.30,70.15,10.00,-83.00,-156.00
06:25:04,21.91,2.99,66.44,-91.00,-24.00,-116.00
06:25:04,21.77,3.20,68.29,-82.00,1.00,-58.00
06:25:04,21.67,3.66,68.33,12.00,-42.00,-84.00
06:25:04,21.89,4.33,65.72,4.00,-15.00,-54.00
06:25:04,25.02,4.88,70.82,38.00,-24.00,-95.00
06:25:05,24.50,6.10,77.41,38.00,-58.00,-67.00
06:25:05,26.17,7.61,79.35,-1.00,-79.00,-106.00
06:25:05,26.78,8.10,81.07,22.00,-59.00,-108.00
06:25:05,25.63,7.88,81.77,13.00,-84.00,-114.00
06:25:05,27.69,6.90,84.62,20.00,-38.00,-131.00
06:25:05,30.12,6.28,91.19,42.00,-78.00,-87.00
06:25:05,33.22,6.09,100.33,20.00,-97.00,-111.00
06:25:05,36.20,6.59,108.97,0.00,-103.00,-91.00
06:25:05,37.47,5.24,117.52,-26.00,-84.00,-101.00
06:25:06,36.50,6.97,121.11,23.00,-147.00,-83.00
06:25:06,34.49,9.88,118.24,67.00,-110.00,-108.00
06:25:06,33.49,11.21,118.09,-33.00,-93.00,-10.00
06:25:06,35.77,6.71,129.14,-175.00,-93.00,4.00
06:25:06,36.77,6.62,137.11,-79.00,-163.00,-56.00
06:25:06,33.07,10.27,129.69,-7.00,-127.00,-59.00
06:25:06,28.99,10.99,122.49,-13.00,-77.00,-36.00
06:25:06,74.79,-23.91,-145.04,-3.00,-24.00,6.00
06:25:06,27.27,5.76,145.65,20.00,-94.00,-50.00
06:25:06,28.27,6.74,151.17,-41.00,-184.00,-50.00
06:25:07,26.16,11.89,145.53,32.00,-123.00,-40.00
06:25:07,23.99,13.29,144.89,-3.00,-61.00,-15.00
06:25:07,23.14,12.34,154.81,-7.00,-156.00,30.00
06:25:07,22.09,12.94,159.62,-43.00,-147.00,6.00
06:25:07,18.98,15.18,159.92,31.00,-126.00,31.00
06:25:07,16.73,12.90,162.40,-1.00,-84.00,0.00
06:25:07,15.21,12.07,165.52,6.00,-103.00,-47.00
06:25:07,13.19,13.45,167.46,87.00,-81.00,-46.00
06:25:07,11.95,12.52,172.21,0.00,-65.00,14.00
06:25:08,11.22,11.15,178.37,18.00,-110.00,-9.00
06:25:08,10.76,10.81,-179.16,27.00,-102.00,-37.00
06:25:08,8.74,10.84,-177.91,44.00,-43.00,-30.00
06:25:08,8.11,10.14,-173.81,21.00,-104.00,36.00
06:25:08,6.36,8.99,-172.65,-34.00,-60.00,-1.00
06:25:08,5.49,11.00,-173.25,17.00,-87.00,32.00
06:25:08,4.73,12.41,-172.06,28.00,-129.00,78.00
06:25:08,5.56,14.54,-177.04,106.00,-91.00,-18.00
06:25:08,9.70,15.97,174.97,-56.00,-96.00,0.00
06:25:08,12.60,22.05,167.86,-49.00,-71.00,8.00
06:25:09,13.25,27.95,161.79,68.00,-79.00,53.00
06:25:09,13.99,29.13,155.55,59.00,-135.00,28.00
06:25:09,17.24,26.77,149.76,-29.00,-76.00,-7.00
06:25:09,17.31,24.38,145.14,22.00,-91.00,-20.00
06:25:09,17.21,23.10,141.25,-9.00,-87.00,22.00
06:25:09,18.44,23.13,137.91,47.00,-62.00,-36.00
06:25:09,20.63,21.93,134.49,-43.00,-61.00,-58.00
06:25:09,20.45,22.42,131.27,40.00,-76.00,-46.00
06:25:09,21.47,22.20,127.64,-20.00,-128.00,6.00
06:25:10,21.85,22.61,120.24,3.00,-143.00,-50.00
06:25:10,20.74,22.65,115.51,4.00,-119.00,-61.00
06:25:10,20.08,22.70,116.55,-39.00,-97.00,-18.00
06:25:10,20.27,21.15,117.80,-15.00,-126.00,-1.00
06:25:10,22.16,19.73,112.92,-11.00,-87.00,-44.00
06:25:10,22.70,17.42,107.88,-7.00,-72.00,-39.00
06:25:10,23.33,16.22,104.15,9.00,-75.00,-59.00
06:25:10,23.28,15.71,100.38,36.00,-135.00,-50.00
06:25:10,23.17,14.22,91.48,62.00,-111.00,-37.00
06:25:10,24.41,11.52,78.80,15.00,-58.00,-25.00
06:25:11,24.37,10.25,66.78,75.00,7.00,-155.00
06:25:11,24.23,9.02,64.02,27.00,0.00,-79.00
06:25:11,24.19,8.09,63.35,20.00,-51.00,-21.00
06:25:11,25.60,8.24,58.43,-8.00,-79.00,-46.00
06:25:11,28.03,8.34,53.12,-11.00,-10.00,-58.00
06:25:11,29.41,8.95,50.83,-68.00,29.00,-45.00
06:25:11,29.17,8.45,50.84,-44.00,-20.00,-54.00
06:25:11,28.94,7.68,51.72,81.00,-77.00,-30.00
06:25:11,29.96,8.43,49.51,-62.00,-108.00,-43.00
06:25:12,30.33,8.30,43.12,-93.00,-4.00,2.00
06:25:12,28.76,6.09,36.95,84.00,-11.00,-91.00
06:25:12,27.56,3.14,33.93,47.00,-40.00,-54.00
06:25:12,27.49,1.66,33.99,6.00,-28.00,-39.00
06:25:12,27.53,0.52,31.25,-37.00,-73.00,-46.00
06:25:12,27.44,-1.27,27.62,-18.00,-62.00,-52.00
06:25:12,28.64,-4.80,23.48,-26.00,-43.00,-69.00
06:25:12,28.02,-8.57,19.65,-7.00,-27.00,-39.00
06:25:12,28.60,-12.73,15.91,13.00,2.00,-17.00
06:25:13,27.74,-16.41,13.07,10.00,-4.00,-8.00
06:25:13,26.29,-17.69,13.32,32.00,-26.00,-54.00
06:25:13,25.44,-17.38,14.06,1.00,-17.00,3.00
06:25:13,24.28,-17.16,12.29,13.00,-28.00,-22.00
06:25:13,23.47,-16.44,12.70,-17.00,-73.00,-26.00
06:25:13,22.78,-15.93,12.71,-6.00,-32.00,-42.00
06:25:13,22.85,-16.20,10.73,30.00,-27.00,-42.00
06:25:13,22.42,-15.96,10.48,-18.00,-29.00,-2.00
06:25:13,22.78,-15.59,9.20,9.00,-37.00,-25.00
06:25:13,22.88,-14.87,8.48,0.00,-33.00,-27.00
06:25:14,22.88,-13.97,7.97,10.00,-26.00,-34.00
06:25:14,23.00,-13.36,7.57,10.00,-23.00,-36.00
06:25:14,22.73,-13.19,6.37,-3.00,-37.00,-17.00
06:25:14,23.02,-12.20,5.87,13.00,-30.00,-33.00
06:25:14,23.85,-10.88,3.11,7.00,-22.00,-8.00
06:25:14,24.73,-9.62,-0.37,20.00,-36.00,-48.00
06:25:14,24.95,-8.33,-4.56,-7.00,2.00,-60.00
06:25:14,25.80,-7.55,-10.60,45.00,-44.00,-29.00
06:25:14,26.08,-4.45,-18.18,-3.00,18.00,-28.00
06:25:15,25.91,-2.22,-26.58,-29.00,41.00,20.00
06:25:15,24.11,-1.03,-35.35,24.00,8.00,-13.00
06:25:15,22.58,-0.20,-41.46,15.00,-33.00,21.00
06:25:15,21.17,1.67,-45.58,26.00,-29.00,-11.00
06:25:15,17.98,3.06,-51.56,-57.00,25.00,34.00
06:25:15,18.84,4.80,-56.33,-7.00,-26.00,37.00
06:25:15,19.35,6.22,-57.51,-53.00,34.00,67.00
06:25:15,21.32,6.87,-57.66,-16.00,-12.00,17.00
06:25:15,21.54,7.02,-57.78,-32.00,-3.00,2.00
06:25:15,20.11,5.27,-59.42,7.00,-31.00,-10.00
06:25:16,19.66,4.88,-65.36,13.00,9.00,52.00
06:25:16,19.63,5.76,-71.07,-55.00,-69.00,82.00
06:25:16,19.12,6.50,-75.36,60.00,-11.00,45.00
06:25:16,17.02,6.89,-78.93,-28.00,-46.00,16.00
06:25:16,15.76,6.90,-82.59,26.00,0.00,10.00
06:25:16,12.99,7.28,-86.21,-5.00,-58.00,15.00
06:25:16,11.88,8.85,-88.76,33.00,-3.00,51.00
06:25:16,9.01,9.24,-93.84,-4.00,-109.00,-5.00
06:25:16,7.48,9.12,-98.16,24.00,37.00,-9.00
06:25:17,4.77,9.71,-101.12,-22.00,-81.00,36.00
06:25:17,3.37,10.71,-104.69,49.00,9.00,59.00
06:25:17,0.69,10.61,-107.63,-18.00,-100.00,-38.00
06:25:17,0.30,11.58,-111.49,2.00,12.00,46.00
06:25:17,-1.29,10.62,-115.90,1.00,-55.00,51.00
06:25:17,-1.96,9.23,-119.70,20.00,0.00,28.00
06:25:17,-2.24,7.84,-121.39,19.00,-128.00,-48.00
06:25:17,-2.99,7.03,-124.89,19.00,-52.00,21.00
06:25:17,-2.81,6.36,-128.14,-55.00,-31.00,45.00
06:25:17,-2.42,6.95,-129.73,0.00,0.00,-7.00
06:25:18,-1.19,6.86,-130.95,21.00,-63.00,-7.00
06:25:18,-0.01,7.45,-131.59,16.00,-46.00,9.00
06:25:18,0.55,7.83,-132.24,-12.00,-53.00,30.00
06:25:18,0.37,7.86,-134.69,16.00,-71.00,24.00
06:25:18,-0.17,8.31,-135.63,-7.00,-54.00,-16.00
06:25:18,-0.11,9.37,-136.96,33.00,-26.00,8.00
06:25:18,0.53,9.40,-138.29,19.00,-14.00,18.00
06:25:18,0.70,8.27,-138.80,37.00,-45.00,12.00
06:25:18,1.37,6.15,-140.45,-4.00,-17.00,-12.00
06:25:19,1.98,4.84,-140.37,5.00,-53.00,-8.00
06:25:19,3.61,3.08,-142.09,-27.00,-76.00,5.00
06:25:19,5.63,2.07,-145.43,-6.00,-55.00,0.00
06:25:19,7.16,2.25,-146.29,38.00,-60.00,-14.00
06:25:19,8.20,1.74,-149.21,-5.00,-60.00,14.00
06:25:19,9.05,1.50,-153.00,-20.00,-15.00,0.00
06:25:19,9.53,1.99,-153.60,10.00,-50.00,-32.00
06:25:19,10.18,1.91,-154.56,21.00,-34.00,-27.00
06:25:19,11.30,1.44,-157.31,-18.00,-32.00,25.00
06:25:19,12.68,1.90,-159.14,-24.00,-49.00,30.00
06:25:20,14.42,2.12,-161.33,2.00,-57.00,30.00
06:25:20,15.91,1.62,-162.77,12.00,-60.00,-1.00
06:25:20,16.83,0.63,-164.20,1.00,-43.00,9.00
06:25:20,17.28,-0.24,-165.99,8.00,-13.00,0.00
06:25:20,17.13,-1.35,-166.65,13.00,-23.00,-25.00
06:25:20,17.30,-2.02,-167.12,13.00,-27.00,-45.00
06:25:20,17.76,-2.31,-167.93,5.00,-39.00,0.00
06:25:20,18.70,-2.38,-171.49,-9.00,-65.00,29.00
06:25:20,19.93,-2.68,-176.51,12.00,-19.00,25.00
06:25:21,18.57,-2.22,-176.07,6.00,-52.00,33.00
06:25:21,17.91,-2.30,-174.29,14.00,-40.00,-12.00
06:25:21,17.30,-3.26,-176.03,-8.00,-27.00,-29.00
06:25:21,18.15,-2.63,179.80,7.00,-9.00,-14.00
06:25:21,17.94,-1.99,178.50,-10.00,-26.00,39.00
06:25:21,16.71,-1.78,179.87,53.00,-16.00,0.00
06:25:21,16.43,-3.17,-179.25,17.00,-24.00,8.00
06:25:21,17.52,-5.99,179.78,-20.00,-18.00,6.00
06:25:21,17.59,-8.31,-179.03,-12.00,-31.00,-5.00
06:25:21,17.61,-10.34,-176.45,7.00,-38.00,-39.00
06:25:22,17.50,-12.58,-175.25,28.00,-23.00,-37.00
06:25:22,17.37,-14.94,-174.48,-13.00,-36.00,44.00
06:25:22,16.37,-16.97,-171.95,-11.00,-52.00,28.00
06:25:22,15.69,-18.96,-170.01,76.00,-12.00,-4.00
06:25:22,14.98,-22.88,-169.31,22.00,-33.00,0.00
06:25:22,13.89,-28.92,-168.63,-8.00,-53.00,-29.00
06:25:22,11.90,-33.80,-167.79,1.00,-44.00,-12.00
06:25:22,8.77,-37.54,-165.90,23.00,-9.00,8.00
06:25:22,5.97,-40.86,-163.08,-22.00,-6.00,62.00
06:25:23,1.90,-44.04,-160.04,-38.00,-24.00,-8.00
06:25:23,-1.04,-45.67,-158.28,-71.00,-22.00,77.00
06:25:23,-2.72,-47.50,-156.93,-57.00,-52.00,116.00
06:25:23,-2.69,-49.13,-157.63,-25.00,-44.00,56.00
06:25:23,-4.16,-49.47,-155.28,-55.00,-77.00,0.00
06:25:23,-0.33,-47.35,-161.84,-36.00,-48.00,1.00
06:25:23,4.06,-40.54,-167.33,3.00,-5.00,-39.00
06:25:23,5.63,-30.78,-168.39,122.00,25.00,-29.00
06:25:23,7.64,-21.92,-170.00,153.00,25.00,-72.00
06:25:23,8.13,-16.37,-171.27,-11.00,-33.00,-40.00
06:25:24,8.70,-8.66,-170.91,-49.00,-45.00,21.00
06:25:24,10.71,1.60,-171.59,13.00,-23.00,27.00
06:25:24,11.91,7.12,-174.93,27.00,5.00,22.00
06:25:24,11.78,10.90,-177.48,101.00,24.00,-2.00
06:25:24,10.51,12.12,-175.81,-29.00,-36.00,-17.00
06:25:24,7.77,14.11,-174.67,11.00,-15.00,-10.00
06:25:24,7.10,14.63,-173.01,13.00,33.00,-9.00
06:25:24,6.12,12.61,-171.33,-59.00,-57.00,13.00
06:25:24,4.87,11.98,-175.27,-84.00,-68.00,-5.00
06:25:25,5.32,16.52,-179.91,43.00,20.00,-16.00
06:25:25,5.97,18.33,-179.03,15.00,2.00,-22.00
06:25:25,5.96,19.94,-177.69,85.00,22.00,-60.00
06:25:25,4.97,20.00,-179.22,-37.00,-25.00,23.00
06:25:25,5.65,22.47,179.44,12.00,-29.00,-61.00
06:25:25,4.46,25.44,177.63,-20.00,-4.00,46.00
06:25:25,1.70,25.73,175.07,-15.00,-70.00,-22.00
06:25:25,-0.01,24.31,176.40,-65.00,-67.00,68.00
06:25:25,0.04,23.92,177.78,-61.00,-31.00,9.00
06:25:25,0.43,24.91,-179.71,0.00,-18.00,21.00
06:25:26,0.43,24.43,179.02,57.00,-26.00,30.00
06:25:26,-2.05,21.90,176.90,-60.00,20.00,21.00
06:25:26,-4.82,24.63,175.48,-38.00,-47.00,-42.00
06:25:26,-6.16,27.95,176.72,9.00,-3.00,16.00
06:25:26,-6.09,27.21,-179.90,-29.00,31.00,-25.00
06:25:26,-4.71,29.99,-177.54,-42.00,-7.00,-33.00
06:25:26,-2.33,34.62,-177.01,66.00,-22.00,-8.00
06:25:26,0.26,36.11,-177.97,-28.00,18.00,28.00
06:25:26,1.56,38.23,-179.09,-44.00,-18.00,16.00
06:25:27,0.95,43.81,175.71,-5.00,-44.00,30.00
06:25:27,-3.15,53.21,165.27,44.00,25.00,-64.00
06:25:27,-8.77,57.49,159.45,-27.00,-5.00,-32.00
06:25:27,-10.80,59.15,160.53,-65.00,-64.00,68.00
06:25:27,-19.95,65.03,147.40,1.00,-59.00,-11.00
06:25:27,-32.64,66.29,132.89,-77.00,-96.00,-7.00
06:25:27,-31.40,63.46,138.84,-110.00,-90.00,39.00
06:25:27,-32.05,63.16,138.60,-64.00,-21.00,0.00
06:25:27,-41.75,63.70,123.91,-34.00,27.00,-72.00
06:25:28,-49.61,62.89,117.74,-78.00,-25.00,-47.00
06:25:28,-49.59,62.00,121.53,-15.00,-24.00,-26.00
06:25:28,-48.36,62.42,123.99,12.00,19.00,-50.00
06:25:28,-51.20,64.17,119.92,1.00,36.00,0.00
06:25:28,-61.65,67.66,108.75,2.00,30.00,1.00
06:25:28,-63.69,68.26,108.33,-48.00,18.00,-23.00
06:25:28,-67.51,69.01,105.32,-28.00,1.00,45.00
06:25:28,-78.77,67.52,90.10,-37.00,-29.00,-11.00
06:25:28,-86.04,64.44,79.57,-26.00,-5.00,-33.00
06:25:28,-90.52,62.64,74.71,-46.00,-28.00,4.00
06:25:29,-93.61,59.80,71.72,-58.00,-30.00,-2.00
06:25:29,-93.07,58.81,72.87,-71.00,-6.00,-3.00
06:25:29,-96.54,57.73,69.17,-22.00,-36.00,4.00
06:25:29,-100.98,53.24,62.65,-77.00,-17.00,60.00
06:25:29,-99.97,50.17,62.11,-98.00,-8.00,17.00
06:25:29,-102.65,45.35,55.52,-69.00,-52.00,27.00
06:25:29,-104.00,39.56,50.45,-52.00,-43.00,28.00
06:25:29,-104.25,33.38,45.84,-75.00,-52.00,-6.00
06:25:29,-104.89,27.70,42.28,-104.00,-15.00,-6.00
06:25:30,-106.32,21.17,38.51,-36.00,-70.00,-21.00
06:25:30,-107.72,16.42,36.39,-32.00,-88.00,-15.00
06:25:30,-107.90,13.69,35.02,-65.00,-66.00,-27.00
06:25:30,-108.63,10.93,33.00,-125.00,-102.00,-43.00
06:25:30,-109.43,4.38,29.72,-78.00,-58.00,-47.00
06:25:30,-110.02,-1.82,27.15,-15.00,-73.00,-45.00
06:25:30,-110.98,-5.14,26.17,-26.00,-103.00,-44.00
06:25:30,-111.20,-5.65,24.82,-65.00,-120.00,-41.00
06:25:30,-110.80,-6.40,21.04,-88.00,-62.00,-41.00
06:25:30,-110.89,-6.92,18.47,-37.00,-49.00,-46.00
06:25:31,-111.10,-6.58,16.64,-53.00,-58.00,-34.00
06:25:31,-110.91,-7.57,15.24,-8.00,-51.00,-37.00
06:25:31,-111.08,-8.31,14.21,-19.00,-34.00,-39.00
06:25:31,-111.13,-9.32,13.95,-21.00,-40.00,-49.00
06:25:31,-111.29,-11.03,12.78,5.00,-42.00,-42.00
06:25:31,-111.42,-12.76,11.00,-18.00,-19.00,-25.00
06:25:31,-111.77,-14.40,10.04,-18.00,-8.00,-12.00
06:25:31,-112.09,-15.66,10.05,-40.00,-41.00,-19.00
06:25:31,-111.84,-17.79,8.70,-13.00,-15.00,-45.00
06:25:32,-111.34,-18.89,7.60,-34.00,-21.00,-29.00
06:25:32,-111.29,-19.82,7.33,-17.00,-34.00,-41.00
06:25:32,-111.12,-21.55,7.91,-13.00,-36.00,-28.00
06:25:32,-111.38,-24.27,7.37,16.00,-34.00,-39.00
06:25:32,-111.06,-24.89,7.16,-23.00,-10.00,-24.00
06:25:32,-111.29,-25.94,7.56,2.00,-27.00,-21.00
06:25:32,-111.35,-26.31,7.08,-14.00,-1.00,-12.00
06:25:32,-112.98,-27.51,7.30,9.00,-52.00,-50.00
06:25:32,-113.08,-28.22,7.13,-3.00,-24.00,-39.00
06:25:32,-112.16,-29.72,5.84,21.00,0.00,-34.00
06:25:33,-112.96,-31.05,6.99,2.00,-16.00,-24.00
06:25:33,-113.47,-31.42,8.22,-35.00,-9.00,10.00
06:25:33,-113.37,-33.47,7.22,4.00,-10.00,-32.00
06:25:33,-113.71,-34.52,7.30,-9.00,-9.00,-15.00
06:25:33,-113.70,-35.52,7.66,0.00,-32.00,-26.00
06:25:33,-112.79,-36.95,5.90,11.00,8.00,-36.00
06:25:33,-112.66,-38.65,6.26,12.00,-14.00,-36.00
06:25:33,-112.44,-40.26,6.42,-11.00,-23.00,10.00
06:25:33,-112.00,-42.07,5.79,15.00,-16.00,-12.00
06:25:34,-111.66,-43.12,5.10,3.00,-13.00,-27.00
06:25:34,-111.95,-45.25,5.20,18.00,-13.00,-24.00
06:25:34,-112.10,-46.75,4.99,-19.00,-1.00,11.00
06:25:34,-112.98,-48.20,5.73,4.00,-32.00,-17.00
06:25:34,-113.50,-50.94,4.83,29.00,-18.00,-27.00
06:25:34,-113.07,-52.35,3.45,4.00,17.00,-9.00
06:25:34,-112.99,-53.30,3.55,-10.00,-13.00,-9.00
06:25:34,-113.62,-56.54,3.30,7.00,-4.00,-13.00
06:25:34,-114.04,-57.22,3.14,6.00,31.00,-12.00
06:25:34,-113.93,-56.44,3.97,4.00,-29.00,-5.00
06:25:35,-113.85,-57.03,3.62,4.00,-41.00,-13.00
06:25:35,-112.92,-57.60,2.47,23.00,-5.00,-25.00
06:25:35,-111.61,-57.97,2.24,19.00,18.00,-23.00
06:25:35,-111.73,-58.91,3.73,31.00,-17.00,-7.00
06:25:35,-111.99,-59.19,4.13,3.00,-20.00,-29.00
06:25:35,-111.73,-60.45,3.71,13.00,-18.00,-13.00
06:25:35,-110.26,-60.84,3.49,10.00,15.00,13.00
06:25:35,-108.32,-62.67,1.96,30.00,-12.00,3.00
06:25:35,-106.61,-63.05,2.57,14.00,-12.00,-7.00
06:25:36,-107.14,-63.21,3.09,20.00,5.00,-1.00
06:25:36,-107.88,-65.90,1.35,59.00,0.00,-12.00
06:25:36,-108.20,-65.97,2.31,-46.00,-3.00,1.00
06:25:36,-107.08,-67.58,0.69,-3.00,39.00,-23.00
06:25:36,-105.93,-68.55,-0.56,10.00,-36.00,-50.00
06:25:36,-104.86,-69.09,-0.41,-21.00,-31.00,-22.00
06:25:36,-104.10,-70.21,0.37,-5.00,-13.00,-6.00
06:25:36,-103.11,-72.56,-0.03,46.00,-19.00,-11.00
06:25:36,-102.94,-73.12,-0.33,-13.00,51.00,-5.00
06:25:36,-103.97,-74.93,3.00,-2.00,-14.00,-12.00
06:25:37,-114.45,-78.25,13.87,42.00,23.00,-39.00
06:25:37,-118.00,-79.89,22.59,40.00,-52.00,-5.00
06:25:37,-105.48,-79.64,13.20,-34.00,1.00,18.00
06:25:37,-117.87,-80.23,23.87,-25.00,-18.00,-25.00
06:25:37,-123.50,-82.15,28.80,43.00,-30.00,-6.00
06:25:37,-121.39,-84.09,25.03,12.00,-24.00,-34.00
06:25:37,-133.63,-86.37,36.29,-8.00,-2.00,-22.00
06:25:37,149.84,-88.30,112.73,8.00,17.00,-31.00
06:25:37,94.52,-83.89,169.99,55.00,-36.00,7.00
06:25:38,100.43,-83.01,164.80,28.00,-60.00,15.00
06:25:38,106.40,-83.03,156.33,-42.00,46.00,-41.00
06:25:38,92.20,-80.61,170.06,-8.00,-10.00,-18.00
06:25:38,85.42,-76.78,176.95,-3.00,47.00,1.00
06:25:38,84.23,-70.79,177.42,17.00,46.00,-18.00
06:25:38,83.62,-67.11,179.85,22.00,-13.00,9.00
06:25:38,81.06,-66.37,-175.88,31.00,-28.00,-3.00
06:25:38,78.40,-64.91,-174.65,20.00,19.00,-18.00
06:25:38,78.18,-62.60,-174.77,51.00,19.00,-41.00
06:25:38,77.03,-60.18,-172.67,59.00,-3.00,-37.00
06:25:39,79.71,-58.85,-174.83,-7.00,-23.00,-11.00
06:25:39,81.79,-57.93,-177.55,46.00,24.00,-16.00
06:25:39,80.20,-56.68,-175.48,56.00,-17.00,-8.00
06:25:39,79.83,-56.19,-174.00,52.00,13.00,-21.00
06:25:39,81.32,-55.15,-173.45,-50.00,-54.00,6.00
06:25:39,85.94,-51.95,-177.15,46.00,-9.00,-14.00
06:25:39,87.26,-47.71,-178.71,47.00,-5.00,-11.00
06:25:39,84.85,-46.40,-176.12,37.00,-45.00,-21.00
06:25:39,84.21,-45.02,-177.03,60.00,0.00,-32.00
06:25:40,84.89,-43.08,-178.55,-37.00,21.00,-2.00
06:25:40,81.99,-42.74,-173.94,39.00,-39.00,70.00
06:25:40,85.29,-37.81,-174.05,57.00,-44.00,-6.00
06:25:40,87.56,-36.97,-175.93,50.00,-27.00,37.00
06:25:40,87.50,-37.46,-176.22,-57.00,-1.00,68.00
06:25:40,88.16,-33.09,-179.35,40.00,6.00,-75.00
06:25:40,84.61,-33.12,-179.30,-34.00,-18.00,16.00
06:25:40,80.56,-30.94,-178.40,40.00,10.00,-23.00
06:25:40,77.15,-28.23,-177.77,56.00,10.00,-26.00
06:25:40,73.91,-27.23,-176.52,41.00,1.00,-6.00
06:25:41,71.34,-24.25,-175.85,52.00,0.00,-10.00
06:25:41,69.64,-21.27,-176.50,31.00,20.00,-9.00
06:25:41,67.48,-19.81,-176.15,38.00,-9.00,-4.00
06:25:41,66.07,-18.59,-176.40,1.00,11.00,22.00
06:25:41,66.20,-16.12,-177.73,20.00,0.00,-12.00
06:25:41,66.08,-13.92,-178.27,1.00,-15.00,17.00
06:25:41,65.69,-12.15,-177.69,12.00,11.00,23.00
06:25:41,65.46,-9.48,-177.96,36.00,9.00,30.00
06:25:41,63.90,-6.34,-177.43,80.00,48.00,30.00
06:25:42,59.57,-1.90,-176.19,67.00,-6.00,-20.00
06:25:42,56.63,1.57,-176.86,37.00,13.00,0.00
06:25:42,55.56,5.61,-179.85,-33.00,68.00,8.00
06:25:42,52.24,9.81,177.78,-10.00,-50.00,-42.00
06:25:42,48.83,9.31,177.88,-26.00,-10.00,-23.00
06:25:42,45.77,7.60,176.87,-57.00,29.00,0.00
06:25:42,43.83,9.79,176.11,-64.00,14.00,50.00
06:25:42,39.03,18.03,174.12,-9.00,-15.00,-42.00
06:25:42,36.29,20.82,176.43,55.00,6.00,-46.00
06:25:42,34.55,14.78,179.37,-64.00,-98.00,108.00
06:25:43,34.06,14.37,177.92,0.00,2.00,-20.00
06:25:43,32.76,12.98,176.34,16.00,17.00,-11.00
06:25:43,31.21,5.54,175.78,-147.00,46.00,72.00
06:25:43,32.42,7.03,174.65,-63.00,43.00,-46.00
06:25:43,32.07,12.20,173.14,23.00,-47.00,-70.00
06:25:43,31.46,11.34,173.48,-21.00,0.00,0.00
06:25:43,30.67,7.87,173.81,-35.00,-29.00,91.00
06:25:43,30.88,7.18,170.21,-123.00,5.00,106.00
06:25:43,30.80,12.81,166.82,5.00,129.00,-73.00
06:25:44,30.19,12.50,168.05,-10.00,2.00,-3.00
06:25:44,29.34,11.52,168.27,-12.00,-40.00,21.00
06:25:44,28.10,10.12,166.15,-55.00,-10.00,27.00
06:25:44,25.57,8.23,162.42,-69.00,-25.00,9.00
06:25:44,23.20,6.30,161.99,-72.00,21.00,0.00
06:25:44,19.96,8.10,161.82,-25.00,-43.00,-45.00
06:25:44,17.97,12.30,161.06,17.00,17.00,-42.00
06:25:44,15.32,9.32,165.25,-50.00,-24.00,-10.00
06:25:44,13.02,6.17,169.74,-64.00,-73.00,35.00
06:25:44,12.20,8.42,171.07,10.00,38.00,-70.00
06:25:45,10.60,9.10,172.27,-81.00,-35.00,43.00
06:25:45,11.35,10.99,171.11,-38.00,49.00,-18.00
06:25:45,10.87,11.42,171.27,-56.00,70.00,-12.00
06:25:45,9.35,11.80,174.26,-48.00,-5.00,-33.00
06:25:45,8.70,13.36,176.75,-23.00,-29.00,17.00
06:25:45,7.43,13.08,177.87,-73.00,-21.00,40.00
06:25:45,5.32,13.15,177.77,-68.00,-35.00,53.00
06:25:45,1.75,13.61,177.60,-60.00,-63.00,-1.00
06:25:45,-3.49,11.00,178.18,-69.00,-46.00,49.00
06:25:46,-7.60,9.72,178.86,-80.00,-37.00,19.00
06:25:46,-8.89,14.41,177.38,-18.00,36.00,-36.00
06:25:46,-10.47,13.33,178.62,-17.00,-3.00,-2.00
06:25:46,-11.56,11.34,-177.99,-111.00,-48.00,-3.00
06:25:46,-12.63,13.17,-176.71,-33.00,-61.00,-12.00
06:25:46,-13.95,13.27,-177.44,-47.00,-15.00,29.00
06:25:46,-15.05,12.79,-179.91,-50.00,31.00,-7.00
06:25:46,-16.88,12.60,178.07,-63.00,13.00,-31.00
06:25:46,-18.02,12.91,177.67,5.00,9.00,-4.00
06:25:46,-19.43,9.25,175.04,-122.00,29.00,83.00
06:25:47,-21.26,7.47,171.95,-93.00,-59.00,34.00
06:25:47,-21.60,7.24,171.28,-109.00,-36.00,53.00
06:25:47,-21.42,7.95,169.87,2.00,1.00,-66.00
06:25:47,-22.88,6.98,169.54,-66.00,-25.00,53.00
06:25:47,-23.76,6.06,169.36,-105.00,-50.00,16.00
06:25:47,-23.22,10.62,169.30,6.00,4.00,-39.00
06:25:47,-22.78,11.33,168.32,-43.00,-67.00,5.00
06:25:47,-21.07,8.74,166.53,-41.00,9.00,-3.00
06:25:47,-20.50,3.53,166.44,-111.00,-52.00,-12.00
06:25:48,-20.18,4.80,166.17,-65.00,9.00,7.00
06:25:48,-20.56,7.43,163.70,-46.00,62.00,46.00
06:25:48,-22.00,10.20,161.82,-16.00,-12.00,90.00
06:25:48,-21.08,9.53,154.20,-100.00,-30.00,41.00
06:25:48,-21.67,9.07,141.07,-10.00,-28.00,-58.00
06:25:48,-21.98,7.45,134.84,-63.00,-37.00,-30.00
06:25:48,-23.88,4.54,130.51,-19.00,-57.00,-75.00
06:25:48,-24.81,2.95,124.67,-87.00,-38.00,35.00
06:25:48,-28.84,3.06,115.68,-65.00,-35.00,24.00
06:25:48,-33.00,1.01,109.97,-92.00,-118.00,-1.00
06:25:49,-34.88,-3.93,107.92,-21.00,-159.00,-11.00
06:25:49,-34.40,-5.83,100.10,-69.00,-95.00,50.00
06:25:49,-34.89,-4.93,92.77,-49.00,-41.00,-6.00
06:25:49,-34.68,-5.77,96.19,-89.00,-91.00,9.00
06:25:49,-35.39,-7.57,108.45,-46.00,-24.00,54.00
06:25:49,-34.87,-9.69,131.26,-90.00,37.00,144.00
06:25:49,-32.42,-9.66,151.17,-88.00,-119.00,88.00
06:25:49,-26.24,-6.99,161.60,-75.00,-70.00,48.00
06:25:49,-22.33,-7.45,171.38,-87.00,-38.00,3.00
06:25:50,-22.09,-7.37,-174.69,-25.00,-60.00,0.00
06:25:50,-22.20,-6.54,-164.91,-4.00,-17.00,-16.00
06:25:50,-22.49,-5.47,-158.39,-36.00,14.00,-18.00
06:25:50,-25.15,-4.25,-150.56,-41.00,-18.00,-13.00
06:25:50,-28.26,-1.72,-142.63,-45.00,-38.00,-46.00
06:25:50,-28.19,0.16,-139.60,-66.00,8.00,-41.00
06:25:50,-28.19,2.52,-137.64,-46.00,-26.00,-1.00
06:25:50,-27.73,3.47,-138.43,-45.00,-9.00,-35.00
06:25:50,-27.72,4.30,-138.20,-34.00,-26.00,-40.00
06:25:51,-27.87,5.31,-137.89,-58.00,-44.00,7.00
06:25:51,-26.53,6.21,-142.44,15.00,-60.00,10.00
06:25:51,-24.77,5.39,-149.47,-49.00,-14.00,-25.00
06:25:51,-21.89,4.38,-159.33,-34.00,24.00,-80.00
06:25:51,-17.08,4.56,-174.58,-95.00,46.00,-3.00
06:25:51,-18.14,9.15,168.18,59.00,-43.00,-3.00
06:25:51,-24.57,8.43,147.47,-130.00,17.00,75.00
06:25:51,-30.49,5.62,140.54,-67.00,-59.00,68.00
06:25:51,-34.88,-0.82,139.80,-87.00,-122.00,79.00
06:25:51,-38.82,-6.22,133.33,-124.00,-47.00,35.00
06:25:52,-44.26,-12.94,131.16,-52.00,-59.00,-105.00
06:25:52,-49.89,-16.29,138.62,13.00,-25.00,-87.00
06:25:52,50.48,48.80,-34.89,-43.00,8.00,49.00
06:25:52,-58.72,-14.72,171.54,-54.00,108.00,102.00
06:25:52,-54.98,-12.79,-176.90,-41.00,99.00,129.00
06:25:52,-46.93,-15.09,-168.50,-97.00,108.00,77.00
06:25:52,-34.43,-19.37,-169.87,-114.00,97.00,61.00
06:25:52,-18.96,-22.69,-178.03,-186.00,9.00,-45.00
06:25:52,-0.89,-21.49,174.08,-174.00,-41.00,-76.00
06:25:53,10.34,-13.88,166.50,-10.00,-72.00,-96.00
06:25:53,17.72,-3.19,156.48,21.00,-105.00,-89.00
06:25:53,19.01,4.85,144.11,18.00,-284.00,-57.00
06:25:53,11.74,9.06,128.41,141.00,-234.00,-149.00
06:25:53,1.92,8.89,121.18,-124.00,-221.00,-70.00
06:25:53,-10.33,4.84,117.04,-161.00,-270.00,-16.00
06:25:53,-23.54,1.96,111.66,-197.00,1.00,-23.00
06:25:53,-36.48,-3.29,115.29,-147.00,30.00,72.00
06:25:53,-43.70,-7.35,126.18,-68.00,33.00,-49.00
06:25:53,-51.21,-9.16,137.81,-24.00,22.00,-59.00
06:25:54,-56.79,-8.58,152.55,76.00,168.00,-111.00
06:25:54,-57.81,-2.68,167.43,74.00,270.00,34.00
06:25:54,-51.43,2.11,179.21,-25.00,214.00,200.00
06:25:54,-41.32,2.73,-175.75,-268.00,113.00,227.00
06:25:54,-27.71,2.52,-176.61,-319.00,6.00,95.00
06:25:54,-18.92,-1.05,-176.83,-258.00,-18.00,0.00
06:25:54,-12.06,-7.26,-176.61,-114.00,-33.00,-107.00
06:25:54,-6.00,-13.03,-178.51,15.00,-7.00,-267.00
06:25:54,2.97,-15.18,172.26,82.00,57.00,-378.00
06:25:55,11.98,-5.65,160.27,70.00,-238.00,-245.00
06:25:55,12.54,7.95,145.72,5.00,-456.00,-162.00
06:25:55,5.59,13.61,131.15,-131.00,-378.00,-34.00
06:25:55,-6.21,17.06,119.84,-199.00,-357.00,66.00
06:25:55,-16.94,12.71,111.21,-401.00,-271.00,40.00
06:25:55,-28.90,7.54,105.99,-354.00,-91.00,4.00
06:25:55,-39.93,-0.35,109.74,-242.00,-12.00,12.00
06:25:55,-50.80,-7.63,116.88,-112.00,-30.00,-124.00
06:25:55,-61.63,-12.78,127.50,19.00,126.00,-214.00
06:25:55,-73.17,-13.49,147.69,-71.00,331.00,-141.00
06:25:56,-78.97,-8.61,169.39,-196.00,239.00,39.00
06:25:56,-76.52,1.12,-173.51,-85.00,331.00,103.00
06:25:56,-69.56,2.73,-157.62,-264.00,179.00,260.00
06:25:56,-55.73,0.18,-148.35,-377.00,131.00,323.00
06:25:56,-42.19,-4.46,-148.17,-283.00,143.00,74.00
06:25:56,-31.60,-13.32,-147.28,-391.00,-23.00,60.00
06:25:56,-19.41,-19.17,-152.62,-243.00,-144.00,-141.00
06:25:56,-6.49,-19.22,-163.73,80.00,-95.00,-348.00
06:25:56,4.75,-17.58,-176.21,9.00,-188.00,-365.00
06:25:57,11.26,-5.64,166.87,3.00,-460.00,-300.00
06:25:57,8.46,7.22,145.56,-172.00,-581.00,78.00
06:25:57,-7.53,16.21,118.26,-104.00,-458.00,41.00
06:25:57,-23.87,11.09,110.94,-271.00,-381.00,41.00
06:25:57,-33.82,2.46,119.23,-215.00,-234.00,19.00
06:25:57,-45.70,-6.22,132.28,-151.00,35.00,-83.00
06:25:57,-53.81,-10.10,148.32,-239.00,331.00,35.00
06:25:57,-56.82,-5.35,168.05,0.00,259.00,60.00
06:25:57,-48.99,-4.95,178.52,-247.00,69.00,171.00
06:25:57,-38.35,-1.54,177.49,-81.00,-55.00,26.00
06:25:58,-29.98,-0.63,175.87,-85.00,-6.00,3.00
06:25:58,-26.53,-4.27,178.83,-75.00,15.00,-34.00
06:25:58,-25.26,-8.94,176.98,-51.00,-28.00,5.00
06:25:58,-20.39,-11.85,172.71,-23.00,24.00,-69.00
06:25:58,-17.63,-15.77,173.23,-143.00,-52.00,24.00
06:25:58,-17.06,-14.39,172.76,85.00,-48.00,-37.00
06:25:58,-16.76,-13.23,172.44,34.00,-9.00,7.00
06:25:58,-16.85,-14.34,173.96,-54.00,-11.00,46.00
06:25:58,-17.32,-13.84,174.09,46.00,-2.00,-4.00
06:25:59,-16.84,-16.12,175.95,-26.00,-20.00,5.00
06:25:59,-17.74,-16.71,179.52,-18.00,-42.00,0.00
06:25:59,-19.69,-19.32,-177.98,-58.00,8.00,-14.00
06:25:59,-20.42,-18.52,-178.38,-2.00,24.00,25.00
06:25:59,-20.57,-17.51,-178.90,9.00,-3.00,-28.00
06:25:59,-20.17,-18.33,-179.02,-22.00,0.00,-10.00
08:54:01,0.00,0.00,0.00,0.00,0.00,0.00
08:54:01,0.00,0.00,0.00,0.00,0.00,0.00
08:54:01,0.00,0.00,0.00,0.00,0.00,0.00
08:54:02,0.00,0.00,0.00,0.00,0.00,0.00
08:54:02,0.00,0.00,0.00,0.00,0.00,0.00
08:54:02,0.00,0.00,0.00,0.00,0.00,0.00
08:54:02,-78.26,11.12,-175.76,0.00,-2.00,0.00
08:54:02,-78.26,11.12,-175.76,0.00,0.00,-1.00
08:54:02,-78.26,11.12,-175.76,-1.00,-2.00,1.00
08:54:02,-78.26,11.12,-175.76,-1.00,3.00,1.00
08:54:02,-78.26,11.12,-175.76,-1.00,0.00,0.00
08:54:02,-78.26,11.12,-175.76,0.00,0.00,-2.00
08:54:03,-78.26,11.12,-175.76,0.00,0.00,0.00
08:54:03,-78.26,11.12,-175.76,-1.00,0.00,1.00
08:54:03,-78.26,11.12,-175.76,0.00,0.00,1.00
08:54:03,-78.26,11.12,-175.76,-4.00,-3.00,0.00
08:54:03,-78.26,11.12,-175.76,0.00,2.00,0.00
08:54:03,-78.26,11.12,-175.76,0.00,1.00,1.00
08:54:03,-78.26,11.12,-175.76,0.00,0.00,0.00
08:54:03,-78.26,11.12,-175.76,-1.00,0.00,-2.00
08:54:03,-78.26,11.12,-175.76,-3.00,0.00,-2.00
08:54:03,-78.26,11.12,-175.76,-1.00,-2.00,0.00
08:54:04,-78.26,11.12,-175.76,0.00,0.00,0.00
08:54:04,-78.26,11.12,-175.76,0.00,0.00,0.00
08:54:04,-78.26,11.12,-175.76,-2.00,0.00,0.00
08:54:04,-78.26,11.12,-175.76,0.00,0.00,1.00
10:08:51,0.00,0.00,0.00,0.00,0.00,0.00
10:08:51,0.00,0.00,0.00,0.00,0.00,0.00
10:08:51,0.00,0.00,0.00,0.00,0.00,0.00
10:08:51,0.00,0.00,0.00,0.00,0.00,0.00
10:08:51,0.00,0.00,0.00,0.00,0.00,0.00
10:08:51,0.00,0.00,0.00,0.00,0.00,0.00
10:08:51,-77.42,5.46,-177.90,3.00,0.00,1.00
10:08:52,-77.42,5.46,-177.90,0.00,0.00,-3.00
10:08:52,-77.42,5.46,-177.90,1.00,0.00,2.00
10:08:52,-77.42,5.46,-177.90,2.00,0.00,2.00
10:08:52,-77.42,5.46,-177.90,4.00,1.00,2.00
10:08:52,-77.42,5.46,-177.90,1.00,0.00,0.00
10:08:52,-77.42,5.46,-177.90,1.00,1.00,0.00
10:08:52,-77.42,5.46,-177.90,0.00,0.00,-2.00
10:08:52,-77.42,5.46,-177.90,2.00,0.00,-2.00
10:08:52,-76.58,5.43,-177.87,4.00,0.00,0.00
10:08:53,-77.42,5.46,-177.90,1.00,-1.00,0.00
10:08:53,-77.42,5.46,-177.90,2.00,0.00,2.00
10:08:53,-77.42,5.46,-177.90,2.00,0.00,0.00
10:08:53,-77.42,5.46,-177.90,1.00,1.00,-1.00
10:08:53,-77.42,5.46,-177.90,0.00,0.00,-1.00
10:08:53,-77.42,5.46,-177.90,3.00,0.00,0.00
10:08:53,-77.42,5.46,-177.90,1.00,0.00,-2.00
10:08:53,-77.42,5.46,-177.90,1.00,1.00,0.00
10:08:53,-77.42,5.46,-177.90,1.00,0.00,0.00
10:08:53,-77.42,5.46,-177.90,0.00,0.00,2.00
10:08:54,-77.42,5.46,-177.90,2.00,-1.00,3.00
10:08:54,-77.42,5.46,-177.90,3.00,-1.00,0.00
10:08:54,-77.42,5.46,-177.90,0.00,0.00,1.00
10:08:54,-77.42,5.46,-177.90,0.00,0.00,1.00
10:08:54,-77.42,5.46,-177.90,1.00,-1.00,0.00
10:08:54,-77.42,5.46,-177.90,1.00,2.00,0.00
10:08:54,-77.42,5.46,-177.90,1.00,0.00,-1.00
10:08:54,-77.42,5.46,-177.90,3.00,0.00,0.00
10:08:54,-77.42,5.46,-177.90,3.00,0.00,1.00
10:08:55,60.11,0.16,-20.08,1.00,0.00,0.00
10:08:55,-77.42,5.46,-177.90,3.00,0.00,0.00
10:08:55,-77.42,5.46,-177.90,1.00,1.00,-2.00
10:08:55,-77.42,5.46,-177.90,0.00,0.00,1.00
10:08:55,-77.42,5.46,-177.90,2.00,0.00,-1.00
10:08:55,-77.42,5.46,-177.90,0.00,0.00,1.00
10:08:55,-77.42,5.46,-177.90,1.00,0.00,3.00
10:08:55,-77.42,5.46,-177.90,0.00,2.00,5.00
10:08:55,-77.42,5.46,-177.89,-6.00,-1.00,2.00
10:08:55,-77.42,5.46,-177.89,3.00,1.00,0.00
10:08:56,-77.42,5.46,-177.89,3.00,0.00,-3.00
10:08:56,-77.42,5.46,-177.89,3.00,0.00,2.00
10:08:56,-77.42,5.46,-177.89,1.00,1.00,-1.00
10:08:56,-77.42,5.46,-177.89,2.00,1.00,2.00
10:08:56,-77.09,5.49,-177.86,1.00,-1.00,3.00
10:08:56,-77.42,5.46,-177.89,4.00,0.00,0.00
10:08:56,-77.42,5.46,-177.89,0.00,1.00,5.00
10:08:56,-77.42,5.46,-177.89,2.00,1.00,0.00
10:08:56,-77.42,5.46,-177.89,1.00,0.00,-1.00
10:08:57,-77.42,5.46,-177.89,3.00,2.00,-1.00
10:08:57,-77.42,5.46,-177.89,-1.00,0.00,0.00
10:08:57,-77.42,5.46,-177.89,3.00,0.00,0.00
10:08:57,-77.42,5.46,-177.89,3.00,0.00,-1.00
10:08:57,-77.42,5.46,-177.89,2.00,0.00,0.00
10:08:57,-77.42,5.46,-177.89,1.00,0.00,1.00
10:08:57,-77.42,5.46,-177.89,3.00,0.00,-1.00
10:08:57,-77.42,5.46,-177.89,4.00,0.00,0.00
10:08:57,-77.42,5.46,-177.89,2.00,0.00,0.00
10:08:58,-77.42,5.46,-177.89,0.00,0.00,-1.00
10:08:58,-77.42,5.46,-177.89,2.00,0.00,-1.00
10:08:58,-77.42,5.46,-177.89,3.00,0.00,0.00
10:08:58,-77.42,5.46,-177.89,0.00,3.00,0.00
10:08:58,-77.42,5.46,-177.89,0.00,0.00,-2.00
10:08:58,-77.42,5.46,-177.89,2.00,0.00,0.00
10:08:58,-77.42,5.46,-177.89,2.00,0.00,2.00
10:08:58,-77.42,5.46,-177.89,0.00,0.00,0.00
10:08:58,-77.42,5.46,-177.89,1.00,2.00,1.00
10:08:58,-77.42,5.46,-177.89,1.00,0.00,0.00
10:08:59,-77.42,5.46,-177.89,2.00,0.00,-1.00
10:08:59,-77.42,5.46,-177.89,1.00,-1.00,2.00
10:08:59,-77.42,5.46,-177.89,2.00,2.00,1.00
10:08:59,-77.42,5.46,-177.89,3.00,0.00,1.00
10:08:59,-77.42,5.46,-177.89,0.00,3.00,3.00
10:08:59,-77.42,5.46,-177.89,0.00,3.00,0.00
10:08:59,-77.42,5.46,-177.89,1.00,0.00,1.00
10:08:59,-77.42,5.46,-177.89,1.00,1.00,0.00
10:08:59,-77.42,5.46,-177.89,0.00,0.00,1.00
10:09:00,-77.42,5.46,-177.89,1.00,0.00,2.00
10:09:00,-77.42,5.46,-177.89,2.00,-1.00,0.00
10:09:00,-77.42,5.46,-177.89,1.00,2.00,1.00
10:09:00,-77.42,5.46,-177.89,1.00,1.00,-1.00
10:09:00,-77.42,5.46,-177.89,1.00,0.00,0.00
10:09:00,-77.42,5.46,-177.89,1.00,0.00,1.00
10:09:00,-77.42,5.46,-177.89,0.00,0.00,0.00
10:09:00,-77.42,5.46,-177.89,1.00,0.00,-1.00
10:09:00,-77.42,5.46,-177.89,1.00,0.00,0.00
10:09:01,-77.42,5.46,-177.89,1.00,0.00,2.00
10:09:01,-77.42,5.46,-177.89,3.00,0.00,2.00
10:09:01,-77.42,5.46,-177.89,0.00,0.00,0.00
10:09:01,-77.42,5.46,-177.89,3.00,0.00,2.00
10:09:01,-77.42,5.46,-177.89,0.00,0.00,0.00
10:09:01,-77.42,5.46,-177.89,2.00,0.00,0.00
10:09:01,-77.42,5.46,-177.89,1.00,0.00,-2.00
10:09:01,-77.42,5.46,-177.89,3.00,1.00,0.00
10:09:01,-77.42,5.46,-177.89,2.00,0.00,2.00
10:09:01,-77.42,5.46,-177.89,0.00,1.00,3.00
10:09:02,-77.42,5.46,-177.89,2.00,1.00,0.00
10:09:02,-77.42,5.46,-177.89,1.00,0.00,1.00
10:09:02,-77.42,5.46,-177.89,1.00,2.00,0.00
10:09:02,-77.42,5.46,-177.89,2.00,1.00,0.00
10:09:02,-77.42,5.46,-177.89,0.00,0.00,-2.00
10:09:02,-77.42,5.46,-177.89,3.00,0.00,-7.00
10:09:02,-77.42,5.47,-177.90,-6.00,0.00,-7.00
10:09:02,-77.42,5.47,-177.90,-1.00,2.00,-5.00
10:09:02,-77.42,5.47,-177.90,-1.00,-1.00,0.00
10:09:03,-77.42,5.47,-177.90,-6.00,-1.00,0.00
10:09:03,-77.42,5.47,-177.90,1.00,1.00,2.00
10:09:03,-77.42,5.47,-177.90,0.00,0.00,1.00
10:09:03,-77.42,5.47,-177.90,0.00,0.00,-1.00
10:09:03,-77.42,5.47,-177.90,0.00,0.00,0.00
10:09:03,-77.42,5.47,-177.90,3.00,1.00,-1.00
10:09:03,-77.42,5.47,-177.90,2.00,0.00,0.00
10:09:03,-77.42,5.47,-177.90,2.00,1.00,-1.00
10:09:03,-77.42,5.47,-177.90,2.00,-1.00,0.00
10:09:03,-77.42,5.47,-177.90,1.00,0.00,2.00
10:09:04,-77.42,5.47,-177.90,1.00,0.00,1.00
10:09:04,-77.42,5.47,-177.90,0.00,0.00,1.00
10:09:04,-77.42,5.47,-177.90,1.00,0.00,0.00
10:09:04,-77.42,5.47,-177.90,0.00,0.00,1.00
10:09:04,-77.42,5.47,-177.90,0.00,0.00,0.00
10:09:04,-77.42,5.47,-177.90,0.00,-1.00,0.00
10:09:04,-77.42,5.47,-177.90,1.00,-1.00,2.00
10:09:04,-77.42,5.47,-177.90,1.00,-1.00,0.00
10:09:04,-77.42,5.47,-177.90,0.00,1.00,3.00
10:09:05,-77.42,5.47,-177.90,3.00,0.00,0.00
10:09:05,-77.42,5.47,-177.90,1.00,0.00,0.00
10:09:05,-77.42,5.47,-177.90,-2.00,0.00,0.00
10:09:05,-77.42,5.47,-177.90,3.00,1.00,0.00
10:09:05,-77.42,5.47,-177.90,0.00,-1.00,1.00
10:09:05,-77.42,5.47,-177.90,1.00,0.00,1.00
10:09:05,-77.42,5.47,-177.90,0.00,0.00,1.00
10:33:27,0.00,0.00,0.00,0.00,0.00,0.00
10:33:27,0.00,0.00,0.00,0.00,0.00,0.00
10:33:27,0.00,0.00,0.00,0.00,0.00,0.00
10:33:27,0.00,0.00,0.00,0.00,0.00,0.00
10:33:27,0.00,0.00,0.00,0.00,0.00,0.00
10:33:28,0.00,0.00,0.00,0.00,0.00,0.00
10:33:28,-121.45,82.20,-179.35,34.00,59.00,-103.00
10:33:28,-127.13,80.73,178.18,37.00,-11.00,12.00
10:33:28,-125.95,81.95,179.67,14.00,14.00,21.00
10:33:28,-125.71,83.41,179.09,14.00,16.00,1.00
10:33:28,-125.75,85.09,178.47,-48.00,1.00,24.00
10:33:28,-119.14,86.52,-174.66,2.00,-27.00,17.00
10:33:28,-120.46,86.93,-175.29,-59.00,17.00,-2.00
10:33:28,-117.01,88.42,-171.49,-8.00,16.00,52.00
10:33:28,-123.23,88.73,-177.66,-28.00,8.00,6.00
10:33:29,178.45,89.80,124.96,-29.00,9.00,-68.00
10:33:29,79.85,89.12,26.38,-65.00,19.00,27.00
10:33:29,71.42,89.35,18.33,-86.00,7.00,50.00
10:33:29,113.49,89.35,60.57,-43.00,6.00,23.00
10:35:48,0.00,0.00,0.00,0.00,0.00,0.00
10:35:49,0.00,0.00,0.00,0.00,0.00,0.00
10:35:49,0.00,0.00,0.00,0.00,0.00,0.00
10:35:49,0.00,0.00,0.00,0.00,0.00,0.00
10:35:49,0.00,0.00,0.00,0.00,0.00,0.00
10:35:49,0.00,0.00,0.00,0.00,0.00,0.00
10:35:49,-110.19,16.74,-178.59,26.00,5.00,-6.00
10:35:49,-110.19,16.64,-178.59,0.00,0.00,0.00
10:35:49,-110.19,16.71,-178.59,9.00,-3.00,0.00
10:35:49,-110.23,16.52,-178.62,13.00,6.00,7.00
10:35:49,-110.28,16.30,-178.63,3.00,0.00,-2.00
10:35:50,-110.28,16.20,-178.64,-24.00,-2.00,11.00
10:35:50,-110.27,16.52,-178.63,25.00,4.00,0.00
10:35:50,-110.27,16.57,-178.64,25.00,3.00,-1.00
10:35:50,-110.29,16.15,-178.65,3.00,0.00,10.00
10:35:50,-110.29,16.22,-178.65,5.00,-1.00,1.00
10:39:48,0.00,0.00,0.00,0.00,0.00,0.00
10:39:48,0.00,0.00,0.00,0.00,0.00,0.00
10:39:48,0.00,0.00,0.00,0.00,0.00,0.00
10:39:48,0.00,0.00,0.00,0.00,0.00,0.00
10:39:48,0.00,0.00,0.00,0.00,0.00,0.00
10:39:48,0.00,0.00,0.00,0.00,0.00,0.00
10:39:49,57.09,-3.09,86.66,-8.00,-83.00,10.00
10:39:49,57.09,-3.10,86.65,15.00,-82.00,-8.00
10:39:49,57.09,-3.11,86.64,15.00,-87.00,-5.00
10:39:49,57.09,-3.11,86.64,-13.00,-86.00,4.00
10:39:49,57.09,-3.08,86.64,2.00,-77.00,-7.00
10:39:49,57.09,-3.09,86.64,11.00,-75.00,4.00
