20:06:43,0.00,0.00,0.00,0.00,0.00,0.00
20:06:43,0.00,0.00,0.00,0.00,0.00,0.00
20:06:43,0.00,0.00,0.00,0.00,0.00,0.00
20:06:43,0.00,0.00,0.00,0.00,0.00,0.00
20:06:43,0.00,0.00,0.00,0.00,0.00,0.00
20:06:43,0.00,0.00,0.00,0.00,0.00,0.00
20:06:44,16.88,18.07,-177.35,0.00,-1.00,0.00
20:06:44,16.88,18.07,-177.35,0.00,0.00,0.00
20:06:44,16.88,18.07,-177.35,0.00,-1.00,0.00
20:06:44,16.88,18.07,-177.35,1.00,2.00,0.00
20:06:44,16.88,18.07,-177.35,0.00,0.00,0.00
20:06:44,16.88,18.07,-177.35,0.00,0.00,0.00
20:06:44,16.88,18.07,-177.35,1.00,2.00,2.00
20:06:44,16.88,18.07,-177.35,0.00,2.00,0.00
20:06:44,16.88,18.07,-177.35,1.00,0.00,0.00
20:06:45,16.88,18.07,-177.35,1.00,0.00,0.00
20:06:45,16.88,18.07,-177.35,0.00,0.00,-2.00
20:06:45,16.88,18.07,-177.35,1.00,-1.00,0.00
20:06:45,16.88,18.07,-177.35,-1.00,0.00,-2.00
20:06:45,16.88,18.07,-177.35,0.00,0.00,0.00
20:06:45,16.88,18.07,-177.35,0.00,0.00,0.00
20:06:45,16.88,18.07,-177.35,0.00,-2.00,0.00
20:06:45,16.88,18.07,-177.35,0.00,1.00,0.00
20:06:45,16.88,18.07,-177.35,1.00,0.00,1.00
20:06:46,16.88,18.07,-177.35,0.00,0.00,0.00
20:06:46,16.88,18.07,-177.35,0.00,0.00,-1.00
20:06:46,16.88,18.07,-177.35,0.00,1.00,0.00
20:06:46,16.88,18.07,-177.35,0.00,0.00,0.00
20:06:46,16.88,18.07,-177.35,0.00,0.00,-2.00
20:06:46,16.88,18.07,-177.35,0.00,1.00,0.00
20:06:46,16.88,18.07,-177.35,0.00,1.00,-1.00
20:06:46,16.88,18.07,-177.35,0.00,1.00,0.00
20:06:47,16.88,18.07,-177.35,2.00,-1.00,1.00
20:06:47,16.88,18.07,-177.35,-1.00,2.00,0.00
20:06:47,16.88,18.07,-177.35,1.00,0.00,-1.00
20:06:47,16.88,18.07,-177.35,0.00,-3.00,3.00
20:06:47,16.88,18.07,-177.35,-1.00,-4.00,0.00
20:06:47,16.88,18.07,-177.35,-1.00,0.00,-1.00
20:06:47,16.88,18.07,-177.35,0.00,0.00,-2.00
20:06:47,16.88,18.07,-177.35,0.00,0.00,0.00
20:06:47,16.88,18.07,-177.35,0.00,0.00,0.00
20:06:48,16.88,18.07,-177.35,1.00,1.00,-4.00
20:06:48,16.88,18.07,-177.35,0.00,2.00,-1.00
20:06:48,16.88,18.07,-177.35,2.00,0.00,-2.00
20:06:48,16.88,18.07,-177.35,1.00,0.00,-1.00
20:06:48,16.88,18.07,-177.35,-1.00,0.00,0.00
20:06:48,16.88,18.07,-177.35,0.00,-1.00,0.00
20:06:48,16.88,18.07,-177.35,-1.00,0.00,0.00
20:06:48,16.88,18.07,-177.35,0.00,0.00,-1.00
20:06:48,16.88,18.07,-177.35,0.00,0.00,0.00
20:06:49,16.88,18.07,-177.35,0.00,0.00,0.00
20:06:49,16.88,18.07,-177.35,0.00,1.00,0.00
20:06:49,16.88,18.07,-177.35,2.00,0.00,-1.00
20:06:49,16.88,18.07,-177.35,1.00,0.00,0.00
20:06:49,16.88,18.07,-177.35,0.00,1.00,-1.00
20:06:49,16.88,18.07,-177.35,0.00,0.00,0.00
20:06:49,16.88,18.07,-177.35,2.00,0.00,-1.00
20:06:49,16.88,18.07,-177.35,0.00,-1.00,1.00
20:06:49,16.88,18.07,-177.35,0.00,0.00,-2.00
20:06:50,16.88,18.07,-177.35,0.00,1.00,-2.00
20:06:50,16.88,18.07,-177.35,0.00,0.00,0.00
20:06:50,16.88,18.07,-177.35,-1.00,1.00,0.00
20:06:50,16.88,18.07,-177.35,0.00,1.00,0.00
20:06:50,16.88,18.07,-177.35,0.00,0.00,0.00
20:06:50,16.88,18.07,-177.35,0.00,0.00,0.00
20:06:50,16.88,18.07,-177.35,0.00,0.00,-1.00
20:06:50,16.88,18.07,-177.35,1.00,1.00,1.00
20:06:51,16.88,18.07,-177.35,1.00,1.00,-2.00
20:06:51,16.88,18.07,-177.35,0.00,1.00,0.00
20:06:51,16.88,18.07,-177.35,0.00,1.00,1.00
20:06:51,16.88,18.07,-177.35,0.00,2.00,0.00
20:06:51,16.88,18.07,-177.35,0.00,0.00,0.00
20:06:51,16.88,18.07,-177.35,0.00,0.00,0.00
20:06:51,16.88,18.07,-177.35,0.00,-1.00,0.00
20:06:51,16.88,18.07,-177.35,0.00,0.00,0.00
20:06:51,16.88,18.07,-177.35,0.00,1.00,-2.00
20:06:52,16.88,18.07,-177.35,1.00,3.00,-4.00
20:06:52,16.88,18.07,-177.35,0.00,-3.00,0.00
20:06:52,16.88,18.07,-177.35,0.00,1.00,-2.00
20:06:52,16.88,18.07,-177.35,2.00,-1.00,-8.00
20:06:52,16.88,18.07,-177.35,0.00,-1.00,-9.00
20:06:52,16.88,18.07,-177.35,0.00,0.00,1.00
20:06:52,16.88,18.07,-177.35,1.00,1.00,-10.00
20:06:52,16.88,18.07,-177.35,0.00,1.00,1.00
20:06:52,17.00,18.41,-177.32,59.00,22.00,-20.00
20:06:53,17.41,13.79,-177.31,86.00,5.00,-120.00
20:06:53,18.36,-0.46,-177.01,-106.00,-57.00,120.00
20:06:53,20.69,-3.57,-176.68,183.00,62.00,25.00
20:06:53,18.41,-14.47,-177.16,-129.00,-31.00,-19.00
20:06:53,15.45,-17.46,176.61,-212.00,47.00,-273.00
20:06:53,7.91,-16.44,173.51,-352.00,-93.00,-413.00
20:06:53,-2.95,-14.82,173.72,-312.00,-162.00,-339.00
20:06:53,-21.17,-7.28,170.70,-256.00,-202.00,99.00
20:06:53,-36.98,1.44,171.44,-120.00,-195.00,248.00
20:06:54,-45.30,5.83,176.79,-228.00,-75.00,335.00
20:06:54,-50.78,12.19,179.08,-180.00,-86.00,251.00
20:06:54,-57.78,15.28,-178.52,-255.00,-236.00,105.00
20:06:54,-69.46,15.20,178.36,-214.00,-211.00,223.00
20:06:54,-86.40,15.75,174.43,-165.00,-149.00,149.00
20:06:54,-103.88,14.34,176.11,-125.00,-37.00,-8.00
20:06:54,-117.70,12.00,179.04,-211.00,-60.00,-337.00
20:06:54,-132.74,7.19,177.04,-305.00,-63.00,-176.00
20:06:54,-138.70,5.83,173.77,-93.00,-50.00,109.00
20:06:55,-151.38,8.49,173.61,18.00,33.00,39.00
20:06:55,-154.46,8.42,173.60,-151.00,220.00,-94.00
20:06:55,-151.17,9.86,172.76,-209.00,185.00,-180.00
20:06:55,-142.44,11.18,171.97,18.00,-13.00,120.00
20:06:55,-130.38,14.89,171.57,-156.00,-68.00,114.00
20:06:55,-116.97,16.15,174.32,-130.00,-108.00,-20.00
20:06:55,-101.48,17.86,-179.35,-121.00,-59.00,-72.00
20:06:55,-85.41,11.75,-175.70,-225.00,73.00,-68.00
20:06:55,-65.87,8.67,-174.21,-168.00,94.00,71.00
20:06:56,-48.88,5.34,-169.37,-218.00,97.00,17.00
20:06:56,-39.49,-1.49,-168.37,-56.00,32681.00,-83.00
20:06:56,-30.20,-1.73,-169.81,44.00,-69.00,-47.00
20:06:56,-22.63,-1.42,-173.98,9.00,-101.00,4.00
20:06:56,-15.07,-3.29,-170.08,-88.00,-235.00,33.00
20:06:56,-15.17,-2.16,-166.58,-105.00,-100.00,64.00
20:06:56,-17.36,-2.50,-165.06,-82.00,33.00,-12.00
20:06:56,-21.05,-1.98,-166.28,15.00,32.00,-81.00
20:06:56,-20.17,2.42,-165.40,19.00,149.00,-109.00
20:06:57,-18.05,2.39,-162.14,-116.00,248.00,-14.00
20:06:57,-8.29,6.43,-161.32,-78.00,126.00,138.00
20:06:57,0.45,3.86,-160.70,32.00,-108.00,105.00
20:06:57,4.31,0.65,-164.95,-202.00,-245.00,-10.00
20:06:57,-2.78,1.93,-167.51,-153.00,-203.00,135.00
20:06:57,-18.94,3.53,-169.99,-201.00,-59.00,53.00
20:06:57,-38.91,3.33,-170.77,-184.00,117.00,-32.00
20:06:57,-63.27,2.88,-173.21,-229.00,63.00,3.00
20:06:58,-82.89,4.40,-179.59,-156.00,-16.00,-25.00
20:06:58,-97.92,1.90,177.81,-189.00,-11.00,42.00
20:06:58,-113.82,-4.52,-179.45,-119.00,-60.00,-48.00
20:06:58,-125.78,-6.66,179.32,9.00,145.00,-94.00
20:06:58,-130.93,-4.55,175.95,94.00,220.00,-17.00
20:06:58,-124.55,-1.90,173.22,-46.00,185.00,21.00
20:06:58,-104.46,1.77,175.20,-138.00,113.00,92.00
20:06:58,-80.32,-0.21,179.73,-223.00,52.00,82.00
20:06:58,-53.61,-4.21,179.71,-273.00,106.00,43.00
20:06:59,-26.86,-6.06,179.24,-316.00,71.00,59.00
20:06:59,-5.81,-6.93,-177.77,-144.00,78.00,82.00
20:06:59,11.34,-7.26,-177.40,-116.00,36.00,64.00
20:06:59,25.38,-12.24,-175.08,-200.00,-147.00,31.00
20:06:59,30.91,-15.68,-175.80,-288.00,-210.00,-28.00
20:06:59,25.61,-18.71,-172.27,-311.00,-263.00,-21.00
20:06:59,5.52,-11.16,-171.37,-174.00,-50.00,10.00
20:06:59,-24.12,-3.53,-175.49,-231.00,159.00,52.00
20:06:59,-49.00,2.23,-179.74,-186.00,24.00,40.00
20:07:00,-71.53,4.96,179.56,-131.00,91.00,-41.00
20:07:00,-97.91,10.11,168.53,-209.00,78.00,61.00
20:07:00,-127.52,10.33,158.64,-145.00,0.00,6.00
20:07:00,-151.97,5.78,158.25,-44.00,-58.00,2.00
20:07:00,-170.73,0.33,160.19,-82.00,-79.00,60.00
20:07:00,174.09,-4.66,164.76,-34.00,-63.00,61.00
20:07:00,170.67,-4.77,165.49,9.00,-72.00,-17.00
20:07:00,172.68,-2.76,166.23,22.00,-157.00,-78.00
20:07:00,171.91,-0.86,167.96,7.00,-130.00,-2.00
20:07:01,168.96,1.02,170.04,74.00,-79.00,-15.00
20:07:01,166.77,2.29,171.71,29.00,-88.00,-6.00
20:07:01,164.83,2.31,172.63,53.00,-115.00,-2.00
20:07:01,162.88,0.99,172.19,19.00,-94.00,17.00
20:07:01,162.02,0.37,171.78,-4.00,-70.00,2.00
20:07:01,161.53,0.12,172.36,18.00,-64.00,10.00
20:07:01,162.76,0.74,170.50,-3.00,-24.00,22.00
20:07:01,170.06,4.27,168.25,44.00,-56.00,-40.00
20:07:01,176.31,6.68,168.00,35.00,-173.00,-7.00
20:07:02,179.36,7.78,166.42,-19.00,-92.00,12.00
20:07:02,-178.26,6.58,165.08,16.00,-61.00,-21.00
20:07:02,-173.62,6.64,164.88,30.00,-80.00,-58.00
20:07:02,-169.09,6.72,165.40,-41.00,-87.00,41.00
20:07:02,-164.82,6.54,164.94,15.00,-88.00,-37.00
20:07:02,-160.06,6.40,164.33,-44.00,-69.00,46.00
20:07:02,-154.79,6.51,163.85,-19.00,-112.00,0.00
20:07:02,57.99,-7.45,174.32,24.00,-103.00,-7.00
20:07:02,-140.65,8.47,162.88,-67.00,-114.00,-25.00
20:07:03,-133.83,10.52,163.57,26.00,-76.00,4.00
20:07:03,-126.70,11.71,165.09,-73.00,-13.00,25.00
20:07:03,-120.19,11.70,166.62,-108.00,17.00,0.00
20:07:03,-113.66,13.24,168.36,2.00,-4.00,-27.00
20:07:03,-106.41,14.11,168.21,-84.00,-58.00,-14.00
20:07:03,-98.39,15.72,169.16,-88.00,-65.00,55.00
20:07:03,-91.75,16.20,168.15,-50.00,-68.00,0.00
20:07:03,-85.33,16.22,168.30,-60.00,-63.00,-27.00
20:07:03,-80.60,16.64,169.19,9.00,-86.00,-10.00
20:07:04,-76.21,16.67,170.38,-24.00,-66.00,-23.00
20:07:04,-73.38,16.34,171.19,-41.00,-72.00,14.00
20:07:04,-70.41,16.35,170.67,-33.00,-62.00,12.00
20:07:04,-66.33,16.36,170.90,-38.00,-51.00,-20.00
20:07:04,-62.31,15.94,171.78,-49.00,-73.00,13.00
20:07:04,-59.34,15.76,171.93,-45.00,-70.00,28.00
20:07:04,-56.89,15.53,171.14,-8.00,-20.00,-38.00
20:07:04,-53.85,15.41,172.39,-20.00,-53.00,-6.00
20:07:04,-50.54,15.26,172.58,-66.00,-55.00,14.00
20:07:05,-47.71,15.49,173.10,0.00,-65.00,12.00
20:07:05,-44.75,15.20,173.24,-1.00,-51.00,6.00
20:07:05,-41.83,14.61,173.33,-26.00,-40.00,7.00
20:07:05,-39.16,14.55,173.43,-3.00,-22.00,-6.00
20:07:05,-35.86,14.74,174.00,-20.00,0.00,-17.00
20:07:05,-32.52,15.74,173.84,39.00,-20.00,12.00
20:07:05,-28.34,16.16,174.00,2.00,-50.00,-15.00
20:07:05,-24.65,16.73,174.09,37.00,-51.00,-24.00
20:07:06,-20.84,16.29,174.08,-24.00,-20.00,8.00
20:07:06,-17.84,16.87,174.10,-15.00,-58.00,28.00
20:07:06,-14.95,16.48,174.11,-2.00,-65.00,14.00
20:07:06,-12.60,16.57,174.03,20.00,-47.00,9.00
20:07:06,-9.71,15.95,174.42,36.00,-29.00,-48.00
20:07:06,-7.45,16.06,174.56,10.00,-20.00,2.00
20:07:06,-5.34,16.09,174.02,-27.00,-9.00,10.00
20:07:06,-2.67,15.89,174.31,-4.00,-40.00,25.00
20:07:06,0.20,15.81,174.22,-12.00,-18.00,-28.00
20:07:07,3.42,16.12,174.65,-23.00,11.00,-7.00
20:07:07,7.10,17.06,174.69,-1.00,-3.00,20.00
20:07:07,10.84,16.96,174.44,-22.00,-16.00,22.00
20:07:07,14.31,16.80,174.14,13.00,-33.00,1.00
20:07:07,17.95,17.06,173.54,25.00,-24.00,-13.00
20:07:07,21.90,17.73,173.85,-20.00,-59.00,18.00
20:07:07,26.00,17.36,173.52,-39.00,-55.00,-2.00
20:07:07,30.09,17.66,173.49,65.00,-91.00,12.00
20:07:07,34.24,17.82,174.03,3.00,-66.00,1.00
20:07:08,37.61,17.14,174.40,-10.00,-42.00,-2.00
20:07:08,40.81,17.02,174.36,10.00,-28.00,5.00
20:07:08,44.77,16.65,174.31,18.00,-47.00,3.00
20:07:08,48.71,16.13,174.94,-5.00,-55.00,20.00
20:07:08,52.03,15.92,175.00,46.00,-59.00,0.00
20:07:08,55.12,15.60,175.18,19.00,-44.00,2.00
20:07:08,58.22,15.54,175.30,10.00,3.00,7.00
20:07:08,61.56,14.95,175.65,-8.00,-21.00,22.00
20:07:08,64.79,14.40,175.74,18.00,-48.00,10.00
20:07:09,67.64,14.63,176.10,76.00,-61.00,-5.00
20:07:09,70.46,14.38,176.93,-13.00,-42.00,5.00
20:07:09,73.54,14.20,177.54,1.00,-15.00,7.00
20:07:09,76.51,14.45,176.89,33.00,-21.00,7.00
20:07:09,82.43,14.69,177.59,5.00,-31.00,-6.00
20:07:09,88.00,13.80,178.22,-5.00,-49.00,-19.00
20:07:09,92.38,14.36,177.73,12.00,-57.00,6.00
20:07:09,96.51,14.90,177.37,10.00,-28.00,19.00
20:07:09,100.21,13.80,177.26,20.00,-38.00,-16.00
20:07:10,102.83,13.92,176.38,42.00,-22.00,10.00
20:07:10,104.94,13.57,176.47,13.00,-8.00,14.00
20:07:10,106.99,13.68,176.36,30.00,-24.00,8.00
20:07:10,108.51,14.32,176.49,97.00,-64.00,15.00
20:07:10,109.88,13.40,176.08,14.00,-20.00,-4.00
20:07:10,111.33,13.48,176.16,95.00,-38.00,5.00
20:07:10,113.09,12.94,176.30,5.00,-41.00,-2.00
20:07:10,114.58,13.13,176.28,52.00,-18.00,9.00
20:07:10,116.00,12.91,176.44,13.00,-22.00,-7.00
20:07:11,117.88,13.02,176.30,27.00,-14.00,12.00
20:07:11,119.86,12.81,176.48,12.00,-49.00,-4.00
20:07:11,121.68,12.64,176.31,42.00,-46.00,2.00
20:07:11,123.28,12.69,176.29,14.00,-24.00,13.00
20:07:11,125.27,13.14,176.23,44.00,-33.00,3.00
20:07:11,127.23,12.78,176.27,10.00,-32.00,1.00
20:07:11,129.40,13.06,176.29,25.00,-26.00,10.00
20:07:11,131.71,13.09,176.26,0.00,-27.00,6.00
20:07:11,133.82,13.05,176.43,25.00,-37.00,-1.00
20:07:12,135.61,13.11,176.93,53.00,-69.00,-10.00
20:07:12,138.35,12.86,177.39,4.00,-42.00,17.00
20:07:12,141.13,12.95,176.89,64.00,-45.00,-4.00
20:07:12,143.72,12.30,178.37,22.00,-69.00,-29.00
20:07:12,145.45,12.01,178.12,47.00,-24.00,-19.00
20:07:12,146.95,12.40,178.04,18.00,-9.00,-3.00
20:07:12,148.81,12.39,177.74,39.00,-6.00,4.00
20:07:12,150.11,13.19,177.72,48.00,-38.00,16.00
20:07:12,151.59,12.92,177.64,-28.00,-5.00,-7.00
20:07:13,152.88,13.20,177.57,0.00,2.00,13.00
20:07:13,154.38,13.11,177.47,-47.00,1.00,43.00
20:07:13,156.10,13.18,177.30,27.00,-38.00,25.00
20:07:13,158.13,12.30,177.38,-16.00,-43.00,-9.00
20:07:13,159.87,12.09,177.64,16.00,-45.00,0.00
20:07:13,161.26,12.56,177.83,32.00,-39.00,9.00
20:07:13,162.72,12.69,177.82,22.00,-3.00,-10.00
20:07:13,163.99,12.55,177.88,27.00,-3.00,-11.00
20:07:14,165.50,12.35,177.79,13.00,-9.00,-1.00
20:07:14,167.32,12.44,177.78,9.00,-22.00,12.00
20:07:14,169.50,12.68,177.51,14.00,-8.00,25.00
20:07:14,171.81,12.25,177.81,-13.00,-9.00,6.00
20:07:14,173.84,11.85,177.76,-8.00,-26.00,22.00
20:07:14,175.59,11.86,177.59,1.00,-34.00,17.00
20:07:14,177.38,12.01,177.34,33.00,-37.00,13.00
20:07:14,179.20,11.61,177.82,2.00,-24.00,-9.00
20:07:14,-179.37,11.50,177.63,-11.00,36.00,21.00
20:07:15,-176.96,11.39,177.32,2.00,-37.00,38.00
20:07:15,-173.96,11.33,177.72,-16.00,-57.00,20.00
20:07:15,-170.23,10.68,177.70,40.00,-54.00,-16.00
20:07:15,-166.95,10.63,178.18,14.00,-46.00,-25.00
20:07:15,-164.36,10.09,178.55,58.00,-31.00,-5.00
20:07:15,-162.68,9.93,178.03,70.00,-9.00,-15.00
20:07:15,-160.65,9.84,177.82,13.00,-3.00,-3.00
20:07:15,-157.51,10.05,178.31,34.00,-51.00,8.00
20:07:15,-154.22,10.23,178.52,23.00,-50.00,-11.00
20:07:16,-151.23,9.99,178.52,-8.00,-33.00,-15.00
20:07:16,-148.48,10.38,178.00,6.00,-6.00,30.00
20:07:16,-144.45,10.36,178.06,0.00,-35.00,0.00
20:07:16,-140.30,9.77,178.87,26.00,-53.00,-12.00
20:07:16,-136.66,9.75,178.89,15.00,-31.00,-6.00
20:07:16,-133.38,9.53,178.93,0.00,-31.00,4.00
20:07:16,-130.68,9.41,178.67,27.00,-44.00,6.00
20:07:16,-128.05,9.35,178.88,45.00,-71.00,0.00
20:07:16,-126.05,8.92,178.79,39.00,-37.00,-19.00
20:07:17,-124.14,8.67,179.39,7.00,-33.00,-19.00
20:07:17,-122.83,9.46,178.87,43.00,25.00,-11.00
20:07:17,-119.62,9.59,178.84,35.00,-4.00,-36.00
20:07:17,-115.76,9.89,179.41,86.00,-89.00,-2.00
20:07:17,-113.74,9.16,179.36,-10.00,-39.00,22.00
20:07:17,-111.86,9.81,178.68,52.00,-17.00,22.00
20:07:17,-109.05,10.07,178.80,24.00,-35.00,10.00
20:07:17,-106.40,9.92,178.71,27.00,-41.00,-17.00
20:07:17,-104.07,9.62,179.59,2.00,-46.00,-7.00
20:07:18,-102.19,10.23,179.26,65.00,-19.00,-1.00
20:07:18,-100.46,9.74,179.21,16.00,-12.00,3.00
20:07:18,-98.61,9.80,178.91,19.00,-20.00,0.00
20:07:18,-96.37,10.21,179.29,22.00,-39.00,23.00
20:07:18,-94.54,10.14,179.20,29.00,-24.00,0.00
20:07:18,-92.92,9.94,179.17,15.00,-6.00,2.00
20:07:18,-91.07,10.18,178.92,39.00,-6.00,2.00
20:07:18,-88.96,10.03,179.34,-37.00,-16.00,6.00
20:07:18,-87.35,10.24,178.95,23.00,-8.00,14.00
20:07:19,-85.32,10.04,178.75,29.00,-5.00,-7.00
20:07:19,-82.90,10.12,178.31,27.00,-5.00,0.00
20:07:19,-80.00,10.41,178.81,41.00,-44.00,5.00
20:07:19,-77.56,9.80,179.47,1.00,-25.00,-19.00
20:07:19,-75.61,10.41,179.34,43.00,-13.00,2.00
20:07:19,-73.53,10.35,179.56,0.00,-12.00,12.00
20:07:19,-71.34,10.58,179.41,14.00,-25.00,8.00
20:07:19,-69.54,10.66,179.43,28.00,-25.00,8.00
20:07:19,-67.71,11.18,179.71,24.00,-28.00,-2.00
20:07:20,-66.22,11.01,179.86,-7.00,-14.00,-7.00
20:07:20,-64.95,11.37,179.56,8.00,10.00,10.00
20:07:20,-63.39,11.66,179.57,23.00,-3.00,12.00
20:07:20,-61.47,11.57,179.59,25.00,-21.00,-6.00
20:07:20,-59.74,11.73,179.83,32.00,-50.00,6.00
20:07:20,-58.50,11.73,-179.76,1.00,-18.00,1.00
20:07:20,-57.84,11.48,-179.84,-8.00,14.00,-4.00
20:07:20,-57.29,12.08,179.88,-6.00,18.00,27.00
20:07:20,-56.15,12.22,179.71,17.00,-27.00,22.00
20:07:21,-55.19,11.62,179.99,25.00,-31.00,-10.00
20:07:21,-54.46,11.42,-179.36,6.00,-43.00,2.00
20:07:21,-54.55,11.69,-179.27,3.00,39.00,0.00
20:07:21,-54.22,11.66,-179.51,6.00,63.00,-8.00
20:07:21,-52.77,11.80,-179.70,26.00,7.00,-2.00
20:07:21,-50.29,11.74,-179.47,17.00,-30.00,15.00
20:07:21,-48.20,11.83,-178.64,22.00,-63.00,-1.00
20:07:21,-46.99,11.56,-177.80,12.00,-40.00,-3.00
20:07:22,-46.96,11.67,-177.82,36.00,-32.00,-11.00
20:07:22,-47.61,11.55,-177.93,10.00,14.00,-4.00
20:07:22,-48.46,11.63,-178.27,51.00,-22.00,-16.00
20:07:22,-49.61,11.61,-177.92,-48.00,35.00,20.00
20:07:22,-50.51,11.45,-178.70,-38.00,51.00,-7.00
20:07:22,-50.29,9.11,177.06,80.00,-25.00,-15.00
20:07:22,-49.55,10.87,-178.80,-18.00,-42.00,18.00
20:07:22,-49.81,11.24,-178.69,13.00,-71.00,16.00
20:07:22,-51.55,10.98,-177.93,169.00,-217.00,-25.00
20:07:23,-56.33,8.23,-175.97,-166.00,-164.00,36.00
20:07:23,-66.52,8.34,-179.57,40.00,-94.00,-24.00
20:07:23,-76.49,6.30,-177.96,-154.00,-9.00,84.00
20:07:23,-87.15,5.46,-179.90,-113.00,132.00,122.00
20:07:23,-95.03,2.53,178.36,-76.00,69.00,89.00
20:07:23,-98.80,-2.51,179.98,-41.00,185.00,53.00
20:07:23,-101.57,-6.55,-179.11,32.00,43.00,73.00
20:07:23,-103.16,-12.39,-179.09,-67.00,49.00,94.00
20:07:23,-102.35,-17.53,-179.05,-31.00,27.00,14.00
20:07:24,-101.04,-22.78,179.89,-60.00,27.00,43.00
20:07:24,-98.44,-24.95,178.07,75.00,4.00,-1.00
20:07:24,-94.41,-26.72,177.68,-68.00,12.00,-14.00
20:07:24,-88.23,-28.00,178.10,-155.00,-16.00,-64.00
20:07:24,-83.35,-28.82,176.64,-95.00,-78.00,12.00
20:07:24,-81.14,-29.23,174.02,9.00,32.00,-68.00
20:07:24,-78.03,-25.53,175.21,134.00,-58.00,65.00
20:07:24,-76.33,-19.45,176.22,43.00,-47.00,62.00
20:07:24,-76.46,-22.45,176.14,-41.00,45.00,62.00
20:07:25,-75.92,-15.36,176.15,176.00,-38.00,32.00
20:07:25,-71.39,-14.24,177.44,-177.00,83.00,22.00
20:07:25,-67.45,-16.17,177.12,-168.00,45.00,-164.00
20:07:25,-68.31,-14.34,174.62,-74.00,3.00,-50.00
20:07:25,-67.58,-13.16,175.26,-7.00,-21.00,233.00
20:07:25,-66.03,-17.16,-177.08,-211.00,-288.00,-422.00
20:07:25,-71.06,-5.76,-178.14,-85.00,31.00,139.00
20:07:25,-72.15,13.48,-178.72,141.00,-96.00,-73.00
20:07:25,-71.65,16.74,-178.58,-19.00,-47.00,103.00
20:07:26,-71.66,8.76,-178.78,-33.00,-1.00,55.00
20:07:26,-70.42,3.54,-179.16,-121.00,81.00,-74.00
20:07:26,-70.80,1.10,-178.93,-106.00,-9.00,28.00
20:07:26,-70.02,5.54,-179.26,65.00,18.00,-6.00
20:07:26,-69.85,6.54,-179.26,40.00,8.00,-14.00
20:07:26,-70.23,4.74,-179.27,-61.00,1.00,5.00
20:07:26,-70.13,5.24,-179.26,0.00,0.00,1.00
20:07:26,-70.13,5.17,-179.26,1.00,2.00,1.00
20:07:26,-70.13,5.13,-179.26,-4.00,2.00,3.00
20:24:12,0.00,0.00,0.00,0.00,0.00,0.00
20:24:12,0.00,0.00,0.00,0.00,0.00,0.00
20:24:12,0.00,0.00,0.00,0.00,0.00,0.00
20:24:12,0.00,0.00,0.00,0.00,0.00,0.00
20:24:12,0.00,0.00,0.00,0.00,0.00,0.00
20:24:13,0.00,0.00,0.00,0.00,0.00,0.00
20:24:13,17.29,14.21,-177.77,0.00,0.00,2.00
20:24:13,17.29,14.21,-177.77,0.00,0.00,0.00
20:24:13,17.29,14.21,-177.77,0.00,2.00,-1.00
20:24:13,17.29,14.21,-177.77,0.00,0.00,1.00
20:24:13,17.29,14.21,-177.77,1.00,1.00,0.00
20:24:13,17.29,14.21,-177.77,0.00,1.00,1.00
20:24:13,17.29,14.21,-177.77,0.00,0.00,-2.00
20:24:13,17.29,14.21,-177.77,0.00,1.00,0.00
20:24:14,17.29,14.21,-177.77,1.00,0.00,0.00
20:24:14,17.29,14.21,-177.77,0.00,2.00,0.00
20:24:14,17.29,14.21,-177.77,0.00,1.00,0.00
20:24:14,17.29,14.21,-177.77,0.00,2.00,0.00
20:24:14,17.29,14.21,-177.77,0.00,0.00,-1.00
20:24:14,17.29,14.21,-177.77,1.00,0.00,0.00
20:24:14,17.29,14.21,-177.77,1.00,1.00,0.00
20:24:14,17.29,14.21,-177.77,1.00,2.00,0.00
20:24:14,17.29,14.21,-177.77,1.00,0.00,0.00
20:24:15,17.29,14.21,-177.77,0.00,3.00,1.00
20:24:15,17.29,14.21,-177.77,0.00,1.00,0.00
20:24:15,17.29,14.21,-177.77,0.00,2.00,-2.00
20:24:15,17.29,14.21,-177.77,0.00,2.00,0.00
20:24:15,17.29,14.21,-177.77,-1.00,0.00,2.00
20:24:15,17.29,14.21,-177.77,0.00,0.00,0.00
20:24:15,17.29,14.21,-177.77,0.00,0.00,0.00
20:24:15,17.29,14.21,-177.77,0.00,0.00,0.00
20:24:16,17.29,14.21,-177.77,-1.00,1.00,1.00
20:24:16,17.29,14.21,-177.77,0.00,2.00,0.00
20:24:16,17.29,14.21,-177.77,0.00,1.00,-1.00
20:24:16,17.29,14.21,-177.77,2.00,1.00,0.00
20:24:16,17.29,14.21,-177.77,0.00,2.00,-1.00
20:24:16,17.29,14.21,-177.77,0.00,0.00,0.00
20:24:16,17.29,14.21,-177.77,-2.00,-1.00,-4.00
20:24:16,17.29,14.21,-177.77,1.00,0.00,-1.00
20:24:16,17.29,14.21,-177.77,0.00,1.00,0.00
20:24:17,17.29,14.21,-177.77,0.00,2.00,2.00
20:24:17,17.29,14.21,-177.77,-2.00,0.00,4.00
20:24:17,17.42,14.70,-177.76,-1.00,-20.00,11.00
20:24:17,17.29,15.14,-177.79,2.00,-13.00,-37.00
20:24:17,17.28,14.65,-177.78,-9.00,-3.00,-5.00
20:24:17,17.31,14.87,-177.77,26.00,6.00,-1.00
20:24:17,17.27,14.43,-177.78,4.00,0.00,-3.00
20:24:17,17.29,14.58,-177.77,-7.00,12.00,-15.00
20:24:17,17.33,14.17,-177.76,6.00,-24.00,-5.00
20:24:18,17.52,13.56,-177.75,0.00,0.00,7.00
20:24:18,17.65,13.49,-177.73,71.00,0.00,-27.00
20:24:18,19.25,8.31,-177.30,41.00,-22.00,-59.00
20:24:18,20.89,3.18,-177.07,-24.00,25.00,56.00
20:24:18,20.85,3.05,-177.03,17.00,-8.00,50.00
20:24:18,22.59,-0.64,-176.63,-3.00,27.00,11.00
20:24:18,25.99,-0.65,-176.44,47.00,18.00,-25.00
20:24:18,31.67,1.62,-176.63,43.00,-7.00,0.00
20:24:18,40.26,1.15,-177.58,-29.00,30.00,20.00
20:24:19,46.62,-3.40,-177.52,-109.00,-17.00,108.00
20:24:19,50.64,-1.87,-177.71,31.00,-40.00,14.00
20:24:19,55.52,-2.83,-177.99,20.00,17.00,38.00
20:24:19,58.10,-2.47,-178.17,-31.00,-24.00,84.00
20:24:19,60.97,-4.05,-178.24,-13.00,-65.00,-23.00
20:24:19,64.06,-2.97,-178.44,74.00,-45.00,-39.00
20:24:19,66.56,-2.60,-178.58,56.00,-29.00,14.00
20:24:19,68.88,-2.23,-178.52,87.00,-81.00,-76.00
20:24:19,69.41,-2.93,-178.58,1.00,-73.00,11.00
20:24:20,69.16,-3.20,-178.50,-20.00,-26.00,40.00
20:24:20,70.18,-4.43,-178.52,90.00,-75.00,-62.00
20:24:20,71.51,-6.78,-178.62,58.00,-49.00,0.00
20:24:20,71.71,-8.09,-178.34,24.00,-73.00,-5.00
20:24:20,74.06,-7.40,-178.49,90.00,-70.00,6.00
20:24:20,78.64,-5.48,-179.07,37.00,-44.00,35.00
20:24:20,82.97,-3.23,-179.61,-34.00,-56.00,77.00
20:24:20,83.76,-4.80,-179.19,-12.00,-82.00,9.00
20:24:20,85.53,-6.20,-179.32,0.00,-47.00,39.00
20:24:21,87.60,-4.37,179.80,88.00,-57.00,11.00
20:24:21,91.22,-2.79,178.71,21.00,-50.00,13.00
20:24:21,94.88,-2.07,178.18,-36.00,-78.00,83.00
20:24:21,99.51,-3.17,178.50,57.00,-93.00,-26.00
20:24:21,104.55,-5.77,178.51,15.00,-47.00,36.00
20:24:21,107.84,-5.41,178.67,50.00,-69.00,-26.00
20:24:21,112.25,-6.56,178.94,-62.00,-76.00,69.00
20:24:21,117.45,-3.00,179.33,122.00,-54.00,-118.00
20:24:21,121.32,-3.65,178.83,49.00,-86.00,49.00
20:24:22,122.74,-5.78,178.95,11.00,-84.00,22.00
20:24:22,125.15,-5.93,178.99,102.00,-68.00,-55.00
20:24:22,131.62,-6.35,178.79,38.00,-99.00,6.00
20:24:22,141.03,-7.16,177.72,5.00,-73.00,30.00
20:24:22,150.44,-3.65,178.22,67.00,-114.00,267.00
20:24:22,152.48,-1.08,177.89,80.00,-74.00,-33.00
20:24:22,151.00,-4.30,178.14,59.00,-110.00,-18.00
20:24:22,150.84,-7.48,178.65,-44.00,-101.00,52.00
20:24:23,150.83,-6.17,179.17,26.00,-72.00,-1.00
20:24:23,150.56,-3.61,178.92,89.00,-62.00,-24.00
20:24:23,150.66,-3.21,179.71,178.00,-49.00,-126.00
20:24:23,151.66,-6.76,-179.95,6.00,-55.00,2.00
20:24:23,153.07,-7.50,-179.97,31.00,-13.00,-64.00
20:24:23,151.26,-6.23,179.14,52.00,-109.00,-116.00
20:24:23,145.42,1.31,170.81,378.00,99.00,-79.00
20:24:23,142.51,1.00,164.38,192.00,104.00,-9.00
20:24:23,144.39,2.18,168.42,119.00,-65.00,190.00
20:24:24,145.07,1.27,171.66,-60.00,-142.00,210.00
20:24:24,143.38,0.61,168.99,-53.00,-141.00,212.00
20:24:24,143.37,-3.11,172.14,-285.00,-36.00,28.00
20:24:24,143.65,-4.59,173.07,-151.00,-68.00,-55.00
20:24:24,142.28,-2.53,175.70,-71.00,-78.00,8.00
20:24:24,141.18,-0.38,179.98,128.00,-22.00,-7.00
20:24:24,141.45,4.19,-179.86,155.00,-64.00,-59.00
20:24:24,141.80,-0.39,-179.42,-128.00,-112.00,48.00
20:24:24,144.45,-3.61,-179.82,-40.00,-89.00,101.00
20:24:25,147.14,-0.48,179.67,10.00,-52.00,-101.00
20:24:25,147.82,5.68,179.45,136.00,-50.00,-92.00
20:24:25,147.55,9.70,179.42,30.00,-55.00,1.00
20:24:25,147.54,10.24,179.41,10.00,-65.00,9.00
20:24:25,147.63,10.44,179.82,15.00,-51.00,5.00
20:24:25,147.71,10.59,-179.72,12.00,-43.00,3.00
20:24:25,147.78,10.70,-179.36,10.00,-36.00,2.00
20:24:25,147.83,10.78,-179.09,10.00,-31.00,0.00
20:24:25,147.87,10.84,-178.90,9.00,-28.00,5.00
20:24:26,147.90,10.89,-178.72,9.00,-25.00,0.00
20:24:26,147.92,10.94,-178.58,6.00,-26.00,2.00
20:24:26,147.94,10.97,-178.47,6.00,-20.00,0.00
20:24:26,147.96,11.00,-178.39,6.00,-21.00,3.00
20:24:26,147.98,11.03,-178.30,8.00,-18.00,1.00
20:24:26,147.99,11.05,-178.22,5.00,-18.00,-1.00
20:24:26,148.00,11.07,-178.17,5.00,-15.00,1.00
20:24:26,148.02,11.09,-178.11,2.00,-16.00,2.00
20:24:26,148.02,11.10,-178.06,5.00,-15.00,0.00
20:24:27,148.03,11.11,-178.01,3.00,-14.00,0.00
20:24:27,148.04,11.12,-177.98,2.00,-14.00,1.00
20:24:27,148.05,11.14,-177.93,4.00,-13.00,1.00
20:24:27,148.06,11.14,-177.90,4.00,-11.00,2.00
20:24:27,148.06,11.15,-177.87,2.00,-10.00,0.00
20:24:27,148.06,11.15,-177.87,3.00,-11.00,-1.00
20:24:27,148.06,11.15,-177.87,3.00,-11.00,1.00
20:24:27,148.06,11.15,-177.87,3.00,-12.00,-2.00
20:40:47,0.00,0.00,0.00,0.00,0.00,0.00
20:40:47,0.00,0.00,0.00,0.00,0.00,0.00
20:40:47,0.00,0.00,0.00,0.00,0.00,0.00
20:40:47,0.00,0.00,0.00,0.00,0.00,0.00
20:40:47,0.00,0.00,0.00,0.00,-256.00,-1.00
20:40:48,0.00,0.00,0.00,0.00,0.00,0.00
20:40:48,146.89,15.87,175.18,-2.00,0.00,7.00
20:40:48,146.89,15.87,175.18,0.00,1.00,1.00
20:40:48,146.89,15.87,175.18,0.00,0.00,0.00
20:40:48,146.89,15.87,175.18,1.00,0.00,1.00
20:40:48,146.89,15.87,175.18,1.00,2.00,2.00
20:40:48,146.89,15.87,175.18,2.00,-1.00,0.00
20:40:48,146.89,15.87,175.18,0.00,0.00,-1.00
20:40:48,146.89,15.87,175.18,1.00,1.00,1.00
20:40:49,146.89,15.87,175.18,0.00,1.00,0.00
20:40:49,146.89,15.87,175.18,0.00,0.00,1.00
20:40:49,146.89,15.87,175.18,0.00,0.00,0.00
20:40:49,146.89,15.87,175.18,1.00,0.00,0.00
20:40:49,146.89,15.87,175.18,1.00,0.00,2.00
20:40:49,146.89,15.87,175.18,0.00,0.00,0.00
20:40:49,146.89,15.87,175.18,0.00,1.00,0.00
20:40:49,146.89,15.87,175.18,0.00,0.00,0.00
20:40:49,146.89,15.87,175.18,0.00,-1.00,-3.00
20:40:50,146.89,15.87,175.18,0.00,0.00,0.00
20:40:50,146.89,15.87,175.18,0.00,0.00,1.00
20:40:50,146.89,15.87,175.18,0.00,0.00,0.00
20:40:50,146.89,15.87,175.18,0.00,0.00,0.00
20:40:50,146.89,15.87,175.18,0.00,1.00,1.00
20:40:50,146.89,15.87,175.18,0.00,0.00,1.00
20:40:50,146.89,15.87,175.18,0.00,1.00,0.00
20:40:50,146.89,15.87,175.18,0.00,0.00,1.00
20:40:51,146.89,15.87,175.18,1.00,0.00,1.00
20:40:51,146.89,15.87,175.18,0.00,-1.00,0.00
20:40:51,146.89,15.87,175.18,1.00,1.00,0.00
20:40:51,146.89,15.87,175.18,0.00,1.00,0.00
20:40:51,146.89,15.87,175.18,0.00,0.00,1.00
20:40:51,146.89,15.87,175.18,-1.00,1.00,0.00
20:40:51,146.89,15.87,175.18,1.00,0.00,0.00
20:40:51,146.89,15.87,175.18,1.00,0.00,0.00
20:40:51,146.89,15.87,175.18,0.00,1.00,0.00
20:40:52,146.89,15.87,175.18,1.00,0.00,0.00
20:40:52,146.89,15.87,175.18,0.00,2.00,0.00
20:40:52,146.89,15.87,175.18,0.00,0.00,2.00
20:40:52,146.89,15.87,175.18,0.00,0.00,0.00
20:40:52,146.89,15.87,175.18,0.00,-1.00,-2.00
20:40:52,146.89,15.87,175.18,0.00,0.00,2.00
20:40:52,146.89,15.87,175.18,0.00,0.00,2.00
20:40:52,146.89,15.87,175.18,0.00,0.00,0.00
20:40:52,146.89,15.87,175.18,1.00,0.00,0.00
20:40:53,146.89,15.87,175.18,0.00,0.00,1.00
20:40:53,146.89,15.87,175.18,0.00,0.00,0.00
20:40:53,146.89,15.87,175.18,0.00,0.00,3.00
20:40:53,146.89,15.87,175.18,0.00,0.00,0.00
20:40:53,146.89,15.87,175.18,0.00,-1.00,0.00
20:40:53,146.89,15.87,175.18,0.00,0.00,1.00
20:56:53,0.00,0.00,0.00,0.00,0.00,0.00
20:56:53,0.00,0.00,0.00,0.00,0.00,0.00
20:56:53,0.00,0.00,0.00,0.00,0.00,0.00
20:56:54,0.00,0.00,0.00,0.00,0.00,0.00
20:56:54,0.00,0.00,0.00,0.00,0.00,0.00
20:56:54,0.00,0.00,0.00,0.00,0.00,0.00
20:56:54,-171.86,17.09,-178.79,0.00,-1.00,2.00
20:56:54,-171.86,17.09,-178.79,0.00,0.00,-1.00
20:56:54,-171.86,17.09,-178.79,0.00,0.00,0.00
20:56:54,-171.86,17.09,-178.79,0.00,0.00,0.00
20:56:54,-171.86,17.09,-178.79,0.00,0.00,-1.00
20:56:54,-171.86,17.09,-178.79,0.00,0.00,0.00
20:56:55,-171.86,17.09,-178.79,0.00,0.00,0.00
20:56:55,-171.86,17.09,-178.79,0.00,0.00,0.00
20:56:55,-171.86,17.09,-178.79,1.00,0.00,-3.00
20:56:55,-171.86,17.09,-178.79,1.00,1.00,-2.00
20:56:55,53.89,3.56,172.99,1.00,1.00,0.00
20:56:55,-171.86,17.09,-178.79,0.00,0.00,-1.00
20:56:55,-171.86,17.09,-178.79,1.00,1.00,-1.00
20:56:55,-171.86,17.09,-178.79,2.00,0.00,0.00
20:56:55,-171.86,17.09,-178.79,2.00,0.00,0.00
20:56:56,-171.86,17.09,-178.79,1.00,3.00,0.00
20:56:56,-171.86,17.09,-178.79,2.00,0.00,0.00
20:56:56,-171.86,17.09,-178.79,0.00,3.00,-4.00
20:56:56,-171.86,17.09,-178.79,0.00,1.00,0.00
20:56:56,-171.86,17.09,-178.79,1.00,2.00,-1.00
20:56:56,-171.86,17.09,-178.79,1.00,1.00,0.00
20:56:56,-171.86,17.09,-178.79,0.00,1.00,0.00
20:56:56,-171.86,17.09,-178.79,0.00,0.00,0.00
20:56:56,-171.86,17.09,-178.79,0.00,2.00,-4.00
20:56:57,-171.86,17.09,-178.79,1.00,1.00,0.00
20:56:57,-171.86,17.09,-178.79,0.00,1.00,0.00
20:56:57,-171.86,17.09,-178.79,0.00,0.00,0.00
20:56:57,-171.86,17.09,-178.79,1.00,1.00,-1.00
20:56:57,-171.86,17.09,-178.79,2.00,3.00,-1.00
20:56:57,-171.86,17.09,-178.79,0.00,0.00,0.00
20:56:57,-171.86,17.09,-178.79,3.00,0.00,0.00
20:56:57,-171.86,17.09,-178.79,0.00,1.00,1.00
20:56:57,-171.86,17.09,-178.79,0.00,2.00,0.00
20:56:58,-171.86,17.09,-178.79,1.00,1.00,0.00
20:56:58,-171.87,16.91,-178.79,-8.00,-1.00,0.00
20:56:58,-171.84,17.17,-178.78,9.00,4.00,-2.00
20:56:58,-171.84,17.21,-178.78,25.00,6.00,-5.00
20:56:58,-171.85,17.14,-178.78,6.00,0.00,-1.00
20:56:58,-171.85,17.09,-178.79,0.00,4.00,0.00
20:56:58,-171.85,17.09,-178.79,-2.00,0.00,-1.00
20:56:58,-171.85,17.09,-178.79,3.00,2.00,-1.00
20:56:58,-171.86,17.02,-178.79,4.00,-5.00,-7.00
20:56:59,-172.39,14.40,-178.86,15.00,8.00,3.00
20:56:59,-174.32,6.01,-178.89,97.00,-11.00,-64.00
20:56:59,-175.45,-2.47,-178.55,-29.00,0.00,-1.00
20:56:59,-174.10,-4.20,-178.21,9.00,-4.00,-4.00
20:56:59,-173.92,-8.53,-178.00,-107.00,-29.00,105.00
20:56:59,-171.74,-7.82,-178.31,-46.00,-36.00,-21.00
20:56:59,-164.05,-4.45,178.22,49.00,-50.00,-6.00
20:56:59,-152.00,-0.22,172.19,107.00,28.00,29.00
20:57:00,-140.70,3.75,169.46,78.00,-6.00,170.00
20:57:00,-132.46,6.83,172.45,80.00,-46.00,31.00
20:57:00,-125.98,6.68,173.40,35.00,-11.00,-12.00
20:57:00,-121.94,6.27,175.21,-51.00,-74.00,10.00
20:57:00,-122.41,8.05,176.05,-21.00,-48.00,-21.00
20:57:00,-126.72,8.46,176.66,-49.00,12.00,-18.00
20:57:00,-135.51,7.60,178.16,-64.00,26.00,32.00
20:57:00,-152.77,7.77,-177.13,45.00,98.00,34.00
20:57:00,-171.52,6.60,-168.24,-1.00,40.00,29.00
20:57:01,172.72,5.13,-163.23,63.00,-17.00,6.00
20:57:01,158.79,3.54,-168.07,-15.00,45.00,-32.00
20:57:01,147.77,6.25,-177.61,6.00,77.00,27.00
20:57:01,136.99,6.97,174.01,27.00,90.00,-25.00
20:57:01,134.65,2.94,-179.56,-118.00,-156.00,-73.00
20:57:01,133.52,1.15,179.78,14.00,27.00,8.00
20:57:01,130.12,0.10,179.95,-156.00,-23.00,41.00
20:57:01,126.01,3.67,179.79,-78.00,-80.00,-32.00
20:57:01,125.80,6.71,179.70,-178.00,9.00,151.00
20:57:02,125.22,12.97,179.20,-3.00,-12.00,-37.00
20:57:02,125.27,15.41,179.08,6.00,-12.00,-20.00
20:57:02,125.29,13.70,179.13,-91.00,-20.00,-6.00
20:57:02,125.34,12.78,179.33,-38.00,-15.00,-10.00
20:57:02,125.35,13.04,179.39,-38.00,-13.00,-10.00
20:57:02,125.39,12.39,179.56,-38.00,-13.00,-4.00
20:57:02,125.41,12.22,179.65,-32.00,-12.00,-7.00
20:57:02,125.42,11.95,179.73,-23.00,-10.00,-4.00
20:57:02,125.44,11.78,179.79,-26.00,-6.00,-2.00
20:57:03,125.45,11.65,179.84,-23.00,-6.00,-3.00
20:57:03,125.46,11.53,179.88,-19.00,-6.00,-1.00
20:57:03,125.46,11.44,179.91,-16.00,-6.00,-3.00
20:57:03,125.47,11.36,179.95,-14.00,-5.00,-2.00
20:57:03,125.47,11.29,179.97,-16.00,-4.00,-2.00
20:57:03,125.47,11.23,179.99,-15.00,-6.00,-3.00
20:57:03,125.48,11.17,-179.99,-14.00,-7.00,-1.00
20:57:03,125.48,11.13,-179.97,-13.00,-2.00,-2.00
20:57:03,125.48,11.09,-179.96,-11.00,-5.00,-3.00
20:57:04,125.49,11.04,-179.94,-13.00,-4.00,-4.00
20:57:04,125.49,11.03,-179.95,-11.00,-3.00,-2.00
20:57:04,125.49,11.03,-179.95,-11.00,-4.00,-2.00
22:04:39,0.00,0.00,0.00,0.00,0.00,0.00
22:04:39,0.00,0.00,0.00,0.00,0.00,0.00
22:04:40,0.00,0.00,0.00,0.00,0.00,0.00
22:04:40,0.00,0.00,0.00,0.00,0.00,0.00
22:04:40,0.00,0.00,0.00,0.00,0.00,0.00
22:04:40,0.00,0.00,0.00,0.00,0.00,0.00
22:04:40,-158.92,11.38,-177.89,1.00,0.00,-1.00
22:04:40,-158.92,11.38,-177.89,0.00,0.00,-1.00
22:04:40,-158.92,11.38,-177.89,0.00,0.00,-2.00
22:04:40,-158.92,11.38,-177.89,1.00,1.00,-1.00
22:04:40,-158.92,11.38,-177.89,0.00,0.00,-4.00
22:04:41,-158.92,11.38,-177.89,1.00,0.00,-1.00
22:04:41,-158.92,11.38,-177.89,0.00,-2.00,-2.00
22:04:41,-158.92,11.38,-177.89,0.00,1.00,0.00
22:04:41,-158.92,11.38,-177.89,0.00,1.00,-2.00
22:04:41,-158.92,11.38,-177.89,-1.00,0.00,0.00
22:04:41,-158.92,11.38,-177.89,1.00,0.00,-1.00
22:04:41,-158.92,11.38,-177.89,0.00,0.00,-5.00
22:04:41,-158.92,11.38,-177.89,0.00,0.00,0.00
22:04:41,-158.92,11.38,-177.89,0.00,0.00,-3.00
22:04:42,-158.92,11.38,-177.89,0.00,0.00,-1.00
22:04:42,-158.92,11.38,-177.89,0.00,0.00,-2.00
22:04:42,-158.92,11.38,-177.89,0.00,0.00,-4.00
22:04:42,-158.92,11.38,-177.89,3.00,1.00,-1.00
22:04:42,-158.92,11.38,-177.89,1.00,0.00,-2.00
22:04:42,-7.50,-53.95,14.66,0.00,0.00,-3.00
22:04:42,-158.92,11.38,-177.89,0.00,0.00,-3.00
22:04:42,-158.92,11.38,-177.89,0.00,0.00,0.00
22:04:42,-158.92,11.38,-177.89,1.00,-1.00,0.00
22:04:43,-158.92,11.38,-177.89,0.00,-1.00,-1.00
22:04:43,-158.92,11.38,-177.89,0.00,0.00,-2.00
22:04:43,-158.92,11.38,-177.89,0.00,0.00,-2.00
22:04:43,-158.92,11.38,-177.89,0.00,-1.00,-2.00
22:04:43,-158.92,11.38,-177.89,0.00,0.00,-1.00
22:04:43,-158.92,11.38,-177.89,1.00,0.00,-1.00
22:04:43,-158.92,11.38,-177.89,-1.00,0.00,0.00
22:04:43,-158.92,11.38,-177.89,0.00,0.00,0.00
22:10:46,0.00,0.00,0.00,0.00,0.00,0.00
22:10:46,0.00,0.00,0.00,0.00,0.00,0.00
22:10:46,0.00,0.00,0.00,0.00,0.00,0.00
22:19:23,0.00,0.00,0.00,0.00,0.00,0.00
22:19:23,0.00,0.00,0.00,0.00,0.00,0.00
22:19:23,0.00,0.00,0.00,0.00,0.00,0.00
22:19:23,0.00,0.00,0.00,0.00,0.00,0.00
22:19:24,0.00,0.00,0.00,0.00,0.00,0.00
22:19:24,0.00,0.00,0.00,0.00,0.00,0.00
22:19:24,-159.28,11.37,-177.92,1.00,-2.00,-1.00
22:19:24,-159.28,11.37,-177.92,0.00,-2.00,-1.00
22:19:24,-159.28,11.37,-177.92,0.00,0.00,0.00
22:19:24,-159.28,11.37,-177.92,0.00,1.00,0.00
22:19:24,-159.28,11.37,-177.92,0.00,0.00,-1.00
22:19:24,-159.28,11.37,-177.92,1.00,0.00,0.00
22:19:25,-159.28,11.37,-177.92,-2.00,0.00,0.00
22:19:25,-159.28,11.37,-177.92,-1.00,0.00,0.00
22:19:25,-159.28,11.37,-177.92,0.00,-1.00,3.00
22:19:25,-159.28,11.37,-177.92,0.00,0.00,0.00
22:19:25,-159.28,11.37,-177.92,0.00,0.00,0.00
22:19:25,-159.28,11.37,-177.92,0.00,0.00,0.00
22:19:25,-159.28,11.37,-177.92,1.00,0.00,-1.00
22:19:25,-159.28,11.37,-177.92,0.00,0.00,-1.00
22:19:25,-159.28,11.37,-177.92,0.00,0.00,0.00
22:19:26,-159.28,11.37,-177.92,0.00,0.00,0.00
22:19:26,-159.28,11.37,-177.92,1.00,0.00,-1.00
22:19:26,-159.28,11.37,-177.92,0.00,0.00,1.00
22:19:26,-159.28,11.37,-177.92,0.00,-1.00,0.00
22:19:26,-159.28,11.37,-177.92,0.00,-1.00,0.00
22:19:26,-159.28,11.37,-177.92,0.00,-1.00,1.00
22:19:26,-159.28,11.37,-177.92,-1.00,0.00,1.00
22:19:26,-159.28,11.37,-177.92,0.00,0.00,2.00
22:19:26,-159.28,11.37,-177.92,0.00,0.00,0.00
22:19:27,-159.28,11.37,-177.92,2.00,0.00,1.00
22:19:27,-159.28,11.37,-177.92,-1.00,0.00,0.00
22:19:27,-159.28,11.37,-177.92,-1.00,-1.00,-1.00
22:19:27,-159.28,11.37,-177.92,0.00,0.00,-1.00
22:21:15,0.00,0.00,0.00,0.00,0.00,0.00
22:21:16,0.00,0.00,0.00,0.00,0.00,0.00
22:21:16,0.00,0.00,0.00,0.00,0.00,0.00
22:21:16,0.00,0.00,0.00,0.00,0.00,0.00
22:21:16,0.00,0.00,0.00,0.00,0.00,0.00
22:21:16,0.00,0.00,0.00,0.00,0.00,0.00
22:21:16,-159.18,11.37,-177.90,1.00,0.00,-6.00
22:21:16,-159.18,11.37,-177.90,0.00,0.00,0.00
22:21:16,-159.18,11.37,-177.90,1.00,0.00,0.00
22:22:17,0.00,0.00,0.00,0.00,0.00,0.00
22:22:17,0.00,0.00,0.00,0.00,0.00,0.00
22:22:18,0.00,0.00,0.00,0.00,0.00,0.00
22:22:18,0.00,0.00,0.00,0.00,0.00,0.00
22:23:09,0.00,0.00,0.00,0.00,0.00,0.00
22:23:09,0.00,0.00,0.00,0.00,0.00,0.00
22:23:09,0.00,0.00,0.00,0.00,0.00,0.00
22:23:09,0.00,0.00,0.00,0.00,0.00,0.00
22:23:09,0.00,0.00,0.00,0.00,0.00,0.00
22:23:09,0.00,0.00,0.00,0.00,0.00,0.00
22:23:09,-159.78,11.39,-177.94,0.00,0.00,0.00
22:23:09,-159.78,11.39,-177.94,0.00,-1.00,0.00
22:23:10,-159.78,11.39,-177.94,0.00,-2.00,-2.00
22:23:10,-159.78,11.39,-177.94,0.00,0.00,0.00
22:23:10,-159.78,11.39,-177.94,0.00,0.00,-2.00
22:23:10,-159.78,11.39,-177.94,0.00,0.00,1.00
22:23:10,-159.78,11.39,-177.94,0.00,0.00,0.00
22:23:10,-159.78,11.39,-177.94,1.00,0.00,-2.00
22:23:10,-159.78,11.39,-177.94,0.00,-1.00,0.00
22:23:10,-159.78,11.39,-177.94,2.00,1.00,0.00
22:23:10,-159.78,11.39,-177.94,0.00,-2.00,-3.00
22:23:11,-159.78,11.39,-177.94,-1.00,-2.00,-2.00
22:23:11,-159.78,11.39,-177.94,2.00,1.00,0.00
22:24:14,0.00,0.00,0.00,0.00,0.00,0.00
22:24:15,0.00,0.00,0.00,0.00,0.00,0.00
22:24:15,0.00,0.00,0.00,0.00,0.00,0.00
22:24:15,0.00,0.00,0.00,0.00,0.00,0.00
22:24:15,0.00,0.00,0.00,0.00,0.00,0.00
22:24:15,0.00,0.00,0.00,0.00,0.00,0.00
22:24:15,-159.38,11.37,-177.92,0.00,0.00,0.00
22:24:20,0.00,0.00,0.00,0.00,0.00,0.00
22:24:20,0.00,0.00,0.00,0.00,0.00,0.00
22:24:20,0.00,0.00,0.00,0.00,0.00,0.00
22:24:20,0.00,0.00,0.00,0.00,0.00,0.00
22:24:20,0.00,0.00,0.00,0.00,0.00,0.00
22:24:20,0.00,0.00,0.00,0.00,0.00,0.00
22:24:20,-158.87,11.26,-177.88,8.00,2.00,0.00
22:24:21,-158.87,11.22,-177.88,1.00,1.00,0.00
22:24:21,-158.87,11.22,-177.88,4.00,0.00,0.00
22:24:21,-158.87,11.22,-177.88,9.00,0.00,0.00
22:24:21,-158.87,11.18,-177.88,0.00,0.00,-2.00
22:24:21,-158.87,11.18,-177.88,4.00,0.00,-1.00
22:24:21,-7.47,-53.91,14.66,8.00,4.00,1.00
22:24:21,-158.87,11.18,-177.88,7.00,1.00,1.00
22:24:21,-158.87,11.18,-177.88,1.00,0.00,0.00
22:24:21,-158.87,11.18,-177.88,4.00,2.00,0.00
22:26:01,0.00,0.00,0.00,0.00,0.00,0.00
22:26:01,0.00,0.00,0.00,0.00,0.00,0.00
22:26:02,0.00,0.00,0.00,0.00,0.00,0.00
22:26:02,0.00,0.00,0.00,0.00,0.00,0.00
22:26:02,0.00,0.00,0.00,0.00,0.00,0.00
22:26:02,0.00,0.00,0.00,0.00,0.00,0.00
22:26:02,-159.21,11.30,-177.92,1.00,0.00,0.00
22:26:02,-159.21,11.30,-177.92,0.00,-1.00,-1.00
22:26:02,-159.21,11.30,-177.92,3.00,-1.00,-1.00
22:26:02,-159.21,11.30,-177.92,0.00,1.00,-2.00
22:26:02,-159.21,11.30,-177.92,3.00,-1.00,0.00
22:26:03,-159.21,11.30,-177.92,2.00,-2.00,-1.00
22:26:03,-159.21,11.30,-177.92,4.00,-1.00,-1.00
22:26:03,-159.21,11.30,-177.92,3.00,1.00,-1.00
22:26:03,-159.21,11.30,-177.92,0.00,0.00,-3.00
22:26:03,-159.21,11.30,-177.92,3.00,0.00,1.00
22:26:34,0.00,0.00,0.00,0.00,0.00,0.00
22:26:35,0.00,0.00,0.00,0.00,0.00,0.00
22:26:35,0.00,0.00,0.00,0.00,0.00,0.00
22:26:35,0.00,0.00,0.00,0.00,0.00,0.00
22:26:35,0.00,0.00,0.00,0.00,0.00,0.00
22:26:35,0.00,0.00,0.00,0.00,0.00,0.00
22:26:35,-159.88,11.45,-178.00,0.00,-1.00,-4.00
22:30:34,0.00,0.00,0.00,0.00,0.00,0.00
22:30:34,0.00,0.00,0.00,0.00,0.00,0.00
22:30:34,0.00,0.00,0.00,0.00,0.00,0.00
22:30:34,0.00,0.00,0.00,0.00,0.00,0.00
22:30:35,0.00,0.00,0.00,0.00,0.00,0.00
22:30:35,0.00,0.00,0.00,0.00,0.00,0.00
22:30:49,0.00,0.00,0.00,0.00,0.00,0.00
22:30:49,0.00,0.00,0.00,0.00,0.00,0.00
22:30:49,0.00,0.00,0.00,0.00,0.00,0.00
22:30:49,0.00,0.00,0.00,0.00,0.00,0.00
22:30:49,0.00,0.00,0.00,0.00,0.00,0.00
22:30:50,0.00,0.00,0.00,0.00,0.00,0.00
22:30:50,-158.41,11.36,-177.86,0.00,0.00,-2.00
22:30:50,-158.41,11.36,-177.86,0.00,0.00,-1.00
22:30:50,-158.41,11.36,-177.86,1.00,0.00,-1.00
22:30:50,-158.41,11.36,-177.86,1.00,0.00,0.00
22:30:50,-158.41,11.36,-177.86,1.00,-1.00,-1.00
22:30:50,-158.41,11.36,-177.86,1.00,0.00,-1.00
22:30:50,-158.41,11.36,-177.86,1.00,0.00,-1.00
22:30:51,-158.41,11.36,-177.86,0.00,0.00,-1.00
22:30:51,-158.41,11.36,-177.86,1.00,2.00,-1.00
22:30:51,-158.41,11.36,-177.86,0.00,-1.00,-1.00
22:30:51,-158.41,11.36,-177.86,3.00,1.00,0.00
22:30:51,-158.41,11.36,-177.86,0.00,1.00,-1.00
22:30:51,-158.41,11.36,-177.86,-1.00,0.00,-1.00
22:33:53,0.00,0.00,0.00,0.00,0.00,0.00
22:33:53,0.00,0.00,0.00,0.00,0.00,0.00
22:33:53,0.00,0.00,0.00,0.00,0.00,0.00
22:33:53,0.00,0.00,0.00,0.00,0.00,0.00
22:33:53,0.00,0.00,0.00,0.00,0.00,0.00
22:33:54,0.00,0.00,0.00,0.00,0.00,0.00
22:33:54,-158.45,11.42,-177.89,0.00,1.00,-1.00
22:33:54,-158.45,11.42,-177.89,1.00,0.00,0.00
22:33:54,-158.45,11.42,-177.89,1.00,0.00,1.00
22:33:54,-158.45,11.42,-177.89,0.00,0.00,0.00
22:33:54,-158.45,11.42,-177.89,0.00,0.00,-2.00
22:35:48,0.00,0.00,0.00,0.00,0.00,0.00
22:35:49,0.00,0.00,0.00,0.00,0.00,0.00
22:35:49,0.00,0.00,0.00,0.00,0.00,0.00
22:35:49,0.00,0.00,0.00,0.00,0.00,0.00
22:35:49,0.00,0.00,0.00,0.00,0.00,0.00
22:35:49,-159.22,11.18,-177.93,3.00,0.00,1.00
22:35:49,-159.22,11.16,-177.93,0.00,0.00,0.00
22:35:49,-159.22,11.16,-177.93,7.00,0.00,0.00
22:35:49,-159.22,11.15,-177.93,0.00,0.00,-1.00
22:35:49,-159.22,11.15,-177.93,6.00,0.00,0.00
22:35:50,-159.22,11.15,-177.93,3.00,0.00,0.00
22:35:50,-159.22,11.15,-177.93,6.00,0.00,0.00
22:35:50,-159.22,11.15,-177.93,8.00,0.00,0.00
22:35:50,-159.22,11.14,-177.93,1.00,0.00,-2.00
22:35:50,-159.22,11.14,-177.93,4.00,2.00,0.00
22:42:42,0.00,0.00,0.00,0.00,0.00,0.00
22:42:42,0.00,0.00,0.00,0.00,0.00,0.00
22:42:42,0.00,0.00,0.00,0.00,0.00,0.00
22:42:42,0.00,0.00,0.00,0.00,0.00,0.00
22:42:43,0.00,0.00,0.00,0.00,0.00,0.00
22:42:43,0.00,0.00,0.00,0.00,0.00,0.00
22:42:43,-158.57,11.39,-177.90,0.00,0.00,-3.00
22:42:43,-158.57,11.39,-177.90,1.00,0.00,-1.00
22:42:43,-158.57,11.39,-177.90,0.00,2.00,-1.00
22:42:43,-158.57,11.39,-177.90,0.00,-1.00,-2.00
22:42:43,-158.57,11.39,-177.90,-1.00,0.00,-1.00
22:42:43,-158.57,11.39,-177.90,0.00,0.00,-1.00
22:42:43,-158.57,11.39,-177.90,2.00,2.00,-1.00
22:42:44,-158.57,11.39,-177.90,2.00,0.00,-2.00
22:42:44,-158.57,11.39,-177.90,1.00,0.00,-3.00
22:42:44,-158.57,11.39,-177.90,-1.00,0.00,-3.00
22:42:44,-158.57,11.39,-177.90,1.00,0.00,0.00
22:42:44,-158.57,11.39,-177.90,0.00,1.00,0.00
22:42:44,-158.57,11.39,-177.90,0.00,0.00,-2.00
22:42:44,-158.57,11.39,-177.90,2.00,3.00,-1.00
22:42:44,-158.57,11.39,-177.90,0.00,0.00,2.00
22:42:44,-158.57,11.39,-177.90,0.00,0.00,-1.00
22:42:45,-158.57,11.39,-177.90,0.00,0.00,-2.00
22:42:45,-158.57,11.39,-177.90,1.00,-1.00,0.00
22:42:45,-158.57,11.39,-177.90,0.00,0.00,-1.00
22:42:45,-158.57,11.39,-177.90,1.00,0.00,-4.00
22:42:45,-158.57,11.39,-177.90,1.00,0.00,3.00
22:42:45,-158.57,11.39,-177.90,-4.00,-1.00,0.00
22:42:45,-158.57,11.39,-177.90,3.00,0.00,-1.00
22:42:45,-158.57,11.39,-177.90,4.00,1.00,-2.00
22:42:45,-158.57,11.39,-177.90,4.00,-1.00,-1.00
22:42:46,-158.54,11.43,-177.90,6.00,20.00,-17.00
22:42:46,-158.25,11.34,-177.87,-9.00,-5.00,-14.00
22:42:46,-158.27,10.24,-177.84,64.00,-13.00,-14.00
22:42:46,-158.70,4.98,-177.69,-253.00,-30.00,10.00
22:42:46,-159.83,4.97,-177.65,1.00,-25.00,-74.00
22:42:46,-163.32,5.57,-177.12,-6.00,-27.00,-41.00
22:42:46,-168.63,6.98,-175.51,-67.00,12.00,-5.00
22:42:46,-176.23,10.42,-170.13,46.00,34.00,-44.00
22:42:46,179.21,11.55,-167.01,-62.00,-27.00,37.00
22:42:47,176.69,11.78,-170.98,-46.00,-1.00,23.00
22:42:47,175.82,10.96,-179.26,-50.00,84.00,19.00
22:42:47,178.34,10.97,175.50,-40.00,97.00,-3.00
22:42:47,-176.60,11.17,178.21,-115.00,23.00,55.00
22:42:47,-169.79,11.16,-177.00,-49.00,-44.00,30.00
22:42:47,-161.68,10.41,-176.25,1.00,0.00,43.00
22:42:47,-157.67,9.38,-177.84,70.00,-5.00,26.00
22:42:47,-156.49,5.51,-178.12,1.00,-42.00,-52.00
22:42:48,-156.26,3.53,-178.00,14.00,-36.00,-76.00
22:42:48,-156.12,5.16,-178.11,35.00,-4.00,67.00
22:42:48,-155.70,5.96,-178.18,52.00,-35.00,59.00
22:42:48,-155.28,7.54,-178.18,23.00,-32.00,-34.00
22:42:48,-155.24,7.24,-178.12,-12.00,11.00,-15.00
22:42:48,-155.75,7.71,-178.14,26.00,19.00,-104.00
22:42:48,-157.31,10.66,-177.33,-12.00,0.00,-47.00
22:42:48,-162.49,13.41,-174.06,-31.00,-97.00,49.00
22:42:48,-169.60,13.86,-172.40,-13.00,-39.00,11.00
22:42:49,-175.84,13.38,-174.38,-48.00,-15.00,43.00
22:42:49,179.20,12.91,-176.89,-8.00,63.00,15.00
22:42:49,176.53,12.67,-178.52,-16.00,40.00,31.00
22:42:49,175.37,11.81,-178.76,-36.00,16.00,5.00
22:42:49,175.12,10.91,-179.30,-48.00,2.00,4.00
22:42:49,175.12,10.90,179.85,-24.00,-3.00,9.00
22:42:49,174.89,10.69,179.42,-7.00,-6.00,-4.00
22:42:49,174.78,10.85,179.23,-15.00,-8.00,9.00
22:42:49,174.83,11.03,179.18,-27.00,-17.00,13.00
22:42:50,174.47,10.75,179.36,-40.00,-9.00,1.00
22:42:50,173.91,10.67,179.41,-15.00,0.00,-2.00
22:42:50,174.11,10.82,178.94,-19.00,-10.00,12.00
22:42:50,174.60,11.14,178.87,-14.00,-3.00,-2.00
22:42:50,174.24,10.88,179.71,-18.00,-11.00,5.00
22:42:50,174.62,10.39,-179.77,-40.00,-2.00,0.00
22:42:50,175.50,10.30,179.12,-31.00,11.00,-3.00
22:42:50,176.51,10.72,178.75,-26.00,0.00,0.00
22:42:50,177.07,10.99,179.80,7.00,-5.00,5.00
22:42:51,177.85,10.54,-179.56,-24.00,-18.00,5.00
22:42:51,178.59,10.98,-179.99,0.00,-11.00,-12.00
22:42:51,178.85,10.98,179.88,-2.00,-9.00,-3.00
22:42:51,179.09,10.98,179.99,-10.00,1.00,9.00
22:42:51,179.55,11.05,179.91,-2.00,-1.00,1.00
22:42:51,179.97,10.86,179.86,3.00,-9.00,-12.00
22:42:51,-179.91,10.74,179.88,-6.00,-2.00,-4.00
22:42:51,-179.53,10.89,179.89,-23.00,-6.00,14.00
22:42:51,-179.16,10.95,-179.86,-15.00,-8.00,5.00
22:42:52,-178.79,11.04,-179.70,-2.00,-7.00,1.00
22:42:52,-178.38,10.96,-179.78,-8.00,-5.00,-7.00
22:42:52,-178.14,11.04,-179.98,2.00,-5.00,-10.00
22:42:52,-177.99,11.05,179.72,5.00,0.00,-1.00
22:42:52,-177.73,11.03,179.31,-1.00,-5.00,-5.00
22:42:52,-177.55,11.04,179.38,7.00,-4.00,-9.00
22:42:52,-177.60,10.95,179.72,0.00,-11.00,-3.00
22:42:52,-177.97,11.02,-179.91,-11.00,-13.00,5.00
22:42:52,-178.93,10.93,-179.50,0.00,-13.00,0.00
22:42:53,-179.35,10.90,-179.85,-8.00,2.00,-1.00
22:42:53,-179.55,11.02,179.82,-4.00,0.00,5.00
22:42:53,-180.00,10.51,179.97,-3.00,-5.00,0.00
22:42:53,179.70,10.18,179.95,-17.00,-9.00,0.00
22:42:53,179.31,10.17,179.80,-15.00,-2.00,1.00
22:42:53,178.75,9.90,179.82,-7.00,1.00,0.00
22:42:53,178.44,9.71,179.76,-12.00,3.00,3.00
22:42:53,178.40,9.68,179.62,-14.00,-3.00,4.00
22:42:53,178.45,9.70,179.73,-10.00,-7.00,4.00
22:42:54,178.39,9.73,-179.88,-8.00,-8.00,5.00
22:42:54,178.38,9.51,-179.86,-16.00,-12.00,7.00
22:42:54,178.42,9.58,179.79,-8.00,0.00,-3.00
22:42:54,178.35,9.53,179.76,-16.00,-2.00,-5.00
22:42:54,178.35,9.54,-179.95,-17.00,0.00,11.00
22:42:54,178.38,9.60,-179.83,-1.00,-3.00,0.00
22:42:54,178.48,9.51,-179.68,-2.00,-17.00,-10.00
22:42:54,178.38,9.62,-179.26,-6.00,-4.00,5.00
22:42:54,178.23,9.46,-179.48,-3.00,0.00,0.00
22:42:55,178.21,9.27,-179.91,-10.00,-4.00,-1.00
22:42:55,178.17,9.21,-179.84,-9.00,0.00,-1.00
22:42:55,178.07,9.13,-179.44,6.00,-3.00,-10.00
22:42:55,178.11,9.13,-179.39,-10.00,-10.00,0.00
22:42:55,178.11,9.29,-179.50,-11.00,0.00,13.00
22:42:55,178.14,9.12,-179.71,-11.00,-4.00,4.00
22:42:55,178.24,9.07,-179.84,7.00,-2.00,-15.00
22:42:55,178.23,9.08,-179.75,5.00,0.00,-5.00
22:42:55,178.34,8.98,-179.95,-13.00,-4.00,0.00
22:42:56,178.55,9.20,179.83,0.00,0.00,4.00
22:42:56,178.93,9.07,179.93,-4.00,-15.00,-4.00
22:42:56,179.05,8.89,-179.88,-2.00,-7.00,5.00
22:42:56,179.23,8.67,179.78,-12.00,0.00,-1.00
22:42:56,179.48,8.43,179.17,-14.00,-1.00,1.00
22:42:56,179.54,8.40,178.94,8.00,2.00,-16.00
22:42:56,179.82,8.55,179.22,-6.00,3.00,3.00
22:42:56,-179.84,8.51,179.66,-11.00,-10.00,-3.00
22:42:57,-179.50,8.47,179.68,-11.00,-7.00,5.00
22:42:57,-179.30,8.42,179.42,-10.00,-8.00,4.00
22:42:57,-179.18,8.31,179.25,-5.00,-15.00,0.00
22:42:57,-179.20,8.36,179.37,-5.00,-12.00,0.00
22:42:57,-179.31,8.48,179.44,3.00,0.00,5.00
22:42:57,-179.05,8.34,179.22,-11.00,18.00,2.00
22:42:57,-176.49,8.89,178.66,-16.00,46.00,-1.00
22:42:57,-172.29,9.59,179.14,-20.00,-20.00,-1.00
22:42:57,-171.26,10.15,-177.07,31.00,-62.00,6.00
22:42:58,-171.65,10.14,-174.06,6.00,-10.00,-5.00
22:42:58,-170.38,11.07,-175.12,0.00,0.00,-2.00
22:42:58,-169.87,11.16,-175.73,3.00,-7.00,-2.00
22:42:58,-169.93,10.64,-175.07,7.00,-6.00,-8.00
22:42:58,-169.37,10.94,-175.15,20.00,-12.00,-3.00
22:42:58,-169.06,10.59,-175.63,2.00,-16.00,-8.00
22:42:58,-169.14,10.61,-175.89,1.00,-1.00,-1.00
22:42:58,-169.16,10.68,-175.93,7.00,-4.00,-8.00
22:42:58,-169.22,10.70,-175.69,-9.00,-21.00,-12.00
22:42:59,-170.14,10.85,-175.31,-12.00,-46.00,0.00
22:42:59,-173.05,11.09,-175.36,14.00,-7.00,14.00
22:42:59,53.46,3.57,176.40,8.00,5.00,2.00
22:42:59,-179.17,10.08,-175.74,-6.00,19.00,-2.00
22:42:59,178.56,9.68,-174.05,-21.00,21.00,-11.00
22:42:59,177.25,9.18,-173.71,-27.00,27.00,-9.00
22:42:59,177.18,9.06,-175.03,-17.00,19.00,-3.00
22:42:59,177.29,9.12,-175.12,0.00,9.00,-2.00
22:42:59,177.71,8.99,-174.04,-2.00,2.00,-19.00
22:43:00,178.77,9.52,-173.66,11.00,-9.00,-15.00
22:43:00,179.56,9.77,-173.26,5.00,-28.00,0.00
22:43:00,179.35,9.00,-173.09,-10.00,-25.00,-10.00
22:43:00,179.35,9.61,-173.82,17.00,20.00,-12.00
22:43:00,179.50,9.77,-173.70,-12.00,3.00,1.00
22:43:00,179.56,9.64,-172.48,0.00,-10.00,-11.00
22:43:00,179.47,9.58,-172.07,-3.00,-7.00,6.00
22:43:00,179.27,9.09,-173.40,15.00,-17.00,-3.00
22:43:00,178.95,8.59,-174.39,3.00,-3.00,-23.00
22:43:01,178.75,8.77,-174.19,-9.00,37.00,34.00
22:43:01,179.39,7.85,-174.09,-19.00,0.00,27.00
22:43:01,-179.91,6.04,-174.49,-5.00,-21.00,-10.00
22:43:01,-179.77,4.91,-175.27,0.00,-29.00,-27.00
22:43:01,179.76,4.82,-176.83,7.00,50.00,-63.00
22:43:01,179.46,5.63,-176.56,-32.00,-31.00,-51.00
22:43:01,179.79,6.38,-176.44,-43.00,3.00,12.00
22:43:01,-179.90,9.29,-176.41,-8.00,-3.00,16.00
22:43:01,-179.67,16.30,-176.44,151.00,-65.00,116.00
22:43:02,179.41,14.35,-176.42,-96.00,-5.00,24.00
22:43:02,179.54,15.29,-176.42,36.00,-7.00,-22.00
22:43:02,179.53,15.10,-176.42,-7.00,0.00,-2.00
22:43:02,179.53,15.15,-176.43,-2.00,0.00,-5.00
22:43:02,179.53,15.14,-176.43,-2.00,1.00,-2.00
22:43:02,179.53,15.14,-176.43,-4.00,1.00,-4.00
22:43:02,179.53,15.13,-176.44,-5.00,1.00,-5.00
22:43:02,179.53,15.13,-176.44,-1.00,1.00,-4.00
22:43:02,179.53,15.12,-176.44,-2.00,0.00,-3.00
22:43:03,179.53,15.12,-176.44,-4.00,1.00,-3.00
22:43:03,179.53,15.12,-176.44,-3.00,0.00,-7.00
22:43:03,179.53,15.12,-176.44,0.00,0.00,-4.00
22:43:03,179.53,15.12,-176.44,-2.00,1.00,-3.00
22:43:03,179.53,15.12,-176.44,-2.00,0.00,-4.00
22:43:03,179.53,15.12,-176.44,0.00,4.00,-5.00
22:43:03,179.53,15.12,-176.44,-3.00,1.00,-4.00
22:43:03,179.53,15.12,-176.44,0.00,0.00,-3.00
22:43:04,179.53,15.12,-176.44,-3.00,1.00,-7.00
22:43:04,179.53,15.12,-176.44,-1.00,1.00,-3.00
22:43:04,179.53,15.12,-176.44,-1.00,0.00,-2.00
22:43:04,179.53,15.12,-176.44,0.00,2.00,-4.00
22:43:04,179.53,15.12,-176.44,-3.00,3.00,-3.00
22:43:04,179.53,15.12,-176.44,-2.00,1.00,-5.00
22:43:04,179.53,15.12,-176.44,-1.00,0.00,-5.00
22:43:04,179.53,15.12,-176.44,0.00,1.00,-5.00
22:43:04,179.53,15.12,-176.44,-2.00,1.00,-4.00
22:43:05,179.53,15.12,-176.44,-1.00,0.00,-3.00
22:43:05,179.53,15.12,-176.44,-2.00,7.00,0.00
22:43:05,179.53,15.12,-176.44,-4.00,0.00,-3.00
22:43:05,179.53,15.12,-176.44,1.00,2.00,-1.00
22:43:05,179.53,15.12,-176.44,-1.00,0.00,-5.00
22:43:05,179.53,15.12,-176.44,-1.00,1.00,-2.00
22:43:05,179.53,15.12,-176.44,-2.00,0.00,-3.00
22:43:05,179.53,15.12,-176.44,-1.00,1.00,-4.00
22:43:05,179.53,15.12,-176.44,-2.00,1.00,-1.00
22:43:06,179.53,15.12,-176.44,-4.00,1.00,-3.00
22:43:06,179.53,15.12,-176.44,0.00,1.00,-3.00
22:43:06,179.53,15.12,-176.44,-2.00,2.00,-6.00
22:43:06,179.53,15.12,-176.44,0.00,0.00,-1.00
22:43:06,179.53,15.12,-176.44,1.00,0.00,1.00
22:43:06,179.53,15.12,-176.44,-8.00,2.00,-6.00
22:43:06,179.53,15.12,-176.44,-1.00,1.00,-3.00
22:43:06,179.53,15.12,-176.44,0.00,-1.00,-1.00
22:43:06,179.53,15.12,-176.44,0.00,0.00,-4.00
22:43:07,179.53,15.12,-176.44,-4.00,2.00,-6.00
22:43:07,179.53,15.12,-176.44,0.00,0.00,-4.00
22:43:07,179.53,15.12,-176.44,0.00,2.00,-6.00
22:43:07,179.53,15.12,-176.44,-3.00,0.00,-3.00
22:43:07,179.53,15.12,-176.44,-2.00,3.00,-2.00
22:43:07,179.53,15.12,-176.44,0.00,2.00,-3.00
22:43:07,179.53,15.12,-176.44,-1.00,3.00,-5.00
22:43:07,179.53,15.12,-176.44,-2.00,3.00,-4.00
22:43:07,179.53,15.12,-176.44,0.00,3.00,-1.00
