2025-02-16 18:29:54 - Moving forward
2025-02-16 18:30:06 - Current Distance: 8.5 cm
2025-02-16 18:30:07 - Moving forward
2025-02-16 18:30:18 - Current Distance: 9.3 cm
2025-02-16 18:30:19 - Turning right
2025-02-16 18:30:20 - Turning right
2025-02-16 18:30:21 - Turning right
2025-02-16 18:30:21 - Turning right
2025-02-16 18:30:22 - Turning right
2025-02-16 18:30:22 - Turning right
2025-02-16 18:30:23 - Turning right
2025-02-16 18:30:24 - Turning right
2025-02-16 18:30:24 - Moving forward
2025-02-16 18:30:36 - Current Distance: 364.1 cm
2025-02-16 18:30:36 - Moving forward
2025-02-16 18:30:47 - Current Distance: 165.2 cm
2025-02-16 18:30:48 - Turning right
2025-02-16 18:30:48 - Moving forward
2025-02-16 18:31:00 - Current Distance: -23.7 cm
2025-02-16 18:31:00 - Goal reached!
2025-02-16 18:31:00 - Phase 4 completed.
2025-02-16 18:33:14 - Turning right
2025-02-16 18:33:14 - Turning right
2025-02-16 18:33:15 - Turning right
2025-02-16 18:33:16 - Turning right
2025-02-16 18:33:16 - Turning right
2025-02-16 18:33:17 - Turning right
2025-02-16 18:33:17 - Turning right
2025-02-16 18:33:18 - Turning right
2025-02-16 18:33:19 - Turning right
2025-02-16 18:33:19 - Turning right
2025-02-16 18:33:20 - Turning right
2025-02-16 18:33:20 - Turning right
2025-02-16 18:33:21 - Turning right
2025-02-16 18:33:21 - Turning right
2025-02-16 18:33:22 - Turning right
2025-02-16 18:33:23 - Turning right
2025-02-16 18:33:23 - Turning right
2025-02-16 18:33:24 - Turning right
2025-02-16 18:33:24 - Turning right
2025-02-16 18:33:25 - Moving forward
2025-02-16 18:33:36 - Current Distance: 5.5 cm
2025-02-16 18:33:37 - Moving forward
2025-02-16 18:33:48 - Current Distance: 5.2 cm
2025-02-16 18:33:48 - Turning left
2025-02-16 18:33:49 - Moving forward
2025-02-16 18:40:14 - Moving forward
2025-02-16 18:40:25 - An error occurred: name 'distance' is not defined
2025-02-16 18:40:26 - Phase 4 completed.
2025-02-16 18:41:21 - Moving forward
2025-02-16 18:41:32 - Current Distance: -35.6 cm
2025-02-16 18:41:32 - Goal reached!
2025-02-16 18:41:32 - Phase 4 completed.
2025-02-16 18:52:18 - Turning left
2025-02-16 18:52:23 - Turning left
2025-02-16 18:52:30 - Turning left
2025-02-16 18:52:31 - Turning left
2025-02-16 18:52:31 - Turning left
2025-02-16 18:52:32 - Moving forward
2025-02-16 18:52:43 - Current Distance: -36.8 cm
2025-02-16 18:52:43 - Goal reached!
2025-02-16 18:52:44 - Phase 4 completed.
2025-02-16 18:54:35 - Turning right
2025-02-16 18:54:36 - Moving forward
2025-02-16 18:54:47 - Current Distance: 10.6 cm
2025-02-16 18:54:49 - Moving forward
2025-02-16 18:55:00 - Current Distance: 16.8 cm
2025-02-16 18:55:03 - Moving forward
2025-02-16 19:05:57 - Turning left
2025-02-16 19:06:03 - Turning left
2025-02-16 19:06:04 - Moving forward
2025-02-16 19:06:15 - Current Distance: 6.4 cm
2025-02-16 19:06:17 - Moving forward
2025-02-16 19:06:28 - Current Distance: -33.6 cm
2025-02-16 19:06:28 - Goal reached!
2025-02-16 19:06:29 - Phase 4 completed.
2025-02-16 19:12:19 - Turning left
2025-02-16 19:12:20 - Turning left
2025-02-16 19:12:21 - Turning left
2025-02-16 19:12:21 - Turning right
2025-02-16 19:12:22 - Turning right
2025-02-16 19:12:22 - Turning right
2025-02-16 19:12:23 - Turning right
2025-02-16 19:12:24 - Turning right
2025-02-16 19:12:24 - Turning right
2025-02-16 19:12:25 - Turning right
2025-02-16 19:12:25 - Turning right
2025-02-16 19:12:26 - Moving forward
2025-02-16 19:12:37 - Current Distance: 4.0 cm
2025-02-16 19:12:37 - Goal reached!
2025-02-16 19:12:37 - Phase 4 completed.
