2025-02-18 14:33:34 - Turning left
2025-02-18 14:33:35 - Turning left
2025-02-18 14:33:35 - Turning left
2025-02-18 14:33:36 - Turning left
2025-02-18 14:33:36 - Turning right
2025-02-18 14:33:37 - Turning right
2025-02-18 14:33:37 - Turning left
2025-02-18 14:33:38 - Turning right
2025-02-18 14:33:38 - Turning left
2025-02-18 14:33:39 - Turning right
2025-02-18 14:33:40 - Moving forward
2025-02-18 14:33:41 - Current Distance: 64.8 cm
2025-02-18 14:33:41 - Moving forward
2025-02-18 14:33:42 - Turning left
2025-02-18 14:33:43 - Moving forward
2025-02-18 14:33:44 - Current Distance: 69.7 cm
2025-02-18 14:33:44 - Moving forward
2025-02-18 14:33:45 - Turning right
2025-02-18 14:33:46 - Turning left
2025-02-18 14:33:46 - Turning right
2025-02-18 14:33:47 - Turning left
2025-02-18 14:33:48 - Turning right
2025-02-18 14:33:48 - Turning left
2025-02-18 14:33:49 - Turning right
2025-02-18 14:33:49 - Turning left
2025-02-18 14:33:50 - Turning right
2025-02-18 14:33:50 - Moving forward
2025-02-18 14:33:51 - Current Distance: 64.4 cm
2025-02-18 14:33:51 - Moving forward
2025-02-18 14:33:53 - Turning right
2025-02-18 14:33:54 - Turning right
2025-02-18 14:33:54 - Turning left
2025-02-18 14:33:55 - Turning right
2025-02-18 14:33:55 - Moving forward
2025-02-18 14:33:56 - Measurement timeout!
2025-02-18 14:33:57 - Turning left
2025-02-18 14:33:57 - Turning left
2025-02-18 14:33:58 - Turning right
2025-02-18 14:33:58 - Turning right
2025-02-18 14:33:59 - Turning right
2025-02-18 14:34:00 - Turning right
2025-02-18 14:34:00 - Turning right
2025-02-18 14:34:01 - Turning right
2025-02-18 14:34:01 - Turning right
2025-02-18 14:34:02 - Turning left
2025-02-18 14:34:02 - Turning right
2025-02-18 14:34:03 - Turning right
2025-02-18 14:34:03 - Turning right
2025-02-18 14:34:04 - Turning left
2025-02-18 14:34:05 - Turning right
2025-02-18 14:34:05 - Turning left
2025-02-18 14:34:06 - Turning right
2025-02-18 14:34:06 - Turning left
2025-02-18 14:34:07 - Turning right
2025-02-18 14:34:07 - Turning left
2025-02-18 14:34:08 - Turning right
2025-02-18 14:34:08 - Turning left
2025-02-18 14:34:09 - Turning right
2025-02-18 14:34:10 - Turning right
2025-02-18 14:34:10 - Turning right
2025-02-18 14:34:11 - Turning right
2025-02-18 14:34:11 - Turning right
2025-02-18 14:34:12 - Turning left
2025-02-18 14:34:12 - Turning right
2025-02-18 14:34:13 - Turning right
2025-02-18 14:34:14 - Turning right
2025-02-18 14:34:14 - Turning right
2025-02-18 14:34:15 - Turning right
2025-02-18 14:34:15 - Turning left
2025-02-18 14:34:16 - Moving forward
2025-02-18 14:34:17 - Measurement timeout!
2025-02-18 14:34:17 - Turning left
2025-02-18 14:34:18 - Turning right
2025-02-18 14:34:18 - Turning left
2025-02-18 14:34:19 - Turning right
2025-02-18 14:34:20 - Moving forward
2025-02-18 14:34:21 - Current Distance: 52.4 cm
2025-02-18 14:34:21 - Moving forward
2025-02-18 14:34:22 - Moving forward
2025-02-18 14:52:18 - Moving forward
2025-02-18 14:52:18 - Current Distance: 81.4 cm
2025-02-18 14:52:18 - Moving forward
2025-02-18 14:52:20 - Moving forward
2025-02-18 14:52:20 - Measurement timeout!
2025-02-18 14:52:21 - Turning right
2025-02-18 14:52:21 - Moving forward
2025-02-18 14:52:22 - Measurement timeout!
2025-02-18 14:52:22 - Turning right
2025-02-18 14:52:22 - Turning right
2025-02-18 14:52:22 - Turning right
2025-02-18 14:52:22 - Turning right
2025-02-18 14:52:22 - Turning right
2025-02-18 14:52:22 - Turning right
2025-02-18 14:52:22 - Turning right
2025-02-18 14:52:23 - Turning right
2025-02-18 14:52:23 - Turning right
2025-02-18 14:52:23 - Turning right
2025-02-18 14:52:23 - Turning right
2025-02-18 14:52:23 - Turning right
2025-02-18 14:52:23 - Turning right
2025-02-18 14:52:23 - Turning right
2025-02-18 14:52:24 - Turning right
2025-02-18 14:52:24 - Turning right
2025-02-18 14:52:24 - Turning right
2025-02-18 14:52:24 - Turning right
2025-02-18 14:52:24 - Turning right
2025-02-18 14:52:24 - Turning right
2025-02-18 14:52:24 - Turning right
2025-02-18 14:52:25 - Turning right
2025-02-18 14:52:25 - Turning right
2025-02-18 14:52:25 - Turning right
2025-02-18 14:52:25 - Turning right
2025-02-18 14:52:25 - Turning right
2025-02-18 14:52:25 - Turning right
2025-02-18 14:52:25 - Turning right
2025-02-18 14:52:26 - Turning right
2025-02-18 14:52:26 - Turning right
2025-02-18 14:52:26 - Turning right
2025-02-18 14:52:26 - Turning left
2025-02-18 14:52:26 - Turning right
2025-02-18 14:52:26 - Turning right
2025-02-18 14:52:26 - Turning right
2025-02-18 14:52:27 - Turning right
2025-02-18 14:52:27 - Turning right
2025-02-18 14:52:27 - Turning right
2025-02-18 14:52:27 - Turning right
2025-02-18 14:52:27 - Turning right
2025-02-18 14:52:27 - Turning right
2025-02-18 14:52:27 - Turning right
2025-02-18 14:52:28 - Turning right
2025-02-18 14:52:28 - Turning right
2025-02-18 14:52:28 - Turning left
2025-02-18 14:52:28 - Turning right
2025-02-18 14:52:28 - Turning right
2025-02-18 14:52:28 - Turning right
2025-02-18 14:52:28 - Turning right
2025-02-18 14:52:29 - Turning right
2025-02-18 14:52:29 - Turning right
2025-02-18 14:52:29 - Turning right
2025-02-18 14:52:29 - Turning right
2025-02-18 14:52:29 - Turning right
2025-02-18 14:52:29 - Turning right
2025-02-18 14:52:29 - Turning right
2025-02-18 14:52:30 - Turning right
2025-02-18 14:52:30 - Turning right
2025-02-18 14:52:30 - Turning right
2025-02-18 14:52:30 - Turning right
2025-02-18 14:52:30 - Turning right
2025-02-18 14:52:30 - Turning right
2025-02-18 14:52:30 - Turning left
2025-02-18 14:52:31 - Turning right
2025-02-18 14:52:31 - Turning right
2025-02-18 14:52:31 - Turning right
2025-02-18 14:52:31 - Turning right
2025-02-18 14:52:31 - Turning right
2025-02-18 14:52:31 - Turning right
2025-02-18 14:52:31 - Turning right
2025-02-18 14:52:31 - Turning left
2025-02-18 14:52:32 - Turning right
2025-02-18 14:52:32 - Turning right
2025-02-18 14:52:32 - Turning right
2025-02-18 14:52:32 - Turning right
2025-02-18 14:52:32 - Turning right
2025-02-18 14:52:32 - Turning right
2025-02-18 14:52:32 - Turning right
2025-02-18 14:52:33 - Turning right
2025-02-18 14:52:33 - Turning right
2025-02-18 14:52:33 - Turning right
2025-02-18 14:52:33 - Turning right
2025-02-18 14:52:33 - Turning right
2025-02-18 14:52:33 - Turning left
2025-02-18 14:52:33 - Turning right
2025-02-18 14:52:34 - Turning right
2025-02-18 14:52:34 - Turning right
2025-02-18 14:52:34 - Turning right
2025-02-18 14:52:34 - Turning right
2025-02-18 14:52:34 - Turning right
2025-02-18 14:52:34 - Turning right
2025-02-18 14:52:34 - Moving forward
2025-02-18 14:52:35 - Measurement timeout!
2025-02-18 14:52:35 - Turning right
2025-02-18 14:52:35 - Turning right
2025-02-18 14:52:35 - Turning right
2025-02-18 14:52:35 - Turning right
2025-02-18 14:52:35 - Turning right
2025-02-18 14:52:35 - Turning right
2025-02-18 14:52:36 - Turning right
2025-02-18 14:52:36 - Turning right
2025-02-18 14:52:36 - Turning right
2025-02-18 14:52:36 - Turning right
2025-02-18 14:52:36 - Turning left
2025-02-18 14:52:36 - Turning right
2025-02-18 14:52:36 - Turning right
2025-02-18 14:52:37 - Turning right
2025-02-18 14:52:37 - Turning right
2025-02-18 14:52:37 - Turning right
2025-02-18 14:52:37 - Turning right
2025-02-18 14:52:37 - Turning right
2025-02-18 14:52:37 - Turning left
2025-02-18 14:52:37 - Turning right
2025-02-18 14:52:37 - Turning right
2025-02-18 14:52:38 - Turning right
2025-02-18 14:52:38 - Turning right
2025-02-18 14:52:38 - Turning right
2025-02-18 14:52:38 - Turning right
2025-02-18 14:52:38 - Turning right
2025-02-18 14:52:38 - Turning right
2025-02-18 14:52:38 - Turning right
2025-02-18 14:52:39 - Turning right
2025-02-18 14:52:39 - Turning right
2025-02-18 14:52:39 - Turning right
2025-02-18 14:52:39 - Turning left
2025-02-18 14:52:39 - Turning right
2025-02-18 14:52:39 - Turning right
2025-02-18 14:52:39 - Turning right
2025-02-18 14:52:40 - Turning right
2025-02-18 14:52:40 - Turning right
2025-02-18 14:52:40 - Turning right
2025-02-18 14:52:40 - Turning right
2025-02-18 14:52:40 - Turning left
2025-02-18 14:52:40 - Turning right
2025-02-18 14:52:40 - Turning right
2025-02-18 14:52:41 - Turning right
2025-02-18 14:52:41 - Turning right
2025-02-18 14:52:41 - Turning right
2025-02-18 14:52:41 - Turning right
2025-02-18 14:52:41 - Turning right
2025-02-18 14:52:41 - Turning right
2025-02-18 14:52:41 - Turning right
2025-02-18 14:52:41 - Turning right
2025-02-18 14:52:42 - Turning right
2025-02-18 14:52:42 - Turning right
2025-02-18 14:52:42 - Turning right
2025-02-18 14:52:42 - Turning right
2025-02-18 14:52:42 - Turning right
2025-02-18 14:52:42 - Turning right
2025-02-18 14:52:42 - Turning right
2025-02-18 14:52:43 - Turning right
2025-02-18 14:52:43 - Turning right
2025-02-18 14:52:43 - Turning right
2025-02-18 14:52:43 - Turning right
2025-02-18 14:52:43 - Turning right
2025-02-18 14:52:43 - Turning right
2025-02-18 14:52:43 - Turning right
2025-02-18 14:52:44 - Turning left
2025-02-18 14:52:44 - Turning right
2025-02-18 14:52:44 - Turning right
2025-02-18 14:52:44 - Turning right
2025-02-18 14:52:44 - Turning right
2025-02-18 14:52:44 - Turning right
2025-02-18 14:52:44 - Turning right
2025-02-18 14:52:45 - Turning right
2025-02-18 14:52:45 - Turning right
2025-02-18 14:52:45 - Turning right
2025-02-18 14:52:45 - Turning right
2025-02-18 14:52:55 - Turning right
2025-02-18 14:55:54 - Turning right
2025-02-18 16:01:35 - Turning right
2025-02-18 16:03:22 - Moving forward
2025-02-18 16:03:22 - Measurement timeout!
2025-02-18 16:03:30 - Moving forward
2025-02-18 16:03:31 - Measurement timeout!
2025-02-18 16:03:35 - Turning left
2025-02-18 16:03:42 - Turning right
2025-02-18 16:03:43 - Turning left
2025-02-18 16:06:02 - None cone picture
2025-02-18 16:06:04 - None cone picture
2025-02-18 16:06:05 - None cone picture
2025-02-18 16:06:06 - None cone picture
2025-02-18 16:06:08 - None cone picture
2025-02-18 16:06:09 - None cone picture
2025-02-18 16:06:10 - None cone picture
2025-02-18 16:06:12 - None cone picture
2025-02-18 16:06:13 - None cone picture
2025-02-18 16:06:14 - Moving forward
2025-02-18 16:06:15 - None cone picture
2025-02-18 16:06:17 - None cone picture
2025-02-18 16:06:18 - None cone picture
2025-02-18 16:06:19 - None cone picture
2025-02-18 16:06:20 - None cone picture
2025-02-18 16:06:21 - None cone picture
2025-02-18 16:06:23 - None cone picture
2025-02-18 16:06:24 - None cone picture
2025-02-18 16:06:25 - None cone picture
2025-02-18 16:06:26 - Moving forward
2025-02-18 16:06:28 - None cone picture
2025-02-18 16:06:29 - None cone picture
2025-02-18 16:06:30 - None cone picture
2025-02-18 16:06:31 - None cone picture
2025-02-18 16:06:33 - Moving forward
2025-02-18 16:08:25 - None cone picture
2025-02-18 16:08:26 - None cone picture
2025-02-18 16:08:27 - None cone picture
2025-02-18 16:08:29 - None cone picture
2025-02-18 16:08:30 - None cone picture
2025-02-18 16:08:31 - None cone picture
2025-02-18 16:08:32 - None cone picture
2025-02-18 16:08:34 - None cone picture
2025-02-18 16:08:35 - None cone picture
2025-02-18 16:08:36 - None cone picture
2025-02-18 16:08:37 - None cone picture
2025-02-18 16:08:39 - Moving forward
2025-02-18 16:08:40 - None cone picture
2025-02-18 16:08:41 - None cone picture
2025-02-18 16:08:42 - None cone picture
2025-02-18 16:08:44 - None cone picture
2025-02-18 16:08:45 - None cone picture
2025-02-18 16:08:46 - None cone picture
2025-02-18 16:08:47 - None cone picture
2025-02-18 16:08:49 - None cone picture
2025-02-18 16:08:50 - None cone picture
2025-02-18 16:08:51 - None cone picture
2025-02-18 16:08:52 - Moving forward
2025-02-18 16:08:54 - None cone picture
2025-02-18 16:08:55 - None cone picture
2025-02-18 16:13:48 - None cone picture
2025-02-18 16:13:49 - None cone picture
2025-02-18 16:13:50 - None cone picture
2025-02-18 16:13:52 - None cone picture
2025-02-18 16:13:53 - None cone picture
2025-02-18 16:13:54 - None cone picture
2025-02-18 16:13:55 - None cone picture
2025-02-18 16:13:57 - None cone picture
2025-02-18 16:13:58 - None cone picture
2025-02-18 16:13:59 - None cone picture
2025-02-18 16:14:00 - None cone picture
2025-02-18 16:14:02 - None cone picture
2025-02-18 16:14:03 - None cone picture
2025-02-18 16:14:04 - None cone picture
2025-02-18 16:14:05 - None cone picture
2025-02-18 16:14:07 - None cone picture
2025-02-18 16:15:26 - None cone picture
2025-02-18 16:15:26 - An error occurred: name 'running' is not defined
2025-02-18 16:15:26 - Phase 4 completed.
2025-02-18 16:20:05 - None cone picture
2025-02-18 16:20:05 - An error occurred: name 'running' is not defined
2025-02-18 16:20:05 - Phase 4 completed.
2025-02-18 16:20:58 - None cone picture
2025-02-18 16:21:00 - None cone picture
2025-02-18 16:21:01 - None cone picture
2025-02-18 16:21:03 - None cone picture
2025-02-18 16:21:04 - None cone picture
2025-02-18 16:21:05 - None cone picture
2025-02-18 16:21:07 - None cone picture
2025-02-18 16:21:08 - None cone picture
2025-02-18 16:21:09 - None cone picture
2025-02-18 16:21:11 - Turning right
2025-02-18 16:21:12 - None cone picture
2025-02-18 16:21:13 - None cone picture
2025-02-18 16:21:15 - None cone picture
2025-02-18 16:21:16 - None cone picture
2025-02-18 16:21:17 - None cone picture
2025-02-18 16:21:19 - None cone picture
2025-02-18 16:21:20 - None cone picture
2025-02-18 16:21:22 - None cone picture
2025-02-18 16:21:23 - None cone picture
2025-02-18 16:21:24 - None cone picture
2025-02-18 16:21:26 - None cone picture
2025-02-18 16:21:27 - None cone picture
2025-02-18 16:21:28 - None cone picture
2025-02-18 16:21:30 - None cone picture
2025-02-18 16:21:31 - None cone picture
2025-02-18 16:21:32 - None cone picture
2025-02-18 16:21:34 - None cone picture
2025-02-18 16:21:35 - Turning right
2025-02-18 16:21:37 - Moving forward
2025-02-18 16:21:39 - None cone picture
2025-02-18 16:21:40 - Moving forward
2025-02-18 16:21:42 - None cone picture
2025-02-18 16:21:44 - None cone picture
2025-02-18 16:21:45 - None cone picture
2025-02-18 16:21:46 - None cone picture
2025-02-18 16:21:48 - None cone picture
2025-02-18 16:21:49 - None cone picture
2025-02-18 16:21:51 - None cone picture
2025-02-18 16:21:52 - None cone picture
2025-02-18 16:21:53 - Moving forward
2025-02-18 16:21:56 - None cone picture
2025-02-18 16:21:57 - Moving forward
2025-02-18 16:21:59 - None cone picture
2025-02-18 16:22:01 - None cone picture
2025-02-18 16:22:02 - None cone picture
2025-02-18 16:22:03 - None cone picture
2025-02-18 16:22:05 - Moving forward
2025-02-18 16:22:07 - Moving forward
2025-02-18 16:22:09 - None cone picture
2025-02-18 16:22:11 - None cone picture
2025-02-18 16:22:12 - None cone picture
2025-02-18 16:22:13 - Moving forward
2025-02-18 16:22:15 - None cone picture
2025-02-18 16:22:17 - None cone picture
2025-02-18 16:22:18 - None cone picture
2025-02-18 16:22:20 - None cone picture
2025-02-18 16:22:21 - None cone picture
2025-02-18 16:22:22 - None cone picture
2025-02-18 16:22:24 - None cone picture
2025-02-18 16:22:25 - None cone picture
2025-02-18 16:22:26 - Turning left
2025-02-18 16:22:28 - Turning left
2025-02-18 16:22:29 - Turning left
2025-02-18 16:22:30 - Turning left
2025-02-18 16:22:31 - None cone picture
2025-02-18 16:22:33 - None cone picture
2025-02-18 16:22:34 - None cone picture
2025-02-18 16:22:36 - None cone picture
2025-02-18 16:22:37 - None cone picture
2025-02-18 16:22:38 - None cone picture
2025-02-18 16:22:40 - None cone picture
2025-02-18 16:22:41 - Moving forward
2025-02-18 16:22:43 - None cone picture
2025-02-18 16:22:45 - Moving forward
2025-02-18 16:22:47 - None cone picture
2025-02-18 16:22:48 - Turning left
2025-02-18 16:22:50 - Turning left
2025-02-18 16:22:51 - None cone picture
2025-02-18 16:22:52 - None cone picture
2025-02-18 16:22:54 - None cone picture
2025-02-18 16:22:55 - None cone picture
2025-02-18 16:22:56 - None cone picture
2025-02-18 16:22:58 - None cone picture
2025-02-18 16:23:25 - None cone picture
2025-02-18 16:23:27 - None cone picture
2025-02-18 16:23:28 - None cone picture
2025-02-18 16:23:29 - None cone picture
2025-02-18 16:23:31 - None cone picture
2025-02-18 16:23:32 - None cone picture
2025-02-18 16:23:34 - Moving forward
2025-02-18 16:23:36 - None cone picture
2025-02-18 16:23:37 - None cone picture
2025-02-18 16:23:38 - None cone picture
2025-02-18 16:23:40 - None cone picture
2025-02-18 16:23:41 - None cone picture
2025-02-18 16:23:43 - None cone picture
2025-02-18 16:23:44 - None cone picture
2025-02-18 16:23:45 - None cone picture
2025-02-18 16:23:47 - None cone picture
2025-02-18 16:23:48 - None cone picture
2025-02-18 16:23:49 - None cone picture
2025-02-18 16:23:51 - None cone picture
2025-02-18 16:23:52 - None cone picture
2025-02-18 16:23:53 - None cone picture
2025-02-18 16:23:55 - Moving forward
2025-02-18 16:23:57 - Moving forward
2025-02-18 16:23:59 - None cone picture
2025-02-18 16:24:01 - Turning left
2025-02-18 16:24:02 - None cone picture
2025-02-18 16:24:03 - None cone picture
2025-02-18 16:24:05 - None cone picture
2025-02-18 16:24:06 - None cone picture
2025-02-18 16:24:07 - None cone picture
2025-02-18 16:24:09 - Turning right
2025-02-18 16:24:10 - Turning right
2025-02-18 16:24:11 - Moving forward
2025-02-18 16:24:14 - Turning right
2025-02-18 16:24:15 - None cone picture
2025-02-18 16:24:16 - None cone picture
2025-02-18 16:24:18 - None cone picture
2025-02-18 17:16:47 - Turning left
2025-02-18 17:17:41 - None cone picture
2025-02-18 17:33:14 - Turning left
2025-02-18 17:33:19 - Turning right
2025-02-18 17:33:31 - None cone picture
2025-02-18 17:33:37 - Turning left
2025-02-18 17:33:54 - Moving forward
2025-02-18 17:34:10 - Turning left
2025-02-18 17:34:15 - None cone picture
2025-02-18 17:35:32 - None cone picture
2025-02-18 17:35:34 - None cone picture
2025-02-18 17:35:35 - None cone picture
2025-02-18 17:35:37 - None cone picture
2025-02-18 17:35:38 - None cone picture
2025-02-18 17:35:39 - None cone picture
2025-02-18 17:35:41 - None cone picture
2025-02-18 17:35:42 - None cone picture
2025-02-18 17:35:43 - None cone picture
2025-02-18 17:35:45 - None cone picture
2025-02-18 17:35:46 - None cone picture
2025-02-18 17:35:48 - None cone picture
2025-02-18 17:39:02 - None cone picture
2025-02-18 17:39:13 - Turning right
2025-02-18 17:39:17 - Moving forward
2025-02-18 17:39:23 - Turning right
2025-02-18 17:39:38 - Turning right
2025-02-18 17:40:16 - Turning left
2025-02-18 17:41:47 - Moving forward
2025-02-18 17:41:52 - Moving forward
2025-02-18 17:42:07 - Turning right
2025-02-18 17:42:11 - Moving forward
2025-02-18 17:42:20 - Turning right
2025-02-18 17:42:37 - Moving forward
2025-02-18 17:43:00 - Turning right
2025-02-18 17:44:44 - None cone picture
2025-02-18 17:44:49 - Turning right
2025-02-18 17:45:14 - None cone picture
2025-02-18 17:45:17 - Moving forward
2025-02-18 17:45:21 - None cone picture
2025-02-18 17:45:30 - Moving forward
2025-02-18 17:45:34 - None cone picture
2025-02-18 17:45:48 - None cone picture
2025-02-18 17:46:08 - None cone picture
2025-02-18 17:46:28 - None cone picture
2025-02-18 17:47:36 - None cone picture
2025-02-18 17:47:49 - Moving forward
