2025-02-17 20:25:00 - Moving forward
2025-02-17 20:25:21 - An error occurred: The GPIO channel has not been set up as an OUTPUT
2025-02-17 20:26:35 - Phase 4 completed.
2025-02-17 20:32:15 - Turning right
2025-02-17 20:32:16 - Turning right
2025-02-17 20:32:17 - Turning right
2025-02-17 20:32:17 - Turning right
2025-02-17 20:32:18 - Turning right
2025-02-17 20:32:18 - Turning right
2025-02-17 20:32:19 - Turning right
2025-02-17 20:32:20 - Turning right
2025-02-17 20:32:20 - Turning right
2025-02-17 20:32:21 - Turning right
2025-02-17 20:32:22 - Turning left
2025-02-17 20:32:22 - Turning right
2025-02-17 20:32:23 - Turning right
2025-02-17 20:32:23 - Turning left
2025-02-17 20:32:24 - Turning right
2025-02-17 20:32:25 - Turning right
2025-02-17 20:32:25 - Turning right
2025-02-17 20:32:26 - Turning left
2025-02-17 20:32:27 - Turning right
2025-02-17 20:32:27 - Turning right
2025-02-17 20:32:28 - Turning right
2025-02-17 20:32:28 - Turning right
2025-02-17 20:32:29 - Turning right
2025-02-17 20:32:30 - Turning right
2025-02-17 20:32:30 - Turning right
2025-02-17 20:32:31 - Turning right
2025-02-17 20:32:32 - Turning right
2025-02-17 20:32:32 - Turning right
2025-02-17 20:32:33 - Turning right
2025-02-17 20:32:34 - Moving forward
2025-02-17 20:32:35 - An error occurred: The GPIO channel has not been set up as an OUTPUT
2025-02-17 20:32:35 - Phase 4 completed.
2025-02-17 20:33:12 - Turning left
2025-02-17 20:33:13 - Moving forward
2025-02-17 20:33:14 - An error occurred: The GPIO channel has not been set up as an OUTPUT
2025-02-17 20:33:14 - Phase 4 completed.
2025-02-17 20:35:14 - Turning right
2025-02-17 20:35:15 - Turning right
2025-02-17 20:35:16 - Turning right
2025-02-17 20:35:16 - Turning right
2025-02-17 20:35:17 - Turning left
2025-02-17 20:35:17 - Turning right
2025-02-17 20:35:18 - Turning left
2025-02-17 20:35:19 - Turning right
2025-02-17 20:35:19 - Turning right
2025-02-17 20:35:20 - Turning right
2025-02-17 20:35:20 - Turning right
2025-02-17 20:35:21 - Turning right
2025-02-17 20:35:21 - Turning right
2025-02-17 20:35:22 - Turning right
2025-02-17 20:35:23 - Turning left
2025-02-17 20:35:23 - Turning right
2025-02-17 20:35:24 - Turning right
2025-02-17 20:35:24 - Turning right
2025-02-17 20:35:25 - Turning right
2025-02-17 20:35:26 - Turning right
2025-02-17 20:35:26 - Turning right
2025-02-17 20:35:27 - Turning right
2025-02-17 20:35:27 - Turning right
2025-02-17 20:35:28 - Turning left
2025-02-17 20:35:28 - Moving forward
2025-02-17 20:35:30 - An error occurred: The GPIO channel has not been set up as an OUTPUT
2025-02-17 20:35:30 - Phase 4 completed.
2025-02-17 20:37:00 - Moving forward
2025-02-17 20:37:01 - An error occurred: The GPIO channel has not been set up as an OUTPUT
2025-02-17 20:37:02 - Phase 4 completed.
2025-02-17 20:37:56 - Turning left
2025-02-17 20:37:57 - Turning right
2025-02-17 20:37:58 - Turning right
2025-02-17 20:37:58 - Turning right
2025-02-17 20:37:59 - Turning right
2025-02-17 20:38:00 - Turning right
2025-02-17 20:38:00 - Turning left
2025-02-17 20:38:01 - Turning right
2025-02-17 20:38:02 - Turning left
2025-02-17 20:38:02 - Turning right
2025-02-17 20:38:03 - Turning left
2025-02-17 20:38:03 - Turning right
2025-02-17 20:38:04 - Turning right
2025-02-17 20:38:04 - Turning right
2025-02-17 20:38:05 - Turning right
2025-02-17 20:38:06 - Turning right
2025-02-17 20:38:06 - Turning right
2025-02-17 20:38:07 - Turning right
2025-02-17 20:38:07 - Turning right
2025-02-17 20:38:08 - Turning left
2025-02-17 20:38:09 - Turning right
2025-02-17 20:38:09 - Turning right
2025-02-17 20:38:10 - Moving forward
2025-02-17 20:38:11 - An error occurred: The GPIO channel has not been set up as an OUTPUT
2025-02-17 20:38:11 - Phase 4 completed.
2025-02-17 20:40:00 - Moving forward
2025-02-17 20:40:01 - An error occurred: The GPIO channel has not been set up as an OUTPUT
2025-02-17 20:40:02 - Phase 4 completed.
2025-02-17 20:40:51 - Moving forward
2025-02-17 20:40:53 - An error occurred: The GPIO channel has not been set up as an OUTPUT
2025-02-17 20:40:53 - Phase 4 completed.
2025-02-17 20:41:30 - Turning left
2025-02-17 20:41:31 - Turning right
2025-02-17 20:41:32 - Turning right
2025-02-17 20:41:32 - Turning right
2025-02-17 20:41:33 - Turning right
2025-02-17 20:41:33 - Turning right
2025-02-17 20:41:34 - Turning right
2025-02-17 20:41:34 - Moving forward
2025-02-17 20:41:35 - An error occurred: The GPIO channel has not been set up as an OUTPUT
2025-02-17 20:41:35 - Phase 4 completed.
2025-02-17 20:43:13 - Moving forward
2025-02-17 20:43:15 - An error occurred: The GPIO channel has not been set up as an OUTPUT
2025-02-17 20:43:15 - Phase 4 completed.
2025-02-17 20:47:15 - Turning left
2025-02-17 20:47:15 - Turning right
2025-02-17 20:47:16 - Turning right
2025-02-17 20:47:17 - Turning right
2025-02-17 20:47:17 - Turning right
2025-02-17 20:47:18 - Turning right
2025-02-17 20:47:18 - Turning right
2025-02-17 20:47:19 - Turning right
2025-02-17 20:47:20 - Turning right
2025-02-17 20:47:20 - Turning right
2025-02-17 20:47:21 - Turning right
2025-02-17 20:47:21 - Turning right
2025-02-17 20:47:22 - Turning left
2025-02-17 20:47:22 - Turning right
2025-02-17 20:47:23 - Turning left
2025-02-17 20:47:24 - Turning right
2025-02-17 20:47:24 - Turning left
2025-02-17 20:47:25 - Turning right
2025-02-17 20:47:25 - Turning left
2025-02-17 20:47:26 - Turning right
2025-02-17 20:47:26 - Turning left
2025-02-17 20:47:27 - Turning right
2025-02-17 20:47:28 - Turning right
2025-02-17 20:47:28 - Turning right
2025-02-17 20:47:29 - Turning right
2025-02-17 20:47:29 - Turning right
2025-02-17 20:47:30 - Turning right
2025-02-17 20:47:30 - Turning right
2025-02-17 20:47:31 - Turning right
2025-02-17 20:47:32 - Turning right
2025-02-17 20:47:32 - Turning right
2025-02-17 20:47:33 - Turning left
2025-02-17 20:47:33 - Moving forward
2025-02-17 20:47:34 - Current Distance: 66.4 cm
2025-02-17 20:47:35 - Turning right
2025-02-17 20:47:35 - Turning right
2025-02-17 20:47:36 - Moving forward
2025-02-17 20:47:37 - Current Distance: 2.4 cm
2025-02-17 20:47:37 - Goal reached!
2025-02-17 20:47:37 - Phase 4 completed.
2025-02-17 20:49:28 - Moving forward
2025-02-17 20:49:29 - Current Distance: 303.5 cm
2025-02-17 20:49:30 - Turning left
2025-02-17 20:49:30 - Turning right
2025-02-17 20:49:31 - Turning right
2025-02-17 20:49:31 - Turning right
2025-02-17 20:49:32 - Turning right
2025-02-17 20:49:32 - Turning left
2025-02-17 20:49:33 - Turning right
2025-02-17 20:49:34 - Turning left
2025-02-17 20:49:34 - Turning right
2025-02-17 20:49:35 - Turning left
2025-02-17 20:49:35 - Turning right
2025-02-17 20:49:36 - Turning left
2025-02-17 20:49:37 - Turning right
2025-02-17 20:49:37 - Turning left
2025-02-17 20:49:38 - Turning right
2025-02-17 20:49:38 - Turning left
2025-02-17 20:49:39 - Turning right
2025-02-17 20:49:39 - Turning left
2025-02-17 20:49:40 - Turning right
2025-02-17 20:49:41 - Turning left
2025-02-17 20:49:41 - Turning right
2025-02-17 20:49:42 - Turning right
2025-02-17 20:49:42 - Turning right
2025-02-17 20:49:43 - Turning right
2025-02-17 20:49:43 - Turning right
2025-02-17 20:49:44 - Turning right
2025-02-17 20:49:45 - Turning right
2025-02-17 20:49:45 - Turning left
2025-02-17 20:49:46 - Turning right
2025-02-17 20:49:46 - Turning left
2025-02-17 20:49:47 - Turning right
2025-02-17 20:49:48 - Turning right
2025-02-17 20:49:48 - Moving forward
2025-02-17 20:49:49 - Current Distance: 69.5 cm
2025-02-17 20:49:50 - Turning right
2025-02-17 20:49:50 - Moving forward
2025-02-17 20:49:51 - Current Distance: 2.4 cm
2025-02-17 20:49:51 - Goal reached!
2025-02-17 20:49:52 - Phase 4 completed.
