2025-03-08 08:24:01 - None_cone
2025-03-08 08:24:01 - time.sleep(2)
2025-03-08 08:24:01 - robot.turn(40)
2025-03-08 08:24:04 - time.sleep(2)
2025-03-08 08:24:06 - time.sleep(2)
2025-03-08 08:24:08 - None_cone
2025-03-08 08:24:08 - time.sleep(2)
2025-03-08 08:24:08 - robot.turn(40)
2025-03-08 08:24:10 - time.sleep(2)
2025-03-08 08:24:12 - time.sleep(2)
2025-03-08 08:24:14 - None_cone
2025-03-08 08:24:14 - time.sleep(2)
2025-03-08 08:24:14 - robot.turn(40)
2025-03-08 08:24:16 - time.sleep(2)
2025-03-08 08:24:18 - time.sleep(2)
2025-03-08 08:24:20 - None_cone
2025-03-08 08:24:20 - time.sleep(2)
2025-03-08 08:24:20 - robot.turn(40)
2025-03-08 08:24:23 - time.sleep(2)
2025-03-08 08:24:25 - time.sleep(2)
2025-03-08 08:24:27 - Moving forward
2025-03-08 08:24:27 - time.sleep(2)
2025-03-08 08:24:29 - robot.move(0.2,0.4)
2025-03-08 08:24:29 - time.sleep(2)
2025-03-08 08:24:31 - Measurement timeout!
2025-03-08 08:24:31 - time.sleep(2)
2025-03-08 08:24:33 - robot.turn(20)
2025-03-08 08:24:33 - time.sleep(2)
2025-03-08 08:24:35 - time.sleep(2)
2025-03-08 08:24:37 - None_cone
2025-03-08 08:24:37 - time.sleep(2)
2025-03-08 08:24:37 - robot.turn(40)
2025-03-08 08:24:39 - time.sleep(2)
2025-03-08 08:24:41 - time.sleep(2)
2025-03-08 08:24:44 - None_cone
2025-03-08 08:24:44 - time.sleep(2)
2025-03-08 08:24:44 - robot.turn(40)
2025-03-08 08:24:46 - time.sleep(2)
2025-03-08 08:24:48 - time.sleep(2)
2025-03-08 08:24:50 - None_cone
2025-03-08 08:24:50 - time.sleep(2)
2025-03-08 08:24:50 - robot.turn(40)
2025-03-08 08:24:52 - time.sleep(2)
2025-03-08 08:24:54 - time.sleep(2)
2025-03-08 08:24:56 - None_cone
2025-03-08 08:24:56 - time.sleep(2)
2025-03-08 08:24:56 - robot.turn(40)
2025-03-08 08:24:58 - time.sleep(2)
2025-03-08 08:25:00 - time.sleep(2)
2025-03-08 08:25:02 - None_cone
2025-03-08 08:25:02 - time.sleep(2)
2025-03-08 08:25:02 - robot.turn(40)
2025-03-08 08:25:05 - time.sleep(2)
2025-03-08 08:25:07 - time.sleep(2)
2025-03-08 08:25:09 - Turning left
2025-03-08 08:25:09 - time.sleep(2)
2025-03-08 08:25:09 - robot.turn(-20)
2025-03-08 08:25:11 - time.sleep(2)
2025-03-08 08:25:13 - time.sleep(2)
2025-03-08 08:25:15 - time.sleep(2)
2025-03-08 08:25:15 - Turning right
2025-03-08 08:25:17 - robot.turn(20)
2025-03-08 08:25:17 - time.sleep(2)
2025-03-08 08:25:19 - time.sleep(2)
2025-03-08 08:25:21 - Turning left
2025-03-08 08:25:21 - time.sleep(2)
2025-03-08 08:25:21 - robot.turn(-20)
2025-03-08 08:25:23 - time.sleep(2)
2025-03-08 08:25:25 - time.sleep(2)
2025-03-08 08:25:27 - time.sleep(2)
2025-03-08 08:25:27 - Turning right
2025-03-08 08:25:29 - robot.turn(20)
2025-03-08 08:25:29 - time.sleep(2)
2025-03-08 08:25:31 - time.sleep(2)
2025-03-08 08:25:33 - Phase 4 completed.
2025-03-08 08:28:55 - None_cone
2025-03-08 08:28:55 - time.sleep(2)
2025-03-08 08:28:55 - robot.turn(40)
2025-03-08 08:28:57 - time.sleep(2)
2025-03-08 08:28:59 - time.sleep(2)
2025-03-08 08:29:01 - None_cone
2025-03-08 08:29:01 - time.sleep(2)
2025-03-08 08:29:01 - robot.turn(40)
2025-03-08 08:29:03 - time.sleep(2)
2025-03-08 08:29:05 - time.sleep(2)
2025-03-08 08:29:08 - None_cone
2025-03-08 08:29:08 - time.sleep(2)
2025-03-08 08:29:08 - robot.turn(40)
2025-03-08 08:29:10 - time.sleep(2)
2025-03-08 08:29:12 - time.sleep(2)
2025-03-08 08:29:14 - None_cone
2025-03-08 08:29:14 - time.sleep(2)
2025-03-08 08:29:14 - robot.turn(40)
2025-03-08 08:29:16 - time.sleep(2)
2025-03-08 08:29:18 - time.sleep(2)
2025-03-08 08:29:20 - time.sleep(2)
2025-03-08 08:29:20 - Turning right
2025-03-08 08:29:22 - robot.turn(15)
2025-03-08 08:29:22 - time.sleep(2)
2025-03-08 08:29:24 - time.sleep(2)
2025-03-08 08:29:26 - Turning left
2025-03-08 08:29:26 - time.sleep(2)
2025-03-08 08:29:26 - robot.turn(-20)
2025-03-08 08:29:28 - time.sleep(2)
2025-03-08 08:29:30 - time.sleep(2)
2025-03-08 08:29:32 - time.sleep(2)
2025-03-08 08:29:32 - Turning right
2025-03-08 08:29:34 - robot.turn(15)
2025-03-08 08:29:34 - time.sleep(2)
2025-03-08 08:29:36 - time.sleep(2)
2025-03-08 08:29:39 - Turning left
2025-03-08 08:29:39 - time.sleep(2)
2025-03-08 08:29:39 - robot.turn(-20)
2025-03-08 08:29:41 - time.sleep(2)
2025-03-08 08:29:43 - time.sleep(2)
2025-03-08 08:29:45 - time.sleep(2)
2025-03-08 08:29:45 - Turning right
2025-03-08 08:29:47 - robot.turn(15)
2025-03-08 08:29:47 - time.sleep(2)
2025-03-08 08:29:49 - time.sleep(2)
2025-03-08 08:29:51 - Moving forward
2025-03-08 08:29:51 - time.sleep(2)
2025-03-08 08:29:53 - robot.move(0.2,0.4)
2025-03-08 08:29:54 - time.sleep(2)
2025-03-08 08:29:56 - Current Distance: 60.7 cm
2025-03-08 08:29:56 - Moving forward
2025-03-08 08:29:58 - robot.move(0.2,0.4)
2025-03-08 08:29:59 - time.sleep(2)
2025-03-08 08:30:01 - time.sleep(2)
2025-03-08 08:30:03 - time.sleep(2)
2025-03-08 08:30:03 - Turning right
2025-03-08 08:30:05 - robot.turn(15)
2025-03-08 08:30:05 - time.sleep(2)
2025-03-08 08:30:07 - time.sleep(2)
2025-03-08 08:30:09 - Moving forward
2025-03-08 08:30:09 - time.sleep(2)
2025-03-08 08:30:11 - robot.move(0.2,0.4)
2025-03-08 08:30:12 - time.sleep(2)
2025-03-08 08:30:14 - Current Distance: 102.0 cm
2025-03-08 08:30:14 - Moving forward
2025-03-08 08:30:16 - robot.move(0.2,0.4)
2025-03-08 08:30:16 - time.sleep(2)
2025-03-08 08:30:18 - time.sleep(2)
2025-03-08 08:30:20 - Moving forward
2025-03-08 08:30:20 - time.sleep(2)
2025-03-08 08:30:22 - robot.move(0.2,0.4)
2025-03-08 08:30:23 - time.sleep(2)
2025-03-08 08:30:25 - Current Distance: 109.7 cm
2025-03-08 08:30:25 - Moving forward
2025-03-08 08:30:27 - robot.move(0.2,0.4)
2025-03-08 08:30:28 - time.sleep(2)
2025-03-08 08:30:30 - time.sleep(2)
2025-03-08 08:30:32 - time.sleep(2)
2025-03-08 08:30:32 - Turning right
2025-03-08 08:30:34 - Phase 4 completed.
2025-03-08 08:33:29 - None_cone
2025-03-08 08:33:29 - time.sleep(2)
2025-03-08 08:33:29 - robot.turn(40)
2025-03-08 08:33:31 - time.sleep(2)
2025-03-08 08:33:33 - time.sleep(2)
2025-03-08 08:33:35 - None_cone
2025-03-08 08:33:35 - time.sleep(2)
2025-03-08 08:33:35 - robot.turn(40)
2025-03-08 08:33:37 - time.sleep(2)
2025-03-08 08:33:39 - time.sleep(2)
2025-03-08 08:33:42 - None_cone
2025-03-08 08:33:42 - time.sleep(2)
2025-03-08 08:33:42 - robot.turn(40)
2025-03-08 08:33:44 - time.sleep(2)
2025-03-08 08:33:46 - time.sleep(2)
2025-03-08 08:33:48 - None_cone
2025-03-08 08:33:48 - time.sleep(2)
2025-03-08 08:33:48 - robot.turn(40)
2025-03-08 08:33:50 - time.sleep(2)
2025-03-08 08:33:52 - time.sleep(2)
2025-03-08 08:33:54 - None_cone
2025-03-08 08:33:54 - time.sleep(2)
2025-03-08 08:33:54 - robot.turn(40)
2025-03-08 08:33:56 - time.sleep(2)
2025-03-08 08:33:58 - time.sleep(2)
2025-03-08 08:34:00 - None_cone
2025-03-08 08:34:00 - time.sleep(2)
2025-03-08 08:34:00 - robot.turn(40)
2025-03-08 08:34:03 - time.sleep(2)
2025-03-08 08:34:05 - time.sleep(2)
2025-03-08 08:34:07 - None_cone
2025-03-08 08:34:07 - time.sleep(2)
2025-03-08 08:34:07 - robot.turn(40)
2025-03-08 08:34:09 - time.sleep(2)
2025-03-08 08:34:11 - time.sleep(2)
2025-03-08 08:34:13 - Turning left
2025-03-08 08:34:13 - time.sleep(2)
2025-03-08 08:34:13 - robot.turn(-20)
2025-03-08 08:34:15 - time.sleep(2)
2025-03-08 08:34:17 - time.sleep(2)
2025-03-08 08:34:19 - time.sleep(2)
2025-03-08 08:34:19 - Turning right
2025-03-08 08:34:21 - robot.turn(15)
2025-03-08 08:34:21 - time.sleep(2)
2025-03-08 08:34:23 - time.sleep(2)
2025-03-08 08:34:25 - Turning left
2025-03-08 08:34:25 - time.sleep(2)
2025-03-08 08:34:25 - robot.turn(-20)
2025-03-08 08:34:27 - time.sleep(2)
2025-03-08 08:34:29 - time.sleep(2)
2025-03-08 08:34:32 - time.sleep(2)
2025-03-08 08:34:32 - Turning right
2025-03-08 08:34:34 - robot.turn(15)
2025-03-08 08:34:34 - time.sleep(2)
2025-03-08 08:34:36 - time.sleep(2)
2025-03-08 08:34:38 - Moving forward
2025-03-08 08:34:38 - time.sleep(2)
2025-03-08 08:34:40 - robot.move(0.2,0.4)
2025-03-08 08:34:40 - time.sleep(2)
2025-03-08 08:34:43 - Current Distance: 50.5 cm
2025-03-08 08:34:43 - Moving forward
2025-03-08 08:34:45 - robot.move(0.2,0.4)
2025-03-08 08:34:45 - time.sleep(2)
2025-03-08 08:34:47 - time.sleep(2)
2025-03-08 08:34:49 - None_cone
2025-03-08 08:34:49 - time.sleep(2)
2025-03-08 08:34:49 - robot.turn(40)
2025-03-08 08:34:52 - time.sleep(2)
2025-03-08 08:34:54 - time.sleep(2)
2025-03-08 08:34:56 - None_cone
2025-03-08 08:34:56 - time.sleep(2)
2025-03-08 08:34:56 - robot.turn(40)
2025-03-08 08:34:58 - time.sleep(2)
2025-03-08 08:35:00 - time.sleep(2)
2025-03-08 08:35:02 - None_cone
2025-03-08 08:35:02 - time.sleep(2)
2025-03-08 08:35:02 - robot.turn(40)
2025-03-08 08:35:04 - time.sleep(2)
2025-03-08 08:35:06 - time.sleep(2)
2025-03-08 08:35:08 - None_cone
2025-03-08 08:35:08 - time.sleep(2)
2025-03-08 08:35:08 - robot.turn(40)
2025-03-08 08:35:10 - time.sleep(2)
2025-03-08 08:35:12 - time.sleep(2)
2025-03-08 08:35:14 - None_cone
2025-03-08 08:35:14 - time.sleep(2)
2025-03-08 08:35:14 - robot.turn(40)
2025-03-08 08:35:17 - time.sleep(2)
2025-03-08 08:35:19 - time.sleep(2)
2025-03-08 08:35:21 - Moving forward
2025-03-08 08:35:21 - time.sleep(2)
2025-03-08 08:35:23 - robot.move(0.2,0.4)
2025-03-08 08:35:24 - time.sleep(2)
2025-03-08 08:35:26 - Current Distance: 56.1 cm
2025-03-08 08:35:26 - Moving forward
2025-03-08 08:35:28 - robot.move(0.2,0.4)
2025-03-08 08:35:28 - time.sleep(2)
2025-03-08 08:35:30 - time.sleep(2)
2025-03-08 08:35:33 - Turning left
2025-03-08 08:35:33 - time.sleep(2)
2025-03-08 08:35:33 - robot.turn(-20)
2025-03-08 08:35:35 - time.sleep(2)
2025-03-08 08:35:37 - time.sleep(2)
2025-03-08 08:35:39 - Turning left
2025-03-08 08:35:39 - time.sleep(2)
2025-03-08 08:35:39 - robot.turn(-20)
2025-03-08 08:35:41 - time.sleep(2)
2025-03-08 08:35:43 - time.sleep(2)
2025-03-08 08:35:45 - Turning left
2025-03-08 08:35:45 - time.sleep(2)
2025-03-08 08:35:45 - robot.turn(-20)
2025-03-08 08:35:47 - time.sleep(2)
2025-03-08 08:35:49 - time.sleep(2)
2025-03-08 08:35:51 - Moving forward
2025-03-08 08:35:51 - time.sleep(2)
2025-03-08 08:35:53 - robot.move(0.2,0.4)
2025-03-08 08:35:54 - time.sleep(2)
2025-03-08 08:35:56 - Current Distance: 62.4 cm
2025-03-08 08:35:56 - Moving forward
2025-03-08 08:35:58 - robot.move(0.2,0.4)
2025-03-08 08:35:59 - time.sleep(2)
2025-03-08 08:36:01 - time.sleep(2)
2025-03-08 08:36:03 - time.sleep(2)
2025-03-08 08:36:03 - Turning right
2025-03-08 08:44:47 - None_cone
2025-03-08 08:44:47 - time.sleep(2)
2025-03-08 08:44:47 - robot.turn(40)
2025-03-08 08:44:50 - time.sleep(2)
2025-03-08 08:44:51 - Phase 4 completed.
2025-03-08 08:45:34 - None_cone
2025-03-08 08:45:34 - time.sleep(2)
2025-03-08 08:45:34 - robot.turn(40)
2025-03-08 08:45:37 - time.sleep(2)
2025-03-08 08:45:39 - time.sleep(2)
2025-03-08 08:45:41 - None_cone
2025-03-08 08:45:41 - time.sleep(2)
2025-03-08 08:45:41 - robot.turn(40)
2025-03-08 08:45:43 - time.sleep(2)
2025-03-08 08:45:45 - time.sleep(2)
2025-03-08 08:45:47 - Moving forward
2025-03-08 08:45:47 - time.sleep(2)
2025-03-08 08:45:49 - robot.move(0.2,0.4)
2025-03-08 08:45:50 - time.sleep(2)
2025-03-08 08:45:52 - Measurement timeout!
2025-03-08 08:45:52 - time.sleep(2)
2025-03-08 08:45:54 - robot.turn(15)
2025-03-08 08:45:54 - time.sleep(2)
2025-03-08 08:45:56 - time.sleep(2)
2025-03-08 08:45:58 - None_cone
2025-03-08 08:45:58 - time.sleep(2)
2025-03-08 08:45:58 - robot.turn(40)
2025-03-08 08:46:00 - time.sleep(2)
2025-03-08 08:46:02 - time.sleep(2)
2025-03-08 08:46:05 - Turning left
2025-03-08 08:46:05 - time.sleep(2)
2025-03-08 08:46:05 - robot.turn(-20)
2025-03-08 08:46:07 - time.sleep(2)
2025-03-08 08:46:09 - time.sleep(2)
2025-03-08 08:46:11 - time.sleep(2)
2025-03-08 08:46:11 - Turning right
2025-03-08 08:46:13 - robot.turn(15)
2025-03-08 08:46:13 - time.sleep(2)
2025-03-08 08:46:15 - time.sleep(2)
2025-03-08 08:46:17 - Turning left
2025-03-08 08:46:17 - time.sleep(2)
2025-03-08 08:46:17 - robot.turn(-20)
2025-03-08 08:46:19 - time.sleep(2)
2025-03-08 08:46:21 - time.sleep(2)
2025-03-08 08:46:23 - time.sleep(2)
2025-03-08 08:46:23 - Turning right
2025-03-08 08:46:25 - robot.turn(15)
2025-03-08 08:46:25 - time.sleep(2)
2025-03-08 08:46:27 - time.sleep(2)
2025-03-08 08:46:29 - Moving forward
2025-03-08 08:46:29 - time.sleep(2)
2025-03-08 08:46:31 - robot.move(0.2,0.4)
2025-03-08 08:46:32 - time.sleep(2)
2025-03-08 08:46:34 - Measurement timeout!
2025-03-08 08:46:34 - time.sleep(2)
2025-03-08 08:46:36 - robot.turn(15)
2025-03-08 08:46:36 - time.sleep(2)
2025-03-08 08:46:38 - time.sleep(2)
2025-03-08 08:46:40 - None_cone
2025-03-08 08:46:40 - time.sleep(2)
2025-03-08 08:46:40 - robot.turn(40)
2025-03-08 08:46:42 - time.sleep(2)
2025-03-08 08:46:44 - time.sleep(2)
2025-03-08 08:46:46 - None_cone
2025-03-08 08:46:46 - time.sleep(2)
2025-03-08 08:46:46 - robot.turn(40)
2025-03-08 08:46:49 - time.sleep(2)
2025-03-08 08:46:51 - time.sleep(2)
2025-03-08 08:46:53 - None_cone
2025-03-08 08:46:53 - time.sleep(2)
2025-03-08 08:46:53 - robot.turn(40)
2025-03-08 08:46:55 - time.sleep(2)
2025-03-08 08:46:57 - time.sleep(2)
2025-03-08 08:46:59 - None_cone
2025-03-08 08:46:59 - time.sleep(2)
2025-03-08 08:46:59 - robot.turn(40)
2025-03-08 08:47:01 - time.sleep(2)
2025-03-08 08:47:03 - time.sleep(2)
2025-03-08 08:47:05 - None_cone
2025-03-08 08:47:05 - time.sleep(2)
2025-03-08 08:47:05 - robot.turn(40)
2025-03-08 08:47:07 - time.sleep(2)
2025-03-08 08:47:09 - time.sleep(2)
2025-03-08 08:47:11 - Moving forward
2025-03-08 08:47:11 - time.sleep(2)
2025-03-08 08:47:13 - robot.move(0.2,0.4)
2025-03-08 08:47:14 - time.sleep(2)
2025-03-08 08:47:16 - Current Distance: 29.9 cm
2025-03-08 08:47:16 - Moving forward about 10cm
2025-03-08 08:47:18 - robot.move(0.1,0.1)
2025-03-08 08:47:19 - time.sleep(2)
2025-03-08 08:47:21 - Goal reached!
2025-03-08 08:47:21 - Phase 4 completed.
2025-03-08 10:05:39 - None_cone
2025-03-08 10:05:39 - time.sleep(2)
2025-03-08 10:05:39 - robot.turn(40)
2025-03-08 10:05:42 - time.sleep(2)
2025-03-08 10:05:44 - time.sleep(2)
2025-03-08 10:05:46 - None_cone
2025-03-08 10:05:46 - time.sleep(2)
2025-03-08 10:05:46 - robot.turn(40)
2025-03-08 10:05:48 - time.sleep(2)
2025-03-08 10:05:50 - time.sleep(2)
2025-03-08 10:05:52 - None_cone
2025-03-08 10:05:52 - time.sleep(2)
2025-03-08 10:05:52 - robot.turn(40)
2025-03-08 10:05:54 - time.sleep(2)
2025-03-08 10:05:56 - time.sleep(2)
2025-03-08 10:05:58 - Phase 4 completed.
