"after turn|| GPS:[130.90193366666665, 30.410311666666665], Azimuth: -6.682928310779586, AngleDiff: 20.47221948062382, Distance: 545.216079085198, Velocity: 0.8649999999999999"
after turn|| AngleDiff is 20.47221948062382
"after turn|| GPS:[130.901929, 30.4103095], Azimuth: -6.6332082358292785, AngleDiff: 20.51886585723792, Distance: 545.4026646459394, Velocity: 0.6699999999999999"
after turn|| AngleDiff is 20.51886585723792
"after turn|| GPS:[130.90192983333333, 30.410308666666666], Azimuth: -6.640440897320808, AngleDiff: 20.502747704075183, Distance: 545.5036827967416, Velocity: 0.585"
after turn|| AngleDiff is 20.502747704075183
"after turn|| GPS:[130.901931, 30.410306999999996], Azimuth: -6.649888106697427, AngleDiff: 20.493002986212424, Distance: 545.7001795467867, Velocity: 0.49500000000000016"
after turn|| AngleDiff is 20.493002986212424
"after turn|| GPS:[130.90193566666667, 30.410305666666666], Azimuth: -6.694835750837484, AngleDiff: 20.448055342072365, Distance: 545.8990918870905, Velocity: 1.575000000000001"
after turn|| AngleDiff is 20.448055342072365
"after turn|| GPS:[130.901934, 30.410305166666664], Azimuth: -6.677465853409535, AngleDiff: 20.45880051919132, Distance: 545.9354988242271, Velocity: 1.8150000000000013"
after turn|| AngleDiff is 20.45880051919132
"after turn|| GPS:[130.9019348333333, 30.410304333333336], Azimuth: -6.684683266518074, AngleDiff: 20.44726775915291, Distance: 546.0365701241192, Velocity: 0.795000000000002"
after turn|| AngleDiff is 20.44726775915291
"after turn|| GPS:[130.90193333333335, 30.410302166666664], Azimuth: -6.666736639776534, AngleDiff: 20.48530862036088, Distance: 546.2583818395603, Velocity: 1.0000000000000018"
after turn|| AngleDiff is 20.48530862036088
"after turn|| GPS:[130.90193533333334, 30.410302499999997], Azimuth: -6.687206508176931, AngleDiff: 20.46341839969494, Distance: 546.244023691675, Velocity: 2.250000000000002"
after turn|| AngleDiff is 20.46341839969494
"after turn|| GPS:[130.90192666666664, 30.410301166666667], Azimuth: -6.598660016385062, AngleDiff: 20.55397957382626, Distance: 546.2945097508259, Velocity: 2.8450000000000024"
after turn|| AngleDiff is 20.55397957382626
"after turn|| GPS:[130.9, 30.410300999999997], Azimuth: 12.70400319406536, AngleDiff: 39.84705472265747, Distance: 556.3135510970199, Velocity: 2.530000000000001"
after turn|| AngleDiff is 39.84705472265747
"after turn|| GPS:[130.9019275, 30.410300333333332], Azimuth: -6.605887259059637, AngleDiff: 20.537858130853785, Distance: 546.3954863605906, Velocity: 2.865000000000001"
after turn|| AngleDiff is 20.537858130853785
"after turn|| GPS:[130.90192866666666, 30.41030016666667], Azimuth: -6.6173401889695, AngleDiff: 20.526810491697724, Distance: 546.4267472304807, Velocity: 4.125000000000001"
after turn|| AngleDiff is 20.526810491697724
"after turn|| GPS:[130.90193383333332, 30.410299166666665], Azimuth: -6.667691139320381, AngleDiff: 20.474604808104502, Distance: 546.5942888135207, Velocity: 4.845"
after turn|| AngleDiff is 20.474604808104502
"after turn|| GPS:[130.90193716666667, 30.410296166666665], Azimuth: -6.696968636882709, AngleDiff: 20.439153473470036, Distance: 546.9618779679815, Velocity: 2.834999999999999"
after turn|| AngleDiff is 20.439153473470036
"after turn|| GPS:[130.9019411666667, 30.410295333333337], Azimuth: -6.73581512086709, AngleDiff: 20.377586864893782, Distance: 547.0985781200942, Velocity: 2.4049999999999994"
after turn|| AngleDiff is 20.377586864893782
"after turn|| GPS:[130.90192966666666, 30.410293333333335], Azimuth: -6.618193023459342, AngleDiff: -5.015899776637029, Distance: 547.1903124954993, Velocity: 7.0249999999999915"
after turn|| AngleDiff is -5.015899776637029
End Turn-phase ! AngleDiff is -5.015899776637029
"befor move forward|| [130.90192966666666, 30.410293333333335], Azimuth: -6.618193023459342, AngleDiff: -5.015899776637029, Distance: 547.1903124954993, Velocity: 7.0249999999999915"
Move forward! status:00
"after move forward|| [130.90192966666666, 30.410293333333335], Azimuth: -6.618193023459342, AngleDiff: -5.015899776637029, Distance: 547.1903124954993, Velocity: 7.0249999999999915"
"before turn|| GPS:[130.90195366666666, 30.410286666666668], Azimuth: -6.848698368970857, AngleDiff: -112.63519432481773, Distance: 548.194668962024, Velocity: 9.825"
before turn|| AngleDiff is -112.63519432481773
"after turn|| GPS:[130.90195033333333, 30.410288666666663], Azimuth: -6.8182121541728, AngleDiff: -102.47347211924615, Distance: 547.9364159577309, Velocity: 9.419999999999998"
after turn|| AngleDiff is -102.47347211924615
"after turn|| GPS:[130.90195033333333, 30.410288666666663], Azimuth: -6.8182121541728, AngleDiff: -67.94610647331966, Distance: 547.9364159577309, Velocity: 11.174999999999997"
after turn|| AngleDiff is -67.94610647331966
"after turn|| GPS:[130.90193716666667, 30.410297], Azimuth: -6.698097382185979, AngleDiff: 41.66847525018247, Distance: 546.8701255972435, Velocity: 8.289999999999997"
after turn|| AngleDiff is 41.66847525018247
"after turn|| GPS:[130.90193633333334, 30.410313499999997], Azimuth: -6.71216573001926, AngleDiff: 105.48282821200758, Distance: 545.0441077137403, Velocity: 11.96499999999999"
after turn|| AngleDiff is 105.48282821200758
"after turn|| GPS:[130.90193333333335, 30.410311666666665], Azimuth: -6.679585460622959, AngleDiff: -147.56460495119217, Distance: 545.2123526490739, Velocity: 24.934999999999995"
after turn|| AngleDiff is -147.56460495119217
"after turn|| GPS:[130.90193333333335, 30.410311666666665], Azimuth: -6.679585460622959, AngleDiff: -128.89001115416698, Distance: 545.2123526490739, Velocity: 27.754999999999992"
after turn|| AngleDiff is -128.89001115416698
"after turn|| GPS:[130.90191833333336, 30.410297999999997], Azimuth: -6.511050253290904, AngleDiff: -137.38714302345844, Distance: 546.5518635184573, Velocity: 28.029999999999994"
after turn|| AngleDiff is -137.38714302345844
"after turn|| GPS:[130.90191833333336, 30.410297999999997], Azimuth: -6.511050253290904, AngleDiff: -149.93105486870476, Distance: 546.5518635184573, Velocity: 29.254999999999992"
after turn|| AngleDiff is -149.93105486870476
"after turn|| GPS:[130.90194183333332, 30.410301166666667], Azimuth: -6.750437531078493, AngleDiff: -162.88371307395826, Distance: 546.4638933090755, Velocity: 38.44"
after turn|| AngleDiff is -162.88371307395826
"after turn|| GPS:[130.90183333333334, 30.410304166666666], Azimuth: -5.666123308325634, AngleDiff: -160.9424451355945, Distance: 545.0057629386848, Velocity: 41.05499999999999"
after turn|| AngleDiff is -160.9424451355945
"after turn|| GPS:[130.90183333333334, 30.410304166666666], Azimuth: -5.666123308325634, AngleDiff: -134.87526572364405, Distance: 545.0057629386848, Velocity: 38.005"
after turn|| AngleDiff is -134.87526572364405
"after turn|| GPS:[130.9019485, 30.410303999999996], Azimuth: -6.821033806575093, AngleDiff: -108.44911117195377, Distance: 546.2276807382938, Velocity: 35.385000000000005"
after turn|| AngleDiff is -108.44911117195377
"after turn|| GPS:[130.9019485, 30.410303999999996], Azimuth: -6.821033806575093, AngleDiff: -93.83607611805186, Distance: 546.2276807382938, Velocity: 37.190000000000005"
after turn|| AngleDiff is -93.83607611805186
"after turn|| GPS:[130.9019485, 30.410303999999996], Azimuth: -6.821033806575093, AngleDiff: -132.09425471565865, Distance: 546.2276807382938, Velocity: 40.785000000000004"
after turn|| AngleDiff is -132.09425471565865
"after turn|| GPS:[130.9019485, 30.410303999999996], Azimuth: -6.821033806575093, AngleDiff: 153.28581428880247, Distance: 546.2276807382938, Velocity: 48.42500000000001"
after turn|| AngleDiff is 153.28581428880247
"after turn|| GPS:[130.9019485, 30.410303999999996], Azimuth: -6.821033806575093, AngleDiff: -167.75686745366207, Distance: 546.2276807382938, Velocity: 45.065000000000026"
after turn|| AngleDiff is -167.75686745366207
"after turn|| GPS:[130.90193466666668, 30.410308166666663], Azimuth: -6.6882077653487135, AngleDiff: -111.70940650287456, Distance: 545.612634976644, Velocity: 52.86000000000002"
after turn|| AngleDiff is -111.70940650287456
"after turn|| GPS:[130.90193333333335, 30.410298333333337], Azimuth: -6.661565951263849, AngleDiff: -99.87242565247796, Distance: 546.6804715507951, Velocity: 53.81000000000003"
after turn|| AngleDiff is -99.87242565247796
"after turn|| GPS:[130.90192833333333, 30.410291666666662], Azimuth: -6.602643247556828, AngleDiff: 156.20847739267754, Distance: 547.3591013773564, Velocity: 53.73500000000005"
after turn|| AngleDiff is 156.20847739267754
