3.3659937381744385,130.9019695,30.410323333333334,-7.058703376663403,11.346787830703477,544.3439068730854,0.0,00
7.837127447128296,130.90196283333336,30.410323166666664,-6.991546203074546,11.443501314912186,544.2838989556744,0.0,00
12.248399019241333,130.90196166666666,30.410322833333332,-6.9793608507708225,11.472285920129375,544.3069443151272,0.0,00
19.51906704902649,130.9,30.4103285,12.773423970238817,31.249904252831477,553.3399571666773,0.0,01
21.504326105117798,130.90195,30.41032883333333,-6.870587927765345,11.606290715706077,543.5114799302027,0.0,01
21.504326105117798,130.90195,30.41032883333333,-6.870587927765345,11.606290715706077,543.5114799302027,0.0,00
27.050079107284546,130.90183333333334,30.41033183333333,-5.69813768390615,12.798555973352013,541.9537233808807,0.0,00
33.518439292907715,130.90183333333334,30.410334666666667,-5.7014366303946815,12.827305005884881,541.6411747223839,0.0,00
39.55479335784912,130.90192383333334,30.410331666666668,-6.611125806424335,11.933832492046028,542.9044254339151,0.0,00
45.58078622817993,130.9019245,30.41032883333333,-6.614022768499312,11.946508768616795,543.2238140725447,0.0,00
52.62958812713623,130.9019035,30.410334499999998,-6.614022768499312,11.965815194084243,543.2238140725447,0.0,00
60.70723819732666,130.90188716666668,30.410338499999998,-6.250234387427284,12.335829180116022,541.7570465589247,0.0,00
67.831547498703,130.90188633333335,30.410341000000003,-6.245005129030425,12.345808798684438,541.472830191898,0.0,00
74.58037328720093,130.90188116666667,30.410344000000002,-6.196581675921406,12.389010318658821,541.0884150594572,0.0,00
81.6715612411499,130.90186983333334,30.41035116666667,-6.057312874009972,12.545169505237531,540.278352648681,0.0,00
88.59603357315063,130.90186566666668,30.41035833333334,-6.057518934339318,12.56691959325634,539.3495429148369,0.0,00
101.59708714485168,130.90186086666665,30.41037233333333,-6.026105218924814,12.59935328463939,537.7575874220519,0.0,01
101.59708714485168,130.90186086666665,30.41037233333333,-6.026105218924814,12.59935328463939,537.7575874220519,0.0,00
108.64227485656738,130.90185449999998,30.410380666666665,-5.9979488024026395,12.625198652128496,537.0237806010839,0.0,00
3.364119529724121,130.90194333333332,30.41032266666667,-6.795010380755824,11.843266912325394,544.1140462619718,0.0,00
7.813220262527466,130.90194466666665,30.41032566666667,-6.812559414433447,11.831919711463346,543.7989880465069,0.0,00
13.838826179504395,130.90195,30.4103255,-6.865930973006775,11.785715316252585,543.8783593666565,0.0,01
13.838826179504395,130.90195,30.4103255,-6.865930973006775,11.785715316252585,543.8783593666565,0.0,00
18.82984447479248,130.90195366666666,30.41032583333333,-6.903243537379716,11.767000661631393,543.883905028861,0.0,00
23.98408842086792,130.90185000000002,30.410323833333337,-5.856984033596833,12.839452433208264,542.9973067369561,0.0,00
30.88339924812317,130.90200000000002,30.410314666666668,-7.351683237897124,11.363999412680027,545.6646769289024,0.0,00
39.83535861968994,130.902028,30.410309666666663,-7.623951412354803,11.111746862861036,546.5648544611377,0.0,01
39.83535861968994,130.902028,30.410309666666663,-7.623951412354803,11.111746862861036,546.5648544611377,0.0,00
46.8615620136261,130.9020225,30.410314000000003,-7.575677083139707,11.154060556498935,546.0187906266219,0.0,00
52.92046236991882,130.90205550000002,30.41030166666667,-7.885562797124105,10.843389923678433,547.8001680993794,0.0,00
62.9233295917511,130.90210633333334,30.410285166666668,-8.36315663869942,10.356272502587503,550.301287754787,0.0,01
62.9233295917511,130.90210633333334,30.410285166666668,-8.36315663869942,10.356272502587503,550.301287754787,0.0,00
68.9197404384613,130.9021,30.410281499999996,-8.396282163307449,10.339149299987794,550.7777239416414,0.0,00
76.0455482006073,130.902107,30.410280166666666,-8.361362724543913,10.37259136505676,550.8590076242692,0.0,00
83.99869227409363,130.9,30.410281333333334,-8.176172606468166,10.557183079392038,550.749633524458,0.0,00
90.87768054008484,130.9020431666667,30.4102925,-7.815382454648256,10.928166863696292,548.9198928132356,0.0,00
97.72920227050781,130.9020365,30.410296833333337,-7.688841284435708,11.061378874825355,548.0836823615189,0.0,00
105.90610074996948,130.90200983333335,30.41030483333333,-7.435243198007132,11.314652266410572,546.8673173350298,0.0,00
113.8206238746643,130.90199333333334,30.41030783333333,-7.274893543368332,11.475725543964902,546.3345112861766,0.0,00
121.90413975715637,130.90197933333332,30.41031366666667,-7.143352032687116,11.605581410953452,545.5241303525022,0.0,00
3.3637595176696777,130.902079,30.410310333333335,-8.133567725624617,10.625902824226314,547.1633898537092,0.0,00
5.005773305892944,130.90205333333333,30.410312666666663,-7.881484280336523,19.428166569141453,546.5636849287296,0.0,01
6.99895453453064,130.90205633333335,30.410312999999995,-7.911946443548567,19.409761121596524,546.5666857006585,0.0,01
9.005373001098633,130.90205383333333,30.410314000000003,-7.888599374648147,19.4398937926394,546.4238608200747,0.0,01
11.005902767181396,130.90205733333332,30.41031383333333,-7.923257381328011,19.40526607683275,546.4884194029355,0.0,01
12.896232604980469,130.90206033333334,30.41031383333333,-7.953187436477059,19.375093856415084,546.5282297252958,0.0,01
15.006899118423462,130.90206066666667,30.410314666666668,-7.9578535591556285,19.37011346287256,546.44116895823,0.0,01
17.008716106414795,130.9020615,30.410315666666666,-7.967779145800588,19.359826779681445,546.3424709208782,0.0,01
19.003790378570557,130.9020625,30.410315333333333,-7.97722009364241,19.350730433274812,546.3923939259778,0.0,01
21.012364625930786,130.9020645,30.410315,-7.996635782124867,19.332705105255588,546.4556906020092,0.0,01
23.001161813735962,130.902059,30.410318,-7.946580715585418,19.39223971795166,546.053035572664,0.0,01
25.005727291107178,130.90205883333334,30.410318666666665,-7.945988595895385,19.392561035229733,545.9776250387526,0.0,01
27.01191210746765,130.90205433333333,30.410320166666665,-7.903445611250634,19.435104019874487,545.7533094595715,0.0,01
29.005319595336914,130.90205283333336,30.410321500000002,-7.890588496757139,19.437307656783624,545.5870962115406,0.0,01
31.00989603996277,130.90205650000001,30.41032116666667,-7.926697300141083,19.40261187166431,545.6721747762606,0.0,01
32.99951791763306,130.90166666666667,30.410321500000002,-4.000586348221945,23.323492628995567,541.7413413738642,0.0,01
35.00399851799011,130.90206133333334,30.410321833333334,-7.9760641795622735,19.352630433675486,545.6632235466425,0.0,01
37.00511574745178,130.90206133333334,30.410321833333334,-7.9760641795622735,19.361699630074426,545.6632235466425,0.0,01
39.00405311584473,130.90206216666667,30.410320666666667,-7.982504120011672,19.3509474167935,545.8024225635132,0.0,01
41.00967574119568,130.9020615,30.410321,-7.976383306876416,19.35193866486702,545.7569348367688,0.0,01
43.006508350372314,130.9020615,30.410321,-7.976383306876416,19.34262893639891,545.7569348367688,0.0,01
45.00218486785889,130.90205749999998,30.410321999999997,-7.938028897745973,19.375581059992577,545.593936277866,0.0,01
47.004167556762695,130.90205466666666,30.410323,-7.91131479640104,19.393476917087458,545.446600710975,0.0,01
48.99825382232666,130.90205516666668,30.410323333333334,-7.916847757323214,19.38804923258888,545.4166145401921,0.0,01
51.003385066986084,130.90205633333335,30.410322833333332,-7.927707708840321,19.37577348426033,545.4869661028407,0.0,01
53.00516080856323,130.90205749999998,30.410322166666667,-7.938296869296025,19.354950513890245,545.5756367616515,0.0,01
55.00798583030701,130.90206166666667,30.410320833333337,-7.97777900097011,19.31546838221616,545.777455056652,0.0,01
57.00466847419739,130.902064,30.4103195,-7.998926336053878,19.27420026974118,545.9549911057599,0.0,01
59.00274062156677,130.90206483333336,30.410318500000002,-8.005626989920458,19.268340412857768,546.075918076609,0.0,01
60.999131202697754,130.90206666666666,30.410318333333333,-8.023657640058737,19.25582439257692,546.1187753848276,0.0,01
62.31437301635742,130.9020665,30.410318666666665,-8.022535089258797,19.25845362826844,546.0799487802155,0.0,01
64.00670838356018,130.902067,30.410318833333335,-8.027796982238547,19.2553193612001,546.0683604103631,0.0,01
66.00460290908813,130.9020655,30.410319333333337,-8.013633448989493,19.24549590209692,545.9933622814253,0.0,01
68.00647377967834,130.90206783333332,30.410318666666665,-8.035844588357527,19.21322500154144,546.0978436912922,0.0,01
70.00145602226257,130.90206716666668,30.410319333333337,-8.030273189973371,19.224747274092493,546.0157108924058,0.0,01
4.605215311050415,130.9021,30.410310666666668,-8.343177744889585,18.895279613829942,547.4159561806074,0.0,01
6.6010963916778564,130.902116,30.410309666666663,-8.500599245380236,18.729156531572222,547.7507880493672,0.0,01
8.597387313842773,130.90212166666666,30.410308,-8.554043043282237,18.67115882095422,548.0142490593736,0.0,01
10.604854583740234,130.90212433333332,30.410307666666668,-8.579954929933683,18.640478277160717,548.0889596460999,0.0,01
12.603534460067749,130.90213916666667,30.41030466666667,-8.721948483340196,18.497353145152676,548.6321386860743,0.0,01
14.598552703857422,130.90213966666667,30.4103045,-8.72661475431778,18.502243447382995,548.6576886886713,0.0,01
16.602908611297607,130.9021441666667,30.41030333333333,-8.769179706777384,18.444969879066313,548.8512812010323,0.0,01
18.601176977157593,130.9,30.410302166666664,12.706933239496543,39.91684869068069,556.1873821247252,0.0,01
20.60767698287964,130.9021445,30.41030183333333,-8.769837328222485,18.429906605326373,549.0205094368296,0.0,01
22.599490880966187,130.9021495,30.410299166666665,-8.814653144341834,18.386334153686903,549.3860960397817,0.0,01
24.605993509292603,130.90215016666667,30.410299166666665,-8.821254422515455,18.37428681109706,549.3959158320865,0.0,01
26.59960961341858,130.9021498333333,30.410298833333332,-8.817363077483185,18.374144536729794,549.4275214102323,0.0,01
4.687303304672241,130.90200000000002,30.410297999999997,-7.326941296156917,19.85499821406637,547.497195608798,0.0,01
6.686230182647705,130.9021615,30.410298333333337,-8.93194449671902,18.25130980445035,549.6552301517692,0.0,01
8.687098503112793,130.90215600000002,30.41030016666667,-8.880790074854264,18.301724781895825,549.3726194253323,0.0,01
10.688014507293701,130.90215716666668,30.410300333333332,-8.892638231224813,18.28002980619059,549.3716822261338,0.0,01
12.683339357376099,130.90216033333334,30.410300999999997,-8.92518209086969,18.247651873470865,549.3457888655449,0.0,01
14.68523383140564,130.90216483333333,30.41030016666667,-8.968224080117661,18.20280009834673,549.5042912858238,0.0,01
16.687146186828613,130.90216916666668,30.410298833333332,-9.008687855212331,18.163533514599166,549.7153414364948,0.0,01
18.682286739349365,130.902174,30.410297666666665,-9.05436642518842,18.12231208040211,549.9159775969007,0.0,01
20.68717932701111,130.90217716666666,30.410297333333332,-9.085061625723323,18.096181942139186,550.000433470017,0.0,01
22.68672204017639,130.90218766666666,30.410296000000002,-9.186352593516546,17.999691891879337,550.3065595714376,0.0,01
24.687774896621704,130.90218816666666,30.410295833333333,-9.190982951992854,17.99024166516102,550.3324709039273,0.0,01
26.689215898513794,130.90219466666667,30.410295166666668,-9.25392026294216,17.927088988031443,550.5055195973791,0.0,01
28.687910318374634,130.902199,30.410293833333338,-9.294200412173662,17.88603239669681,550.7185020436511,0.0,01
30.661943912506104,130.90220300000001,30.410293000000003,-9.332097468433279,17.83842075645101,550.8718662278554,0.0,01
32.693597078323364,130.90220983333333,30.410291500000003,-9.396645686453738,17.778044338009053,551.1427752945743,0.0,01
34.68815016746521,130.90220716666667,30.4102925,-9.372242016482055,17.80458809278486,550.9916189354464,0.0,01
36.693954944610596,130.90220716666667,30.410293166666666,-9.373493712012696,17.80259133944802,550.9186993722217,0.0,01
38.698620080947876,130.90220533333334,30.410293499999998,-9.356042486951354,17.825321507040584,550.8535742216619,0.0,01
40.69394874572754,130.90220683333334,30.410293666666668,-9.371145972203765,17.814414013758537,550.8587937157653,0.0,01
42.69241952896118,130.90220266666665,30.41029416666667,-9.330991503899696,17.854279702554976,550.7390484262256,0.0,01
44.688708543777466,130.902204,30.410292833333333,-9.341646413306087,17.838853987916416,550.9056870353346,0.0,01
46.68821477890015,130.90220316666668,30.410293333333335,-9.334364377134545,17.8569585653044,550.837999458219,0.0,01
48.68461775779724,130.90220116666666,30.410293833333338,-9.315573206298884,17.876239074006072,550.7521635901476,0.0,01
50.68539834022522,130.90219716666667,30.410295833333333,-9.279833633286684,17.910887214381532,550.471260865057,0.0,01
52.69026970863342,130.90219883333333,30.41029566666667,-9.295971898237497,17.895083442601646,550.5153418466796,0.0,01
54.685831785202026,130.9022025,30.41029566666667,-9.3321528723984,17.859141944681493,550.5723632213594,0.0,01
56.69043278694153,130.90220116666666,30.410296166666665,-9.319931222678264,17.871196602974152,550.4969047118672,0.0,01
58.68898868560791,130.90220749999997,30.4102955,-9.381165087564431,17.814110819526512,550.6687028366351,0.0,01
60.69021511077881,130.90220983333333,30.410294999999998,-9.40323594398876,17.787197855485203,550.7599774866173,0.0,01
62.69395661354065,130.90216666666666,30.410294500000003,-8.976146241781995,18.22584942460302,550.1522808054434,0.0,01
64.60445737838745,130.90220966666666,30.410293333333335,-9.398453582369692,17.78829456897099,550.9396458671871,0.0,01
66.69011425971985,130.9022,30.410293833333338,-9.304065103342325,17.877855360379627,550.7340286194927,0.0,01
68.68866729736328,130.902206,30.410293666666668,-9.362928877607807,17.81372254865149,550.845761261497,0.0,01
70.69001865386963,130.90220766666667,30.410293499999998,-9.379049502017775,17.808487191516097,550.8900670607864,0.0,01
72.69646143913269,130.902199,30.410294,-9.294510876439118,17.903581425897443,550.7002680471983,0.0,01
74.69004821777344,130.90220133333332,30.410293166666666,-9.31597254162083,17.871061375658364,550.8276874658545,0.0,01
76.6899745464325,130.90220033333333,30.4102925,-9.304866846229123,17.88237755437938,550.8850748497865,0.0,01
78.68793177604675,130.90219566666667,30.410293166666666,-9.260076683335685,17.932316847808977,550.739807704202,0.0,01
80.69034361839294,130.90219266666665,30.410293333333335,-9.230785918576295,17.95201415549254,550.6752580828213,0.0,01
82.69103026390076,130.90218766666666,30.410294500000003,-9.183589406170984,17.988622066406105,550.4707165190896,0.0,01
82.69103026390076,130.90218766666666,30.410294500000003,-9.183589406170984,17.988622066406105,550.4707165190896,0.0,00
88.70033812522888,130.902187,30.410293166666666,-9.174554526119998,17.99836948962156,550.606417674467,0.0,01
90.71059703826904,130.90218316666667,30.410290666666665,-9.132136514684982,18.0316781378206,550.821443526783,0.0,01
"after turn|| GPS:[130.90193566666667, 30.41033033333333], Azimuth: -6.728462723782239, AngleDiff: 20.421399103312684, Distance: 543.1833002358885, Velocity: 0.485"
after turn|| AngleDiff is 20.421399103312684
"after turn|| GPS:[130.90191216666665, 30.41032866666667], Azimuth: -6.489615806460833, AngleDiff: 20.648748371357428, Distance: 543.1069511534813, Velocity: -0.3599999999999999"
after turn|| AngleDiff is 20.648748371357428
"after turn|| GPS:[130.9, 30.410332999999998], Azimuth: 12.784854827445775, AngleDiff: 39.92301173754007, Distance: 552.8534468903238, Velocity: -0.014999999999999902"
after turn|| AngleDiff is 39.92301173754007
"after turn|| GPS:[130.90189383333333, 30.410331333333335], Azimuth: -6.308335368317826, AngleDiff: 20.839747241610965, Distance: 542.6168357352943, Velocity: 0.34000000000000025"
after turn|| AngleDiff is 20.839747241610965
"after turn|| GPS:[130.9018865, 30.410328166666666], Azimuth: -6.230351875335404, AngleDiff: 20.91555329236277, Distance: 542.888842944146, Velocity: -0.5749999999999993"
after turn|| AngleDiff is 20.91555329236277
"after turn|| GPS:[130.90188316666666, 30.41033033333333], Azimuth: -6.199485847444107, AngleDiff: 20.939214175222006, Distance: 542.6153852945702, Velocity: -0.8999999999999988"
after turn|| AngleDiff is 20.939214175222006
"after turn|| GPS:[130.901929, 30.410345333333332], Azimuth: -6.681764897771141, AngleDiff: 20.45618355374636, Distance: 541.4569894643973, Velocity: -0.20499999999999863"
after turn|| AngleDiff is 20.45618355374636
"after turn|| GPS:[130.90195483333335, 30.4103615], Azimuth: -6.965478917702312, AngleDiff: 20.17046700600403, Distance: 539.9723768375318, Velocity: 0.7700000000000017"
after turn|| AngleDiff is 20.17046700600403
"after turn|| GPS:[130.90196683333335, 30.410365666666667], Azimuth: -7.092936557419337, AngleDiff: 20.04526179964185, Distance: 539.6550381853489, Velocity: 0.5050000000000014"
after turn|| AngleDiff is 20.04526179964185
"after turn|| GPS:[130.90199616666666, 30.4103695], Azimuth: -7.39548960693172, AngleDiff: 19.74295678568093, Distance: 539.5888844707555, Velocity: 0.44000000000000106"
after turn|| AngleDiff is 19.74295678568093
"after turn|| GPS:[130.90202050000002, 30.410378833333333], Azimuth: -7.656172874388646, AngleDiff: 19.48335156522306, Distance: 538.86933790185, Velocity: 1.065000000000001"
after turn|| AngleDiff is 19.48335156522306
"after turn|| GPS:[130.90205166666667, 30.41038216666667], Azimuth: -7.97694520939742, AngleDiff: 19.162391472233487, Distance: 538.9105259361818, Velocity: 1.2550000000000014"
after turn|| AngleDiff is 19.162391472233487
"after turn|| GPS:[130.90207616666666, 30.41039333333333], Azimuth: -8.243504189875782, AngleDiff: 18.906269096450014, Distance: 538.0170901379066, Velocity: 2.2250000000000023"
after turn|| AngleDiff is 18.906269096450014
