4321FFFF5.197768449783325,0.0
4321FFFF5.197768449783325,0.0
4321FFFF00000.00000,00000.00000
4321FFFF9.646915912628174,0.0
4321FFFF00000.00000,00000.00000
4321FFFF00000.00000,00000.00000
4321FFFF14.126311540603638,0.0
4321FFFF00000.00000,00000.00000
4321FFFF00000.00000,00000.00000
0.0,0.0
0.0,0.0
4321FFFF5.197768449783325,0.0
4321FFFF5.197768449783325,0.0
4321FFFF9.646915912628174,0.0
4321FFFF14.126311540603638,0.0
0.0,0.0
4321FFFF00000.00000,00000.00000
0.0,0.0
0.0,0.0
4321FFFF00000.00000,00000.00000
0.0,0.0
4321FFFF00000.00000,00000.00000
4321FFFF00000.00000,00000.00000
4321FFFF00000.00000,00000.00000
4321FFFF00000.00000,00000.00000
0.0,0.0
4321FFFF00000.00000,00000.00000
4321FFFF00000.00000,00000.00000
4321FFFF00000.00000,00000.00000
4321FFFF00000.00000,00000.00000
0.0,0.0
4321FFFF00000.00000,00000.00000
4321FFFF00000.00000,00000.00000
4321FFFF00000.00000,00000.00000
4321FFFF00000.00000,00000.00000
4321FFFF00000.00000,00000.00000
4321FFFF00000.00000,00000.00000
4321FFFF00000.00000,00000.00000
4321FFFF00000.00000,00000.00000
0.0,0.0
4321FFFF00000.00000,00000.00000
4321FFFF00000.00000,00000.00000
4321FFFF00000.00000,00000.00000
4321FFFF00000.00000,00000.00000
4321FFFF00000.00000,00000.00000
4321FFFF00000.00000,00000.00000
4321FFFF00000.00000,00000.00000
0.0,0.0
4321FFFF00000.00000,00000.00000
0.0,0.0
4321FFFF00000.00000,00000.00000
0.0,0.0
0.0,0.0
4321FFFF00000.00000,00000.00000
0.0,0.0
0.0,0.0
4321FFFF00000.00000,00000.00000
0.0,0.0
4321FFFF00000.00000,00000.00000
0.0,0.0
0.0,0.0
4321FFFF00000.00000,00000.00000
4321FFFF00000.00000,00000.00000
0.0,0.0
4321FFFF00000.00000,00000.00000
4321FFFF00000.00000,00000.00000
4321FFFF00000.00000,00000.00000
0.0,0.0
4321FFFF00000.00000,00000.00000
4321FFFF00000.00000,00000.00000
4321FFFF130.901055,30.4150725
4321FFFF0.01666666,30.4150725
4321FFFF130.901049,30.4150725
4321FFFF0.21666666,30.4150713
4321FFFF130.901052,30.4150718
4321FFFF130.901051,30.4150710
4321FFFF130.901049,30.4150748
4321FFFF130.901047,30.4150770
4321FFFF130.901047,30.4150770
4321FFFF130.901047,30.4150770
4321FFFF130.901050,30.4150706
4321FFFF130.901051,30.4150705
4321FFFF130.901051,30.4150696
4321FFFF130.901054,30.4150753
4321FFFF130.901055,30.4150748
4321FFFF130.901054,30.4150736
4321FFFF130.901054,30.4150733
4321FFFF00000.00000,00000.00000
4321FFFF00000.00000,00000.00000
4321FFFF00000.00000,00000.00000
4321FFFF00000.00000,00000.00000
4321FFFF00000.00000,00000.00000
4321FFFF00000.00000,00000.00000
4321FFFF00000.00000,00000.00000
0.0,0.0
0.0,0.0
0.0,0.0
0.0,0.0
4321FFFF00000.00000,00000.00000
4321FFFF00000.00000,00000.00000
0.0,0.0
4321FFFF00000.00000,00000.00000
4321FFFF00000.00000,00000.00000
4321FFFF00000.00000,00000.00000
0.0,0.0
4321FFFF00000.00000,00000.00000
4321FFFF00000.00000,00000.00000
4321FFFF00000.00000,00000.00000
4321FFFF00000.00000,00000.00000
4321FFFF00000.00000,00000.00000
0.0,0.0
4321FFFF00000.00000,00000.00000
4321FFFF00000.00000,00000.00000
4321FFFF00000.00000,00000.00000
4321FFFF00000.00000,00000.00000
4321FFFF00000.00000,00000.00000
4321FFFF00000.00000,00000.00000
0.0,0.0
4321FFFF00000.00000,00000.00000
4321FFFF00000.00000,00000.00000
4321FFFF00000.00000,00000.00000
4321FFFF00000.00000,00000.00000
4321FFFF00000.00000,00000.00000
4321FFFF00000.00000,00000.00000
4321FFFF00000.00000,00000.00000
4321FFFF00000.00000,00000.00000
4321FFFF00000.00000,00000.00000
4321FFFF00000.00000,00000.00000
0.0,0.0
4321FFFF00000.00000,00000.00000
4321FFFF00000.00000,00000.00000
4321FFFF00000.00000,00000.00000
4321FFFF00000.00000,00000.00000
4321FFFF00000.00000,00000.00000
4321FFFF00000.00000,00000.00000
4321FFFF00000.00000,00000.00000
4321FFFF00000.00000,00000.00000
4321FFFF00000.00000,00000.00000
4321FFFF00000.00000,00000.00000
4321FFFF00000.00000,00000.00000
0.0,0.0
4321FFFF00000.00000,00000.00000
4321FFFF00000.00000,00000.00000
4321FFFF00000.00000,00000.00000
4321FFFF00000.00000,00000.00000
4321FFFF00000.00000,00000.00000
4321FFFF00000.00000,00000.00000
4321FFFF00000.00000,00000.00000
4321FFFF00000.00000,00000.00000
4321FFFF00000.00000,00000.00000
4321FFFF00000.00000,00000.00000
4321FFFF00000.00000,00000.00000
4321FFFF00000.00000,00000.00000
4321FFFF00000.00000,00000.00000
0.0,0.0
4321FFFF00000.00000,00000.00000
4321FFFF00000.00000,00000.00000
4321FFFF00000.00000,00000.00000
4321FFFF00000.00000,00000.00000
4321FFFF00000.00000,00000.00000
4321FFFF00000.00000,00000.00000
4321FFFF00000.00000,00000.00000
4321FFFF00000.00000,00000.00000
4321FFFF00000.00000,00000.00000
4321FFFF00000.00000,00000.00000
4321FFFF00000.00000,00000.00000
4321FFFF00000.00000,00000.00000
4321FFFF00000.00000,00000.00000
4321FFFF00000.00000,00000.00000
4321FFFF00000.00000,00000.00000
0.0,0.0
4321FFFF00000.00000,00000.00000
4321FFFF00000.00000,00000.00000
4321FFFF00000.00000,00000.00000
4321FFFF00000.00000,00000.00000
4321FFFF00000.00000,00000.00000
4321FFFF00000.00000,00000.00000
4321FFFF00000.00000,00000.00000
4321FFFF00000.00000,00000.00000
4321FFFF00000.00000,00000.00000
4321FFFF00000.00000,00000.00000
4321FFFF00000.00000,00000.00000
4321FFFF00000.00000,00000.00000
4321FFFF00000.00000,00000.00000
4321FFFF00000.00000,00000.00000
4321FFFF00000.00000,00000.00000
4321FFFF00000.00000,00000.00000
4321FFFF00000.00000,00000.00000
4321FFFF00000.00000,00000.00000
0.0,0.0
4321FFFF00000.00000,00000.00000
4321FFFF00000.00000,00000.00000
4321FFFF00000.00000,00000.00000
4321FFFF00000.00000,00000.00000
4321FFFF00000.00000,00000.00000
4321FFFF00000.00000,00000.00000
4321FFFF00000.00000,00000.00000
4321FFFF00000.00000,00000.00000
0.0,0.0
4321FFFF00000.00000,00000.00000
4321FFFF00000.00000,00000.00000
4321FFFF00000.00000,00000.00000
4321FFFF00000.00000,00000.00000
4321FFFF00000.00000,00000.00000
4321FFFF00000.00000,00000.00000
4321FFFF00000.00000,00000.00000
4321FFFF00000.00000,00000.00000
4321FFFF00000.00000,00000.00000
4321FFFF00000.00000,00000.00000
4321FFFF00000.00000,00000.00000
4321FFFF00000.00000,00000.00000
4321FFFF00000.00000,00000.00000
4321FFFF00000.00000,00000.00000
0.0,0.0
4321FFFF00000.00000,00000.00000
4321FFFF00000.00000,00000.00000
4321FFFF00000.00000,00000.00000
4321FFFF00000.00000,00000.00000
4321FFFF00000.00000,00000.00000
4321FFFF00000.00000,00000.00000
4321FFFF00000.00000,00000.00000
4321FFFF00000.00000,00000.00000
4321FFFF00000.00000,00000.00000
4321FFFF00000.00000,00000.00000
4321FFFF00000.00000,00000.00000
4321FFFF00000.00000,00000.00000
0.0,0.0
4321FFFF00000.00000,00000.00000
0.0,0.0
4321FFFF00000.00000,00000.00000
4321FFFF00000.00000,00000.00000
0.0,0.0
4321FFFF00000.00000,00000.00000
4321FFFF00000.00000,00000.00000
0.0,0.0
0.0,0.0
4321FFFF00000.00000,00000.00000
4321FFFF00000.00000,00000.00000
0.0,0.0
0.0,0.0
4321FFFF00000.00000,00000.00000
4321FFFF00000.00000,00000.00000
0.0,0.0
4321FFFF00000.00000,00000.00000
4321FFFF00000.00000,00000.00000
0.0,0.0
0.0,0.0
4321FFFF00000.00000,00000.00000
4321FFFF00000.00000,00000.00000
0.0,0.0
4321FFFF00000.00000,00000.00000
4321FFFF00000.00000,00000.00000
0.0,0.0
0.0,0.0
4321FFFF00000.00000,00000.00000
4321FFFF00000.00000,00000.00000
0.0,0.0
4321FFFF00000.00000,00000.00000
4321FFFF00000.00000,00000.00000
0.0,0.0
0.0,0.0
4321FFFF00000.00000,00000.00000
4321FFFF00000.00000,00000.00000
0.0,0.0
4321FFFF00000.00000,00000.00000
4321FFFF00000.00000,00000.00000
0.0,0.0
0.0,0.0
4321FFFF00000.00000,00000.00000
4321FFFF00000.00000,00000.00000
0.0,0.0
4321FFFF00000.00000,00000.00000
4321FFFF00000.00000,00000.00000
0.0,0.0
0.0,0.0
4321FFFF00000.00000,00000.00000
4321FFFF00000.00000,00000.00000
0.0,0.0
0.0,0.0
4321FFFF00000.00000,00000.00000
4321FFFF00000.00000,00000.00000
0.0,0.0
4321FFFF00000.00000,00000.00000
4321FFFF00000.00000,00000.00000
0.0,0.0
0.0,0.0
4321FFFF00000.00000,00000.00000
4321FFFF00000.00000,00000.00000
0.0,0.0
4321FFFF00000.00000,00000.00000
4321FFFF00000.00000,00000.00000
0.0,0.0
0.0,0.0
4321FFFF00000.00000,00000.00000
4321FFFF00000.00000,00000.00000
0.0,0.0
4321FFFF00000.00000,00000.00000
4321FFFF00000.00000,00000.00000
0.0,0.0
0.0,0.0
4321FFFF00000.00000,00000.00000
4321FFFF00000.00000,00000.00000
0.0,0.0
4321FFFF00000.00000,00000.00000
4321FFFF00000.00000,00000.00000
0.0,0.0
0.0,0.0
4321FFFF00000.00000,00000.00000
4321FFFF00000.00000,00000.00000
0.0,0.0
0.0,0.0
4321FFFF00000.00000,00000.00000
4321FFFF00000.00000,00000.00000
0.0,0.0
0.0,0.0
4321FFFF00000.00000,00000.00000
4321FFFF00000.00000,00000.00000
0.0,0.0
4321FFFF00000.00000,00000.00000
4321FFFF00000.00000,00000.00000
0.0,0.0
4321FFFF00000.00000,00000.00000
4321FFFF00000.00000,00000.00000
0.0,0.0
4321FFFF00000.00000,00000.00000
4321FFFF00000.00000,00000.00000
4321FFFF00000.00000,00000.00000
0.0,0.0
4321FFFF00000.00000,00000.00000
0.0,0.0
4321FFFF00000.00000,00000.00000
4321FFFF00000.00000,00000.00000
0.0,0.0
4321FFFF00000.00000,00000.00000
4321FFFF00000.00000,00000.00000
4321FFFF00000.00000,00000.00000
0.0,0.0
4321FFFF00000.00000,00000.00000
0.0,0.0
4321FFFF00000.00000,00000.00000
4321FFFF00000.00000,00000.00000
0.0,0.0
4321FFFF00000.00000,00000.00000
4321FFFF00000.00000,00000.00000
4321FFFF00000.00000,00000.00000
0.0,0.0
4321FFFF00000.00000,00000.00000
0.0,0.0
4321FFFF00000.00000,00000.00000
4321FFFF00000.00000,00000.00000
0.0,0.0
4321FFFF00000.00000,00000.00000
0.0,0.0
4321FFFF00000.00000,00000.00000
4321FFFF00000.00000,00000.00000
4321FFFF00000.00000,00000.00000
0.0,0.0
4321FFFF00000.00000,00000.00000
4321FFFF00000.00000,00000.00000
0.0,0.0
4321FFFF00000.00000,00000.00000
0.0,0.0
4321FFFF00000.00000,00000.00000
4321FFFF00000.00000,00000.00000
4321FFFF00000.00000,00000.00000
0.0,0.0
4321FFFF00000.00000,00000.00000
4321FFFF00000.00000,00000.00000
0.0,0.0
4321FFFF00000.00000,00000.00000
0.0,0.0
4321FFFF00000.00000,00000.00000
4321FFFF00000.00000,00000.00000
130.90200666666667,30.4103825
4321FFFF00000.00000,00000.00000
4321FFFF00000.00000,00000.00000
4321FFFF00000.00000,00000.00000
4321FFFF00000.00000,00000.00000
130.90200666666667,30.4103825
4321FFFF00000.00000,00000.00000
4321FFFF00000.00000,00000.00000
4321FFFF00000.00000,00000.00000
4321FFFF00000.00000,00000.00000
4321FFFF00000.00000,00000.00000
4321FFFF00000.00000,00000.00000
4321FFFF00000.00000,00000.00000
4321FFFF00000.00000,00000.00000
4321FFFF00000.00000,00000.00000
4321FFFF00000.00000,00000.00000
4321FFFF00000.00000,00000.00000
4321FFFF00000.00000,00000.00000
4321FFFF00000.00000,00000.00000
4321FFFF00000.00000,00000.00000
4321FFFF00000.00000,00000.00000
4321FFFF00000.00000,00000.00000
4321FFFF00000.00000,00000.00000
4321FFFF00000.00000,00000.00000
4321FFFF00000.00000,00000.00000
4321FFFF00000.00000,00000.00000
4321FFFF00000.00000,00000.00000
4321FFFF00000.00000,00000.00000
4321FFFF00000.00000,00000.00000
4321FFFF00000.00000,00000.00000
4321FFFF00000.00000,00000.00000
4321FFFF00000.00000,00000.00000
4321FFFF00000.00000,00000.00000
4321FFFF00000.00000,00000.00000
4321FFFF00000.00000,00000.00000
4321FFFF00000.00000,00000.00000
4321FFFF00000.00000,00000.00000
4321FFFF00000.00000,00000.00000
4321FFFF00000.00000,00000.00000
4321FFFF00000.00000,00000.00000
4321FFFF00000.00000,00000.00000
4321FFFF00000.00000,00000.00000
4321FFFF00000.00000,00000.00000
4321FFFF00000.00000,00000.00000
4321FFFF00000.00000,00000.00000
4321FFFF00000.00000,00000.00000
4321FFFF00000.00000,00000.00000
4321FFFF00000.00000,00000.00000
4321FFFF00000.00000,00000.00000
4321FFFF00000.00000,00000.00000
4321FFFF00000.00000,00000.00000
4321FFFF00000.00000,00000.00000
4321FFFF00000.00000,00000.00000
4321FFFF00000.00000,00000.00000
4321FFFF00000.00000,00000.00000
4321FFFF00000.00000,00000.00000
4321FFFF00000.00000,00000.00000
4321FFFF00000.00000,00000.00000
4321FFFF00000.00000,00000.00000
4321FFFF00000.00000,00000.00000
4321FFFF00000.00000,00000.00000
4321FFFF00000.00000,00000.00000
4321FFFF00000.00000,00000.00000
4321FFFF00000.00000,00000.00000
4321FFFF00000.00000,00000.00000
4321FFFF00000.00000,00000.00000
4321FFFF00000.00000,00000.00000
4321FFFF00000.00000,00000.00000
4321FFFF00000.00000,00000.00000
4321FFFF00000.00000,00000.00000
4321FFFF00000.00000,00000.00000
4321FFFF00000.00000,00000.00000
4321FFFF00000.00000,00000.00000
4321FFFF00000.00000,00000.00000
4321FFFF00000.00000,00000.00000
4321FFFF00000.00000,00000.00000
4321FFFF00000.00000,00000.00000
4321FFFF00000.00000,00000.00000
4321FFFF00000.00000,00000.00000
4321FFFF00000.00000,00000.00000
4321FFFF00000.00000,00000.00000
4321FFFF00000.00000,00000.00000
4321FFFF00000.00000,00000.00000
4321FFFF00000.00000,00000.00000
4321FFFF00000.00000,00000.00000
4321FFFF00000.00000,00000.00000
4321FFFF00000.00000,00000.00000
4321FFFF00000.00000,00000.00000
4321FFFF00000.00000,00000.00000
4321FFFF00000.00000,00000.00000
4321FFFF00000.00000,00000.00000
4321FFFF00000.00000,00000.00000
4321FFFF00000.00000,00000.00000
4321FFFF00000.00000,00000.00000
4321FFFF00000.00000,00000.00000
4321FFFF00000.00000,00000.00000
4321FFFF00000.00000,00000.00000
4321FFFF00000.00000,00000.00000
4321FFFF00000.00000,00000.00000
4321FFFF00000.00000,00000.00000
4321FFFF00000.00000,00000.00000
4321FFFF00000.00000,00000.00000
4321FFFF00000.00000,00000.00000
4321FFFF00000.00000,00000.00000
4321FFFF00000.00000,00000.00000
4321FFFF00000.00000,00000.00000
4321FFFF00000.00000,00000.00000
130.90195516666665,30.41035433333333
4321FFFF00000.00000,00000.00000
4321FFFF00000.00000,00000.00000
4321FFFF00000.00000,00000.00000
130.90196483333332,30.410350333333334
4321FFFF00000.00000,00000.00000
4321FFFF00000.00000,00000.00000
4321FFFF00000.00000,00000.00000
4321FFFF00000.00000,00000.00000
4321FFFF00000.00000,00000.00000
130.90183333333334,30.410353166666663
4321FFFF00000.00000,00000.00000
4321FFFF00000.00000,00000.00000
4321FFFF00000.00000,00000.00000
4321FFFF00000.00000,00000.00000
4321FFFF00000.00000,00000.00000
4321FFFF00000.00000,00000.00000
4321FFFF00000.00000,00000.00000
4321FFFF00000.00000,00000.00000
130.90183333333334,30.410353166666663
4321FFFF00000.00000,00000.00000
4321FFFF00000.00000,00000.00000
4321FFFF00000.00000,00000.00000
4321FFFF00000.00000,00000.00000
4321FFFF00000.00000,00000.00000
4321FFFF00000.00000,00000.00000
4321FFFF00000.00000,00000.00000
4321FFFF00000.00000,00000.00000
4321FFFF00000.00000,00000.00000
130.90199783333335,30.410350166666664
4321FFFF00000.00000,00000.00000
4321FFFF00000.00000,00000.00000
4321FFFF00000.00000,00000.00000
4321FFFF00000.00000,00000.00000
4321FFFF00000.00000,00000.00000
4321FFFF00000.00000,00000.00000
4321FFFF00000.00000,00000.00000
4321FFFF00000.00000,00000.00000
4321FFFF00000.00000,00000.00000
4321FFFF00000.00000,00000.00000
4321FFFF00000.00000,00000.00000
4321FFFF00000.00000,00000.00000
4321FFFF00000.00000,00000.00000
4321FFFF00000.00000,00000.00000
130.901962,30.410338333333335
4321FFFF00000.00000,00000.00000
4321FFFF00000.00000,00000.00000
4321FFFF00000.00000,00000.00000
130.90196266666666,30.410345999999997
4321FFFF00000.00000,00000.00000
4321FFFF00000.00000,00000.00000
4321FFFF00000.00000,00000.00000
